09:35:09 "GET /api/agents HTTP/1.1" 200 -
09:45:15 "GET /api/agents HTTP/1.1" 200 -
09:45:15 "GET /api/agents HTTP/1.1" 200 -
09:45:15 "GET /api/projects HTTP/1.1" 200 -
09:45:15 "GET /api/task-lists HTTP/1.1" 200 -
09:45:15 "GET /api/projects/sidebar HTTP/1.1" 200 -
09:45:15 "GET /api/wiki/spaces HTTP/1.1" 404 -
09:45:16 "GET /api/runners HTTP/1.1" 200 -
09:45:16 "GET /api/providers HTTP/1.1" 200 -
09:45:16 "GET /api/tasks/page?limit=1&listId=none&projectId=none&counts=total HTTP/1.1" 404 -
09:45:16 "GET /api/providers HTTP/1.1" 200 -
09:45:16 "GET /api/providers/pools HTTP/1.1" 200 -
09:45:16 "GET /api/providers/pools HTTP/1.1" 200 -
09:45:16 "GET /api/providers/shared-pools HTTP/1.1" 200 -
09:45:16 "GET /api/providers/shared-pools HTTP/1.1" 200 -
09:45:16 "GET /api/events HTTP/1.1" 404 -
09:45:16 "GET /api/users/me HTTP/1.1" 404 -
09:45:16 "GET /api/session-tags HTTP/1.1" 200 -
09:45:17 "GET /api/sessions?view=open&since= HTTP/1.1" 200 -
09:45:17 "GET /api/session-folders HTTP/1.1" 200 -
09:45:17 "GET /api/sessions?view=open HTTP/1.1" 200 -
09:45:18 "GET /api/watches?state=ACTIVE HTTP/1.1" 200 -
09:45:18 "GET /api/projects/sidebar HTTP/1.1" 200 -
09:45:18 "GET /api/projects HTTP/1.1" 200 -
09:45:18 "GET /api/watches?state=PAUSED HTTP/1.1" 200 -
09:45:18 "GET /api/watches HTTP/1.1" 200 -
09:45:18 "GET /api/watches?needsAttention=true HTTP/1.1" 200 -
09:45:18 "GET /api/projects/sidebar HTTP/1.1" 200 -
09:45:18 "GET /api/projects HTTP/1.1" 200 -
09:45:23 "GET /api/sessions?view=open HTTP/1.1" 200 -
09:45:24 "GET /api/projects/P1/integration HTTP/1.1" 404 -
09:45:26 "GET /api/sessions?view=open&projectId=P1 HTTP/1.1" 502 -
09:45:26 "GET /api/sessions?view=completed&projectId=P1 HTTP/1.1" 502 -
09:45:28 "GET /api/projects/P1/promotions/current HTTP/1.1" 404 -
09:45:28 "GET /api/sessions?view=open HTTP/1.1" 200 -
09:45:28 "GET /api/projects/P1/promotions/merged HTTP/1.1" 404 -
09:45:28 "GET /api/runners HTTP/1.1" 200 -
09:45:28 "GET /api/projects HTTP/1.1" 200 -
09:45:28 "GET /api/projects/sidebar HTTP/1.1" 200 -
09:45:33 "GET /api/projects/P1/integration HTTP/1.1" 404 -
09:45:33 "GET /api/sessions?view=open HTTP/1.1" 200 -
09:45:34 "GET /api/sessions?view=completed&projectId=P1 HTTP/1.1" 502 -
09:45:34 "GET /api/sessions?view=open&projectId=P1 HTTP/1.1" 502 -
09:45:34 "GET /api/projects/P1/promotions/current HTTP/1.1" 404 -
09:45:34 "GET /api/projects/P1/promotions/merged HTTP/1.1" 404 -
09:45:37 "GET /api/sessions?view=open HTTP/1.1" 200 -
09:45:37 "GET /api/projects/sidebar HTTP/1.1" 200 -
09:45:37 "GET /api/projects HTTP/1.1" 200 -
09:45:39 "GET /api/projects/P1/integration HTTP/1.1" 404 -
09:45:40 "GET /api/sessions?view=open&projectId=P1 HTTP/1.1" 502 -
09:45:40 "GET /api/sessions?view=completed&projectId=P1 HTTP/1.1" 502 -
09:45:40 "GET /api/projects/P1/promotions/current HTTP/1.1" 404 -
09:45:40 "GET /api/projects/P1/promotions/merged HTTP/1.1" 404 -
09:45:41 "GET /api/sessions?view=open HTTP/1.1" 200 -
09:45:44 "GET /api/projects/P1/integration HTTP/1.1" 404 -
09:45:45 "GET /api/sessions?view=open HTTP/1.1" 200 -
09:45:45 "GET /api/runners HTTP/1.1" 200 -
09:45:46 "GET /api/sessions?view=open&projectId=P1 HTTP/1.1" 502 -
09:45:46 "GET /api/projects/P1/promotions/current HTTP/1.1" 404 -
09:45:46 "GET /api/projects/P1/promotions/merged HTTP/1.1" 404 -
09:45:46 "GET /api/sessions?view=completed&projectId=P1 HTTP/1.1" 502 -
09:45:48 "GET /api/sessions?view=completed&projectId=P1 HTTP/1.1" 200 -
09:45:48 "GET /api/sessions?view=open&projectId=P1 HTTP/1.1" 200 -
09:45:48 "GET /api/projects/P1/integration HTTP/1.1" 404 -
09:45:48 "GET /api/sessions?view=archived&projectId=P1 HTTP/1.1" 200 -
09:45:49 "GET /api/sessions?view=open HTTP/1.1" 200 -
09:45:49 "GET /api/watches?state=ACTIVE HTTP/1.1" 200 -
09:45:49 "GET /api/watches?state=PAUSED HTTP/1.1" 200 -
09:45:49 "GET /api/watches HTTP/1.1" 200 -
09:45:49 "GET /api/watches?needsAttention=true HTTP/1.1" 200 -
09:45:50 "GET /api/sessions?view=completed&projectId=P1 HTTP/1.1" 200 -
09:45:50 "GET /api/projects/P1/integration HTTP/1.1" 404 -
09:45:50 "GET /api/sessions?view=open&projectId=P1 HTTP/1.1" 200 -
09:45:50 "GET /api/sessions?view=archived&projectId=P1 HTTP/1.1" 200 -
09:45:50 "GET /api/projects/P1/promotions/current HTTP/1.1" 404 -
09:45:50 "GET /api/projects/P1/promotions/merged HTTP/1.1" 404 -
