22:29:43 [recaps-off] stub on :8765 recaps=OFF args=[--recaps-off] pid=39018
22:29:44 [recaps-off] "GET /api/sessions HTTP/1.1" 200 -
22:30:41 [recaps-off] RESET (nothing is mutable in this stub)
22:30:41 [recaps-off] "POST /__reset HTTP/1.1" 200 -
22:30:52 [recaps-off] "GET /api/users/me HTTP/1.1" 200 -
22:30:52 [recaps-off] "GET /api/agents HTTP/1.1" 200 -
22:30:52 [recaps-off] "GET /api/task-lists HTTP/1.1" 200 -
22:30:52 [recaps-off] "GET /api/projects/sidebar HTTP/1.1" 200 -
22:30:52 [recaps-off] "GET /api/projects HTTP/1.1" 200 -
22:30:53 [recaps-off] "GET /api/runners HTTP/1.1" 200 -
22:30:53 [recaps-off] "GET /api/wiki/spaces HTTP/1.1" 200 -
22:30:53 [recaps-off] "GET /api/agents HTTP/1.1" 200 -
22:30:53 [recaps-off] "GET /api/tasks/page?limit=1&listId=none&projectId=none&counts=total HTTP/1.1" 200 -
22:30:53 [recaps-off] "GET /api/events HTTP/1.1" 200 -
22:30:53 [recaps-off] "GET /api/users/me HTTP/1.1" 200 -
22:30:53 [recaps-off] "GET /api/sessions?view=open&since= HTTP/1.1" 200 -
22:30:53 [recaps-off] "GET /api/providers HTTP/1.1" 200 -
22:30:53 [recaps-off] "GET /api/runners HTTP/1.1" 200 -
22:30:53 [recaps-off] "GET /api/wiki/spaces HTTP/1.1" 200 -
22:30:53 [recaps-off] "GET /api/watches?state=ACTIVE HTTP/1.1" 200 -
22:30:53 [recaps-off] "GET /api/watches?state=ACTIVE HTTP/1.1" 200 -
22:30:53 [recaps-off] "GET /api/session-folders HTTP/1.1" 200 -
22:30:53 [recaps-off] "GET /api/providers/pools HTTP/1.1" 200 -
22:30:53 [recaps-off] "GET /api/providers HTTP/1.1" 200 -
22:30:53 [recaps-off] "GET /api/watches?state=PAUSED HTTP/1.1" 200 -
22:30:53 [recaps-off] "GET /api/watches?state=PAUSED HTTP/1.1" 200 -
22:30:53 [recaps-off] "GET /api/agents HTTP/1.1" 200 -
22:30:53 [recaps-off] "GET /api/providers/shared-pools HTTP/1.1" 200 -
22:30:53 [recaps-off] "GET /api/watches HTTP/1.1" 200 -
22:30:53 [recaps-off] "GET /api/providers/pools HTTP/1.1" 200 -
22:30:54 [recaps-off] "GET /api/watches HTTP/1.1" 200 -
22:30:54 [recaps-off] "GET /api/runners HTTP/1.1" 200 -
22:30:54 [recaps-off] "GET /api/watches?needsAttention=true HTTP/1.1" 200 -
22:30:54 [recaps-off] "GET /api/watches?needsAttention=true HTTP/1.1" 200 -
22:30:54 [recaps-off] "GET /api/providers/shared-pools HTTP/1.1" 200 -
22:30:54 [recaps-off] "GET /api/providers HTTP/1.1" 200 -
22:30:54 [recaps-off] "GET /api/projects HTTP/1.1" 200 -
22:30:54 [recaps-off] "GET /api/projects/sidebar HTTP/1.1" 200 -
22:30:54 [recaps-off] "GET /api/providers/pools HTTP/1.1" 200 -
22:30:54 [recaps-off] "GET /api/session-tags HTTP/1.1" 200 -
22:30:55 [recaps-off] NOT SERVED /api/auth/capabilities
22:30:55 [recaps-off] "GET /api/providers/shared-pools HTTP/1.1" 200 -
22:30:55 [recaps-off] "GET /api/sessions?view=open HTTP/1.1" 200 -
22:30:55 [recaps-off] "GET /api/auth/capabilities HTTP/1.1" 404 -
22:30:55 [recaps-off] "GET /api/session-folders HTTP/1.1" 200 -
22:30:55 [recaps-off] "GET /api/projects HTTP/1.1" 200 -
22:30:55 [recaps-off] "GET /api/projects/sidebar HTTP/1.1" 200 -
22:30:55 [recaps-off] "GET /api/task-lists HTTP/1.1" 200 -
22:30:55 [recaps-off] "GET /api/tasks/page?limit=1&listId=none&projectId=none&counts=total HTTP/1.1" 200 -
22:31:00 [recaps-off] "GET /api/sessions?view=open HTTP/1.1" 200 -
22:31:03 [recaps-off] "GET /__log HTTP/1.1" 200 -
