21:01:06.904 "GET /api/wiki/spaces HTTP/1.1" 200 -
21:14:26.935 "GET /api/wiki/spaces HTTP/1.1" 200 -
21:14:26.937 "GET /api/agents HTTP/1.1" 200 -
21:14:26.937 "GET /api/agents HTTP/1.1" 200 -
21:14:26.937 "GET /api/events HTTP/1.1" 404 -
21:14:26.939 "GET /api/users/me HTTP/1.1" 404 -
21:14:26.992 "GET /api/runners HTTP/1.1" 200 -
21:14:26.993 "GET /api/providers HTTP/1.1" 200 -
21:14:26.996 "GET /api/sessions?view=open&since= HTTP/1.1" 200 -
21:14:27.009 "GET /api/providers HTTP/1.1" 200 -
21:14:27.015 "GET /api/providers/pools HTTP/1.1" 200 -
21:14:27.031 "GET /api/watches?state=ACTIVE HTTP/1.1" 200 -
21:14:27.034 "GET /api/providers/pools HTTP/1.1" 200 -
21:14:27.046 "GET /api/providers/shared-pools HTTP/1.1" 200 -
21:14:27.052 "GET /api/watches?state=PAUSED HTTP/1.1" 200 -
21:14:27.063 "GET /api/providers/shared-pools HTTP/1.1" 200 -
21:14:27.064 "GET /api/watches HTTP/1.1" 200 -
21:14:27.079 "GET /api/session-tags HTTP/1.1" 200 -
21:14:27.083 "GET /api/watches?needsAttention=true HTTP/1.1" 200 -
21:14:27.279 "GET /api/sessions?view=open HTTP/1.1" 200 -
21:14:30.663 "GET /api/wiki/spaces/34WSpaceOrbitProbe0001/docs HTTP/1.1" 200 -
21:14:30.902 "GET /api/wiki/spaces/34WSpaceOrbitProbe0001/plan HTTP/1.1" 200 -
21:14:30.906 "GET /api/wiki/spaces HTTP/1.1" 200 -
21:14:30.907 "GET /api/wiki/spaces/34WSpaceOrbitProbe0001/entries?kind=principle&limit=200 HTTP/1.1" 200 -
21:14:30.908 "GET /api/wiki/spaces/34WSpaceOrbitProbe0001/articles HTTP/1.1" 200 -
21:14:30.909 "GET /api/wiki/spaces/34WSpaceOrbitProbe0001/docs HTTP/1.1" 200 -
21:14:31.194 "GET /api/wiki/spaces/34WSpaceOrbitProbe0001/plan/versions HTTP/1.1" 200 -
21:14:31.445 "GET /api/sessions?view=open HTTP/1.1" 200 -
21:14:31.901 "GET /api/wiki/spaces/34WSpaceOrbitProbe0001/articles HTTP/1.1" 200 -
21:14:31.905 "GET /api/wiki/spaces/34WSpaceOrbitProbe0001/plan/versions HTTP/1.1" 200 -
21:14:31.905 "GET /api/wiki/spaces/34WSpaceOrbitProbe0001/plan HTTP/1.1" 200 -
21:14:35.566 "GET /api/sessions?view=open HTTP/1.1" 200 -
21:14:39.693 "GET /api/sessions?view=open HTTP/1.1" 200 -
21:14:43.917 "GET /api/sessions?view=open HTTP/1.1" 200 -
21:14:48.080 "GET /api/sessions?view=open HTTP/1.1" 200 -
21:14:52.282 "GET /api/sessions?view=open HTTP/1.1" 200 -
21:14:56.453 "GET /api/sessions?view=open HTTP/1.1" 200 -
21:15:00.660 "GET /api/sessions?view=open HTTP/1.1" 200 -
21:15:00.688 "GET /api/watches?state=ACTIVE HTTP/1.1" 200 -
21:15:00.710 "GET /api/watches?state=PAUSED HTTP/1.1" 200 -
21:15:00.713 "GET /api/watches HTTP/1.1" 200 -
21:15:00.716 "GET /api/watches?needsAttention=true HTTP/1.1" 200 -
21:15:04.951 "GET /api/sessions?view=open HTTP/1.1" 200 -
21:15:09.107 "GET /api/sessions?view=open HTTP/1.1" 200 -
21:15:13.288 "GET /api/sessions?view=open HTTP/1.1" 200 -
21:15:19.396 "GET /api/sessions?view=open HTTP/1.1" 200 -
21:15:25.409 "GET /api/sessions?view=open HTTP/1.1" 200 -
21:15:29.590 "GET /api/sessions?view=open HTTP/1.1" 200 -
21:15:37.606 "GET /api/watches?state=ACTIVE HTTP/1.1" 200 -
21:15:39.434 "GET /api/watches?state=PAUSED HTTP/1.1" 200 -
21:15:39.618 "GET /api/watches HTTP/1.1" 200 -
21:15:39.637 "GET /api/watches?needsAttention=true HTTP/1.1" 200 -
21:15:43.965 "GET /api/sessions?view=open HTTP/1.1" 200 -
21:15:49.491 "GET /api/sessions?view=open HTTP/1.1" 200 -
21:15:54.116 "GET /api/sessions?view=open HTTP/1.1" 200 -
21:15:58.293 "GET /api/sessions?view=open HTTP/1.1" 200 -
21:16:02.666 "GET /api/sessions?view=open HTTP/1.1" 200 -
21:16:06.964 "GET /api/sessions?view=open HTTP/1.1" 200 -
21:16:11.263 "GET /api/sessions?view=open HTTP/1.1" 200 -
21:16:11.299 "GET /api/watches?state=ACTIVE HTTP/1.1" 200 -
21:16:11.332 "GET /api/watches?state=PAUSED HTTP/1.1" 200 -
21:16:11.335 "GET /api/watches HTTP/1.1" 200 -
21:16:11.341 "GET /api/watches?needsAttention=true HTTP/1.1" 200 -
21:16:16.973 "GET /api/sessions?view=open HTTP/1.1" 200 -
21:16:21.499 "GET /api/sessions?view=open HTTP/1.1" 200 -
21:16:27.586 "GET /api/sessions?view=open HTTP/1.1" 200 -
21:16:31.998 "GET /api/sessions?view=open HTTP/1.1" 200 -
21:16:36.333 "GET /api/sessions?view=open HTTP/1.1" 200 -
21:16:40.492 "GET /api/sessions?view=open HTTP/1.1" 200 -
21:16:44.744 "GET /api/sessions?view=open HTTP/1.1" 200 -
21:16:44.761 "GET /api/watches?state=ACTIVE HTTP/1.1" 200 -
21:16:44.795 "GET /api/watches?state=PAUSED HTTP/1.1" 200 -
21:16:44.836 "GET /api/watches HTTP/1.1" 200 -
21:16:44.840 "GET /api/watches?needsAttention=true HTTP/1.1" 200 -
21:16:48.941 "GET /api/sessions?view=open HTTP/1.1" 200 -
21:16:53.374 "GET /api/sessions?view=open HTTP/1.1" 200 -
21:16:57.587 "GET /api/sessions?view=open HTTP/1.1" 200 -
21:17:01.710 "GET /api/sessions?view=open HTTP/1.1" 200 -
21:17:06.058 "GET /api/sessions?view=open HTTP/1.1" 200 -
21:17:10.472 "GET /api/sessions?view=open HTTP/1.1" 200 -
21:17:15.286 "GET /api/sessions?view=open HTTP/1.1" 200 -
21:17:15.537 "GET /api/watches?state=ACTIVE HTTP/1.1" 200 -
21:17:15.619 "GET /api/watches?state=PAUSED HTTP/1.1" 200 -
21:17:15.730 "GET /api/watches HTTP/1.1" 200 -
21:17:15.861 "GET /api/watches?needsAttention=true HTTP/1.1" 200 -
21:17:20.205 "GET /api/sessions?view=open HTTP/1.1" 200 -
21:17:24.436 "GET /api/sessions?view=open HTTP/1.1" 200 -
21:17:28.633 "GET /api/sessions?view=open HTTP/1.1" 200 -
21:17:33.058 "GET /api/sessions?view=open HTTP/1.1" 200 -
21:17:37.322 "GET /api/sessions?view=open HTTP/1.1" 200 -
21:17:41.474 "GET /api/sessions?view=open HTTP/1.1" 200 -
21:17:45.551 "GET /api/sessions?view=open HTTP/1.1" 200 -
21:17:45.683 "GET /api/watches?state=ACTIVE HTTP/1.1" 200 -
21:17:45.782 "GET /api/watches?state=PAUSED HTTP/1.1" 200 -
21:17:45.897 "GET /api/watches HTTP/1.1" 200 -
21:17:45.961 "GET /api/watches?needsAttention=true HTTP/1.1" 200 -
21:17:50.290 "GET /api/sessions?view=open HTTP/1.1" 200 -
21:17:54.566 "GET /api/sessions?view=open HTTP/1.1" 200 -
21:17:58.908 "GET /api/sessions?view=open HTTP/1.1" 200 -
21:18:03.135 "GET /api/sessions?view=open HTTP/1.1" 200 -
21:18:07.448 "GET /api/sessions?view=open HTTP/1.1" 200 -
21:18:11.885 "GET /api/sessions?view=open HTTP/1.1" 200 -
21:18:16.232 "GET /api/sessions?view=open HTTP/1.1" 200 -
21:18:16.474 "GET /api/watches?state=ACTIVE HTTP/1.1" 200 -
21:18:16.575 "GET /api/watches?state=PAUSED HTTP/1.1" 200 -
21:18:16.582 "GET /api/watches HTTP/1.1" 200 -
21:18:16.888 "GET /api/watches?needsAttention=true HTTP/1.1" 200 -
21:18:21.382 "GET /api/sessions?view=open HTTP/1.1" 200 -
21:18:25.644 "GET /api/sessions?view=open HTTP/1.1" 200 -
21:18:29.732 "GET /api/sessions?view=open HTTP/1.1" 200 -
21:18:33.974 "GET /api/sessions?view=open HTTP/1.1" 200 -
21:36:49.050 "GET /api/agents HTTP/1.1" 200 -
21:36:49.058 "GET /api/task-lists HTTP/1.1" 200 -
21:36:49.120 "GET /api/agents HTTP/1.1" 200 -
21:36:49.157 "GET /api/projects/sidebar HTTP/1.1" 200 -
21:36:49.163 "GET /api/projects HTTP/1.1" 200 -
21:36:49.917 "GET /api/wiki/spaces HTTP/1.1" 200 -
21:36:56.719 "GET /api/events HTTP/1.1" 404 -
21:36:56.719 "GET /api/users/me HTTP/1.1" 404 -
21:36:56.720 "GET /api/runners HTTP/1.1" 200 -
21:36:56.721 "GET /api/providers HTTP/1.1" 200 -
21:36:56.722 "GET /api/tasks/page?limit=1&listId=none&projectId=none&counts=total HTTP/1.1" 404 -
21:36:56.803 "GET /api/providers/pools HTTP/1.1" 200 -
21:36:56.805 "GET /api/sessions?view=open&since= HTTP/1.1" 200 -
21:36:56.806 "GET /api/providers HTTP/1.1" 200 -
21:36:56.870 "GET /api/providers/shared-pools HTTP/1.1" 200 -
21:36:56.966 "GET /api/watches?state=ACTIVE HTTP/1.1" 200 -
21:36:56.968 "GET /api/providers/pools HTTP/1.1" 200 -
21:36:56.999 "GET /api/watches?state=PAUSED HTTP/1.1" 200 -
21:36:57.029 "GET /api/watches HTTP/1.1" 200 -
21:36:57.122 "GET /api/watches?needsAttention=true HTTP/1.1" 200 -
21:36:57.347 "GET /api/session-tags HTTP/1.1" 200 -
21:36:58.174 "GET /api/sessions?view=open HTTP/1.1" 200 -
21:36:58.176 "GET /api/session-folders HTTP/1.1" 200 -
21:36:58.177 "GET /api/projects HTTP/1.1" 200 -
21:36:58.178 "GET /api/projects/sidebar HTTP/1.1" 200 -
21:36:58.178 "GET /api/providers/shared-pools HTTP/1.1" 200 -
21:36:58.370 "GET /api/projects HTTP/1.1" 200 -
21:36:58.406 "GET /api/projects/sidebar HTTP/1.1" 200 -
21:37:02.654 "GET /api/sessions?view=open HTTP/1.1" 200 -
21:37:06.973 "GET /api/sessions?view=open HTTP/1.1" 200 -
21:37:07.001 "GET /api/runners HTTP/1.1" 200 -
21:37:10.150 "GET /api/wiki/spaces HTTP/1.1" 200 -
21:37:10.242 "GET /api/wiki/spaces/34WSpaceOrbitProbe0001/plan HTTP/1.1" 200 -
21:37:10.259 "GET /api/wiki/spaces/34WSpaceOrbitProbe0001/entries?kind=principle&limit=200 HTTP/1.1" 200 -
21:37:10.274 "GET /api/wiki/spaces/34WSpaceOrbitProbe0001/docs HTTP/1.1" 200 -
21:37:10.375 "GET /api/wiki/spaces/34WSpaceOrbitProbe0001/articles HTTP/1.1" 200 -
21:37:10.394 "GET /api/wiki/spaces/34WSpaceOrbitProbe0001/plan/versions HTTP/1.1" 200 -
21:37:11.994 "GET /api/sessions?view=open HTTP/1.1" 200 -
21:37:16.069 "GET /api/sessions?view=open HTTP/1.1" 200 -
21:37:16.114 "GET /api/projects HTTP/1.1" 200 -
21:37:16.115 "GET /api/projects/sidebar HTTP/1.1" 200 -
21:37:20.368 "GET /api/sessions?view=open HTTP/1.1" 200 -
21:37:25.258 "GET /api/sessions?view=open HTTP/1.1" 200 -
21:37:25.276 "GET /api/runners HTTP/1.1" 200 -
21:37:29.453 "GET /api/sessions?view=open HTTP/1.1" 200 -
21:37:30.201 "GET /api/watches?state=ACTIVE HTTP/1.1" 200 -
21:37:30.215 "GET /api/watches?state=PAUSED HTTP/1.1" 200 -
21:37:30.233 "GET /api/watches HTTP/1.1" 200 -
21:37:30.244 "GET /api/watches?needsAttention=true HTTP/1.1" 200 -
21:37:35.055 "GET /api/sessions?view=open HTTP/1.1" 200 -
21:37:35.071 "GET /api/projects HTTP/1.1" 200 -
21:37:35.074 "GET /api/projects/sidebar HTTP/1.1" 200 -
21:37:39.879 "GET /api/sessions?view=open HTTP/1.1" 200 -
21:37:44.529 "GET /api/sessions?view=open HTTP/1.1" 200 -
21:37:44.566 "GET /api/runners HTTP/1.1" 200 -
21:37:49.764 "GET /api/sessions?view=open HTTP/1.1" 200 -
21:37:54.817 "GET /api/sessions?view=open HTTP/1.1" 200 -
21:37:54.828 "GET /api/projects/sidebar HTTP/1.1" 200 -
21:37:54.831 "GET /api/projects HTTP/1.1" 200 -
21:37:58.930 "GET /api/sessions?view=open HTTP/1.1" 200 -
21:38:03.221 "GET /api/sessions?view=open HTTP/1.1" 200 -
21:38:03.232 "GET /api/runners HTTP/1.1" 200 -
21:38:03.239 "GET /api/watches?state=ACTIVE HTTP/1.1" 200 -
21:38:03.245 "GET /api/watches?state=PAUSED HTTP/1.1" 200 -
21:38:03.252 "GET /api/watches HTTP/1.1" 200 -
21:38:03.261 "GET /api/watches?needsAttention=true HTTP/1.1" 200 -
21:38:07.314 "GET /api/sessions?view=open HTTP/1.1" 200 -
21:38:11.555 "GET /api/sessions?view=open HTTP/1.1" 200 -
21:38:11.587 "GET /api/projects/sidebar HTTP/1.1" 200 -
21:38:11.587 "GET /api/projects HTTP/1.1" 200 -
21:38:21.320 "GET /api/sessions?view=open HTTP/1.1" 200 -
21:38:26.682 "GET /api/runners HTTP/1.1" 200 -
21:38:26.827 "GET /api/projects/sidebar HTTP/1.1" 200 -
21:38:26.838 "GET /api/projects HTTP/1.1" 200 -
21:38:31.020 "GET /api/sessions?view=open HTTP/1.1" 200 -
21:38:35.524 "GET /api/sessions?view=open HTTP/1.1" 200 -
21:38:35.539 "GET /api/watches?state=ACTIVE HTTP/1.1" 200 -
21:38:35.547 "GET /api/watches?state=PAUSED HTTP/1.1" 200 -
21:38:35.557 "GET /api/watches HTTP/1.1" 200 -
21:38:35.589 "GET /api/watches?needsAttention=true HTTP/1.1" 200 -
21:38:40.759 "GET /api/sessions?view=open HTTP/1.1" 200 -
21:38:46.968 "GET /api/sessions?view=open HTTP/1.1" 200 -
21:38:47.041 "GET /api/runners HTTP/1.1" 200 -
21:38:47.054 "GET /api/projects HTTP/1.1" 200 -
21:38:47.058 "GET /api/projects/sidebar HTTP/1.1" 200 -
21:38:51.969 "GET /api/sessions?view=open HTTP/1.1" 200 -
21:38:56.307 "GET /api/sessions?view=open HTTP/1.1" 200 -
21:43:04.168 "GET /api/agents HTTP/1.1" 200 -
21:43:04.176 "GET /api/task-lists HTTP/1.1" 200 -
21:43:04.185 "GET /api/agents HTTP/1.1" 200 -
21:43:04.190 "GET /api/projects/sidebar HTTP/1.1" 200 -
21:43:04.193 "GET /api/wiki/spaces HTTP/1.1" 200 -
21:43:04.194 "GET /api/users/me HTTP/1.1" 404 -
21:43:04.196 "GET /api/tasks/page?limit=1&listId=none&projectId=none&counts=total HTTP/1.1" 404 -
21:43:04.414 "GET /api/runners HTTP/1.1" 200 -
21:43:04.497 "GET /api/providers HTTP/1.1" 200 -
21:43:04.564 "GET /api/projects HTTP/1.1" 200 -
21:43:04.628 "GET /api/sessions?view=open&since= HTTP/1.1" 200 -
21:43:04.748 "GET /api/events HTTP/1.1" 404 -
21:43:04.749 "GET /api/providers HTTP/1.1" 200 -
21:43:04.992 "GET /api/watches?state=ACTIVE HTTP/1.1" 200 -
21:43:04.995 "GET /api/providers/pools HTTP/1.1" 200 -
21:43:05.154 "GET /api/providers/pools HTTP/1.1" 200 -
21:43:05.358 "GET /api/watches?state=PAUSED HTTP/1.1" 200 -
21:43:05.358 "GET /api/providers/shared-pools HTTP/1.1" 200 -
21:43:05.361 "GET /api/providers/shared-pools HTTP/1.1" 200 -
21:43:05.392 "GET /api/watches HTTP/1.1" 200 -
21:43:05.532 "GET /api/watches?needsAttention=true HTTP/1.1" 200 -
21:43:05.836 "GET /api/session-tags HTTP/1.1" 200 -
21:43:06.226 "GET /api/runners HTTP/1.1" 200 -
21:43:07.697 "GET /api/projects HTTP/1.1" 200 -
21:43:07.699 "GET /api/projects/sidebar HTTP/1.1" 200 -
21:43:07.702 "GET /api/sessions?view=open HTTP/1.1" 200 -
21:43:07.702 "GET /api/session-folders HTTP/1.1" 200 -
21:43:07.704 "GET /api/providers/pools HTTP/1.1" 200 -
21:43:07.763 "GET /api/projects/sidebar HTTP/1.1" 200 -
21:43:07.763 "GET /api/projects HTTP/1.1" 200 -
21:43:07.779 "GET /api/providers/shared-pools HTTP/1.1" 200 -
21:43:07.783 "GET /api/providers HTTP/1.1" 200 -
21:43:11.948 "GET /api/sessions?view=open HTTP/1.1" 200 -
21:43:13.092 "GET /api/wiki/spaces/34WSpaceOrbitProbe0001/docs HTTP/1.1" 200 -
21:43:14.227 "GET /api/wiki/spaces/34WSpaceOrbitProbe0001/plan HTTP/1.1" 200 -
21:43:14.311 "GET /api/wiki/spaces HTTP/1.1" 200 -
21:43:14.391 "GET /api/wiki/spaces/34WSpaceOrbitProbe0001/articles HTTP/1.1" 200 -
21:43:14.474 "GET /api/wiki/spaces/34WSpaceOrbitProbe0001/articles HTTP/1.1" 200 -
21:43:14.805 "GET /api/wiki/spaces/34WSpaceOrbitProbe0001/docs HTTP/1.1" 200 -
21:43:14.969 "GET /api/wiki/spaces/34WSpaceOrbitProbe0001/entries?kind=principle&limit=200 HTTP/1.1" 200 -
21:43:15.262 "GET /api/wiki/spaces/34WSpaceOrbitProbe0001/plan/versions HTTP/1.1" 200 -
21:43:15.492 "GET /api/wiki/spaces/34WSpaceOrbitProbe0001/plan HTTP/1.1" 200 -
21:43:15.692 "GET /api/wiki/spaces/34WSpaceOrbitProbe0001/plan/versions HTTP/1.1" 200 -
21:43:16.193 "GET /api/sessions?view=open HTTP/1.1" 200 -
21:43:20.875 "GET /api/sessions?view=open HTTP/1.1" 200 -
21:43:20.881 "GET /api/runners HTTP/1.1" 200 -
21:43:25.127 "GET /api/sessions?view=open HTTP/1.1" 200 -
21:43:25.158 "GET /api/projects HTTP/1.1" 200 -
21:43:25.161 "GET /api/projects/sidebar HTTP/1.1" 200 -
21:43:29.371 "GET /api/sessions?view=open HTTP/1.1" 200 -
21:43:33.573 "GET /api/sessions?view=open HTTP/1.1" 200 -
21:43:38.139 "GET /api/sessions?view=open HTTP/1.1" 200 -
21:43:38.146 "GET /api/runners HTTP/1.1" 200 -
21:43:38.153 "GET /api/watches?state=ACTIVE HTTP/1.1" 200 -
21:43:38.196 "GET /api/watches?state=PAUSED HTTP/1.1" 200 -
21:43:38.209 "GET /api/watches HTTP/1.1" 200 -
21:43:38.216 "GET /api/watches?needsAttention=true HTTP/1.1" 200 -
21:43:43.065 "GET /api/sessions?view=open HTTP/1.1" 200 -
21:43:43.079 "GET /api/projects/sidebar HTTP/1.1" 200 -
21:43:43.081 "GET /api/projects HTTP/1.1" 200 -
21:43:47.287 "GET /api/sessions?view=open HTTP/1.1" 200 -
21:43:51.708 "GET /api/sessions?view=open HTTP/1.1" 200 -
21:43:55.801 "GET /api/sessions?view=open HTTP/1.1" 200 -
21:43:55.866 "GET /api/runners HTTP/1.1" 200 -
21:43:57.716 "GET /api/wiki/spaces/34WSpaceOrbitProbe0001/docs/session-runtime HTTP/1.1" 200 -
21:43:57.786 "GET /api/wiki/spaces/34WSpaceOrbitProbe0001/docs HTTP/1.1" 200 -
21:43:59.843 "GET /api/wiki/spaces/34WSpaceOrbitProbe0001/entries?limit=200 HTTP/1.1" 200 -
21:44:01.782 "GET /api/sessions?view=open HTTP/1.1" 200 -
21:44:01.794 "GET /api/projects HTTP/1.1" 200 -
21:44:01.811 "GET /api/projects/sidebar HTTP/1.1" 200 -
21:44:06.282 "GET /api/sessions?view=open HTTP/1.1" 200 -
21:44:10.647 "GET /api/sessions?view=open HTTP/1.1" 200 -
21:44:10.657 "GET /api/watches?state=ACTIVE HTTP/1.1" 200 -
21:44:10.687 "GET /api/watches?state=PAUSED HTTP/1.1" 200 -
21:44:10.694 "GET /api/watches HTTP/1.1" 200 -
21:44:10.745 "GET /api/watches?needsAttention=true HTTP/1.1" 200 -
21:44:12.311 "GET /api/wiki/spaces/34WSpaceOrbitProbe0001/plan HTTP/1.1" 200 -
21:44:12.317 "GET /api/wiki/spaces/34WSpaceOrbitProbe0001/articles HTTP/1.1" 200 -
21:44:12.321 "GET /api/wiki/spaces HTTP/1.1" 200 -
21:44:12.330 "GET /api/wiki/spaces/34WSpaceOrbitProbe0001/entries?kind=principle&limit=200 HTTP/1.1" 200 -
21:44:12.334 "GET /api/wiki/spaces/34WSpaceOrbitProbe0001/plan/versions HTTP/1.1" 200 -
21:44:12.338 "GET /api/wiki/spaces/34WSpaceOrbitProbe0001/docs HTTP/1.1" 200 -
21:44:15.071 "GET /api/sessions?view=open HTTP/1.1" 200 -
21:44:15.079 "GET /api/runners HTTP/1.1" 200 -
21:44:19.960 "GET /api/wiki/spaces HTTP/1.1" 200 -
21:44:20.109 "GET /api/sessions?view=open HTTP/1.1" 200 -
21:44:20.256 "GET /api/wiki/spaces/34WSpaceOrbitProbe0001/entries?kind=decision&limit=4 HTTP/1.1" 200 -
21:44:20.275 "GET /api/wiki/spaces/34WSpaceOrbitProbe0001?include=usage HTTP/1.1" 200 -
21:44:20.302 "GET /api/wiki/spaces/34WSpaceOrbitProbe0001/health HTTP/1.1" 200 -
21:44:20.426 "GET /api/wiki/spaces/34WSpaceOrbitProbe0001/timeline HTTP/1.1" 200 -
21:44:20.459 "GET /api/projects/sidebar HTTP/1.1" 200 -
21:44:20.477 "GET /api/projects HTTP/1.1" 200 -
21:44:21.105 "GET /api/wiki/spaces/34WSpaceOrbitProbe0001/entries?limit=200 HTTP/1.1" 200 -
21:44:21.115 "GET /api/wiki/changesets/34WRunProbe0000000001 HTTP/1.1" 200 -
21:44:21.128 "GET /api/wiki/changesets/34WRunProbe0000000003 HTTP/1.1" 200 -
21:44:21.129 "GET /api/wiki/changesets/34WRunProbe0000000004 HTTP/1.1" 200 -
21:44:21.131 "GET /api/wiki/changesets/34WRunProbe0000000002 HTTP/1.1" 200 -
21:44:21.150 "GET /api/wiki/spaces/34WSpaceOrbitProbe0001/plan HTTP/1.1" 200 -
21:44:22.144 "GET /api/wiki/spaces/34WSpaceOrbitProbe0001/plan/versions HTTP/1.1" 200 -
21:44:22.677 "GET /api/wiki/spaces/34WSpaceOrbitProbe0001/docs HTTP/1.1" 200 -
21:44:25.029 "GET /api/sessions?view=open HTTP/1.1" 200 -
21:44:29.443 "GET /api/sessions?view=open HTTP/1.1" 200 -
21:44:33.474 "GET /api/sessions?view=open HTTP/1.1" 200 -
21:44:33.496 "GET /api/runners HTTP/1.1" 200 -
21:44:37.859 "GET /api/wiki/spaces/34WSpaceOrbitProbe0001/entries?kind=principle&limit=200 HTTP/1.1" 200 -
21:44:38.037 "GET /api/wiki/spaces/34WSpaceOrbitProbe0001/plan HTTP/1.1" 200 -
21:44:38.051 "GET /api/wiki/spaces HTTP/1.1" 200 -
21:44:38.063 "GET /api/wiki/spaces/34WSpaceOrbitProbe0001/docs HTTP/1.1" 200 -
21:44:38.350 "GET /api/wiki/spaces/34WSpaceOrbitProbe0001/articles HTTP/1.1" 200 -
21:44:38.756 "GET /api/wiki/spaces/34WSpaceOrbitProbe0001/plan/versions HTTP/1.1" 200 -
21:44:38.758 "GET /api/sessions?view=open HTTP/1.1" 200 -
21:44:39.181 "GET /api/projects/sidebar HTTP/1.1" 200 -
21:44:39.181 "GET /api/projects HTTP/1.1" 200 -
21:44:43.807 "GET /api/sessions?view=open HTTP/1.1" 200 -
21:44:43.814 "GET /api/watches?state=ACTIVE HTTP/1.1" 200 -
21:44:43.819 "GET /api/watches?state=PAUSED HTTP/1.1" 200 -
21:44:43.822 "GET /api/watches HTTP/1.1" 200 -
21:44:43.826 "GET /api/watches?needsAttention=true HTTP/1.1" 200 -
21:44:47.966 "GET /api/wiki/spaces HTTP/1.1" 200 -
21:44:48.450 "GET /api/sessions?view=open HTTP/1.1" 200 -
21:44:48.582 "GET /api/runners HTTP/1.1" 200 -
21:44:52.925 "GET /api/sessions?view=open HTTP/1.1" 200 -
21:44:57.010 "GET /api/sessions?view=open HTTP/1.1" 200 -
21:44:57.032 "GET /api/projects HTTP/1.1" 200 -
21:44:57.035 "GET /api/projects/sidebar HTTP/1.1" 200 -
