20:07:28.995 "GET /api/wiki/spaces HTTP/1.1" 200 -
20:30:42.503 "GET /api/task-lists HTTP/1.1" 200 -
20:30:42.509 "GET /api/agents HTTP/1.1" 200 -
20:30:42.860 "GET /api/agents HTTP/1.1" 200 -
20:30:42.884 "GET /api/projects/sidebar HTTP/1.1" 200 -
20:30:42.947 "GET /api/projects HTTP/1.1" 200 -
20:30:42.991 "GET /api/users/me HTTP/1.1" 404 -
20:30:43.038 "GET /api/events HTTP/1.1" 404 -
20:30:43.270 "GET /api/runners HTTP/1.1" 200 -
20:30:43.271 "GET /api/tasks/page?limit=1&listId=none&projectId=none&counts=total HTTP/1.1" 404 -
20:30:43.529 "GET /api/providers HTTP/1.1" 200 -
20:30:43.558 "GET /api/sessions?view=open&since= HTTP/1.1" 200 -
20:30:43.606 "GET /api/providers HTTP/1.1" 200 -
20:30:43.714 "GET /api/providers/pools HTTP/1.1" 200 -
20:30:43.715 "GET /api/providers/pools HTTP/1.1" 200 -
20:30:43.818 "GET /api/providers/shared-pools HTTP/1.1" 200 -
20:30:43.889 "GET /api/providers/shared-pools HTTP/1.1" 200 -
20:30:43.891 "GET /api/watches?state=ACTIVE HTTP/1.1" 200 -
20:30:44.159 "GET /api/watches?state=PAUSED HTTP/1.1" 200 -
20:30:44.426 "GET /api/session-tags HTTP/1.1" 200 -
20:30:44.538 "GET /api/wiki/spaces HTTP/1.1" 200 -
20:30:44.540 "GET /api/sessions?view=open HTTP/1.1" 200 -
20:30:44.542 "GET /api/watches HTTP/1.1" 200 -
20:30:44.596 "GET /api/session-folders HTTP/1.1" 200 -
20:30:44.652 "GET /api/watches?needsAttention=true HTTP/1.1" 200 -
20:30:44.671 "GET /api/projects HTTP/1.1" 200 -
20:30:44.672 "GET /api/projects/sidebar HTTP/1.1" 200 -
20:30:44.672 "GET /api/projects HTTP/1.1" 200 -
20:30:44.672 "GET /api/projects/sidebar HTTP/1.1" 200 -
20:30:48.812 "GET /api/sessions?view=open HTTP/1.1" 200 -
20:30:53.953 "GET /api/sessions?view=open HTTP/1.1" 200 -
20:30:54.117 "GET /api/runners HTTP/1.1" 200 -
20:30:58.418 "GET /api/sessions?view=open HTTP/1.1" 200 -
20:31:02.875 "GET /api/sessions?view=open HTTP/1.1" 200 -
20:31:02.994 "GET /api/projects/sidebar HTTP/1.1" 200 -
20:31:03.004 "GET /api/projects HTTP/1.1" 200 -
20:31:07.820 "GET /api/sessions?view=open HTTP/1.1" 200 -
20:31:09.600 "GET /api/wiki/spaces/34WSpaceOrbitProbe0001/plan HTTP/1.1" 200 -
20:31:09.652 "GET /api/wiki/spaces HTTP/1.1" 200 -
20:31:10.218 "GET /api/wiki/spaces/34WSpaceOrbitProbe0001/plan/versions HTTP/1.1" 200 -
20:31:12.593 "GET /api/sessions?view=open HTTP/1.1" 200 -
20:31:12.603 "GET /api/runners HTTP/1.1" 200 -
20:31:17.284 "GET /api/sessions?view=open HTTP/1.1" 200 -
20:31:17.305 "GET /api/watches?state=ACTIVE HTTP/1.1" 200 -
20:31:17.312 "GET /api/watches?state=PAUSED HTTP/1.1" 200 -
20:31:17.328 "GET /api/watches HTTP/1.1" 200 -
20:31:17.352 "GET /api/watches?needsAttention=true HTTP/1.1" 200 -
20:31:21.410 "GET /api/sessions?view=open HTTP/1.1" 200 -
20:31:21.424 "GET /api/projects/sidebar HTTP/1.1" 200 -
20:31:21.424 "GET /api/projects HTTP/1.1" 200 -
20:31:25.577 "GET /api/sessions?view=open HTTP/1.1" 200 -
20:31:30.195 "GET /api/sessions?view=open HTTP/1.1" 200 -
20:31:30.206 "GET /api/runners HTTP/1.1" 200 -
20:31:35.052 "GET /api/wiki/spaces/34WSpaceOrbitProbe0001/docs HTTP/1.1" 200 -
20:31:35.066 "GET /api/sessions?view=open HTTP/1.1" 200 -
20:31:35.069 "GET /api/wiki/spaces/34WSpaceOrbitProbe0001/entries?kind=principle&limit=200 HTTP/1.1" 200 -
20:31:35.070 "GET /api/wiki/spaces/34WSpaceOrbitProbe0001/articles HTTP/1.1" 200 -
20:31:43.884 "GET /api/sessions?view=open HTTP/1.1" 200 -
20:31:44.065 "GET /api/projects/sidebar HTTP/1.1" 200 -
20:31:44.067 "GET /api/projects HTTP/1.1" 200 -
20:31:48.593 "GET /api/sessions?view=open HTTP/1.1" 200 -
20:31:48.633 "GET /api/runners HTTP/1.1" 200 -
20:31:48.639 "GET /api/watches?state=ACTIVE HTTP/1.1" 200 -
20:31:48.666 "GET /api/watches?state=PAUSED HTTP/1.1" 200 -
20:31:48.712 "GET /api/watches HTTP/1.1" 200 -
20:31:48.767 "GET /api/watches?needsAttention=true HTTP/1.1" 200 -
20:31:54.087 "GET /api/sessions?view=open HTTP/1.1" 200 -
