20:07:28.982 "GET /api/wiki/spaces HTTP/1.1" 200 -
20:27:52.508 "GET /api/projects/sidebar HTTP/1.1" 200 -
20:27:52.728 "GET /api/agents HTTP/1.1" 200 -
20:27:52.959 "GET /api/agents HTTP/1.1" 200 -
20:27:53.045 "GET /api/task-lists HTTP/1.1" 200 -
20:27:53.111 "GET /api/projects HTTP/1.1" 200 -
20:27:53.424 "GET /api/events HTTP/1.1" 404 -
20:27:53.601 "GET /api/users/me HTTP/1.1" 404 -
20:27:54.073 "GET /api/runners HTTP/1.1" 200 -
20:27:54.221 "GET /api/providers HTTP/1.1" 200 -
20:27:54.324 "GET /api/sessions?view=open&since= HTTP/1.1" 200 -
20:27:55.221 "GET /api/wiki/spaces HTTP/1.1" 200 -
20:27:55.756 "GET /api/tasks/page?limit=1&listId=none&projectId=none&counts=total HTTP/1.1" 404 -
20:27:55.764 "GET /api/providers HTTP/1.1" 200 -
20:27:55.852 "GET /api/providers/pools HTTP/1.1" 200 -
20:27:55.946 "GET /api/watches?state=ACTIVE HTTP/1.1" 200 -
20:27:55.976 "GET /api/watches?state=PAUSED HTTP/1.1" 200 -
20:27:56.001 "GET /api/watches HTTP/1.1" 200 -
20:27:56.028 "GET /api/watches?needsAttention=true HTTP/1.1" 200 -
20:27:56.863 "GET /api/providers/pools HTTP/1.1" 200 -
20:27:56.901 "GET /api/providers/shared-pools HTTP/1.1" 200 -
20:27:56.984 "GET /api/projects/sidebar HTTP/1.1" 200 -
20:27:56.994 "GET /api/projects HTTP/1.1" 200 -
20:27:57.075 "GET /api/providers/shared-pools HTTP/1.1" 200 -
20:27:57.423 "GET /api/session-tags HTTP/1.1" 200 -
20:27:58.200 "GET /api/session-folders HTTP/1.1" 200 -
20:27:58.214 "GET /api/sessions?view=open HTTP/1.1" 200 -
20:27:58.406 "GET /api/projects/sidebar HTTP/1.1" 200 -
20:27:58.406 "GET /api/projects HTTP/1.1" 200 -
20:28:02.431 "GET /api/sessions?view=open HTTP/1.1" 200 -
20:28:02.448 "GET /api/runners HTTP/1.1" 200 -
20:28:06.657 "GET /api/sessions?view=open HTTP/1.1" 200 -
20:28:10.722 "GET /api/sessions?view=open HTTP/1.1" 200 -
20:28:15.034 "GET /api/sessions?view=open HTTP/1.1" 200 -
20:28:15.123 "GET /api/projects/sidebar HTTP/1.1" 200 -
20:28:15.128 "GET /api/projects HTTP/1.1" 200 -
20:28:19.415 "GET /api/sessions?view=open HTTP/1.1" 200 -
20:28:19.427 "GET /api/runners HTTP/1.1" 200 -
20:28:23.672 "GET /api/sessions?view=open HTTP/1.1" 200 -
20:28:27.652 "GET /api/wiki/spaces/34WSpaceOrbitProbe0001/plan HTTP/1.1" 200 -
20:28:27.654 "GET /api/wiki/spaces HTTP/1.1" 200 -
20:28:27.813 "GET /api/wiki/spaces/34WSpaceOrbitProbe0001/docs HTTP/1.1" 200 -
20:28:27.840 "GET /api/wiki/spaces/34WSpaceOrbitProbe0001/entries?kind=principle&limit=200 HTTP/1.1" 200 -
20:28:27.885 "GET /api/wiki/spaces/34WSpaceOrbitProbe0001/articles HTTP/1.1" 200 -
20:28:27.887 "GET /api/wiki/spaces/34WSpaceOrbitProbe0001/plan/versions HTTP/1.1" 200 -
20:28:27.887 "GET /api/sessions?view=open HTTP/1.1" 200 -
20:28:30.735 "GET /api/watches?state=ACTIVE HTTP/1.1" 200 -
20:28:30.796 "GET /api/watches?state=PAUSED HTTP/1.1" 200 -
20:28:30.845 "GET /api/watches HTTP/1.1" 200 -
20:28:30.862 "GET /api/watches?needsAttention=true HTTP/1.1" 200 -
20:28:32.515 "GET /api/projects HTTP/1.1" 200 -
20:28:32.525 "GET /api/projects/sidebar HTTP/1.1" 200 -
20:28:38.067 "GET /api/sessions?view=open HTTP/1.1" 200 -
20:28:38.072 "GET /api/runners HTTP/1.1" 200 -
20:28:42.676 "GET /api/sessions?view=open HTTP/1.1" 200 -
20:28:47.734 "GET /api/sessions?view=open HTTP/1.1" 200 -
20:28:47.741 "GET /api/projects HTTP/1.1" 200 -
20:28:47.744 "GET /api/projects/sidebar HTTP/1.1" 200 -
20:28:52.448 "GET /api/sessions?view=open HTTP/1.1" 200 -
20:28:57.350 "GET /api/sessions?view=open HTTP/1.1" 200 -
20:28:57.384 "GET /api/runners HTTP/1.1" 200 -
20:29:02.363 "GET /api/sessions?view=open HTTP/1.1" 200 -
20:29:02.396 "GET /api/watches?state=ACTIVE HTTP/1.1" 200 -
20:29:02.432 "GET /api/watches?state=PAUSED HTTP/1.1" 200 -
20:29:02.435 "GET /api/watches HTTP/1.1" 200 -
20:29:02.445 "GET /api/watches?needsAttention=true HTTP/1.1" 200 -
20:29:03.648 "GET /api/projects HTTP/1.1" 200 -
20:29:03.649 "GET /api/projects/sidebar HTTP/1.1" 200 -
20:29:08.158 "GET /api/sessions?view=open HTTP/1.1" 200 -
20:29:12.867 "GET /api/sessions?view=open HTTP/1.1" 200 -
20:29:12.908 "GET /api/runners HTTP/1.1" 200 -
20:29:18.521 "GET /api/sessions?view=open HTTP/1.1" 200 -
20:29:22.916 "GET /api/sessions?view=open HTTP/1.1" 200 -
20:29:23.011 "GET /api/projects HTTP/1.1" 200 -
20:29:23.018 "GET /api/projects/sidebar HTTP/1.1" 200 -
20:29:27.230 "GET /api/sessions?view=open HTTP/1.1" 200 -
20:29:32.329 "GET /api/sessions?view=open HTTP/1.1" 200 -
20:29:32.368 "GET /api/runners HTTP/1.1" 200 -
20:29:35.345 "GET /api/wiki/spaces/34WSpaceWikidsProbe001/plan HTTP/1.1" 200 -
20:29:35.470 "GET /api/wiki/spaces/34WSpaceWikidsProbe001/entries?kind=principle&limit=200 HTTP/1.1" 200 -
20:29:35.473 "GET /api/wiki/spaces/34WSpaceWikidsProbe001/docs HTTP/1.1" 200 -
20:29:35.474 "GET /api/wiki/spaces/34WSpaceWikidsProbe001/articles HTTP/1.1" 200 -
20:29:35.475 "GET /api/wiki/spaces/34WSpaceWikidsProbe001/plan/versions HTTP/1.1" 200 -
20:29:35.475 "GET /api/wiki/spaces HTTP/1.1" 200 -
20:29:37.922 "GET /api/sessions?view=open HTTP/1.1" 200 -
20:29:37.963 "GET /api/watches?state=ACTIVE HTTP/1.1" 200 -
20:29:37.970 "GET /api/watches?state=PAUSED HTTP/1.1" 200 -
20:29:37.997 "GET /api/watches HTTP/1.1" 200 -
20:29:38.032 "GET /api/watches?needsAttention=true HTTP/1.1" 200 -
20:29:38.037 "GET /api/projects HTTP/1.1" 200 -
20:29:38.048 "GET /api/projects/sidebar HTTP/1.1" 200 -
20:29:43.023 "GET /api/sessions?view=open HTTP/1.1" 200 -
20:29:47.631 "GET /api/sessions?view=open HTTP/1.1" 200 -
20:29:47.680 "GET /api/runners HTTP/1.1" 200 -
20:29:51.963 "GET /api/sessions?view=open HTTP/1.1" 200 -
20:29:57.607 "GET /api/sessions?view=open HTTP/1.1" 200 -
20:29:57.619 "GET /api/projects/sidebar HTTP/1.1" 200 -
20:29:57.642 "GET /api/projects HTTP/1.1" 200 -
20:30:02.795 "GET /api/sessions?view=open HTTP/1.1" 200 -
20:30:02.869 "GET /api/runners HTTP/1.1" 200 -
20:30:07.364 "GET /api/sessions?view=open HTTP/1.1" 200 -
20:30:12.005 "GET /api/sessions?view=open HTTP/1.1" 200 -
20:30:12.038 "GET /api/watches?state=ACTIVE HTTP/1.1" 200 -
20:30:12.070 "GET /api/watches?state=PAUSED HTTP/1.1" 200 -
20:30:12.094 "GET /api/watches HTTP/1.1" 200 -
20:30:12.111 "GET /api/watches?needsAttention=true HTTP/1.1" 200 -
20:30:16.263 "GET /api/sessions?view=open HTTP/1.1" 200 -
20:30:16.503 "GET /api/projects/sidebar HTTP/1.1" 200 -
20:30:16.590 "GET /api/projects HTTP/1.1" 200 -
