04:17:49.745 "GET /api/agents HTTP/1.1" 200 -
04:25:45.908 "POST /__reset HTTP/1.1" 200 -
04:26:09.785 "GET /api/agents HTTP/1.1" 200 -
04:26:09.786 "GET /api/projects/sidebar HTTP/1.1" 404 -
04:26:09.791 "GET /api/task-lists HTTP/1.1" 200 -
04:26:09.797 "GET /api/wiki/spaces HTTP/1.1" 404 -
04:26:09.820 "GET /api/projects HTTP/1.1" 404 -
04:26:09.825 "GET /api/agents HTTP/1.1" 200 -
04:26:10.896 "GET /api/users/me HTTP/1.1" 404 -
04:26:11.194 "GET /api/events HTTP/1.1" 404 -
04:26:11.207 "GET /api/runners HTTP/1.1" 200 -
04:26:11.218 "GET /api/providers HTTP/1.1" 200 -
04:26:11.221 "GET /api/tasks/page?limit=1&listId=none&projectId=none&counts=total HTTP/1.1" 404 -
04:26:11.237 "GET /api/sessions?view=open&since= HTTP/1.1" 200 -
04:26:11.256 "GET /api/providers/pools HTTP/1.1" 200 -
04:26:11.837 "GET /api/providers/shared-pools HTTP/1.1" 200 -
04:26:11.841 "GET /api/watches?state=ACTIVE HTTP/1.1" 200 -
04:26:11.842 "GET /api/providers HTTP/1.1" 200 -
04:26:12.107 "GET /api/watches?state=PAUSED HTTP/1.1" 200 -
04:26:12.227 "GET /api/watches HTTP/1.1" 200 -
04:26:12.410 "GET /api/watches?needsAttention=true HTTP/1.1" 200 -
04:26:13.498 "GET /api/providers/pools HTTP/1.1" 200 -
04:26:13.585 "GET /api/auth/capabilities HTTP/1.1" 404 -
04:26:13.835 "GET /api/session-tags HTTP/1.1" 200 -
04:26:17.518 "GET /api/providers/shared-pools HTTP/1.1" 200 -
04:26:17.539 "GET /api/sessions/Q1/events/page?tail=200&maxPayload=2048 HTTP/1.1" 200 -
04:26:17.620 "GET /api/sessions/Q1/created-tasks HTTP/1.1" 404 -
04:26:17.633 "GET /api/sessions?view=open HTTP/1.1" 200 -
04:26:17.667 "GET /api/session-folders HTTP/1.1" 200 -
04:26:17.681 "GET /api/sessions/Q1/approvals?status=PENDING HTTP/1.1" 200 -
04:26:17.688 "GET /api/sessions/Q1/turns?view=active HTTP/1.1" 200 -
04:26:17.968 "GET /api/sessions/Q1/events?sinceSeq=6&maxPayload=2048 HTTP/1.1" 200 -
04:26:18.049 "GET /api/sessions/Q1/background HTTP/1.1" 404 -
04:26:18.055 "GET /api/projects/sidebar HTTP/1.1" 404 -
04:26:18.061 "GET /api/projects HTTP/1.1" 404 -
04:26:18.484 "GET /api/tasks/evidence-decisions/pending?decidingSessionId=Q1 HTTP/1.1" 404 -
04:26:18.486 "GET /api/sessions/Q1 HTTP/1.1" 200 -
04:26:18.493 "GET /api/sessions/Q1 HTTP/1.1" 200 -
04:26:19.070 "GET /api/runners HTTP/1.1" 200 -
04:26:19.126 "GET /api/tasks/evidence-decisions/pending?decidingSessionId=Q1 HTTP/1.1" 404 -
04:26:21.571 "GET /api/providers/pools HTTP/1.1" 200 -
04:26:21.816 "GET /api/sessions?view=open HTTP/1.1" 200 -
04:26:21.870 "GET /api/providers/shared-pools HTTP/1.1" 200 -
04:26:21.909 "GET /api/providers HTTP/1.1" 200 -
04:26:26.015 "GET /api/sessions?view=open HTTP/1.1" 200 -
04:26:26.108 "GET /api/runners HTTP/1.1" 200 -
04:26:30.256 "GET /api/sessions?view=open HTTP/1.1" 200 -
04:26:34.560 "GET /api/sessions?view=open HTTP/1.1" 200 -
04:26:38.820 "GET /api/sessions?view=open HTTP/1.1" 200 -
04:26:43.402 "GET /api/sessions?view=open HTTP/1.1" 200 -
04:26:43.487 "GET /api/runners HTTP/1.1" 200 -
04:26:43.500 "GET /api/watches?state=ACTIVE HTTP/1.1" 200 -
04:26:43.508 "GET /api/watches?state=PAUSED HTTP/1.1" 200 -
04:26:43.514 "GET /api/watches HTTP/1.1" 200 -
04:26:43.551 "GET /api/watches?needsAttention=true HTTP/1.1" 200 -
04:26:48.407 "GET /api/sessions?view=open HTTP/1.1" 200 -
04:26:54.990 "GET /api/sessions?view=open HTTP/1.1" 200 -
04:27:00.799 "GET /api/sessions?view=open HTTP/1.1" 200 -
04:27:00.931 "GET /api/runners HTTP/1.1" 200 -
04:27:06.822 "GET /api/sessions?view=open HTTP/1.1" 200 -
04:27:11.276 "GET /api/sessions?view=open HTTP/1.1" 200 -
04:27:15.700 "GET /api/sessions?view=open HTTP/1.1" 200 -
04:27:15.888 "GET /api/watches?state=ACTIVE HTTP/1.1" 200 -
04:27:15.950 "GET /api/watches?state=PAUSED HTTP/1.1" 200 -
04:27:15.962 "GET /api/watches HTTP/1.1" 200 -
04:27:15.968 "GET /api/watches?needsAttention=true HTTP/1.1" 200 -
04:27:17.945 "GET /api/runners HTTP/1.1" 200 -
04:27:22.901 "GET /api/sessions?view=open HTTP/1.1" 200 -
04:27:23.095 "GET /api/runners HTTP/1.1" 200 -
04:27:29.600 "GET /api/sessions?view=open HTTP/1.1" 200 -
04:27:33.732 "GET /api/sessions?view=open HTTP/1.1" 200 -
04:27:38.812 "GET /api/sessions?view=open HTTP/1.1" 200 -
04:27:38.983 "GET /api/runners HTTP/1.1" 200 -
04:27:43.016 "GET /api/sessions?view=open HTTP/1.1" 200 -
04:27:47.126 "GET /api/sessions?view=open HTTP/1.1" 200 -
04:27:47.286 "GET /api/watches?state=ACTIVE HTTP/1.1" 200 -
04:27:47.300 "GET /api/watches?state=PAUSED HTTP/1.1" 200 -
04:27:47.315 "GET /api/watches HTTP/1.1" 200 -
04:27:47.328 "GET /api/watches?needsAttention=true HTTP/1.1" 200 -
04:27:51.878 "GET /api/sessions?view=open HTTP/1.1" 200 -
04:27:56.010 "GET /api/sessions?view=open HTTP/1.1" 200 -
04:27:56.090 "GET /api/runners HTTP/1.1" 200 -
04:28:00.177 "GET /api/sessions?view=open HTTP/1.1" 200 -
04:28:04.367 "GET /api/sessions?view=open HTTP/1.1" 200 -
04:28:08.408 "GET /api/sessions?view=open HTTP/1.1" 200 -
04:28:13.036 "GET /api/sessions?view=open HTTP/1.1" 200 -
04:28:13.123 "GET /api/runners HTTP/1.1" 200 -
04:28:17.181 "GET /api/sessions?view=open HTTP/1.1" 200 -
04:28:18.049 "GET /api/runners HTTP/1.1" 200 -
04:28:21.233 "GET /api/sessions?view=open HTTP/1.1" 200 -
04:28:21.368 "GET /api/watches?state=ACTIVE HTTP/1.1" 200 -
04:28:21.383 "GET /api/watches?state=PAUSED HTTP/1.1" 200 -
04:28:21.405 "GET /api/watches HTTP/1.1" 200 -
04:28:21.418 "GET /api/watches?needsAttention=true HTTP/1.1" 200 -
04:28:25.495 "GET /api/sessions?view=open HTTP/1.1" 200 -
04:28:30.259 "GET /api/sessions?view=open HTTP/1.1" 200 -
04:28:30.370 "GET /api/runners HTTP/1.1" 200 -
04:28:34.408 "GET /api/sessions?view=open HTTP/1.1" 200 -
04:28:38.854 "GET /api/sessions?view=open HTTP/1.1" 200 -
04:28:42.963 "GET /api/sessions?view=open HTTP/1.1" 200 -
04:28:47.054 "GET /api/sessions?view=open HTTP/1.1" 200 -
04:28:47.106 "GET /api/runners HTTP/1.1" 200 -
04:28:51.246 "GET /api/sessions?view=open HTTP/1.1" 200 -
04:28:55.477 "GET /api/sessions?view=open HTTP/1.1" 200 -
04:28:55.544 "GET /api/watches?state=ACTIVE HTTP/1.1" 200 -
04:28:55.553 "GET /api/watches?state=PAUSED HTTP/1.1" 200 -
04:28:55.559 "GET /api/watches HTTP/1.1" 200 -
04:28:55.567 "GET /api/watches?needsAttention=true HTTP/1.1" 200 -
04:28:58.124 "POST /__reset HTTP/1.1" 200 -
04:29:04.786 "GET /api/agents HTTP/1.1" 200 -
04:29:04.787 "GET /api/task-lists HTTP/1.1" 200 -
04:29:04.787 "GET /api/wiki/spaces HTTP/1.1" 404 -
04:29:04.787 "GET /api/projects HTTP/1.1" 404 -
04:29:04.793 "GET /api/projects/sidebar HTTP/1.1" 404 -
04:29:04.793 "GET /api/agents HTTP/1.1" 200 -
04:29:05.492 "GET /api/events HTTP/1.1" 404 -
04:29:05.580 "GET /api/users/me HTTP/1.1" 404 -
04:29:05.616 "GET /api/tasks/page?limit=1&listId=none&projectId=none&counts=total HTTP/1.1" 404 -
04:29:05.627 "GET /api/runners HTTP/1.1" 200 -
04:29:05.628 "GET /api/providers HTTP/1.1" 200 -
04:29:05.718 "GET /api/sessions?view=open&since= HTTP/1.1" 200 -
04:29:05.719 "GET /api/providers HTTP/1.1" 200 -
04:29:05.787 "GET /api/providers/pools HTTP/1.1" 200 -
04:29:05.789 "GET /api/watches?state=ACTIVE HTTP/1.1" 200 -
04:29:05.789 "GET /api/providers/pools HTTP/1.1" 200 -
04:29:05.808 "GET /api/watches?state=PAUSED HTTP/1.1" 200 -
04:29:05.887 "GET /api/providers/shared-pools HTTP/1.1" 200 -
04:29:05.887 "GET /api/providers/shared-pools HTTP/1.1" 200 -
04:29:05.910 "GET /api/watches HTTP/1.1" 200 -
04:29:06.011 "GET /api/watches?needsAttention=true HTTP/1.1" 200 -
04:29:06.147 "GET /api/session-tags HTTP/1.1" 200 -
04:29:08.972 "GET /api/auth/capabilities HTTP/1.1" 404 -
04:29:08.983 "GET /api/sessions/Q2/events/page?tail=200&maxPayload=2048 HTTP/1.1" 200 -
04:29:08.996 "GET /api/sessions/Q2/created-tasks HTTP/1.1" 404 -
04:29:09.000 "GET /api/sessions/Q2 HTTP/1.1" 200 -
04:29:09.013 "GET /api/sessions?view=open HTTP/1.1" 200 -
04:29:09.016 "GET /api/tasks/evidence-decisions/pending?decidingSessionId=Q2 HTTP/1.1" 404 -
04:29:09.024 "GET /api/session-folders HTTP/1.1" 200 -
04:29:09.148 "GET /api/sessions/Q2 HTTP/1.1" 200 -
04:29:09.148 "GET /api/sessions/Q2/turns?view=active HTTP/1.1" 200 -
04:29:09.148 "GET /api/sessions/Q2/approvals?status=PENDING HTTP/1.1" 200 -
04:29:09.880 "GET /api/sessions/Q2/events?sinceSeq=6&maxPayload=2048 HTTP/1.1" 200 -
04:29:09.882 "GET /api/sessions/Q2/background HTTP/1.1" 404 -
04:29:09.896 "GET /api/projects/sidebar HTTP/1.1" 404 -
04:29:09.908 "GET /api/projects HTTP/1.1" 404 -
04:29:09.912 "GET /api/runners HTTP/1.1" 200 -
04:29:09.989 "GET /api/providers/pools HTTP/1.1" 200 -
04:29:09.992 "GET /api/tasks/evidence-decisions/pending?decidingSessionId=Q2 HTTP/1.1" 404 -
04:29:10.100 "GET /api/providers/shared-pools HTTP/1.1" 200 -
04:29:10.121 "GET /api/providers HTTP/1.1" 200 -
04:29:13.162 "GET /api/sessions?view=open HTTP/1.1" 200 -
04:29:17.371 "GET /api/sessions?view=open HTTP/1.1" 200 -
04:29:21.439 "GET /api/sessions?view=open HTTP/1.1" 200 -
04:29:21.536 "GET /api/runners HTTP/1.1" 200 -
04:29:25.557 "GET /api/sessions?view=open HTTP/1.1" 200 -
04:29:29.675 "GET /api/sessions?view=open HTTP/1.1" 200 -
04:29:33.920 "GET /api/sessions?view=open HTTP/1.1" 200 -
04:29:38.076 "GET /api/sessions?view=open HTTP/1.1" 200 -
04:29:38.136 "GET /api/runners HTTP/1.1" 200 -
04:29:38.141 "GET /api/watches?state=ACTIVE HTTP/1.1" 200 -
04:29:38.147 "GET /api/watches?state=PAUSED HTTP/1.1" 200 -
04:29:38.154 "GET /api/watches HTTP/1.1" 200 -
04:29:38.174 "GET /api/watches?needsAttention=true HTTP/1.1" 200 -
04:29:42.303 "GET /api/sessions?view=open HTTP/1.1" 200 -
04:29:46.688 "GET /api/sessions?view=open HTTP/1.1" 200 -
04:29:51.101 "GET /api/sessions?view=open HTTP/1.1" 200 -
04:29:56.100 "GET /api/sessions?view=open HTTP/1.1" 200 -
04:29:56.155 "GET /api/runners HTTP/1.1" 200 -
04:30:00.202 "GET /api/sessions?view=open HTTP/1.1" 200 -
04:30:04.467 "GET /api/sessions?view=open HTTP/1.1" 200 -
04:30:08.609 "GET /api/sessions?view=open HTTP/1.1" 200 -
04:30:08.625 "GET /api/watches?state=ACTIVE HTTP/1.1" 200 -
04:30:08.630 "GET /api/watches?state=PAUSED HTTP/1.1" 200 -
04:30:08.634 "GET /api/watches HTTP/1.1" 200 -
04:30:08.638 "GET /api/watches?needsAttention=true HTTP/1.1" 200 -
04:30:09.057 "GET /api/runners HTTP/1.1" 200 -
04:30:12.838 "GET /api/sessions?view=open HTTP/1.1" 200 -
04:30:12.942 "GET /api/runners HTTP/1.1" 200 -
04:30:17.026 "GET /api/sessions?view=open HTTP/1.1" 200 -
04:30:21.066 "GET /api/sessions?view=open HTTP/1.1" 200 -
04:30:25.181 "GET /api/sessions?view=open HTTP/1.1" 200 -
04:30:29.380 "GET /api/sessions?view=open HTTP/1.1" 200 -
04:30:29.449 "GET /api/runners HTTP/1.1" 200 -
04:30:33.954 "GET /api/sessions?view=open HTTP/1.1" 200 -
04:30:38.972 "GET /api/sessions?view=open HTTP/1.1" 200 -
04:30:39.054 "GET /api/watches?state=ACTIVE HTTP/1.1" 200 -
04:30:39.070 "GET /api/watches?state=PAUSED HTTP/1.1" 200 -
04:30:39.099 "GET /api/watches HTTP/1.1" 200 -
04:30:39.112 "GET /api/watches?needsAttention=true HTTP/1.1" 200 -
04:30:43.686 "GET /api/sessions?view=open HTTP/1.1" 200 -
04:30:44.638 "GET /api/runners HTTP/1.1" 200 -
04:30:48.668 "GET /api/sessions?view=open HTTP/1.1" 200 -
04:30:52.816 "GET /api/sessions?view=open HTTP/1.1" 200 -
04:30:56.955 "GET /api/sessions?view=open HTTP/1.1" 200 -
04:31:01.255 "GET /api/sessions?view=open HTTP/1.1" 200 -
04:31:01.660 "GET /api/runners HTTP/1.1" 200 -
04:31:05.947 "GET /api/sessions?view=open HTTP/1.1" 200 -
04:31:09.194 "GET /api/runners HTTP/1.1" 200 -
04:31:09.993 "GET /api/sessions?view=open HTTP/1.1" 200 -
04:31:10.011 "GET /api/watches?state=ACTIVE HTTP/1.1" 200 -
04:31:10.015 "GET /api/watches?state=PAUSED HTTP/1.1" 200 -
04:31:10.021 "GET /api/watches HTTP/1.1" 200 -
04:31:10.025 "GET /api/watches?needsAttention=true HTTP/1.1" 200 -
04:31:14.149 "GET /api/sessions?view=open HTTP/1.1" 200 -
04:31:16.691 "POST /__reset HTTP/1.1" 200 -
04:31:21.062 "GET /api/agents HTTP/1.1" 200 -
04:31:21.150 "GET /api/agents HTTP/1.1" 200 -
04:31:21.162 "GET /api/projects/sidebar HTTP/1.1" 404 -
04:31:21.175 "GET /api/projects HTTP/1.1" 404 -
04:31:21.180 "GET /api/task-lists HTTP/1.1" 200 -
04:31:21.185 "GET /api/wiki/spaces HTTP/1.1" 404 -
04:31:21.631 "GET /api/events HTTP/1.1" 404 -
04:31:21.666 "GET /api/providers HTTP/1.1" 200 -
04:31:21.715 "GET /api/runners HTTP/1.1" 200 -
04:31:21.751 "GET /api/users/me HTTP/1.1" 404 -
04:31:21.752 "GET /api/tasks/page?limit=1&listId=none&projectId=none&counts=total HTTP/1.1" 404 -
04:31:21.823 "GET /api/sessions?view=open&since= HTTP/1.1" 200 -
04:31:21.829 "GET /api/providers HTTP/1.1" 200 -
04:31:21.830 "GET /api/providers/pools HTTP/1.1" 200 -
04:31:21.881 "GET /api/providers/shared-pools HTTP/1.1" 200 -
04:31:21.890 "GET /api/providers/pools HTTP/1.1" 200 -
04:31:21.907 "GET /api/watches?state=ACTIVE HTTP/1.1" 200 -
04:31:22.013 "GET /api/providers/shared-pools HTTP/1.1" 200 -
04:31:22.018 "GET /api/watches?state=PAUSED HTTP/1.1" 200 -
04:31:22.059 "GET /api/watches HTTP/1.1" 200 -
04:31:22.108 "GET /api/watches?needsAttention=true HTTP/1.1" 200 -
04:31:22.192 "GET /api/session-tags HTTP/1.1" 200 -
04:31:22.592 "GET /api/sessions?view=open HTTP/1.1" 200 -
04:31:22.593 "GET /api/session-folders HTTP/1.1" 200 -
04:31:22.593 "GET /api/auth/capabilities HTTP/1.1" 404 -
04:31:23.799 "GET /api/sessions/Q3/events/page?tail=200&maxPayload=2048 HTTP/1.1" 200 -
04:31:23.802 "GET /api/sessions/Q3 HTTP/1.1" 200 -
04:31:23.803 "GET /api/sessions/Q3/created-tasks HTTP/1.1" 404 -
04:31:23.824 "GET /api/tasks/evidence-decisions/pending?decidingSessionId=Q3 HTTP/1.1" 404 -
04:31:24.410 "GET /api/sessions/Q3 HTTP/1.1" 200 -
04:31:24.488 "GET /api/projects/sidebar HTTP/1.1" 404 -
04:31:24.493 "GET /api/sessions/Q3/approvals?status=PENDING HTTP/1.1" 200 -
04:31:24.497 "GET /api/sessions/Q3/turns?view=active HTTP/1.1" 200 -
04:31:24.513 "GET /api/projects HTTP/1.1" 404 -
04:31:24.944 "GET /api/sessions/Q3/events?sinceSeq=6&maxPayload=2048 HTTP/1.1" 200 -
04:31:24.945 "GET /api/sessions/Q3/background HTTP/1.1" 404 -
04:31:24.999 "GET /api/runners HTTP/1.1" 200 -
04:31:25.936 "GET /api/tasks/evidence-decisions/pending?decidingSessionId=Q3 HTTP/1.1" 404 -
04:31:25.940 "GET /api/providers/pools HTTP/1.1" 200 -
04:31:26.233 "GET /api/providers/shared-pools HTTP/1.1" 200 -
04:31:26.298 "GET /api/providers HTTP/1.1" 200 -
04:31:27.887 "GET /api/sessions?view=open HTTP/1.1" 200 -
04:31:32.030 "GET /api/sessions?view=open HTTP/1.1" 200 -
04:31:36.152 "GET /api/sessions?view=open HTTP/1.1" 200 -
04:31:36.226 "GET /api/runners HTTP/1.1" 200 -
04:31:40.311 "GET /api/sessions?view=open HTTP/1.1" 200 -
04:31:44.380 "GET /api/sessions?view=open HTTP/1.1" 200 -
04:31:48.463 "GET /api/sessions?view=open HTTP/1.1" 200 -
04:31:52.513 "GET /api/sessions?view=open HTTP/1.1" 200 -
04:31:52.546 "GET /api/runners HTTP/1.1" 200 -
04:31:52.775 "GET /api/watches?state=ACTIVE HTTP/1.1" 200 -
04:31:52.787 "GET /api/watches?state=PAUSED HTTP/1.1" 200 -
04:31:52.792 "GET /api/watches HTTP/1.1" 200 -
04:31:52.802 "GET /api/watches?needsAttention=true HTTP/1.1" 200 -
04:31:56.937 "GET /api/sessions?view=open HTTP/1.1" 200 -
04:32:01.179 "GET /api/sessions?view=open HTTP/1.1" 200 -
04:32:05.218 "GET /api/sessions?view=open HTTP/1.1" 200 -
04:32:09.310 "GET /api/sessions?view=open HTTP/1.1" 200 -
04:32:09.460 "GET /api/runners HTTP/1.1" 200 -
04:32:13.513 "GET /api/sessions?view=open HTTP/1.1" 200 -
04:32:17.671 "GET /api/sessions?view=open HTTP/1.1" 200 -
04:32:21.749 "GET /api/sessions?view=open HTTP/1.1" 200 -
04:32:23.813 "GET /api/runners HTTP/1.1" 200 -
04:32:25.849 "GET /api/sessions?view=open HTTP/1.1" 200 -
04:32:25.888 "GET /api/runners HTTP/1.1" 200 -
04:32:25.927 "GET /api/watches?state=ACTIVE HTTP/1.1" 200 -
04:32:25.959 "GET /api/watches?state=PAUSED HTTP/1.1" 200 -
04:32:25.964 "GET /api/watches HTTP/1.1" 200 -
04:32:25.970 "GET /api/watches?needsAttention=true HTTP/1.1" 200 -
04:32:30.570 "GET /api/sessions?view=open HTTP/1.1" 200 -
04:32:34.627 "GET /api/sessions?view=open HTTP/1.1" 200 -
04:32:38.766 "GET /api/sessions?view=open HTTP/1.1" 200 -
04:32:42.931 "GET /api/sessions?view=open HTTP/1.1" 200 -
04:32:43.066 "GET /api/runners HTTP/1.1" 200 -
04:32:47.145 "GET /api/sessions?view=open HTTP/1.1" 200 -
04:32:51.248 "GET /api/sessions?view=open HTTP/1.1" 200 -
04:32:55.445 "GET /api/sessions?view=open HTTP/1.1" 200 -
04:32:59.607 "GET /api/sessions?view=open HTTP/1.1" 200 -
04:32:59.712 "GET /api/runners HTTP/1.1" 200 -
04:32:59.723 "GET /api/watches?state=ACTIVE HTTP/1.1" 200 -
04:32:59.731 "GET /api/watches?state=PAUSED HTTP/1.1" 200 -
04:32:59.746 "GET /api/watches HTTP/1.1" 200 -
04:32:59.775 "GET /api/watches?needsAttention=true HTTP/1.1" 200 -
04:33:04.091 "GET /api/sessions?view=open HTTP/1.1" 200 -
04:33:08.615 "GET /api/sessions?view=open HTTP/1.1" 200 -
04:33:13.207 "POST /__reset HTTP/1.1" 200 -
04:33:17.051 "GET /api/agents HTTP/1.1" 200 -
04:33:17.080 "GET /api/agents HTTP/1.1" 200 -
04:33:17.160 "GET /api/task-lists HTTP/1.1" 200 -
04:33:17.183 "GET /api/projects/sidebar HTTP/1.1" 404 -
04:33:17.226 "GET /api/wiki/spaces HTTP/1.1" 404 -
04:33:17.229 "GET /api/projects HTTP/1.1" 404 -
04:33:17.576 "GET /api/events HTTP/1.1" 404 -
04:33:17.698 "GET /api/runners HTTP/1.1" 200 -
04:33:17.760 "GET /api/providers HTTP/1.1" 200 -
04:33:17.774 "GET /api/users/me HTTP/1.1" 404 -
04:33:17.803 "GET /api/tasks/page?limit=1&listId=none&projectId=none&counts=total HTTP/1.1" 404 -
04:33:17.805 "GET /api/providers HTTP/1.1" 200 -
04:33:17.857 "GET /api/providers/pools HTTP/1.1" 200 -
04:33:17.885 "GET /api/sessions?view=open&since= HTTP/1.1" 200 -
04:33:17.925 "GET /api/providers/pools HTTP/1.1" 200 -
04:33:17.977 "GET /api/providers/shared-pools HTTP/1.1" 200 -
04:33:17.983 "GET /api/watches?state=ACTIVE HTTP/1.1" 200 -
04:33:18.008 "GET /api/providers/shared-pools HTTP/1.1" 200 -
04:33:18.169 "GET /api/watches?state=PAUSED HTTP/1.1" 200 -
04:33:18.232 "GET /api/session-tags HTTP/1.1" 200 -
04:33:18.258 "GET /api/watches HTTP/1.1" 200 -
04:33:18.349 "GET /api/watches?needsAttention=true HTTP/1.1" 200 -
04:33:20.401 "GET /api/sessions/Q4 HTTP/1.1" 200 -
04:33:20.402 "GET /api/sessions/Q4/created-tasks HTTP/1.1" 404 -
04:33:20.482 "GET /api/sessions?view=open HTTP/1.1" 200 -
04:33:20.484 "GET /api/sessions/Q4/events/page?tail=200&maxPayload=2048 HTTP/1.1" 200 -
04:33:20.485 "GET /api/session-folders HTTP/1.1" 200 -
04:33:20.500 "GET /api/auth/capabilities HTTP/1.1" 404 -
04:33:20.517 "GET /api/tasks/evidence-decisions/pending?decidingSessionId=Q4 HTTP/1.1" 404 -
04:33:20.587 "GET /api/sessions/Q4 HTTP/1.1" 200 -
04:33:20.589 "GET /api/sessions/Q4/approvals?status=PENDING HTTP/1.1" 200 -
04:33:20.632 "GET /api/sessions/Q4/turns?view=active HTTP/1.1" 200 -
04:33:21.131 "GET /api/sessions/Q4/background HTTP/1.1" 404 -
04:33:21.132 "GET /api/projects/sidebar HTTP/1.1" 404 -
04:33:21.194 "GET /api/sessions/Q4/events?sinceSeq=6&maxPayload=2048 HTTP/1.1" 200 -
04:33:21.203 "GET /api/projects HTTP/1.1" 404 -
04:33:21.204 "GET /api/runners HTTP/1.1" 200 -
04:33:21.249 "GET /api/tasks/evidence-decisions/pending?decidingSessionId=Q4 HTTP/1.1" 404 -
04:33:21.293 "GET /api/providers/pools HTTP/1.1" 200 -
04:33:22.680 "GET /api/providers/shared-pools HTTP/1.1" 200 -
04:33:22.772 "GET /api/providers HTTP/1.1" 200 -
04:33:24.664 "GET /api/sessions?view=open HTTP/1.1" 200 -
04:33:28.961 "GET /api/sessions?view=open HTTP/1.1" 200 -
04:33:34.755 "GET /api/sessions?view=open HTTP/1.1" 200 -
04:33:34.866 "GET /api/runners HTTP/1.1" 200 -
04:33:38.912 "GET /api/sessions?view=open HTTP/1.1" 200 -
04:33:43.052 "GET /api/sessions?view=open HTTP/1.1" 200 -
04:33:47.084 "GET /api/sessions?view=open HTTP/1.1" 200 -
04:33:51.191 "GET /api/sessions?view=open HTTP/1.1" 200 -
04:33:51.319 "GET /api/runners HTTP/1.1" 200 -
04:33:51.364 "GET /api/watches?state=ACTIVE HTTP/1.1" 200 -
04:33:51.396 "GET /api/watches?state=PAUSED HTTP/1.1" 200 -
04:33:51.421 "GET /api/watches HTTP/1.1" 200 -
04:33:51.462 "GET /api/watches?needsAttention=true HTTP/1.1" 200 -
04:33:55.557 "GET /api/sessions?view=open HTTP/1.1" 200 -
04:33:59.668 "GET /api/sessions?view=open HTTP/1.1" 200 -
04:34:04.108 "GET /api/sessions?view=open HTTP/1.1" 200 -
04:34:08.435 "GET /api/sessions?view=open HTTP/1.1" 200 -
04:34:08.936 "GET /api/runners HTTP/1.1" 200 -
04:34:13.319 "GET /api/sessions?view=open HTTP/1.1" 200 -
04:34:17.604 "GET /api/sessions?view=open HTTP/1.1" 200 -
04:34:20.464 "GET /api/runners HTTP/1.1" 200 -
04:34:21.674 "GET /api/sessions?view=open HTTP/1.1" 200 -
04:34:21.732 "GET /api/watches?state=ACTIVE HTTP/1.1" 200 -
04:34:21.738 "GET /api/watches?state=PAUSED HTTP/1.1" 200 -
04:34:21.743 "GET /api/watches HTTP/1.1" 200 -
04:34:21.748 "GET /api/watches?needsAttention=true HTTP/1.1" 200 -
04:34:25.824 "GET /api/sessions?view=open HTTP/1.1" 200 -
04:34:25.927 "GET /api/runners HTTP/1.1" 200 -
04:34:30.004 "GET /api/sessions?view=open HTTP/1.1" 200 -
04:34:34.146 "GET /api/sessions?view=open HTTP/1.1" 200 -
04:34:38.478 "GET /api/sessions?view=open HTTP/1.1" 200 -
04:34:43.429 "GET /api/sessions?view=open HTTP/1.1" 200 -
04:34:43.491 "GET /api/runners HTTP/1.1" 200 -
04:34:47.662 "GET /api/sessions?view=open HTTP/1.1" 200 -
04:34:51.848 "GET /api/sessions?view=open HTTP/1.1" 200 -
04:34:51.884 "GET /api/watches?state=ACTIVE HTTP/1.1" 200 -
04:34:51.893 "GET /api/watches?state=PAUSED HTTP/1.1" 200 -
04:34:51.940 "GET /api/watches HTTP/1.1" 200 -
04:34:51.949 "GET /api/watches?needsAttention=true HTTP/1.1" 200 -
04:34:56.483 "GET /api/sessions?view=open HTTP/1.1" 200 -
04:35:00.712 "GET /api/sessions?view=open HTTP/1.1" 200 -
04:35:00.820 "GET /api/runners HTTP/1.1" 200 -
04:35:04.995 "GET /api/sessions?view=open HTTP/1.1" 200 -
04:35:09.100 "GET /api/sessions?view=open HTTP/1.1" 200 -
04:35:14.527 "POST /__reset HTTP/1.1" 200 -
04:35:19.659 "GET /api/agents HTTP/1.1" 200 -
04:35:19.813 "GET /api/agents HTTP/1.1" 200 -
04:35:19.816 "GET /api/task-lists HTTP/1.1" 200 -
04:35:19.826 "GET /api/projects/sidebar HTTP/1.1" 404 -
04:35:19.828 "GET /api/projects HTTP/1.1" 404 -
04:35:19.924 "GET /api/wiki/spaces HTTP/1.1" 404 -
04:35:19.927 "GET /api/users/me HTTP/1.1" 404 -
04:35:19.937 "GET /api/events HTTP/1.1" 404 -
04:35:19.939 "GET /api/runners HTTP/1.1" 200 -
04:35:20.094 "GET /api/providers HTTP/1.1" 200 -
04:35:20.238 "GET /api/sessions?view=open&since= HTTP/1.1" 200 -
04:35:20.279 "GET /api/tasks/page?limit=1&listId=none&projectId=none&counts=total HTTP/1.1" 404 -
04:35:20.283 "GET /api/runners HTTP/1.1" 200 -
04:35:20.283 "GET /api/providers/pools HTTP/1.1" 200 -
04:35:20.356 "GET /api/providers HTTP/1.1" 200 -
04:35:20.357 "GET /api/watches?state=ACTIVE HTTP/1.1" 200 -
04:35:20.359 "GET /api/providers/shared-pools HTTP/1.1" 200 -
04:35:20.397 "GET /api/watches?state=PAUSED HTTP/1.1" 200 -
04:35:20.483 "GET /api/providers/pools HTTP/1.1" 200 -
04:35:20.488 "GET /api/watches HTTP/1.1" 200 -
04:35:20.577 "GET /api/watches?needsAttention=true HTTP/1.1" 200 -
04:35:20.648 "GET /api/session-tags HTTP/1.1" 200 -
04:35:22.009 "GET /api/providers/shared-pools HTTP/1.1" 200 -
04:35:22.017 "GET /api/session-folders HTTP/1.1" 200 -
04:35:22.021 "GET /api/auth/capabilities HTTP/1.1" 404 -
04:35:22.031 "GET /api/sessions?view=open HTTP/1.1" 200 -
04:35:24.181 "GET /api/sessions/Q5 HTTP/1.1" 200 -
04:35:24.188 "GET /api/sessions/Q5/events/page?tail=200&maxPayload=2048 HTTP/1.1" 200 -
04:35:24.227 "GET /api/sessions/Q5/created-tasks HTTP/1.1" 404 -
04:35:24.237 "GET /api/tasks/evidence-decisions/pending?decidingSessionId=Q5 HTTP/1.1" 404 -
04:35:24.323 "GET /api/sessions/Q5 HTTP/1.1" 200 -
04:35:24.332 "GET /api/sessions/Q5/turns?view=active HTTP/1.1" 200 -
04:35:24.337 "GET /api/sessions/Q5/approvals?status=PENDING HTTP/1.1" 200 -
04:35:24.347 "GET /api/projects HTTP/1.1" 404 -
04:35:24.349 "GET /api/projects/sidebar HTTP/1.1" 404 -
04:35:25.058 "GET /api/sessions/Q5/background HTTP/1.1" 404 -
04:35:25.058 "GET /api/sessions/Q5/events?sinceSeq=6&maxPayload=2048 HTTP/1.1" 200 -
04:35:25.059 "GET /api/runners HTTP/1.1" 200 -
04:35:26.237 "GET /api/tasks/evidence-decisions/pending?decidingSessionId=Q5 HTTP/1.1" 404 -
04:35:26.237 "GET /api/providers/pools HTTP/1.1" 200 -
04:35:26.339 "GET /api/providers/shared-pools HTTP/1.1" 200 -
04:35:26.361 "GET /api/providers HTTP/1.1" 200 -
04:35:28.207 "GET /api/sessions?view=open HTTP/1.1" 200 -
04:35:32.420 "GET /api/sessions?view=open HTTP/1.1" 200 -
04:35:36.498 "GET /api/sessions?view=open HTTP/1.1" 200 -
04:35:36.574 "GET /api/runners HTTP/1.1" 200 -
04:35:40.722 "GET /api/sessions?view=open HTTP/1.1" 200 -
04:35:44.817 "GET /api/sessions?view=open HTTP/1.1" 200 -
04:35:48.974 "GET /api/sessions?view=open HTTP/1.1" 200 -
04:35:53.071 "GET /api/sessions?view=open HTTP/1.1" 200 -
04:35:53.111 "GET /api/runners HTTP/1.1" 200 -
04:35:53.148 "GET /api/watches?state=ACTIVE HTTP/1.1" 200 -
04:35:53.153 "GET /api/watches?state=PAUSED HTTP/1.1" 200 -
04:35:53.158 "GET /api/watches HTTP/1.1" 200 -
04:35:53.167 "GET /api/watches?needsAttention=true HTTP/1.1" 200 -
04:35:57.237 "GET /api/sessions?view=open HTTP/1.1" 200 -
04:36:01.558 "GET /api/sessions?view=open HTTP/1.1" 200 -
04:36:06.263 "GET /api/sessions?view=open HTTP/1.1" 200 -
04:36:10.316 "GET /api/sessions?view=open HTTP/1.1" 200 -
04:36:10.380 "GET /api/runners HTTP/1.1" 200 -
04:36:14.973 "GET /api/sessions?view=open HTTP/1.1" 200 -
04:36:19.332 "GET /api/sessions?view=open HTTP/1.1" 200 -
04:36:23.864 "GET /api/sessions?view=open HTTP/1.1" 200 -
04:36:23.939 "GET /api/watches?state=ACTIVE HTTP/1.1" 200 -
04:36:23.955 "GET /api/watches?state=PAUSED HTTP/1.1" 200 -
04:36:23.968 "GET /api/watches HTTP/1.1" 200 -
04:36:23.995 "GET /api/watches?needsAttention=true HTTP/1.1" 200 -
04:36:24.273 "GET /api/runners HTTP/1.1" 200 -
04:36:28.312 "GET /api/sessions?view=open HTTP/1.1" 200 -
04:36:28.383 "GET /api/runners HTTP/1.1" 200 -
04:36:32.425 "GET /api/sessions?view=open HTTP/1.1" 200 -
04:36:36.515 "GET /api/sessions?view=open HTTP/1.1" 200 -
04:36:40.557 "GET /api/sessions?view=open HTTP/1.1" 200 -
04:36:44.693 "GET /api/sessions?view=open HTTP/1.1" 200 -
04:36:44.772 "GET /api/runners HTTP/1.1" 200 -
04:36:48.832 "GET /api/sessions?view=open HTTP/1.1" 200 -
04:36:52.981 "GET /api/sessions?view=open HTTP/1.1" 200 -
04:36:57.111 "GET /api/sessions?view=open HTTP/1.1" 200 -
04:36:57.138 "GET /api/watches?state=ACTIVE HTTP/1.1" 200 -
04:36:57.148 "GET /api/watches?state=PAUSED HTTP/1.1" 200 -
04:36:57.158 "GET /api/watches HTTP/1.1" 200 -
04:36:57.165 "GET /api/watches?needsAttention=true HTTP/1.1" 200 -
04:37:01.675 "GET /api/sessions?view=open HTTP/1.1" 200 -
04:37:01.791 "GET /api/runners HTTP/1.1" 200 -
04:37:05.893 "GET /api/sessions?view=open HTTP/1.1" 200 -
04:37:08.313 "POST /__reset HTTP/1.1" 200 -
04:37:12.139 "GET /api/agents HTTP/1.1" 200 -
04:37:12.152 "GET /api/agents HTTP/1.1" 200 -
04:37:12.169 "GET /api/task-lists HTTP/1.1" 200 -
04:37:12.169 "GET /api/projects/sidebar HTTP/1.1" 404 -
04:37:12.170 "GET /api/wiki/spaces HTTP/1.1" 404 -
04:37:12.227 "GET /api/projects HTTP/1.1" 404 -
04:37:12.755 "GET /api/events HTTP/1.1" 404 -
04:37:12.766 "GET /api/runners HTTP/1.1" 200 -
04:37:12.777 "GET /api/users/me HTTP/1.1" 404 -
04:37:12.781 "GET /api/tasks/page?limit=1&listId=none&projectId=none&counts=total HTTP/1.1" 404 -
04:37:12.783 "GET /api/providers HTTP/1.1" 200 -
04:37:12.913 "GET /api/sessions?view=open&since= HTTP/1.1" 200 -
04:37:12.914 "GET /api/providers HTTP/1.1" 200 -
04:37:12.914 "GET /api/providers/pools HTTP/1.1" 200 -
04:37:12.976 "GET /api/watches?state=ACTIVE HTTP/1.1" 200 -
04:37:12.976 "GET /api/providers/pools HTTP/1.1" 200 -
04:37:13.047 "GET /api/providers/shared-pools HTTP/1.1" 200 -
04:37:13.113 "GET /api/watches?state=PAUSED HTTP/1.1" 200 -
04:37:13.115 "GET /api/providers/shared-pools HTTP/1.1" 200 -
04:37:13.242 "GET /api/watches HTTP/1.1" 200 -
04:37:13.299 "GET /api/watches?needsAttention=true HTTP/1.1" 200 -
04:37:13.357 "GET /api/session-tags HTTP/1.1" 200 -
04:37:15.158 "GET /api/sessions/Q6 HTTP/1.1" 200 -
04:37:15.159 "GET /api/sessions?view=open HTTP/1.1" 200 -
04:37:15.165 "GET /api/sessions/Q6/created-tasks HTTP/1.1" 404 -
04:37:15.197 "GET /api/sessions/Q6/events/page?tail=200&maxPayload=2048 HTTP/1.1" 200 -
04:37:15.199 "GET /api/tasks/evidence-decisions/pending?decidingSessionId=Q6 HTTP/1.1" 404 -
04:37:15.212 "GET /api/auth/capabilities HTTP/1.1" 404 -
04:37:15.212 "GET /api/session-folders HTTP/1.1" 200 -
04:37:15.267 "GET /api/sessions/Q6 HTTP/1.1" 200 -
04:37:15.274 "GET /api/sessions/Q6/turns?view=active HTTP/1.1" 200 -
04:37:15.326 "GET /api/sessions/Q6/approvals?status=PENDING HTTP/1.1" 200 -
04:37:15.760 "GET /api/runners HTTP/1.1" 200 -
04:37:15.760 "GET /api/sessions/Q6/events?sinceSeq=6&maxPayload=2048 HTTP/1.1" 200 -
04:37:15.761 "GET /api/sessions/Q6/background HTTP/1.1" 404 -
04:37:15.762 "GET /api/projects/sidebar HTTP/1.1" 404 -
04:37:15.762 "GET /api/projects HTTP/1.1" 404 -
04:37:15.932 "GET /api/tasks/evidence-decisions/pending?decidingSessionId=Q6 HTTP/1.1" 404 -
04:37:15.934 "GET /api/providers/pools HTTP/1.1" 200 -
04:37:15.966 "GET /api/providers/shared-pools HTTP/1.1" 200 -
04:37:16.020 "GET /api/providers HTTP/1.1" 200 -
04:37:19.724 "GET /api/sessions?view=open HTTP/1.1" 200 -
04:37:24.006 "GET /api/sessions?view=open HTTP/1.1" 200 -
04:37:28.133 "GET /api/sessions?view=open HTTP/1.1" 200 -
04:37:28.208 "GET /api/runners HTTP/1.1" 200 -
04:37:32.489 "GET /api/sessions?view=open HTTP/1.1" 200 -
04:37:36.696 "GET /api/sessions?view=open HTTP/1.1" 200 -
04:37:40.869 "GET /api/sessions?view=open HTTP/1.1" 200 -
04:37:45.150 "GET /api/sessions?view=open HTTP/1.1" 200 -
04:37:45.176 "GET /api/runners HTTP/1.1" 200 -
04:37:45.220 "GET /api/watches?state=ACTIVE HTTP/1.1" 200 -
04:37:45.249 "GET /api/watches?state=PAUSED HTTP/1.1" 200 -
04:37:45.257 "GET /api/watches HTTP/1.1" 200 -
04:37:45.264 "GET /api/watches?needsAttention=true HTTP/1.1" 200 -
04:37:49.680 "GET /api/sessions?view=open HTTP/1.1" 200 -
