17:13:12 "GET /api/agents HTTP/1.1" 200 -
    POST /__reset body: 
17:22:32 "POST /__reset HTTP/1.1" 200 -
17:22:53 "GET /api/agents HTTP/1.1" 200 -
17:22:53 "GET /api/runners HTTP/1.1" 200 -
17:22:54 "GET /api/providers HTTP/1.1" 200 -
17:22:54 "GET /api/providers/pools HTTP/1.1" 200 -
17:22:54 "GET /api/providers/shared-pools HTTP/1.1" 200 -
17:22:54 "GET /api/sessions?view=open HTTP/1.1" 200 -
17:22:54 "GET /api/task-lists HTTP/1.1" 200 -
17:22:54 "GET /api/session-tags HTTP/1.1" 200 -
17:22:54 "GET /api/tasks/T1 HTTP/1.1" 200 -
17:22:54 "GET /api/tasks/T1/share HTTP/1.1" 200 -
17:22:54 "GET /api/tasks/T1/owner-confirmation HTTP/1.1" 200 -
17:22:54 "GET /api/tasks/T1/row HTTP/1.1" 200 -
17:22:55 "GET /api/session-folders HTTP/1.1" 200 -
17:22:55 "GET /api/tasks/T1/owner-confirmation HTTP/1.1" 200 -
17:22:55 "GET /api/tasks/T1/owner-confirmation HTTP/1.1" 200 -
17:23:03 "GET /api/tasks/T1/attribution HTTP/1.1" 200 -
17:23:03 "GET /api/tasks/T1/dependency-graph?direction=both&maxNodes=500&pairUnary=true HTTP/1.1" 404 -
17:23:03 "GET /api/task-lists HTTP/1.1" 200 -
17:23:03 "GET /api/tasks/page?limit=1&listId=none&projectId=none&counts=total HTTP/1.1" 200 -
17:23:03 "GET /api/watches?state=ACTIVE HTTP/1.1" 200 -
17:23:03 "GET /api/watches?state=PAUSED HTTP/1.1" 200 -
17:23:03 "GET /api/watches HTTP/1.1" 200 -
17:23:03 "GET /api/watches?needsAttention=true HTTP/1.1" 200 -
17:23:07 "GET /api/tasks/T1 HTTP/1.1" 200 -
17:23:11 "GET /api/tasks/T1 HTTP/1.1" 200 -
17:23:15 "GET /api/tasks/T1 HTTP/1.1" 200 -
17:23:20 "GET /api/tasks/T1 HTTP/1.1" 200 -
17:23:24 "GET /api/tasks/T1 HTTP/1.1" 200 -
    POST /__reset body: 
17:23:28 "POST /__reset HTTP/1.1" 200 -
17:23:33 "GET /api/agents HTTP/1.1" 200 -
17:23:34 "GET /api/runners HTTP/1.1" 200 -
17:23:34 "GET /api/providers HTTP/1.1" 200 -
17:23:34 "GET /api/providers/pools HTTP/1.1" 200 -
17:23:34 "GET /api/providers/shared-pools HTTP/1.1" 200 -
17:23:34 "GET /api/sessions?view=open HTTP/1.1" 200 -
17:23:34 "GET /api/task-lists HTTP/1.1" 200 -
17:23:34 "GET /api/session-tags HTTP/1.1" 200 -
17:23:34 "GET /api/tasks/T1 HTTP/1.1" 200 -
17:23:34 "GET /api/tasks/T1/owner-confirmation HTTP/1.1" 200 -
17:23:34 "GET /api/tasks/T1/share HTTP/1.1" 200 -
17:23:35 "GET /api/tasks/T1/row HTTP/1.1" 200 -
17:23:35 "GET /api/tasks/T1/owner-confirmation HTTP/1.1" 200 -
17:23:35 "GET /api/session-folders HTTP/1.1" 200 -
17:23:35 "GET /api/tasks/T1/owner-confirmation HTTP/1.1" 200 -
17:23:36 "GET /api/tasks/T1/attribution HTTP/1.1" 200 -
17:23:36 "GET /api/tasks/T1/dependency-graph?direction=both&maxNodes=500&pairUnary=true HTTP/1.1" 404 -
17:23:36 "GET /api/task-lists HTTP/1.1" 200 -
17:23:36 "GET /api/tasks/page?limit=1&listId=none&projectId=none&counts=total HTTP/1.1" 200 -
17:23:36 "GET /api/watches?state=ACTIVE HTTP/1.1" 200 -
17:23:36 "GET /api/watches?state=PAUSED HTTP/1.1" 200 -
17:23:36 "GET /api/watches HTTP/1.1" 200 -
17:23:36 "GET /api/watches?needsAttention=true HTTP/1.1" 200 -
17:23:40 "GET /api/tasks/T1 HTTP/1.1" 200 -
17:23:44 "GET /api/tasks/T1 HTTP/1.1" 200 -
17:23:48 "GET /api/tasks/T1 HTTP/1.1" 200 -
17:23:52 "GET /api/tasks/T1 HTTP/1.1" 200 -
    PATCH /api/tasks/T1 body: {"modelHint":"L","modelHintReason":null}
17:23:56 "PATCH /api/tasks/T1 HTTP/1.1" 200 -
17:23:56 "GET /api/tasks/active?projectId=none HTTP/1.1" 200 -
17:23:56 "GET /api/tasks/T1 HTTP/1.1" 200 -
17:23:56 "GET /api/tasks/T1 HTTP/1.1" 200 -
17:24:01 "GET /api/tasks/T1 HTTP/1.1" 200 -
17:24:05 "GET /api/tasks/T1 HTTP/1.1" 200 -
17:24:09 "GET /api/tasks/T1 HTTP/1.1" 200 -
17:24:13 "GET /api/tasks/T1 HTTP/1.1" 200 -
    POST /__reset body: 
17:24:16 "POST /__reset HTTP/1.1" 200 -
17:24:30 "GET /api/agents HTTP/1.1" 200 -
17:24:32 "GET /api/runners HTTP/1.1" 200 -
17:24:32 "GET /api/providers HTTP/1.1" 200 -
17:24:32 "GET /api/providers/pools HTTP/1.1" 200 -
17:24:32 "GET /api/providers/shared-pools HTTP/1.1" 200 -
17:24:32 "GET /api/task-lists HTTP/1.1" 200 -
17:24:32 "GET /api/sessions?view=open HTTP/1.1" 200 -
17:24:32 "GET /api/session-tags HTTP/1.1" 200 -
17:24:32 "GET /api/tasks/T1 HTTP/1.1" 200 -
17:24:32 "GET /api/tasks/T1/share HTTP/1.1" 200 -
17:24:32 "GET /api/tasks/T1/owner-confirmation HTTP/1.1" 200 -
17:24:32 "GET /api/tasks/T1/row HTTP/1.1" 200 -
17:24:33 "GET /api/session-folders HTTP/1.1" 200 -
17:24:33 "GET /api/tasks/T1/owner-confirmation HTTP/1.1" 200 -
17:24:33 "GET /api/tasks/T1/owner-confirmation HTTP/1.1" 200 -
17:24:34 "GET /api/tasks/T1/attribution HTTP/1.1" 200 -
17:24:34 "GET /api/tasks/T1/dependency-graph?direction=both&maxNodes=500&pairUnary=true HTTP/1.1" 404 -
17:24:34 "GET /api/task-lists HTTP/1.1" 200 -
17:24:34 "GET /api/tasks/page?limit=1&listId=none&projectId=none&counts=total HTTP/1.1" 200 -
17:24:34 "GET /api/watches?state=ACTIVE HTTP/1.1" 200 -
17:24:34 "GET /api/watches?state=PAUSED HTTP/1.1" 200 -
17:24:34 "GET /api/watches HTTP/1.1" 200 -
17:24:34 "GET /api/watches?needsAttention=true HTTP/1.1" 200 -
17:24:38 "GET /api/tasks/T1 HTTP/1.1" 200 -
17:24:42 "GET /api/tasks/T1 HTTP/1.1" 200 -
17:24:46 "GET /api/tasks/T1 HTTP/1.1" 200 -
17:24:51 "GET /api/tasks/T1 HTTP/1.1" 200 -
17:24:55 "GET /api/tasks/T1 HTTP/1.1" 200 -
17:24:59 "GET /api/tasks/T1 HTTP/1.1" 200 -
17:25:03 "GET /api/tasks/T1 HTTP/1.1" 200 -
17:25:07 "GET /api/tasks/T1 HTTP/1.1" 200 -
17:25:12 "GET /api/tasks/T1 HTTP/1.1" 200 -
17:25:16 "GET /api/tasks/T1 HTTP/1.1" 200 -
17:25:20 "GET /api/tasks/T1 HTTP/1.1" 200 -
17:25:24 "GET /api/tasks/T1 HTTP/1.1" 200 -
17:25:28 "GET /api/tasks/T1 HTTP/1.1" 200 -
    POST /__reset body: 
17:25:33 "POST /__reset HTTP/1.1" 200 -
17:25:39 "GET /api/agents HTTP/1.1" 200 -
17:25:39 "GET /api/runners HTTP/1.1" 200 -
17:25:39 "GET /api/providers HTTP/1.1" 200 -
17:25:40 "GET /api/providers/pools HTTP/1.1" 200 -
17:25:40 "GET /api/providers/shared-pools HTTP/1.1" 200 -
17:25:40 "GET /api/task-lists HTTP/1.1" 200 -
17:25:40 "GET /api/session-tags HTTP/1.1" 200 -
17:25:40 "GET /api/sessions?view=open HTTP/1.1" 200 -
17:25:40 "GET /api/tasks/T1/share HTTP/1.1" 200 -
17:25:40 "GET /api/tasks/T1 HTTP/1.1" 200 -
17:25:40 "GET /api/tasks/T1/owner-confirmation HTTP/1.1" 200 -
17:25:40 "GET /api/tasks/T1/row HTTP/1.1" 200 -
17:25:40 "GET /api/session-folders HTTP/1.1" 200 -
17:25:40 "GET /api/tasks/T1/owner-confirmation HTTP/1.1" 200 -
17:25:41 "GET /api/tasks/T1/owner-confirmation HTTP/1.1" 200 -
17:25:41 "GET /api/tasks/T1/attribution HTTP/1.1" 200 -
17:25:41 "GET /api/tasks/T1/dependency-graph?direction=both&maxNodes=500&pairUnary=true HTTP/1.1" 404 -
17:25:42 "GET /api/task-lists HTTP/1.1" 200 -
17:25:42 "GET /api/tasks/page?limit=1&listId=none&projectId=none&counts=total HTTP/1.1" 200 -
17:25:42 "GET /api/watches?state=ACTIVE HTTP/1.1" 200 -
17:25:42 "GET /api/watches?state=PAUSED HTTP/1.1" 200 -
17:25:42 "GET /api/watches HTTP/1.1" 200 -
17:25:42 "GET /api/watches?needsAttention=true HTTP/1.1" 200 -
17:25:46 "GET /api/tasks/T1 HTTP/1.1" 200 -
17:25:50 "GET /api/tasks/T1 HTTP/1.1" 200 -
17:25:54 "GET /api/tasks/T1 HTTP/1.1" 200 -
17:25:58 "GET /api/tasks/T1 HTTP/1.1" 200 -
17:26:02 "GET /api/tasks/T1 HTTP/1.1" 200 -
17:26:06 "GET /api/tasks/T1 HTTP/1.1" 200 -
17:26:10 "GET /api/tasks/T1 HTTP/1.1" 200 -
17:26:15 "GET /api/tasks/T1 HTTP/1.1" 200 -
17:26:19 "GET /api/tasks/T1 HTTP/1.1" 200 -
17:26:23 "GET /api/tasks/T1 HTTP/1.1" 200 -
17:26:27 "GET /api/tasks/T1 HTTP/1.1" 200 -
17:26:31 "GET /api/tasks/T1 HTTP/1.1" 200 -
17:26:35 "GET /api/tasks/T1 HTTP/1.1" 200 -
17:26:40 "GET /api/tasks/T1 HTTP/1.1" 200 -
17:26:44 "GET /api/tasks/T1 HTTP/1.1" 200 -
17:26:48 "GET /api/tasks/T1 HTTP/1.1" 200 -
    POST /__reset body: 
17:26:50 "POST /__reset HTTP/1.1" 200 -
17:26:54 "GET /api/agents HTTP/1.1" 200 -
17:26:54 "GET /api/runners HTTP/1.1" 200 -
17:26:54 "GET /api/providers HTTP/1.1" 200 -
17:26:54 "GET /api/providers/pools HTTP/1.1" 200 -
17:26:54 "GET /api/providers/shared-pools HTTP/1.1" 200 -
17:26:55 "GET /api/session-tags HTTP/1.1" 200 -
17:26:55 "GET /api/sessions?view=open HTTP/1.1" 200 -
17:26:55 "GET /api/session-folders HTTP/1.1" 200 -
    PATCH /api/agents/a1 body: {"name":"orbit","effort":"","modelRouting":false,"workDir":"\/srv\/orbit","enabled":true}
17:27:17 "PATCH /api/agents/a1 HTTP/1.1" 200 -
17:27:17 "GET /api/agents HTTP/1.1" 200 -
17:27:17 "GET /api/runners HTTP/1.1" 200 -
17:27:17 "GET /api/providers HTTP/1.1" 200 -
17:27:17 "GET /api/providers/pools HTTP/1.1" 200 -
17:27:17 "GET /api/providers/shared-pools HTTP/1.1" 200 -
    POST /__reset body: 
17:27:22 "POST /__reset HTTP/1.1" 200 -
17:27:25 "GET /api/agents HTTP/1.1" 200 -
17:27:26 "GET /api/runners HTTP/1.1" 200 -
17:27:26 "GET /api/providers HTTP/1.1" 200 -
17:27:26 "GET /api/providers/pools HTTP/1.1" 200 -
17:27:26 "GET /api/providers/shared-pools HTTP/1.1" 200 -
17:27:26 "GET /api/sessions?view=open HTTP/1.1" 200 -
17:27:26 "GET /api/session-tags HTTP/1.1" 200 -
17:27:27 "GET /api/sessions/S2 HTTP/1.1" 200 -
17:27:27 "GET /api/sessions/S2/created-tasks HTTP/1.1" 404 -
17:27:27 "GET /api/sessions/S2 HTTP/1.1" 200 -
17:27:27 "GET /api/sessions/S2/events/page?tail=200&maxPayload=2048 HTTP/1.1" 200 -
17:27:27 "GET /api/session-folders HTTP/1.1" 200 -
17:27:27 "GET /api/sessions/S2 HTTP/1.1" 200 -
17:27:27 "GET /api/sessions/S2/turns HTTP/1.1" 200 -
17:27:27 "GET /api/sessions/S2/approvals?status=PENDING HTTP/1.1" 404 -
17:27:27 "GET /api/tasks/evidence-decisions/pending?decidingSessionId=S2 HTTP/1.1" 404 -
17:27:28 "GET /api/sessions/S2/background HTTP/1.1" 404 -
17:27:28 "GET /api/sessions/S2/events?sinceSeq=2&maxPayload=2048 HTTP/1.1" 404 -
17:27:28 "GET /api/runners HTTP/1.1" 200 -
17:27:28 "GET /api/tasks/T1/owner-confirmation HTTP/1.1" 200 -
17:27:28 "GET /api/tasks/evidence-decisions/pending?decidingSessionId=S2 HTTP/1.1" 404 -
17:27:28 "GET /api/providers/pools HTTP/1.1" 200 -
17:27:28 "GET /api/providers/shared-pools HTTP/1.1" 200 -
17:27:28 "GET /api/providers HTTP/1.1" 200 -
17:27:29 "GET /api/sessions/S2/turns HTTP/1.1" 200 -
17:27:29 "GET /api/tasks/T1/owner-confirmation HTTP/1.1" 200 -
17:27:29 "GET /api/sessions/S2/background HTTP/1.1" 404 -
17:27:29 "GET /api/tasks/evidence-decisions/pending?decidingSessionId=S2 HTTP/1.1" 404 -
17:27:29 "GET /api/sessions/S2/events?sinceSeq=2&maxPayload=2048 HTTP/1.1" 404 -
17:27:30 "GET /api/sessions/S2/approvals?status=PENDING HTTP/1.1" 404 -
17:27:31 "GET /api/tasks/evidence-decisions/pending?decidingSessionId=S2 HTTP/1.1" 404 -
17:27:31 "GET /api/sessions/S2/approvals?status=PENDING HTTP/1.1" 404 -
17:27:31 "GET /api/sessions/S2/background HTTP/1.1" 404 -
17:27:31 "GET /api/sessions/S2/events?sinceSeq=2&maxPayload=2048 HTTP/1.1" 404 -
17:27:31 "GET /api/sessions/S2/turns HTTP/1.1" 200 -
17:27:31 "GET /api/tasks/T1/owner-confirmation HTTP/1.1" 200 -
17:27:36 "GET /api/sessions/S2/events?sinceSeq=2&maxPayload=2048 HTTP/1.1" 404 -
17:27:36 "GET /api/sessions/S2/background HTTP/1.1" 404 -
17:27:36 "GET /api/sessions/S2/approvals?status=PENDING HTTP/1.1" 404 -
17:27:36 "GET /api/sessions/S2/turns HTTP/1.1" 200 -
17:27:36 "GET /api/tasks/T1/owner-confirmation HTTP/1.1" 200 -
17:27:37 "GET /api/tasks/evidence-decisions/pending?decidingSessionId=S2 HTTP/1.1" 404 -
17:27:45 "GET /api/sessions/S2/background HTTP/1.1" 404 -
17:27:45 "GET /api/sessions/S2/events?sinceSeq=2&maxPayload=2048 HTTP/1.1" 404 -
17:27:45 "GET /api/sessions/S2/approvals?status=PENDING HTTP/1.1" 404 -
17:27:45 "GET /api/sessions/S2/turns HTTP/1.1" 200 -
17:27:45 "GET /api/tasks/T1/owner-confirmation HTTP/1.1" 200 -
17:27:46 "GET /api/tasks/evidence-decisions/pending?decidingSessionId=S2 HTTP/1.1" 404 -
17:27:52 "GET /api/tasks/T1 HTTP/1.1" 200 -
17:27:52 "GET /api/tasks/T1/share HTTP/1.1" 200 -
17:27:52 "GET /api/tasks/T1/owner-confirmation HTTP/1.1" 200 -
17:27:52 "GET /api/tasks/T1/owner-confirmation HTTP/1.1" 200 -
17:27:52 "GET /api/tasks/T1/owner-confirmation HTTP/1.1" 200 -
17:27:53 "GET /api/tasks/T1/attribution HTTP/1.1" 200 -
17:27:53 "GET /api/tasks/T1/dependency-graph?direction=both&maxNodes=500&pairUnary=true HTTP/1.1" 404 -
17:27:53 "GET /api/task-lists HTTP/1.1" 200 -
17:27:53 "GET /api/tasks/page?limit=1&listId=none&projectId=none&counts=total HTTP/1.1" 200 -
17:27:53 "GET /api/watches?state=ACTIVE HTTP/1.1" 200 -
17:27:53 "GET /api/watches?state=PAUSED HTTP/1.1" 200 -
17:27:53 "GET /api/watches HTTP/1.1" 200 -
17:27:53 "GET /api/watches?needsAttention=true HTTP/1.1" 200 -
17:27:57 "GET /api/tasks/T1 HTTP/1.1" 200 -
    POST /__reset body: 
17:27:59 "POST /__reset HTTP/1.1" 200 -
17:28:02 "GET /api/agents HTTP/1.1" 200 -
17:28:02 "GET /api/runners HTTP/1.1" 200 -
17:28:02 "GET /api/providers HTTP/1.1" 200 -
17:28:02 "GET /api/providers/pools HTTP/1.1" 200 -
17:28:03 "GET /api/providers/shared-pools HTTP/1.1" 200 -
17:28:03 "GET /api/session-tags HTTP/1.1" 200 -
17:28:03 "GET /api/sessions?view=open HTTP/1.1" 200 -
17:28:03 "GET /api/task-lists HTTP/1.1" 200 -
17:28:03 "GET /api/tasks/T1/share HTTP/1.1" 200 -
17:28:03 "GET /api/tasks/T1/owner-confirmation HTTP/1.1" 200 -
17:28:03 "GET /api/tasks/T1 HTTP/1.1" 200 -
17:28:03 "GET /api/tasks/T1/row HTTP/1.1" 200 -
17:28:03 "GET /api/session-folders HTTP/1.1" 200 -
17:28:03 "GET /api/tasks/T1/owner-confirmation HTTP/1.1" 200 -
17:28:03 "GET /api/tasks/T1/owner-confirmation HTTP/1.1" 200 -
17:28:04 "GET /api/tasks/T1/attribution HTTP/1.1" 200 -
17:28:04 "GET /api/tasks/T1/dependency-graph?direction=both&maxNodes=500&pairUnary=true HTTP/1.1" 404 -
17:28:04 "GET /api/task-lists HTTP/1.1" 200 -
17:28:04 "GET /api/tasks/page?limit=1&listId=none&projectId=none&counts=total HTTP/1.1" 200 -
17:28:04 "GET /api/watches?state=ACTIVE HTTP/1.1" 200 -
17:28:04 "GET /api/watches?state=PAUSED HTTP/1.1" 200 -
17:28:04 "GET /api/watches HTTP/1.1" 200 -
17:28:04 "GET /api/watches?needsAttention=true HTTP/1.1" 200 -
17:28:08 "GET /api/tasks/T1 HTTP/1.1" 200 -
17:28:12 "GET /api/tasks/T1 HTTP/1.1" 200 -
17:28:16 "GET /api/tasks/T1 HTTP/1.1" 200 -
17:28:20 "GET /api/tasks/T1 HTTP/1.1" 200 -
17:28:24 "GET /api/tasks/T1 HTTP/1.1" 200 -
17:28:29 "GET /api/tasks/T1 HTTP/1.1" 200 -
17:28:33 "GET /api/tasks/T1 HTTP/1.1" 200 -
17:28:37 "GET /api/tasks/T1 HTTP/1.1" 200 -
17:28:41 "GET /api/tasks/T1 HTTP/1.1" 200 -
17:28:45 "GET /api/tasks/T1 HTTP/1.1" 200 -
17:28:49 "GET /api/tasks/T1 HTTP/1.1" 200 -
17:28:53 "GET /api/tasks/T1 HTTP/1.1" 200 -
