10:33:14 "GET /api/agents HTTP/1.1" 200 -
10:33:14 "GET /api/agents HTTP/1.1" 200 -
    POST /__reset body: 
10:43:54 "POST /__reset HTTP/1.1" 200 -
10:44:19 "GET /api/agents HTTP/1.1" 200 -
10:44:19 "GET /api/agents HTTP/1.1" 200 -
10:44:19 "GET /api/projects/sidebar HTTP/1.1" 404 -
10:44:19 "GET /api/task-lists HTTP/1.1" 200 -
10:44:19 "GET /api/projects HTTP/1.1" 200 -
10:44:19 "GET /api/wiki/spaces HTTP/1.1" 404 -
10:44:19 "GET /api/events HTTP/1.1" 200 -
10:44:19 "GET /api/users/me HTTP/1.1" 404 -
10:44:23 "GET /api/runners HTTP/1.1" 200 -
10:44:23 "GET /api/tasks/page?limit=1&listId=none&projectId=none&counts=total HTTP/1.1" 404 -
10:44:23 "GET /api/providers HTTP/1.1" 200 -
10:44:23 "GET /api/sessions?view=open&since= HTTP/1.1" 200 -
10:44:25 "GET /api/providers HTTP/1.1" 200 -
10:44:25 "GET /api/providers/pools HTTP/1.1" 200 -
10:44:25 "GET /api/watches?state=ACTIVE HTTP/1.1" 200 -
10:44:25 "GET /api/watches?state=ACTIVE HTTP/1.1" 200 -
10:44:25 "GET /api/session-folders HTTP/1.1" 200 -
10:44:25 "GET /api/providers/pools HTTP/1.1" 200 -
10:44:25 "GET /api/providers/shared-pools HTTP/1.1" 200 -
10:44:25 "GET /api/agents HTTP/1.1" 200 -
10:44:26 "GET /api/watches?state=PAUSED HTTP/1.1" 200 -
10:44:26 "GET /api/providers/shared-pools HTTP/1.1" 200 -
10:44:26 "GET /api/session-tags HTTP/1.1" 200 -
10:44:26 "GET /api/wiki/spaces HTTP/1.1" 404 -
10:44:26 "GET /api/watches?state=PAUSED HTTP/1.1" 200 -
10:44:26 "GET /api/watches HTTP/1.1" 200 -
10:44:26 "GET /api/watches HTTP/1.1" 200 -
10:44:26 "GET /api/watches?needsAttention=true HTTP/1.1" 200 -
10:44:27 "GET /api/sessions?view=open HTTP/1.1" 200 -
10:44:27 "GET /api/runners HTTP/1.1" 200 -
10:44:27 "GET /api/session-folders HTTP/1.1" 200 -
10:44:27 "GET /api/watches?needsAttention=true HTTP/1.1" 200 -
10:44:31 "GET /api/sessions/C1 HTTP/1.1" 200 -
10:44:31 "GET /api/sessions/C1/events/page?tail=200&maxPayload=2048 HTTP/1.1" 200 -
10:44:31 "GET /api/tasks/evidence-decisions/pending?decidingSessionId=C1 HTTP/1.1" 404 -
10:44:31 "GET /api/projects HTTP/1.1" 200 -
10:44:31 "GET /api/sessions/C1/created-tasks HTTP/1.1" 404 -
10:44:31 "GET /api/sessions/C1/turns?view=active HTTP/1.1" 200 -
10:44:31 "GET /api/sessions/C1/approvals?status=PENDING HTTP/1.1" 200 -
10:44:31 "GET /api/projects HTTP/1.1" 200 -
10:44:31 "GET /api/projects/sidebar HTTP/1.1" 404 -
10:44:32 "GET /api/sessions/C1/background HTTP/1.1" 404 -
10:44:32 "GET /api/sessions/C1/events?sinceSeq=6&maxPayload=2048 HTTP/1.1" 200 -
10:44:32 "GET /api/providers HTTP/1.1" 200 -
10:44:32 "GET /api/projects/sidebar HTTP/1.1" 404 -
10:44:32 "GET /api/providers/pools HTTP/1.1" 200 -
10:44:32 "GET /api/sessions/C1 HTTP/1.1" 200 -
10:44:32 "GET /api/auth/capabilities HTTP/1.1" 404 -
10:44:32 "GET /api/providers/shared-pools HTTP/1.1" 200 -
10:44:32 "GET /api/runners HTTP/1.1" 200 -
10:44:32 "GET /api/tasks/evidence-decisions/pending?decidingSessionId=C1 HTTP/1.1" 404 -
10:44:32 "GET /api/providers/pools HTTP/1.1" 200 -
10:44:32 "GET /api/projects/P1/acceptance/criteria-decisions/pending HTTP/1.1" 404 -
10:44:32 "GET /api/task-lists HTTP/1.1" 200 -
10:44:32 "GET /api/providers/shared-pools HTTP/1.1" 200 -
10:44:34 "GET /api/projects/P1/acceptance/confirmation HTTP/1.1" 404 -
10:44:34 "GET /api/providers HTTP/1.1" 200 -
10:44:34 "GET /api/tasks/page?limit=1&listId=none&projectId=none&counts=total HTTP/1.1" 404 -
10:44:34 "GET /api/projects/P1 HTTP/1.1" 404 -
10:44:34 "GET /api/projects/P1/open-items HTTP/1.1" 200 -
10:44:34 "GET /api/projects/P1/promotions/current HTTP/1.1" 200 -
10:44:35 "GET /api/tasks/evidence-decisions/pending?decidingSessionId=C1 HTTP/1.1" 404 -
10:44:35 "GET /api/projects/P1/promotions/merged HTTP/1.1" 200 -
10:44:36 "GET /api/sessions?view=open HTTP/1.1" 200 -
10:44:36 "GET /api/runners HTTP/1.1" 200 -
10:44:41 "GET /api/sessions?view=open HTTP/1.1" 200 -
10:44:45 "GET /api/sessions?view=open HTTP/1.1" 200 -
10:44:49 "GET /api/sessions?view=open HTTP/1.1" 200 -
10:44:52 "GET /api/runners HTTP/1.1" 200 -
10:44:52 "GET /api/projects HTTP/1.1" 200 -
10:44:52 "GET /api/projects/sidebar HTTP/1.1" 404 -
10:44:59 "GET /api/sessions?view=open HTTP/1.1" 200 -
10:45:00 "GET /api/watches?state=ACTIVE HTTP/1.1" 200 -
10:45:00 "GET /api/watches?state=PAUSED HTTP/1.1" 200 -
10:45:00 "GET /api/watches HTTP/1.1" 200 -
10:45:00 "GET /api/watches?needsAttention=true HTTP/1.1" 200 -
10:45:04 "GET /api/sessions?view=open HTTP/1.1" 200 -
10:45:08 "GET /api/sessions?view=open HTTP/1.1" 200 -
10:45:09 "GET /api/runners HTTP/1.1" 200 -
10:45:09 "GET /api/projects HTTP/1.1" 200 -
10:45:09 "GET /api/projects/sidebar HTTP/1.1" 404 -
    POST /__reset body: 
10:45:11 "POST /__reset HTTP/1.1" 200 -
10:45:28 "GET /api/task-lists HTTP/1.1" 200 -
10:45:28 "GET /api/projects/sidebar HTTP/1.1" 404 -
10:45:28 "GET /api/agents HTTP/1.1" 200 -
10:45:28 "GET /api/agents HTTP/1.1" 200 -
10:45:28 "GET /api/wiki/spaces HTTP/1.1" 404 -
10:45:29 "GET /api/runners HTTP/1.1" 200 -
10:45:29 "GET /api/events HTTP/1.1" 200 -
10:45:29 "GET /api/providers HTTP/1.1" 200 -
10:45:29 "GET /api/users/me HTTP/1.1" 404 -
10:45:29 "GET /api/tasks/page?limit=1&listId=none&projectId=none&counts=total HTTP/1.1" 404 -
10:45:29 "GET /api/providers/pools HTTP/1.1" 200 -
10:45:29 "GET /api/projects HTTP/1.1" 200 -
10:45:29 "GET /api/sessions?view=open&since= HTTP/1.1" 200 -
10:45:29 "GET /api/providers HTTP/1.1" 200 -
10:45:30 "GET /api/providers/shared-pools HTTP/1.1" 200 -
10:45:30 "GET /api/providers/pools HTTP/1.1" 200 -
10:45:30 "GET /api/sessions?view=open HTTP/1.1" 200 -
10:45:30 "GET /api/session-tags HTTP/1.1" 200 -
10:45:31 "GET /api/sessions?view=open HTTP/1.1" 200 -
10:45:31 "GET /api/providers/shared-pools HTTP/1.1" 200 -
10:45:31 "GET /api/session-folders HTTP/1.1" 200 -
10:45:33 "GET /api/projects/sidebar HTTP/1.1" 404 -
10:45:33 "GET /api/projects HTTP/1.1" 200 -
10:45:33 "GET /api/sessions/C1/events/page?tail=200&maxPayload=2048 HTTP/1.1" 200 -
10:45:33 "GET /api/watches?state=ACTIVE HTTP/1.1" 200 -
10:45:33 "GET /api/sessions/C1 HTTP/1.1" 200 -
10:45:33 "GET /api/watches?state=ACTIVE HTTP/1.1" 200 -
10:45:33 "GET /api/wiki/spaces HTTP/1.1" 404 -
10:45:33 "GET /api/session-folders HTTP/1.1" 200 -
10:45:33 "GET /api/sessions/C1 HTTP/1.1" 200 -
10:45:33 "GET /api/sessions/C1/turns?view=active HTTP/1.1" 200 -
10:45:33 "GET /api/sessions/C1/approvals?status=PENDING HTTP/1.1" 200 -
10:45:33 "GET /api/watches?state=PAUSED HTTP/1.1" 200 -
10:45:33 "GET /api/watches?state=PAUSED HTTP/1.1" 200 -
10:45:33 "GET /api/watches HTTP/1.1" 200 -
10:45:33 "GET /api/watches HTTP/1.1" 200 -
10:45:33 "GET /api/watches?needsAttention=true HTTP/1.1" 200 -
10:45:33 "GET /api/watches?needsAttention=true HTTP/1.1" 200 -
10:45:34 "GET /api/sessions/C1/events?sinceSeq=6&maxPayload=2048 HTTP/1.1" 200 -
10:45:34 "GET /api/sessions/C1/background HTTP/1.1" 404 -
10:45:34 "GET /api/runners HTTP/1.1" 200 -
10:45:34 "GET /api/projects/sidebar HTTP/1.1" 404 -
10:45:34 "GET /api/projects HTTP/1.1" 200 -
10:45:34 "GET /api/providers/pools HTTP/1.1" 200 -
10:45:34 "GET /api/auth/capabilities HTTP/1.1" 404 -
10:45:34 "GET /api/providers/shared-pools HTTP/1.1" 200 -
10:45:34 "GET /api/providers HTTP/1.1" 200 -
10:45:34 "GET /api/sessions/C1/created-tasks HTTP/1.1" 404 -
10:45:34 "GET /api/tasks/evidence-decisions/pending?decidingSessionId=C1 HTTP/1.1" 404 -
10:45:35 "GET /api/agents HTTP/1.1" 200 -
10:45:35 "GET /api/runners HTTP/1.1" 200 -
10:45:35 "GET /api/projects/P1/acceptance/criteria-decisions/pending HTTP/1.1" 404 -
10:45:35 "GET /api/providers HTTP/1.1" 200 -
10:45:35 "GET /api/projects/P1/acceptance/confirmation HTTP/1.1" 404 -
10:45:35 "GET /api/providers/pools HTTP/1.1" 200 -
10:45:35 "GET /api/projects/P1 HTTP/1.1" 404 -
10:45:35 "GET /api/providers/shared-pools HTTP/1.1" 200 -
10:45:35 "GET /api/projects/P1/open-items HTTP/1.1" 200 -
10:45:35 "GET /api/task-lists HTTP/1.1" 200 -
10:45:35 "GET /api/tasks/page?limit=1&listId=none&projectId=none&counts=total HTTP/1.1" 404 -
10:45:35 "GET /api/projects/P1/promotions/current HTTP/1.1" 200 -
10:45:35 "GET /api/tasks/evidence-decisions/pending?decidingSessionId=C1 HTTP/1.1" 404 -
10:45:35 "GET /api/projects/P1/promotions/merged HTTP/1.1" 200 -
10:45:35 "GET /api/sessions/C1/created-tasks HTTP/1.1" 404 -
10:45:38 "GET /api/sessions?view=open HTTP/1.1" 200 -
10:45:42 "GET /api/sessions?view=open HTTP/1.1" 200 -
10:45:47 "GET /api/sessions?view=open HTTP/1.1" 200 -
10:45:48 "GET /api/runners HTTP/1.1" 200 -
10:45:52 "GET /api/sessions?view=open HTTP/1.1" 200 -
10:45:52 "GET /api/projects HTTP/1.1" 200 -
10:45:52 "GET /api/projects/sidebar HTTP/1.1" 404 -
10:45:56 "GET /api/sessions?view=open HTTP/1.1" 200 -
10:46:00 "GET /api/sessions?view=open HTTP/1.1" 200 -
10:46:04 "GET /api/sessions?view=open HTTP/1.1" 200 -
10:46:04 "GET /api/runners HTTP/1.1" 200 -
10:46:04 "GET /api/watches?state=ACTIVE HTTP/1.1" 200 -
10:46:05 "GET /api/watches?state=PAUSED HTTP/1.1" 200 -
10:46:05 "GET /api/watches HTTP/1.1" 200 -
10:46:05 "GET /api/watches?needsAttention=true HTTP/1.1" 200 -
    POST /__reset body: 
10:46:05 "POST /__reset HTTP/1.1" 200 -
10:46:14 "GET /api/agents HTTP/1.1" 200 -
10:46:14 "GET /api/projects/sidebar HTTP/1.1" 404 -
10:46:14 "GET /api/projects HTTP/1.1" 200 -
10:46:14 "GET /api/task-lists HTTP/1.1" 200 -
10:46:14 "GET /api/agents HTTP/1.1" 200 -
10:46:15 "GET /api/events HTTP/1.1" 200 -
10:46:15 "GET /api/runners HTTP/1.1" 200 -
10:46:15 "GET /api/wiki/spaces HTTP/1.1" 404 -
10:46:15 "GET /api/users/me HTTP/1.1" 404 -
10:46:15 "GET /api/tasks/page?limit=1&listId=none&projectId=none&counts=total HTTP/1.1" 404 -
10:46:15 "GET /api/providers HTTP/1.1" 200 -
10:46:16 "GET /api/providers/pools HTTP/1.1" 200 -
10:46:16 "GET /api/providers HTTP/1.1" 200 -
10:46:16 "GET /api/sessions?view=open&since= HTTP/1.1" 200 -
10:46:16 "GET /api/providers/pools HTTP/1.1" 200 -
10:46:16 "GET /api/providers/shared-pools HTTP/1.1" 200 -
10:46:16 "GET /api/providers/shared-pools HTTP/1.1" 200 -
10:46:16 "GET /api/session-tags HTTP/1.1" 200 -
10:46:18 "GET /api/sessions/C2 HTTP/1.1" 200 -
10:46:18 "GET /api/sessions?view=open HTTP/1.1" 200 -
10:46:18 "GET /api/sessions/C2 HTTP/1.1" 200 -
10:46:18 "GET /api/sessions/C2/events/page?tail=200&maxPayload=2048 HTTP/1.1" 200 -
10:46:18 "GET /api/sessions/C2/created-tasks HTTP/1.1" 404 -
10:46:18 "GET /api/session-folders HTTP/1.1" 200 -
10:46:20 "GET /api/sessions/C2/turns?view=active HTTP/1.1" 200 -
10:46:20 "GET /api/sessions/C2/approvals?status=PENDING HTTP/1.1" 200 -
10:46:20 "GET /api/sessions/C2 HTTP/1.1" 200 -
10:46:20 "GET /api/tasks/evidence-decisions/pending?decidingSessionId=C2 HTTP/1.1" 404 -
10:46:21 "GET /api/sessions/C2/background HTTP/1.1" 404 -
10:46:21 "GET /api/projects HTTP/1.1" 200 -
10:46:21 "GET /api/projects/sidebar HTTP/1.1" 404 -
10:46:21 "GET /api/watches?state=ACTIVE HTTP/1.1" 200 -
10:46:21 "GET /api/sessions/C2/events?sinceSeq=6&maxPayload=2048 HTTP/1.1" 200 -
10:46:21 "GET /api/watches?state=PAUSED HTTP/1.1" 200 -
10:46:21 "GET /api/watches HTTP/1.1" 200 -
10:46:21 "GET /api/watches?needsAttention=true HTTP/1.1" 200 -
10:46:22 "GET /api/wiki/spaces HTTP/1.1" 404 -
10:46:22 "GET /api/session-folders HTTP/1.1" 200 -
10:46:22 "GET /api/watches?state=ACTIVE HTTP/1.1" 200 -
10:46:22 "GET /api/tasks/evidence-decisions/pending?decidingSessionId=C2 HTTP/1.1" 404 -
10:46:22 "GET /api/projects HTTP/1.1" 200 -
10:46:22 "GET /api/projects/P2/acceptance/criteria-decisions/pending HTTP/1.1" 404 -
10:46:22 "GET /api/watches?state=PAUSED HTTP/1.1" 200 -
10:46:22 "GET /api/projects/P2/acceptance/confirmation HTTP/1.1" 404 -
10:46:22 "GET /api/runners HTTP/1.1" 200 -
10:46:22 "GET /api/projects/P2 HTTP/1.1" 404 -
10:46:22 "GET /api/providers/pools HTTP/1.1" 200 -
10:46:22 "GET /api/watches HTTP/1.1" 200 -
10:46:22 "GET /api/watches?needsAttention=true HTTP/1.1" 200 -
10:46:22 "GET /api/providers/shared-pools HTTP/1.1" 200 -
10:46:22 "GET /api/projects/P2/open-items HTTP/1.1" 200 -
10:46:22 "GET /api/agents HTTP/1.1" 200 -
10:46:22 "GET /api/providers HTTP/1.1" 200 -
10:46:22 "GET /api/projects/P2/promotions/current HTTP/1.1" 200 -
10:46:22 "GET /api/runners HTTP/1.1" 200 -
10:46:22 "GET /api/projects/P2/promotions/merged HTTP/1.1" 200 -
10:46:22 "GET /api/providers HTTP/1.1" 200 -
10:46:22 "GET /api/providers/pools HTTP/1.1" 200 -
10:46:22 "GET /api/providers/shared-pools HTTP/1.1" 200 -
10:46:22 "GET /api/task-lists HTTP/1.1" 200 -
10:46:22 "GET /api/tasks/page?limit=1&listId=none&projectId=none&counts=total HTTP/1.1" 404 -
10:46:23 "GET /api/projects/sidebar HTTP/1.1" 404 -
10:46:23 "GET /api/auth/capabilities HTTP/1.1" 404 -
10:46:24 "GET /api/sessions/C2/created-tasks HTTP/1.1" 404 -
10:46:28 "GET /api/sessions?view=open HTTP/1.1" 200 -
10:46:33 "GET /api/sessions?view=open HTTP/1.1" 200 -
10:46:33 "GET /api/runners HTTP/1.1" 200 -
10:46:37 "GET /api/sessions?view=open HTTP/1.1" 200 -
10:46:37 "GET /api/projects HTTP/1.1" 200 -
10:46:37 "GET /api/projects/sidebar HTTP/1.1" 404 -
10:46:41 "GET /api/sessions?view=open HTTP/1.1" 200 -
10:46:45 "GET /api/sessions?view=open HTTP/1.1" 200 -
    POST /__reset body: 
10:46:47 "POST /__reset HTTP/1.1" 200 -
10:46:57 "GET /api/wiki/spaces HTTP/1.1" 404 -
10:46:57 "GET /api/agents HTTP/1.1" 200 -
10:46:57 "GET /api/task-lists HTTP/1.1" 200 -
10:46:57 "GET /api/agents HTTP/1.1" 200 -
10:46:57 "GET /api/projects HTTP/1.1" 200 -
10:46:57 "GET /api/projects/sidebar HTTP/1.1" 404 -
10:46:58 "GET /api/events HTTP/1.1" 200 -
10:46:58 "GET /api/users/me HTTP/1.1" 404 -
10:46:58 "GET /api/tasks/page?limit=1&listId=none&projectId=none&counts=total HTTP/1.1" 404 -
10:46:58 "GET /api/providers HTTP/1.1" 200 -
10:46:58 "GET /api/runners HTTP/1.1" 200 -
10:46:58 "GET /api/providers HTTP/1.1" 200 -
10:46:58 "GET /api/providers/pools HTTP/1.1" 200 -
10:46:58 "GET /api/sessions?view=open&since= HTTP/1.1" 200 -
10:46:58 "GET /api/providers/pools HTTP/1.1" 200 -
10:46:58 "GET /api/providers/shared-pools HTTP/1.1" 200 -
10:46:58 "GET /api/sessions?view=open HTTP/1.1" 200 -
10:46:58 "GET /api/providers/shared-pools HTTP/1.1" 200 -
10:46:58 "GET /api/session-tags HTTP/1.1" 200 -
10:47:00 "GET /api/sessions?view=open HTTP/1.1" 200 -
10:47:00 "GET /api/session-folders HTTP/1.1" 200 -
10:47:03 "GET /api/sessions/C3/created-tasks HTTP/1.1" 404 -
10:47:03 "GET /api/sessions/C3/events/page?tail=200&maxPayload=2048 HTTP/1.1" 200 -
10:47:03 "GET /api/sessions/C3 HTTP/1.1" 200 -
10:47:03 "GET /api/tasks/evidence-decisions/pending?decidingSessionId=C3 HTTP/1.1" 404 -
10:47:03 "GET /api/sessions/C3 HTTP/1.1" 200 -
10:47:03 "GET /api/projects/sidebar HTTP/1.1" 404 -
10:47:03 "GET /api/watches?state=ACTIVE HTTP/1.1" 200 -
10:47:03 "GET /api/watches?state=PAUSED HTTP/1.1" 200 -
10:47:03 "GET /api/watches?state=ACTIVE HTTP/1.1" 200 -
10:47:03 "GET /api/wiki/spaces HTTP/1.1" 404 -
10:47:03 "GET /api/session-folders HTTP/1.1" 200 -
10:47:04 "GET /api/runners HTTP/1.1" 200 -
10:47:04 "GET /api/watches?state=PAUSED HTTP/1.1" 200 -
10:47:04 "GET /api/watches HTTP/1.1" 200 -
10:47:04 "GET /api/watches HTTP/1.1" 200 -
10:47:04 "GET /api/watches?needsAttention=true HTTP/1.1" 200 -
10:47:04 "GET /api/watches?needsAttention=true HTTP/1.1" 200 -
10:47:04 "GET /api/tasks/evidence-decisions/pending?decidingSessionId=C3 HTTP/1.1" 404 -
10:47:04 "GET /api/sessions/C3/background HTTP/1.1" 404 -
10:47:04 "GET /api/sessions/C3/events?sinceSeq=3&maxPayload=2048 HTTP/1.1" 200 -
10:47:04 "GET /api/agents HTTP/1.1" 200 -
10:47:04 "GET /api/projects/sidebar HTTP/1.1" 404 -
10:47:04 "GET /api/providers/pools HTTP/1.1" 200 -
10:47:05 "GET /api/projects HTTP/1.1" 200 -
10:47:05 "GET /api/projects HTTP/1.1" 200 -
10:47:05 "GET /api/sessions/C3/approvals?status=PENDING HTTP/1.1" 200 -
10:47:05 "GET /api/sessions/C3/turns?view=active HTTP/1.1" 200 -
10:47:08 "GET /api/providers/shared-pools HTTP/1.1" 200 -
10:47:08 "GET /api/runners HTTP/1.1" 200 -
10:47:08 "GET /api/projects/P3/acceptance/criteria-decisions/pending HTTP/1.1" 404 -
10:47:08 "GET /api/auth/capabilities HTTP/1.1" 404 -
10:47:09 "GET /api/sessions/C3/created-tasks HTTP/1.1" 404 -
10:47:09 "GET /api/providers HTTP/1.1" 200 -
10:47:09 "GET /api/providers HTTP/1.1" 200 -
10:47:09 "GET /api/projects/P3/acceptance/confirmation HTTP/1.1" 404 -
10:47:09 "GET /api/providers/pools HTTP/1.1" 200 -
10:47:09 "GET /api/projects/P3 HTTP/1.1" 404 -
10:47:09 "GET /api/providers/shared-pools HTTP/1.1" 200 -
10:47:09 "GET /api/projects/P3/open-items HTTP/1.1" 200 -
10:47:09 "GET /api/task-lists HTTP/1.1" 200 -
10:47:09 "GET /api/tasks/page?limit=1&listId=none&projectId=none&counts=total HTTP/1.1" 404 -
10:47:09 "GET /api/projects/P3/promotions/current HTTP/1.1" 200 -
10:47:09 "GET /api/tasks/evidence-decisions/pending?decidingSessionId=C3 HTTP/1.1" 404 -
10:47:09 "GET /api/projects/P3/promotions/merged HTTP/1.1" 200 -
10:47:13 "GET /api/sessions?view=open HTTP/1.1" 200 -
10:47:13 "GET /api/runners HTTP/1.1" 200 -
10:47:18 "GET /api/sessions?view=open HTTP/1.1" 200 -
10:47:22 "GET /api/sessions?view=open HTTP/1.1" 200 -
10:47:22 "GET /api/projects/sidebar HTTP/1.1" 404 -
10:47:22 "GET /api/projects HTTP/1.1" 200 -
10:47:26 "GET /api/sessions?view=open HTTP/1.1" 200 -
    POST /__reset body: 
10:47:28 "POST /__reset HTTP/1.1" 200 -
10:47:33 "GET /api/agents HTTP/1.1" 200 -
10:47:33 "GET /api/agents HTTP/1.1" 200 -
10:47:33 "GET /api/projects/sidebar HTTP/1.1" 404 -
10:47:33 "GET /api/projects HTTP/1.1" 200 -
10:47:33 "GET /api/task-lists HTTP/1.1" 200 -
10:47:33 "GET /api/users/me HTTP/1.1" 404 -
10:47:33 "GET /api/events HTTP/1.1" 200 -
10:47:33 "GET /api/runners HTTP/1.1" 200 -
10:47:33 "GET /api/providers HTTP/1.1" 200 -
10:47:33 "GET /api/tasks/page?limit=1&listId=none&projectId=none&counts=total HTTP/1.1" 404 -
10:47:33 "GET /api/sessions?view=open&since= HTTP/1.1" 200 -
10:47:33 "GET /api/providers/pools HTTP/1.1" 200 -
10:47:34 "GET /api/providers HTTP/1.1" 200 -
10:47:34 "GET /api/sessions?view=open HTTP/1.1" 200 -
10:47:34 "GET /api/providers/shared-pools HTTP/1.1" 200 -
10:47:34 "GET /api/providers/pools HTTP/1.1" 200 -
10:47:34 "GET /api/wiki/spaces HTTP/1.1" 404 -
10:47:34 "GET /api/watches?state=ACTIVE HTTP/1.1" 200 -
10:47:34 "GET /api/watches?state=ACTIVE HTTP/1.1" 200 -
10:47:34 "GET /api/session-folders HTTP/1.1" 200 -
10:47:34 "GET /api/wiki/spaces HTTP/1.1" 404 -
10:47:34 "GET /api/watches?state=PAUSED HTTP/1.1" 200 -
10:47:34 "GET /api/watches?state=PAUSED HTTP/1.1" 200 -
10:47:34 "GET /api/session-tags HTTP/1.1" 200 -
10:47:34 "GET /api/watches HTTP/1.1" 200 -
10:47:34 "GET /api/watches HTTP/1.1" 200 -
10:47:34 "GET /api/watches?needsAttention=true HTTP/1.1" 200 -
10:47:34 "GET /api/watches?needsAttention=true HTTP/1.1" 200 -
10:47:35 "GET /api/providers/shared-pools HTTP/1.1" 200 -
10:47:35 "GET /api/sessions/C1/events/page?tail=200&maxPayload=2048 HTTP/1.1" 200 -
10:47:35 "GET /api/sessions/C1/created-tasks HTTP/1.1" 404 -
10:47:35 "GET /api/sessions?view=open HTTP/1.1" 200 -
10:47:35 "GET /api/sessions/C1 HTTP/1.1" 200 -
10:47:35 "GET /api/projects HTTP/1.1" 200 -
10:47:35 "GET /api/tasks/evidence-decisions/pending?decidingSessionId=C1 HTTP/1.1" 404 -
10:47:36 "GET /api/sessions/C1 HTTP/1.1" 200 -
10:47:36 "GET /api/sessions/C1/approvals?status=PENDING HTTP/1.1" 200 -
10:47:36 "GET /api/sessions/C1/turns?view=active HTTP/1.1" 200 -
10:47:36 "GET /api/projects/sidebar HTTP/1.1" 404 -
10:47:36 "GET /api/projects HTTP/1.1" 200 -
10:47:36 "GET /api/sessions/C1/background HTTP/1.1" 404 -
10:47:36 "GET /api/runners HTTP/1.1" 200 -
10:47:36 "GET /api/sessions/C1/events?sinceSeq=6&maxPayload=2048 HTTP/1.1" 200 -
10:47:36 "GET /api/tasks/evidence-decisions/pending?decidingSessionId=C1 HTTP/1.1" 404 -
10:47:36 "GET /api/providers/pools HTTP/1.1" 200 -
10:47:36 "GET /api/projects/P1/acceptance/criteria-decisions/pending HTTP/1.1" 404 -
10:47:36 "GET /api/providers/shared-pools HTTP/1.1" 200 -
10:47:36 "GET /api/projects/P1/acceptance/confirmation HTTP/1.1" 404 -
10:47:36 "GET /api/providers HTTP/1.1" 200 -
10:47:36 "GET /api/projects/P1 HTTP/1.1" 404 -
10:47:36 "GET /api/projects/P1/open-items HTTP/1.1" 200 -
10:47:36 "GET /api/projects/P1/promotions/current HTTP/1.1" 200 -
10:47:37 "GET /api/session-folders HTTP/1.1" 200 -
10:47:37 "GET /api/agents HTTP/1.1" 200 -
10:47:37 "GET /api/projects/sidebar HTTP/1.1" 404 -
10:47:37 "GET /api/tasks/evidence-decisions/pending?decidingSessionId=C1 HTTP/1.1" 404 -
10:47:38 "GET /api/projects/P1/promotions/merged HTTP/1.1" 200 -
10:47:38 "GET /api/runners HTTP/1.1" 200 -
10:47:38 "GET /api/auth/capabilities HTTP/1.1" 404 -
10:47:38 "GET /api/providers HTTP/1.1" 200 -
10:47:38 "GET /api/providers/pools HTTP/1.1" 200 -
10:47:38 "GET /api/providers/shared-pools HTTP/1.1" 200 -
10:47:38 "GET /api/task-lists HTTP/1.1" 200 -
10:47:38 "GET /api/tasks/page?limit=1&listId=none&projectId=none&counts=total HTTP/1.1" 404 -
10:47:42 "GET /api/sessions?view=open HTTP/1.1" 200 -
