02:07:45 "GET /api/agents HTTP/1.1" 200 -
02:07:45 "GET /api/agents HTTP/1.1" 200 -
    POST /__reset body: 
02:14:39 "POST /__reset HTTP/1.1" 200 -
02:14:59 "GET /api/agents HTTP/1.1" 200 -
02:14:59 "GET /api/agents HTTP/1.1" 200 -
02:14:59 "GET /api/task-lists HTTP/1.1" 200 -
02:14:59 "GET /api/projects/sidebar HTTP/1.1" 404 -
02:14:59 "GET /api/projects HTTP/1.1" 200 -
02:15:00 "GET /api/wiki/spaces HTTP/1.1" 404 -
02:15:05 "GET /api/events HTTP/1.1" 200 -
02:15:05 "GET /api/runners HTTP/1.1" 200 -
02:15:05 "GET /api/users/me HTTP/1.1" 404 -
02:15:05 "GET /api/tasks/page?limit=1&listId=none&projectId=none&counts=total HTTP/1.1" 404 -
02:15:05 "GET /api/providers HTTP/1.1" 200 -
02:15:05 "GET /api/sessions?view=open&since= HTTP/1.1" 200 -
02:15:05 "GET /api/providers HTTP/1.1" 200 -
02:15:05 "GET /api/providers/pools HTTP/1.1" 200 -
02:15:06 "GET /api/sessions?view=open HTTP/1.1" 200 -
02:15:06 "GET /api/providers/shared-pools HTTP/1.1" 200 -
02:15:06 "GET /api/providers/pools HTTP/1.1" 200 -
02:15:06 "GET /api/watches?state=ACTIVE HTTP/1.1" 200 -
02:15:06 "GET /api/watches?state=ACTIVE HTTP/1.1" 200 -
02:15:06 "GET /api/session-folders HTTP/1.1" 200 -
02:15:06 "GET /api/wiki/spaces HTTP/1.1" 404 -
02:15:06 "GET /api/agents HTTP/1.1" 200 -
02:15:06 "GET /api/watches?state=PAUSED HTTP/1.1" 200 -
02:15:06 "GET /api/watches?state=PAUSED HTTP/1.1" 200 -
02:15:06 "GET /api/watches HTTP/1.1" 200 -
02:15:06 "GET /api/watches HTTP/1.1" 200 -
02:15:07 "GET /api/watches?needsAttention=true HTTP/1.1" 200 -
02:15:07 "GET /api/watches?needsAttention=true HTTP/1.1" 200 -
02:15:07 "GET /api/providers/shared-pools HTTP/1.1" 200 -
02:15:08 "GET /api/runners HTTP/1.1" 200 -
02:15:08 "GET /api/projects HTTP/1.1" 200 -
02:15:08 "GET /api/projects/sidebar HTTP/1.1" 404 -
02:15:08 "GET /api/session-tags HTTP/1.1" 200 -
02:15:12 "GET /api/sessions/C1/events/page?tail=200&maxPayload=2048 HTTP/1.1" 200 -
02:15:12 "GET /api/sessions/C1/created-tasks HTTP/1.1" 404 -
02:15:13 "GET /api/sessions/C1 HTTP/1.1" 200 -
02:15:13 "GET /api/tasks/evidence-decisions/pending?decidingSessionId=C1 HTTP/1.1" 404 -
02:15:13 "GET /api/providers HTTP/1.1" 200 -
02:15:13 "GET /api/sessions/C1/approvals?status=PENDING HTTP/1.1" 200 -
02:15:13 "GET /api/sessions/C1 HTTP/1.1" 200 -
02:15:13 "GET /api/session-folders HTTP/1.1" 200 -
02:15:13 "GET /api/providers/pools HTTP/1.1" 200 -
02:15:13 "GET /api/runners HTTP/1.1" 200 -
02:15:13 "GET /api/tasks/evidence-decisions/pending?decidingSessionId=C1 HTTP/1.1" 404 -
02:15:13 "GET /api/providers/shared-pools HTTP/1.1" 200 -
02:15:13 "GET /api/providers/pools HTTP/1.1" 200 -
02:15:13 "GET /api/projects/P1/acceptance/criteria-decisions/pending HTTP/1.1" 404 -
02:15:14 "GET /api/sessions/C1/background HTTP/1.1" 404 -
02:15:14 "GET /api/sessions/C1/events?sinceSeq=6&maxPayload=2048 HTTP/1.1" 200 -
02:15:14 "GET /api/sessions?view=open HTTP/1.1" 200 -
02:15:14 "GET /api/sessions/C1/turns HTTP/1.1" 200 -
02:15:14 "GET /api/providers/shared-pools HTTP/1.1" 200 -
02:15:14 "GET /api/projects/P1/acceptance/confirmation HTTP/1.1" 404 -
02:15:14 "GET /api/projects/sidebar HTTP/1.1" 404 -
02:15:14 "GET /api/projects HTTP/1.1" 200 -
02:15:14 "GET /api/providers HTTP/1.1" 200 -
02:15:14 "GET /api/task-lists HTTP/1.1" 200 -
02:15:14 "GET /api/projects/P1 HTTP/1.1" 404 -
02:15:14 "GET /api/tasks/page?limit=1&listId=none&projectId=none&counts=total HTTP/1.1" 404 -
02:15:14 "GET /api/projects/P1/open-items HTTP/1.1" 200 -
02:15:14 "GET /api/projects/P1/promotions/current HTTP/1.1" 200 -
02:15:14 "GET /api/tasks/evidence-decisions/pending?decidingSessionId=C1 HTTP/1.1" 404 -
02:15:14 "GET /api/projects/P1/promotions/merged HTTP/1.1" 200 -
02:15:15 "GET /api/sessions?view=open HTTP/1.1" 200 -
02:15:16 "GET /api/runners HTTP/1.1" 200 -
02:15:20 "GET /api/sessions?view=open HTTP/1.1" 200 -
02:15:24 "GET /api/sessions?view=open HTTP/1.1" 200 -
02:15:24 "GET /api/projects HTTP/1.1" 200 -
02:15:24 "GET /api/projects/sidebar HTTP/1.1" 404 -
02:15:28 "GET /api/sessions?view=open HTTP/1.1" 200 -
02:15:33 "GET /api/sessions?view=open HTTP/1.1" 200 -
02:15:33 "GET /api/runners HTTP/1.1" 200 -
02:15:36 "GET /api/projects/P1/acceptance/criteria-decisions/pending HTTP/1.1" 404 -
02:15:36 "GET /api/tasks/evidence-decisions/pending?decidingSessionId=C1 HTTP/1.1" 404 -
02:15:36 "GET /api/projects/P1/acceptance/confirmation HTTP/1.1" 404 -
02:15:37 "GET /api/projects/P1 HTTP/1.1" 404 -
02:15:37 "GET /api/sessions?view=open HTTP/1.1" 200 -
02:15:37 "GET /api/projects/P1/open-items HTTP/1.1" 200 -
02:15:37 "GET /api/projects/P1/promotions/current HTTP/1.1" 200 -
02:15:37 "GET /api/watches?state=ACTIVE HTTP/1.1" 200 -
02:15:37 "GET /api/projects/P1/promotions/merged HTTP/1.1" 200 -
02:15:37 "GET /api/watches?state=PAUSED HTTP/1.1" 200 -
02:15:37 "GET /api/watches HTTP/1.1" 200 -
02:15:37 "GET /api/watches?needsAttention=true HTTP/1.1" 200 -
02:15:41 "GET /api/sessions?view=open HTTP/1.1" 200 -
02:15:41 "GET /api/projects/sidebar HTTP/1.1" 404 -
02:15:41 "GET /api/projects HTTP/1.1" 200 -
02:15:45 "GET /api/sessions?view=open HTTP/1.1" 200 -
02:15:50 "GET /api/sessions?view=open HTTP/1.1" 200 -
02:15:50 "GET /api/runners HTTP/1.1" 200 -
02:15:54 "GET /api/sessions?view=open HTTP/1.1" 200 -
    POST /__reset body: 
02:15:57 "POST /__reset HTTP/1.1" 200 -
02:16:06 "GET /api/projects/sidebar HTTP/1.1" 404 -
02:16:06 "GET /api/agents HTTP/1.1" 200 -
02:16:06 "GET /api/projects HTTP/1.1" 200 -
02:16:06 "GET /api/task-lists HTTP/1.1" 200 -
02:16:06 "GET /api/agents HTTP/1.1" 200 -
02:16:07 "GET /api/events HTTP/1.1" 200 -
02:16:07 "GET /api/providers HTTP/1.1" 200 -
02:16:07 "GET /api/runners HTTP/1.1" 200 -
02:16:07 "GET /api/tasks/page?limit=1&listId=none&projectId=none&counts=total HTTP/1.1" 404 -
02:16:07 "GET /api/users/me HTTP/1.1" 404 -
02:16:07 "GET /api/providers/pools HTTP/1.1" 200 -
02:16:07 "GET /api/providers HTTP/1.1" 200 -
02:16:07 "GET /api/sessions?view=open&since= HTTP/1.1" 200 -
02:16:07 "GET /api/providers/shared-pools HTTP/1.1" 200 -
02:16:07 "GET /api/providers/pools HTTP/1.1" 200 -
02:16:07 "GET /api/sessions?view=open HTTP/1.1" 200 -
02:16:07 "GET /api/session-tags HTTP/1.1" 200 -
02:16:07 "GET /api/wiki/spaces HTTP/1.1" 404 -
02:16:09 "GET /api/providers/shared-pools HTTP/1.1" 200 -
02:16:09 "GET /api/sessions?view=open HTTP/1.1" 200 -
02:16:09 "GET /api/sessions/C2/created-tasks HTTP/1.1" 404 -
02:16:09 "GET /api/sessions/C2 HTTP/1.1" 200 -
02:16:09 "GET /api/sessions/C2/events/page?tail=200&maxPayload=2048 HTTP/1.1" 200 -
02:16:09 "GET /api/tasks/evidence-decisions/pending?decidingSessionId=C2 HTTP/1.1" 404 -
02:16:09 "GET /api/sessions/C2/approvals?status=PENDING HTTP/1.1" 200 -
02:16:09 "GET /api/sessions/C2/turns HTTP/1.1" 200 -
02:16:09 "GET /api/sessions/C2 HTTP/1.1" 200 -
02:16:09 "GET /api/projects/sidebar HTTP/1.1" 404 -
02:16:09 "GET /api/projects HTTP/1.1" 200 -
02:16:09 "GET /api/watches?state=ACTIVE HTTP/1.1" 200 -
02:16:09 "GET /api/runners HTTP/1.1" 200 -
02:16:09 "GET /api/watches?state=PAUSED HTTP/1.1" 200 -
02:16:09 "GET /api/watches HTTP/1.1" 200 -
02:16:09 "GET /api/watches?needsAttention=true HTTP/1.1" 200 -
02:16:09 "GET /api/sessions/C2/events?sinceSeq=3&maxPayload=2048 HTTP/1.1" 200 -
02:16:10 "GET /api/wiki/spaces HTTP/1.1" 404 -
02:16:10 "GET /api/session-folders HTTP/1.1" 200 -
02:16:10 "GET /api/watches?state=ACTIVE HTTP/1.1" 200 -
02:16:10 "GET /api/tasks/evidence-decisions/pending?decidingSessionId=C2 HTTP/1.1" 404 -
02:16:10 "GET /api/sessions/C2/background HTTP/1.1" 404 -
02:16:10 "GET /api/providers/pools HTTP/1.1" 200 -
02:16:10 "GET /api/projects/sidebar HTTP/1.1" 404 -
02:16:10 "GET /api/session-folders HTTP/1.1" 200 -
02:16:10 "GET /api/projects HTTP/1.1" 200 -
02:16:10 "GET /api/agents HTTP/1.1" 200 -
02:16:10 "GET /api/projects/P2/acceptance/criteria-decisions/pending HTTP/1.1" 404 -
02:16:10 "GET /api/watches?state=PAUSED HTTP/1.1" 200 -
02:16:10 "GET /api/providers/shared-pools HTTP/1.1" 200 -
02:16:10 "GET /api/watches HTTP/1.1" 200 -
02:16:10 "GET /api/watches?needsAttention=true HTTP/1.1" 200 -
02:16:11 "GET /api/projects/P2/acceptance/confirmation HTTP/1.1" 404 -
02:16:11 "GET /api/runners HTTP/1.1" 200 -
02:16:11 "GET /api/providers HTTP/1.1" 200 -
02:16:11 "GET /api/projects/P2 HTTP/1.1" 404 -
02:16:11 "GET /api/providers HTTP/1.1" 200 -
02:16:11 "GET /api/projects/P2/open-items HTTP/1.1" 200 -
02:16:11 "GET /api/providers/pools HTTP/1.1" 200 -
02:16:11 "GET /api/providers/shared-pools HTTP/1.1" 200 -
02:16:11 "GET /api/projects/P2/promotions/current HTTP/1.1" 200 -
02:16:11 "GET /api/tasks/evidence-decisions/pending?decidingSessionId=C2 HTTP/1.1" 404 -
02:16:11 "GET /api/projects/P2/promotions/merged HTTP/1.1" 200 -
02:16:11 "GET /api/task-lists HTTP/1.1" 200 -
02:16:11 "GET /api/tasks/page?limit=1&listId=none&projectId=none&counts=total HTTP/1.1" 404 -
02:16:11 "GET /api/sessions/C2/created-tasks HTTP/1.1" 404 -
02:16:15 "GET /api/sessions?view=open HTTP/1.1" 200 -
02:16:19 "GET /api/sessions?view=open HTTP/1.1" 200 -
02:16:21 "GET /api/projects/P2/acceptance/criteria-decisions/pending HTTP/1.1" 404 -
02:16:21 "GET /api/tasks/evidence-decisions/pending?decidingSessionId=C2 HTTP/1.1" 404 -
02:16:21 "GET /api/projects/P2/acceptance/confirmation HTTP/1.1" 404 -
02:16:22 "GET /api/projects/P2 HTTP/1.1" 404 -
02:16:22 "GET /api/projects/P2/open-items HTTP/1.1" 200 -
02:16:22 "GET /api/projects/P2/promotions/current HTTP/1.1" 200 -
02:16:22 "GET /api/projects/P2/promotions/merged HTTP/1.1" 200 -
02:16:23 "GET /api/sessions?view=open HTTP/1.1" 200 -
02:16:23 "GET /api/runners HTTP/1.1" 200 -
02:16:27 "GET /api/sessions?view=open HTTP/1.1" 200 -
02:16:27 "GET /api/projects/sidebar HTTP/1.1" 404 -
02:16:27 "GET /api/projects HTTP/1.1" 200 -
02:16:31 "GET /api/sessions?view=open HTTP/1.1" 200 -
02:16:35 "GET /api/sessions?view=open HTTP/1.1" 200 -
    POST /__reset body: 
02:16:38 "POST /__reset HTTP/1.1" 200 -
02:16:42 "GET /api/projects HTTP/1.1" 200 -
02:16:42 "GET /api/projects/sidebar HTTP/1.1" 404 -
02:16:42 "GET /api/task-lists HTTP/1.1" 200 -
02:16:42 "GET /api/agents HTTP/1.1" 200 -
02:16:42 "GET /api/agents HTTP/1.1" 200 -
02:16:43 "GET /api/events HTTP/1.1" 200 -
02:16:43 "GET /api/runners HTTP/1.1" 200 -
02:16:43 "GET /api/users/me HTTP/1.1" 404 -
02:16:43 "GET /api/tasks/page?limit=1&listId=none&projectId=none&counts=total HTTP/1.1" 404 -
02:16:43 "GET /api/providers HTTP/1.1" 200 -
02:16:43 "GET /api/sessions?view=open&since= HTTP/1.1" 200 -
02:16:43 "GET /api/providers HTTP/1.1" 200 -
02:16:43 "GET /api/providers/pools HTTP/1.1" 200 -
02:16:43 "GET /api/sessions?view=open HTTP/1.1" 200 -
02:16:43 "GET /api/providers/pools HTTP/1.1" 200 -
02:16:43 "GET /api/providers/shared-pools HTTP/1.1" 200 -
02:16:43 "GET /api/watches?state=ACTIVE HTTP/1.1" 200 -
02:16:43 "GET /api/watches?state=ACTIVE HTTP/1.1" 200 -
02:16:43 "GET /api/wiki/spaces HTTP/1.1" 404 -
02:16:43 "GET /api/session-folders HTTP/1.1" 200 -
02:16:43 "GET /api/watches?state=PAUSED HTTP/1.1" 200 -
02:16:43 "GET /api/watches?state=PAUSED HTTP/1.1" 200 -
02:16:43 "GET /api/watches HTTP/1.1" 200 -
02:16:43 "GET /api/watches HTTP/1.1" 200 -
02:16:43 "GET /api/watches?needsAttention=true HTTP/1.1" 200 -
02:16:43 "GET /api/wiki/spaces HTTP/1.1" 404 -
02:16:43 "GET /api/session-tags HTTP/1.1" 200 -
02:16:43 "GET /api/watches?needsAttention=true HTTP/1.1" 200 -
02:16:43 "GET /api/sessions?view=open HTTP/1.1" 200 -
02:16:43 "GET /api/projects/sidebar HTTP/1.1" 404 -
02:16:43 "GET /api/session-folders HTTP/1.1" 200 -
02:16:43 "GET /api/agents HTTP/1.1" 200 -
02:16:43 "GET /api/projects HTTP/1.1" 200 -
02:16:43 "GET /api/projects HTTP/1.1" 200 -
02:16:43 "GET /api/projects/sidebar HTTP/1.1" 404 -
02:16:43 "GET /api/runners HTTP/1.1" 200 -
02:16:43 "GET /api/providers HTTP/1.1" 200 -
02:16:43 "GET /api/providers/pools HTTP/1.1" 200 -
02:16:43 "GET /api/providers/shared-pools HTTP/1.1" 200 -
02:16:43 "GET /api/task-lists HTTP/1.1" 200 -
02:16:43 "GET /api/tasks/page?limit=1&listId=none&projectId=none&counts=total HTTP/1.1" 404 -
02:16:44 "GET /api/providers/shared-pools HTTP/1.1" 200 -
02:16:45 "GET /api/sessions/C3/created-tasks HTTP/1.1" 404 -
02:16:45 "GET /api/sessions/C3/events/page?tail=200&maxPayload=2048 HTTP/1.1" 200 -
02:16:45 "GET /api/sessions/C3 HTTP/1.1" 200 -
02:16:45 "GET /api/tasks/evidence-decisions/pending?decidingSessionId=C3 HTTP/1.1" 404 -
02:16:45 "GET /api/sessions/C3 HTTP/1.1" 200 -
02:16:45 "GET /api/sessions/C3/approvals?status=PENDING HTTP/1.1" 200 -
02:16:45 "GET /api/sessions/C3/turns HTTP/1.1" 200 -
02:16:45 "GET /api/sessions/C3/events?sinceSeq=3&maxPayload=2048 HTTP/1.1" 200 -
02:16:46 "GET /api/sessions/C3/background HTTP/1.1" 404 -
02:16:46 "GET /api/tasks/evidence-decisions/pending?decidingSessionId=C3 HTTP/1.1" 404 -
02:16:46 "GET /api/runners HTTP/1.1" 200 -
02:16:46 "GET /api/projects/P3/acceptance/criteria-decisions/pending HTTP/1.1" 404 -
02:16:46 "GET /api/providers/pools HTTP/1.1" 200 -
02:16:46 "GET /api/projects/P3/acceptance/confirmation HTTP/1.1" 404 -
02:16:46 "GET /api/providers/shared-pools HTTP/1.1" 200 -
02:16:47 "GET /api/projects/P3 HTTP/1.1" 404 -
02:16:47 "GET /api/providers HTTP/1.1" 200 -
02:16:47 "GET /api/sessions?view=open HTTP/1.1" 200 -
02:16:47 "GET /api/projects/P3/open-items HTTP/1.1" 200 -
02:16:48 "GET /api/projects/P3/promotions/current HTTP/1.1" 200 -
02:16:48 "GET /api/tasks/evidence-decisions/pending?decidingSessionId=C3 HTTP/1.1" 404 -
02:16:48 "GET /api/projects/P3/promotions/merged HTTP/1.1" 200 -
02:16:52 "GET /api/sessions?view=open HTTP/1.1" 200 -
02:16:56 "GET /api/sessions?view=open HTTP/1.1" 200 -
02:16:58 "GET /api/projects/P3/acceptance/criteria-decisions/pending HTTP/1.1" 404 -
02:16:58 "GET /api/tasks/evidence-decisions/pending?decidingSessionId=C3 HTTP/1.1" 404 -
02:16:58 "GET /api/projects/P3/acceptance/confirmation HTTP/1.1" 404 -
02:16:59 "GET /api/projects/P3 HTTP/1.1" 404 -
02:16:59 "GET /api/projects/P3/open-items HTTP/1.1" 200 -
02:16:59 "GET /api/projects/P3/promotions/current HTTP/1.1" 200 -
02:16:59 "GET /api/projects/P3/promotions/merged HTTP/1.1" 200 -
02:17:00 "GET /api/sessions?view=open HTTP/1.1" 200 -
02:17:00 "GET /api/runners HTTP/1.1" 200 -
02:17:00 "GET /api/projects/sidebar HTTP/1.1" 404 -
02:17:00 "GET /api/projects HTTP/1.1" 200 -
02:17:04 "GET /api/sessions?view=open HTTP/1.1" 200 -
02:17:08 "GET /api/sessions?view=open HTTP/1.1" 200 -
02:17:12 "GET /api/sessions?view=open HTTP/1.1" 200 -
    POST /__reset body: 
02:17:13 "POST /__reset HTTP/1.1" 200 -
02:17:19 "GET /api/agents HTTP/1.1" 200 -
02:17:19 "GET /api/agents HTTP/1.1" 200 -
02:17:19 "GET /api/projects/sidebar HTTP/1.1" 404 -
02:17:19 "GET /api/task-lists HTTP/1.1" 200 -
02:17:19 "GET /api/projects HTTP/1.1" 200 -
02:17:19 "GET /api/users/me HTTP/1.1" 404 -
02:17:19 "GET /api/tasks/page?limit=1&listId=none&projectId=none&counts=total HTTP/1.1" 404 -
02:17:19 "GET /api/events HTTP/1.1" 200 -
02:17:19 "GET /api/runners HTTP/1.1" 200 -
02:17:19 "GET /api/providers HTTP/1.1" 200 -
02:17:19 "GET /api/sessions?view=open&since= HTTP/1.1" 200 -
02:17:19 "GET /api/providers HTTP/1.1" 200 -
02:17:19 "GET /api/providers/pools HTTP/1.1" 200 -
02:17:19 "GET /api/sessions?view=open HTTP/1.1" 200 -
02:17:19 "GET /api/providers/pools HTTP/1.1" 200 -
02:17:19 "GET /api/providers/shared-pools HTTP/1.1" 200 -
02:17:19 "GET /api/watches?state=ACTIVE HTTP/1.1" 200 -
02:17:19 "GET /api/wiki/spaces HTTP/1.1" 404 -
02:17:19 "GET /api/watches?state=ACTIVE HTTP/1.1" 200 -
02:17:19 "GET /api/session-folders HTTP/1.1" 200 -
02:17:19 "GET /api/watches?state=PAUSED HTTP/1.1" 200 -
02:17:19 "GET /api/watches?state=PAUSED HTTP/1.1" 200 -
02:17:20 "GET /api/watches HTTP/1.1" 200 -
02:17:20 "GET /api/session-tags HTTP/1.1" 200 -
02:17:20 "GET /api/watches HTTP/1.1" 200 -
02:17:20 "GET /api/watches?needsAttention=true HTTP/1.1" 200 -
02:17:20 "GET /api/watches?needsAttention=true HTTP/1.1" 200 -
02:17:20 "GET /api/wiki/spaces HTTP/1.1" 404 -
02:17:20 "GET /api/providers/shared-pools HTTP/1.1" 200 -
02:17:21 "GET /api/sessions/C4 HTTP/1.1" 200 -
02:17:21 "GET /api/sessions?view=open HTTP/1.1" 200 -
02:17:21 "GET /api/sessions/C4/created-tasks HTTP/1.1" 404 -
02:17:21 "GET /api/sessions/C4/events/page?tail=200&maxPayload=2048 HTTP/1.1" 200 -
02:17:21 "GET /api/agents HTTP/1.1" 200 -
02:17:21 "GET /api/tasks/evidence-decisions/pending?decidingSessionId=C4 HTTP/1.1" 404 -
02:17:21 "GET /api/sessions/C4 HTTP/1.1" 200 -
02:17:21 "GET /api/sessions/C4/approvals?status=PENDING HTTP/1.1" 200 -
02:17:21 "GET /api/sessions/C4/turns HTTP/1.1" 200 -
02:17:21 "GET /api/runners HTTP/1.1" 200 -
02:17:22 "GET /api/projects HTTP/1.1" 200 -
02:17:22 "GET /api/projects/sidebar HTTP/1.1" 404 -
02:17:22 "GET /api/runners HTTP/1.1" 200 -
02:17:22 "GET /api/sessions/C4/events?sinceSeq=6&maxPayload=2048 HTTP/1.1" 200 -
02:17:22 "GET /api/sessions/C4/background HTTP/1.1" 404 -
02:17:22 "GET /api/tasks/evidence-decisions/pending?decidingSessionId=C4 HTTP/1.1" 404 -
02:17:22 "GET /api/providers HTTP/1.1" 200 -
02:17:22 "GET /api/providers/pools HTTP/1.1" 200 -
02:17:22 "GET /api/projects/P4/acceptance/criteria-decisions/pending HTTP/1.1" 404 -
02:17:22 "GET /api/providers/pools HTTP/1.1" 200 -
02:17:22 "GET /api/providers/shared-pools HTTP/1.1" 200 -
02:17:22 "GET /api/projects/P4/acceptance/confirmation HTTP/1.1" 404 -
02:17:22 "GET /api/providers HTTP/1.1" 200 -
02:17:22 "GET /api/providers/shared-pools HTTP/1.1" 200 -
02:17:22 "GET /api/projects/P4 HTTP/1.1" 404 -
02:17:22 "GET /api/task-lists HTTP/1.1" 200 -
02:17:22 "GET /api/projects/P4/open-items HTTP/1.1" 200 -
02:17:22 "GET /api/tasks/page?limit=1&listId=none&projectId=none&counts=total HTTP/1.1" 404 -
02:17:22 "GET /api/projects/P4/promotions/current HTTP/1.1" 200 -
02:17:22 "GET /api/tasks/evidence-decisions/pending?decidingSessionId=C4 HTTP/1.1" 404 -
02:17:22 "GET /api/projects/P4/promotions/merged HTTP/1.1" 200 -
02:17:22 "GET /api/session-folders HTTP/1.1" 200 -
02:17:22 "GET /api/projects/sidebar HTTP/1.1" 404 -
02:17:22 "GET /api/projects HTTP/1.1" 200 -
02:17:26 "GET /api/sessions?view=open HTTP/1.1" 200 -
02:17:30 "GET /api/sessions?view=open HTTP/1.1" 200 -
02:17:32 "GET /api/projects/P4/acceptance/criteria-decisions/pending HTTP/1.1" 404 -
02:17:32 "GET /api/tasks/evidence-decisions/pending?decidingSessionId=C4 HTTP/1.1" 404 -
02:17:33 "GET /api/projects/P4/acceptance/confirmation HTTP/1.1" 404 -
02:17:33 "GET /api/projects/P4 HTTP/1.1" 404 -
02:17:33 "GET /api/projects/P4/open-items HTTP/1.1" 200 -
02:17:33 "GET /api/projects/P4/promotions/current HTTP/1.1" 200 -
02:17:33 "GET /api/projects/P4/promotions/merged HTTP/1.1" 200 -
02:17:34 "GET /api/sessions?view=open HTTP/1.1" 200 -
02:17:34 "GET /api/runners HTTP/1.1" 200 -
02:17:38 "GET /api/sessions?view=open HTTP/1.1" 200 -
02:17:39 "GET /api/projects/sidebar HTTP/1.1" 404 -
02:17:39 "GET /api/projects HTTP/1.1" 200 -
02:17:43 "GET /api/sessions?view=open HTTP/1.1" 200 -
    POST /__reset body: 
02:17:45 "POST /__reset HTTP/1.1" 200 -
02:17:49 "GET /api/task-lists HTTP/1.1" 200 -
02:17:49 "GET /api/agents HTTP/1.1" 200 -
02:17:49 "GET /api/projects/sidebar HTTP/1.1" 404 -
02:17:49 "GET /api/agents HTTP/1.1" 200 -
02:17:49 "GET /api/projects HTTP/1.1" 200 -
02:17:49 "GET /api/wiki/spaces HTTP/1.1" 404 -
02:17:49 "GET /api/runners HTTP/1.1" 200 -
02:17:49 "GET /api/tasks/page?limit=1&listId=none&projectId=none&counts=total HTTP/1.1" 404 -
02:17:49 "GET /api/providers HTTP/1.1" 200 -
02:17:49 "GET /api/providers HTTP/1.1" 200 -
02:17:49 "GET /api/providers/pools HTTP/1.1" 200 -
02:17:49 "GET /api/providers/pools HTTP/1.1" 200 -
02:17:49 "GET /api/providers/shared-pools HTTP/1.1" 200 -
02:17:49 "GET /api/providers/shared-pools HTTP/1.1" 200 -
02:17:49 "GET /api/session-tags HTTP/1.1" 200 -
02:17:49 "GET /api/sessions?view=open&since= HTTP/1.1" 200 -
02:17:50 "GET /api/users/me HTTP/1.1" 404 -
02:17:50 "GET /api/events HTTP/1.1" 200 -
02:17:50 "GET /api/sessions/C5/events/page?tail=200&maxPayload=2048 HTTP/1.1" 200 -
02:17:50 "GET /api/sessions/C5 HTTP/1.1" 200 -
02:17:50 "GET /api/sessions/C5 HTTP/1.1" 200 -
02:17:50 "GET /api/sessions/C5/created-tasks HTTP/1.1" 404 -
02:17:50 "GET /api/session-folders HTTP/1.1" 200 -
02:17:50 "GET /api/tasks/evidence-decisions/pending?decidingSessionId=C5 HTTP/1.1" 404 -
02:17:50 "GET /api/sessions/C5/approvals?status=PENDING HTTP/1.1" 200 -
02:17:50 "GET /api/sessions/C5/turns HTTP/1.1" 200 -
02:17:50 "GET /api/sessions/C5 HTTP/1.1" 200 -
02:17:50 "GET /api/projects HTTP/1.1" 200 -
02:17:50 "GET /api/projects/sidebar HTTP/1.1" 404 -
02:17:50 "GET /api/sessions?view=open HTTP/1.1" 200 -
02:17:51 "GET /api/sessions/C5/background HTTP/1.1" 404 -
02:17:51 "GET /api/runners HTTP/1.1" 200 -
02:17:51 "GET /api/tasks/evidence-decisions/pending?decidingSessionId=C5 HTTP/1.1" 404 -
02:17:51 "GET /api/watches?state=ACTIVE HTTP/1.1" 200 -
02:17:51 "GET /api/session-folders HTTP/1.1" 200 -
02:17:51 "GET /api/watches?state=ACTIVE HTTP/1.1" 200 -
02:17:51 "GET /api/wiki/spaces HTTP/1.1" 404 -
02:17:51 "GET /api/providers/pools HTTP/1.1" 200 -
02:17:51 "GET /api/watches?state=PAUSED HTTP/1.1" 200 -
02:17:51 "GET /api/watches?state=PAUSED HTTP/1.1" 200 -
02:17:51 "GET /api/watches HTTP/1.1" 200 -
02:17:51 "GET /api/watches HTTP/1.1" 200 -
02:17:51 "GET /api/watches?needsAttention=true HTTP/1.1" 200 -
02:17:51 "GET /api/watches?needsAttention=true HTTP/1.1" 200 -
02:17:51 "GET /api/sessions/C5/events?sinceSeq=3&maxPayload=2048 HTTP/1.1" 200 -
02:17:52 "GET /api/projects HTTP/1.1" 200 -
02:17:52 "GET /api/projects/sidebar HTTP/1.1" 404 -
02:17:52 "GET /api/providers/shared-pools HTTP/1.1" 200 -
02:17:52 "GET /api/providers HTTP/1.1" 200 -
02:17:52 "GET /api/agents HTTP/1.1" 200 -
02:17:52 "GET /api/runners HTTP/1.1" 200 -
02:17:52 "GET /api/providers HTTP/1.1" 200 -
02:17:52 "GET /api/providers/pools HTTP/1.1" 200 -
02:17:52 "GET /api/providers/shared-pools HTTP/1.1" 200 -
02:17:52 "GET /api/projects/P5/acceptance/criteria-decisions/pending HTTP/1.1" 404 -
02:17:52 "GET /api/task-lists HTTP/1.1" 200 -
02:17:52 "GET /api/projects/P5/acceptance/confirmation HTTP/1.1" 404 -
02:17:52 "GET /api/tasks/page?limit=1&listId=none&projectId=none&counts=total HTTP/1.1" 404 -
02:17:52 "GET /api/projects/P5 HTTP/1.1" 404 -
02:17:52 "GET /api/projects/P5/open-items HTTP/1.1" 200 -
02:17:52 "GET /api/projects/P5/promotions/current HTTP/1.1" 200 -
02:17:52 "GET /api/tasks/evidence-decisions/pending?decidingSessionId=C5 HTTP/1.1" 404 -
02:17:52 "GET /api/projects/P5/promotions/merged HTTP/1.1" 200 -
02:17:53 "GET /api/sessions/C5/created-tasks HTTP/1.1" 404 -
02:17:56 "GET /api/sessions?view=open HTTP/1.1" 200 -
02:18:00 "GET /api/sessions?view=open HTTP/1.1" 200 -
02:18:04 "GET /api/projects/P5/acceptance/criteria-decisions/pending HTTP/1.1" 404 -
02:18:04 "GET /api/tasks/evidence-decisions/pending?decidingSessionId=C5 HTTP/1.1" 404 -
02:18:05 "GET /api/projects/P5/acceptance/confirmation HTTP/1.1" 404 -
02:18:05 "GET /api/sessions?view=open HTTP/1.1" 200 -
02:18:05 "GET /api/projects/P5 HTTP/1.1" 404 -
02:18:05 "GET /api/projects/P5/open-items HTTP/1.1" 200 -
02:18:05 "GET /api/runners HTTP/1.1" 200 -
02:18:05 "GET /api/projects/P5/promotions/current HTTP/1.1" 200 -
02:18:05 "GET /api/projects/P5/promotions/merged HTTP/1.1" 200 -
02:18:09 "GET /api/sessions?view=open HTTP/1.1" 200 -
02:18:09 "GET /api/projects/sidebar HTTP/1.1" 404 -
02:18:09 "GET /api/projects HTTP/1.1" 200 -
02:18:13 "GET /api/sessions?view=open HTTP/1.1" 200 -
    POST /__reset body: 
02:18:16 "POST /__reset HTTP/1.1" 200 -
02:18:21 "GET /api/agents HTTP/1.1" 200 -
02:18:21 "GET /api/agents HTTP/1.1" 200 -
02:18:21 "GET /api/projects/sidebar HTTP/1.1" 404 -
02:18:21 "GET /api/task-lists HTTP/1.1" 200 -
02:18:21 "GET /api/projects HTTP/1.1" 200 -
02:18:21 "GET /api/events HTTP/1.1" 200 -
02:18:21 "GET /api/providers HTTP/1.1" 200 -
02:18:21 "GET /api/users/me HTTP/1.1" 404 -
02:18:21 "GET /api/tasks/page?limit=1&listId=none&projectId=none&counts=total HTTP/1.1" 404 -
02:18:21 "GET /api/runners HTTP/1.1" 200 -
02:18:21 "GET /api/sessions?view=open&since= HTTP/1.1" 200 -
02:18:21 "GET /api/providers/pools HTTP/1.1" 200 -
02:18:21 "GET /api/sessions?view=open HTTP/1.1" 200 -
02:18:21 "GET /api/providers HTTP/1.1" 200 -
02:18:21 "GET /api/providers/shared-pools HTTP/1.1" 200 -
02:18:21 "GET /api/watches?state=ACTIVE HTTP/1.1" 200 -
02:18:22 "GET /api/watches?state=ACTIVE HTTP/1.1" 200 -
02:18:22 "GET /api/wiki/spaces HTTP/1.1" 404 -
02:18:22 "GET /api/session-folders HTTP/1.1" 200 -
02:18:22 "GET /api/watches?state=PAUSED HTTP/1.1" 200 -
02:18:22 "GET /api/providers/pools HTTP/1.1" 200 -
02:18:22 "GET /api/watches?state=PAUSED HTTP/1.1" 200 -
02:18:22 "GET /api/watches HTTP/1.1" 200 -
02:18:22 "GET /api/watches HTTP/1.1" 200 -
02:18:22 "GET /api/watches?needsAttention=true HTTP/1.1" 200 -
02:18:22 "GET /api/watches?needsAttention=true HTTP/1.1" 200 -
02:18:22 "GET /api/session-tags HTTP/1.1" 200 -
02:18:22 "GET /api/wiki/spaces HTTP/1.1" 404 -
02:18:22 "GET /api/projects/sidebar HTTP/1.1" 404 -
02:18:22 "GET /api/providers/shared-pools HTTP/1.1" 200 -
02:18:22 "GET /api/sessions/C6/events/page?tail=200&maxPayload=2048 HTTP/1.1" 200 -
02:18:22 "GET /api/projects HTTP/1.1" 200 -
02:18:22 "GET /api/sessions/C6 HTTP/1.1" 200 -
02:18:23 "GET /api/sessions/C6/created-tasks HTTP/1.1" 404 -
02:18:23 "GET /api/session-folders HTTP/1.1" 200 -
02:18:23 "GET /api/sessions?view=open HTTP/1.1" 200 -
02:18:23 "GET /api/agents HTTP/1.1" 200 -
02:18:23 "GET /api/tasks/evidence-decisions/pending?decidingSessionId=C6 HTTP/1.1" 404 -
02:18:23 "GET /api/sessions/C6/approvals?status=PENDING HTTP/1.1" 200 -
02:18:23 "GET /api/sessions/C6 HTTP/1.1" 200 -
02:18:23 "GET /api/runners HTTP/1.1" 200 -
02:18:23 "GET /api/sessions/C6/turns HTTP/1.1" 200 -
02:18:24 "GET /api/projects/sidebar HTTP/1.1" 404 -
02:18:24 "GET /api/sessions/C6/events?sinceSeq=6&maxPayload=2048 HTTP/1.1" 200 -
02:18:24 "GET /api/sessions/C6/background HTTP/1.1" 404 -
02:18:24 "GET /api/projects HTTP/1.1" 200 -
02:18:24 "GET /api/runners HTTP/1.1" 200 -
02:18:24 "GET /api/providers HTTP/1.1" 200 -
02:18:24 "GET /api/tasks/evidence-decisions/pending?decidingSessionId=C6 HTTP/1.1" 404 -
02:18:24 "GET /api/providers/pools HTTP/1.1" 200 -
02:18:24 "GET /api/projects/P6/acceptance/criteria-decisions/pending HTTP/1.1" 404 -
02:18:24 "GET /api/providers/pools HTTP/1.1" 200 -
02:18:24 "GET /api/providers/shared-pools HTTP/1.1" 200 -
02:18:24 "GET /api/providers/shared-pools HTTP/1.1" 200 -
02:18:24 "GET /api/projects/P6/acceptance/confirmation HTTP/1.1" 404 -
02:18:24 "GET /api/task-lists HTTP/1.1" 200 -
02:18:24 "GET /api/projects/P6 HTTP/1.1" 404 -
02:18:24 "GET /api/providers HTTP/1.1" 200 -
02:18:24 "GET /api/tasks/page?limit=1&listId=none&projectId=none&counts=total HTTP/1.1" 404 -
02:18:24 "GET /api/projects/P6/open-items HTTP/1.1" 200 -
02:18:24 "GET /api/projects/P6/promotions/current HTTP/1.1" 200 -
02:18:24 "GET /api/tasks/evidence-decisions/pending?decidingSessionId=C6 HTTP/1.1" 404 -
02:18:24 "GET /api/projects/P6/promotions/merged HTTP/1.1" 200 -
02:18:27 "GET /api/sessions?view=open HTTP/1.1" 200 -
02:18:31 "GET /api/sessions?view=open HTTP/1.1" 200 -
02:18:35 "GET /api/projects/P6/acceptance/criteria-decisions/pending HTTP/1.1" 404 -
02:18:35 "GET /api/tasks/evidence-decisions/pending?decidingSessionId=C6 HTTP/1.1" 404 -
02:18:35 "GET /api/projects/P6/acceptance/confirmation HTTP/1.1" 404 -
02:18:35 "GET /api/projects/P6 HTTP/1.1" 404 -
02:18:35 "GET /api/projects/P6/open-items HTTP/1.1" 200 -
02:18:36 "GET /api/sessions?view=open HTTP/1.1" 200 -
02:18:36 "GET /api/projects/P6/promotions/current HTTP/1.1" 200 -
02:18:36 "GET /api/projects/P6/promotions/merged HTTP/1.1" 200 -
02:18:40 "GET /api/sessions?view=open HTTP/1.1" 200 -
02:18:40 "GET /api/runners HTTP/1.1" 200 -
02:18:40 "GET /api/projects HTTP/1.1" 200 -
02:18:40 "GET /api/projects/sidebar HTTP/1.1" 404 -
02:18:44 "GET /api/sessions?view=open HTTP/1.1" 200 -
    POST /__reset body: 
02:18:47 "POST /__reset HTTP/1.1" 200 -
02:18:52 "GET /api/agents HTTP/1.1" 200 -
02:18:52 "GET /api/agents HTTP/1.1" 200 -
02:18:52 "GET /api/task-lists HTTP/1.1" 200 -
02:18:52 "GET /api/projects HTTP/1.1" 200 -
02:18:52 "GET /api/projects/sidebar HTTP/1.1" 404 -
02:18:52 "GET /api/events HTTP/1.1" 200 -
02:18:52 "GET /api/runners HTTP/1.1" 200 -
02:18:52 "GET /api/tasks/page?limit=1&listId=none&projectId=none&counts=total HTTP/1.1" 404 -
02:18:52 "GET /api/users/me HTTP/1.1" 404 -
02:18:52 "GET /api/providers HTTP/1.1" 200 -
02:18:52 "GET /api/sessions?view=open&since= HTTP/1.1" 200 -
02:18:52 "GET /api/providers HTTP/1.1" 200 -
02:18:52 "GET /api/providers/pools HTTP/1.1" 200 -
02:18:52 "GET /api/sessions?view=open HTTP/1.1" 200 -
02:18:52 "GET /api/providers/pools HTTP/1.1" 200 -
02:18:52 "GET /api/providers/shared-pools HTTP/1.1" 200 -
02:18:52 "GET /api/providers/shared-pools HTTP/1.1" 200 -
02:18:52 "GET /api/watches?state=ACTIVE HTTP/1.1" 200 -
02:18:52 "GET /api/watches?state=ACTIVE HTTP/1.1" 200 -
02:18:52 "GET /api/wiki/spaces HTTP/1.1" 404 -
02:18:52 "GET /api/session-folders HTTP/1.1" 200 -
02:18:52 "GET /api/watches?state=PAUSED HTTP/1.1" 200 -
02:18:52 "GET /api/watches?state=PAUSED HTTP/1.1" 200 -
02:18:52 "GET /api/watches HTTP/1.1" 200 -
02:18:52 "GET /api/session-tags HTTP/1.1" 200 -
02:18:52 "GET /api/watches HTTP/1.1" 200 -
02:18:52 "GET /api/watches?needsAttention=true HTTP/1.1" 200 -
02:18:52 "GET /api/watches?needsAttention=true HTTP/1.1" 200 -
02:18:53 "GET /api/wiki/spaces HTTP/1.1" 404 -
02:18:53 "GET /api/sessions?view=open HTTP/1.1" 200 -
02:18:53 "GET /api/projects/sidebar HTTP/1.1" 404 -
02:18:53 "GET /api/agents HTTP/1.1" 200 -
02:18:53 "GET /api/session-folders HTTP/1.1" 200 -
02:18:53 "GET /api/projects HTTP/1.1" 200 -
02:18:54 "GET /api/sessions/C7/events/page?tail=200&maxPayload=2048 HTTP/1.1" 200 -
02:18:54 "GET /api/sessions/C7/created-tasks HTTP/1.1" 404 -
02:18:54 "GET /api/tasks/evidence-decisions/pending?decidingSessionId=C7 HTTP/1.1" 404 -
02:18:54 "GET /api/sessions/C7 HTTP/1.1" 200 -
02:18:54 "GET /api/runners HTTP/1.1" 200 -
02:18:54 "GET /api/sessions/C7 HTTP/1.1" 200 -
02:18:54 "GET /api/sessions/C7/approvals?status=PENDING HTTP/1.1" 200 -
02:18:54 "GET /api/projects/sidebar HTTP/1.1" 404 -
02:18:54 "GET /api/projects HTTP/1.1" 200 -
02:18:54 "GET /api/providers HTTP/1.1" 200 -
02:18:54 "GET /api/sessions/C7/events?sinceSeq=3&maxPayload=2048 HTTP/1.1" 200 -
02:18:54 "GET /api/runners HTTP/1.1" 200 -
02:18:54 "GET /api/tasks/evidence-decisions/pending?decidingSessionId=C7 HTTP/1.1" 404 -
02:18:54 "GET /api/providers/pools HTTP/1.1" 200 -
02:18:54 "GET /api/providers/pools HTTP/1.1" 200 -
02:18:54 "GET /api/sessions/C7/background HTTP/1.1" 404 -
02:18:54 "GET /api/projects/P7/acceptance/criteria-decisions/pending HTTP/1.1" 404 -
02:18:54 "GET /api/providers/shared-pools HTTP/1.1" 200 -
02:18:54 "GET /api/providers/shared-pools HTTP/1.1" 200 -
02:18:54 "GET /api/projects/P7/acceptance/confirmation HTTP/1.1" 404 -
02:18:54 "GET /api/providers HTTP/1.1" 200 -
02:18:54 "GET /api/task-lists HTTP/1.1" 200 -
02:18:54 "GET /api/projects/P7 HTTP/1.1" 404 -
02:18:55 "GET /api/tasks/page?limit=1&listId=none&projectId=none&counts=total HTTP/1.1" 404 -
02:18:55 "GET /api/projects/P7/open-items HTTP/1.1" 200 -
02:18:55 "GET /api/projects/P7/promotions/current HTTP/1.1" 200 -
02:18:55 "GET /api/tasks/evidence-decisions/pending?decidingSessionId=C7 HTTP/1.1" 404 -
02:18:55 "GET /api/projects/P7/promotions/merged HTTP/1.1" 200 -
02:18:55 "GET /api/sessions/C7/turns HTTP/1.1" 200 -
02:18:58 "GET /api/sessions?view=open HTTP/1.1" 200 -
02:19:02 "GET /api/tasks/evidence-decisions/pending?decidingSessionId=C7 HTTP/1.1" 404 -
02:19:02 "GET /api/projects/P7/acceptance/criteria-decisions/pending HTTP/1.1" 404 -
02:19:02 "GET /api/sessions?view=open HTTP/1.1" 200 -
02:19:03 "GET /api/projects/P7/acceptance/confirmation HTTP/1.1" 404 -
02:19:03 "GET /api/projects/P7 HTTP/1.1" 404 -
02:19:03 "GET /api/projects/P7/open-items HTTP/1.1" 200 -
02:19:03 "GET /api/projects/P7/promotions/current HTTP/1.1" 200 -
02:19:03 "GET /api/projects/P7/promotions/merged HTTP/1.1" 200 -
02:19:07 "GET /api/sessions?view=open HTTP/1.1" 200 -
02:19:07 "GET /api/runners HTTP/1.1" 200 -
    POST /api/projects/P7/open-items/Q8/answer body: {"option":1}
02:19:09 "POST /api/projects/P7/open-items/Q8/answer HTTP/1.1" 201 -
02:19:09 "GET /api/tasks/evidence-decisions/pending?decidingSessionId=C7 HTTP/1.1" 404 -
02:19:09 "GET /api/projects/P7/acceptance/criteria-decisions/pending HTTP/1.1" 404 -
02:19:09 "GET /api/projects/P7/acceptance/confirmation HTTP/1.1" 404 -
02:19:09 "GET /api/projects/P7 HTTP/1.1" 404 -
02:19:09 "GET /api/projects/P7/open-items HTTP/1.1" 200 -
02:19:09 "GET /api/projects/P7/promotions/current HTTP/1.1" 200 -
02:19:09 "GET /api/projects/P7/promotions/merged HTTP/1.1" 200 -
02:19:11 "GET /api/sessions?view=open HTTP/1.1" 200 -
02:19:11 "GET /api/projects/sidebar HTTP/1.1" 404 -
02:19:11 "GET /api/projects HTTP/1.1" 200 -
02:19:15 "GET /api/sessions?view=open HTTP/1.1" 200 -
02:19:20 "GET /api/sessions?view=open HTTP/1.1" 200 -
02:19:24 "GET /api/sessions?view=open HTTP/1.1" 200 -
02:19:24 "GET /api/runners HTTP/1.1" 200 -
02:19:24 "GET /api/watches?state=ACTIVE HTTP/1.1" 200 -
02:19:24 "GET /api/watches?state=PAUSED HTTP/1.1" 200 -
02:19:24 "GET /api/watches HTTP/1.1" 200 -
02:19:24 "GET /api/watches?needsAttention=true HTTP/1.1" 200 -
02:19:28 "GET /api/agents HTTP/1.1" 200 -
02:19:28 "GET /api/projects HTTP/1.1" 200 -
02:19:28 "GET /api/task-lists HTTP/1.1" 200 -
02:19:28 "GET /api/projects/sidebar HTTP/1.1" 404 -
02:19:28 "GET /api/agents HTTP/1.1" 200 -
02:19:28 "GET /api/users/me HTTP/1.1" 404 -
02:19:28 "GET /api/runners HTTP/1.1" 200 -
02:19:28 "GET /api/tasks/page?limit=1&listId=none&projectId=none&counts=total HTTP/1.1" 404 -
02:19:28 "GET /api/events HTTP/1.1" 200 -
02:19:28 "GET /api/providers HTTP/1.1" 200 -
02:19:29 "GET /api/providers HTTP/1.1" 200 -
02:19:29 "GET /api/sessions?view=open&since= HTTP/1.1" 200 -
02:19:29 "GET /api/providers/pools HTTP/1.1" 200 -
02:19:29 "GET /api/providers/pools HTTP/1.1" 200 -
02:19:29 "GET /api/watches?state=ACTIVE HTTP/1.1" 200 -
02:19:29 "GET /api/providers/shared-pools HTTP/1.1" 200 -
02:19:29 "GET /api/session-folders HTTP/1.1" 200 -
02:19:29 "GET /api/watches?state=ACTIVE HTTP/1.1" 200 -
02:19:29 "GET /api/wiki/spaces HTTP/1.1" 404 -
02:19:29 "GET /api/providers/shared-pools HTTP/1.1" 200 -
02:19:29 "GET /api/watches?state=PAUSED HTTP/1.1" 200 -
02:19:29 "GET /api/watches?state=PAUSED HTTP/1.1" 200 -
02:19:29 "GET /api/watches HTTP/1.1" 200 -
02:19:29 "GET /api/watches?needsAttention=true HTTP/1.1" 200 -
02:19:29 "GET /api/watches HTTP/1.1" 200 -
02:19:29 "GET /api/watches?needsAttention=true HTTP/1.1" 200 -
02:19:29 "GET /api/session-tags HTTP/1.1" 200 -
02:19:29 "GET /api/wiki/spaces HTTP/1.1" 404 -
02:19:29 "GET /api/projects HTTP/1.1" 200 -
02:19:30 "GET /api/agents HTTP/1.1" 200 -
02:19:30 "GET /api/sessions/C7/created-tasks HTTP/1.1" 404 -
02:19:30 "GET /api/projects/sidebar HTTP/1.1" 404 -
02:19:30 "GET /api/sessions?view=open HTTP/1.1" 200 -
02:19:30 "GET /api/tasks/evidence-decisions/pending?decidingSessionId=C7 HTTP/1.1" 404 -
02:19:30 "GET /api/sessions/C7/turns HTTP/1.1" 200 -
02:19:30 "GET /api/sessions/C7 HTTP/1.1" 200 -
02:19:30 "GET /api/sessions/C7/approvals?status=PENDING HTTP/1.1" 200 -
02:19:30 "GET /api/runners HTTP/1.1" 200 -
02:19:30 "GET /api/runners HTTP/1.1" 200 -
02:19:30 "GET /api/projects HTTP/1.1" 200 -
02:19:30 "GET /api/projects/sidebar HTTP/1.1" 404 -
02:19:30 "GET /api/tasks/evidence-decisions/pending?decidingSessionId=C7 HTTP/1.1" 404 -
02:19:30 "GET /api/providers/pools HTTP/1.1" 200 -
02:19:30 "GET /api/providers HTTP/1.1" 200 -
02:19:30 "GET /api/providers/shared-pools HTTP/1.1" 200 -
02:19:30 "GET /api/projects/P7/acceptance/criteria-decisions/pending HTTP/1.1" 404 -
02:19:30 "GET /api/providers/pools HTTP/1.1" 200 -
02:19:30 "GET /api/providers HTTP/1.1" 200 -
02:19:30 "GET /api/projects/P7/acceptance/confirmation HTTP/1.1" 404 -
02:19:30 "GET /api/providers/shared-pools HTTP/1.1" 200 -
02:19:30 "GET /api/task-lists HTTP/1.1" 200 -
02:19:30 "GET /api/tasks/page?limit=1&listId=none&projectId=none&counts=total HTTP/1.1" 404 -
02:19:30 "GET /api/projects/P7 HTTP/1.1" 404 -
02:19:30 "GET /api/projects/P7/open-items HTTP/1.1" 200 -
02:19:30 "GET /api/projects/P7/promotions/current HTTP/1.1" 200 -
02:19:30 "GET /api/sessions/C7/events/page?tail=200&maxPayload=2048 HTTP/1.1" 200 -
02:19:30 "GET /api/sessions/C7 HTTP/1.1" 200 -
02:19:30 "GET /api/session-folders HTTP/1.1" 200 -
02:19:31 "GET /api/tasks/evidence-decisions/pending?decidingSessionId=C7 HTTP/1.1" 404 -
02:19:31 "GET /api/projects/P7/promotions/merged HTTP/1.1" 200 -
02:19:31 "GET /api/sessions/C7/background HTTP/1.1" 404 -
02:19:31 "GET /api/sessions/C7/events?sinceSeq=3&maxPayload=2048 HTTP/1.1" 200 -
02:19:34 "GET /api/sessions?view=open HTTP/1.1" 200 -
02:19:38 "GET /api/sessions?view=open HTTP/1.1" 200 -
