23:56:55 "GET /api/agents HTTP/1.1" 200 -
23:56:55 "GET /api/agents HTTP/1.1" 200 -
00:04:29 "POST /__reset HTTP/1.1" 200 -
00:04:29 "POST /__set HTTP/1.1" 200 -
00:04:46 "GET /api/agents HTTP/1.1" 200 -
00:04:47 "GET /api/agents HTTP/1.1" 200 -
00:04:47 "GET /api/task-lists HTTP/1.1" 200 -
00:04:47 "GET /api/projects/sidebar HTTP/1.1" 404 -
00:04:47 "GET /api/projects HTTP/1.1" 200 -
00:04:47 "GET /api/wiki/spaces HTTP/1.1" 404 -
00:04:47 "GET /api/runners HTTP/1.1" 200 -
00:04:47 "GET /api/tasks/page?limit=1&listId=none&projectId=none&counts=total HTTP/1.1" 404 -
00:04:48 "GET /api/providers HTTP/1.1" 200 -
00:04:48 "GET /api/users/me HTTP/1.1" 404 -
00:04:48 "GET /api/events HTTP/1.1" 404 -
00:04:48 "GET /api/runners HTTP/1.1" 200 -
00:04:48 "GET /api/providers/pools HTTP/1.1" 200 -
00:04:48 "GET /api/sessions?view=open&since= HTTP/1.1" 200 -
00:04:48 "GET /api/providers HTTP/1.1" 200 -
00:04:48 "GET /api/providers/shared-pools HTTP/1.1" 200 -
00:04:48 "GET /api/watches?state=ACTIVE HTTP/1.1" 200 -
00:04:49 "GET /api/watches?state=PAUSED HTTP/1.1" 200 -
00:04:49 "GET /api/session-tags HTTP/1.1" 200 -
00:04:49 "GET /api/watches HTTP/1.1" 200 -
00:04:49 "GET /api/watches?needsAttention=true HTTP/1.1" 200 -
00:04:51 "GET /api/providers/pools HTTP/1.1" 200 -
00:04:51 "GET /api/sessions?view=open HTTP/1.1" 200 -
00:04:51 "GET /api/session-folders HTTP/1.1" 200 -
00:04:51 "GET /api/projects/sidebar HTTP/1.1" 404 -
00:04:51 "GET /api/projects HTTP/1.1" 200 -
00:04:51 "GET /api/providers/shared-pools HTTP/1.1" 200 -
00:04:51 "GET /api/projects/sidebar HTTP/1.1" 404 -
00:04:51 "GET /api/access-tokens HTTP/1.1" 404 -
00:04:51 "GET /api/share-links HTTP/1.1" 200 -
00:04:51 "GET /api/runners HTTP/1.1" 200 -
00:04:52 "GET /api/projects HTTP/1.1" 200 -
00:04:55 "GET /api/agents HTTP/1.1" 200 -
00:04:55 "GET /api/sessions?view=open HTTP/1.1" 200 -
00:05:01 "GET /api/sessions?view=open HTTP/1.1" 200 -
00:05:01 "GET /api/runners HTTP/1.1" 200 -
00:05:05 "GET /api/runners HTTP/1.1" 200 -
00:05:05 "GET /api/providers/mine HTTP/1.1" 200 -
00:05:05 "GET /api/agents HTTP/1.1" 200 -
00:05:05 "GET /api/providers/shared-pools HTTP/1.1" 200 -
00:05:06 "GET /api/runners HTTP/1.1" 200 -
00:05:06 "GET /api/providers/mine/p-ds/balance HTTP/1.1" 200 -
00:05:06 "GET /api/providers/mine/p-dsh/balance HTTP/1.1" 200 -
00:05:06 "GET /api/agents HTTP/1.1" 200 -
00:05:06 "GET /api/sessions?view=open HTTP/1.1" 200 -
00:05:07 "GET /api/providers HTTP/1.1" 200 -
00:05:07 "GET /api/projects/sidebar HTTP/1.1" 404 -
00:05:07 "GET /api/projects HTTP/1.1" 200 -
00:05:07 "GET /api/providers/pools HTTP/1.1" 200 -
00:05:07 "GET /api/providers/shared-pools HTTP/1.1" 200 -
00:05:12 "GET /api/sessions?view=open HTTP/1.1" 200 -
00:05:16 "GET /api/sessions?view=open HTTP/1.1" 200 -
00:05:16 "GET /api/runners HTTP/1.1" 200 -
00:05:21 "GET /api/sessions?view=open HTTP/1.1" 200 -
00:05:21 "GET /api/watches?state=ACTIVE HTTP/1.1" 200 -
00:05:21 "GET /api/watches?state=PAUSED HTTP/1.1" 200 -
00:05:21 "GET /api/watches HTTP/1.1" 200 -
00:05:21 "GET /api/watches?needsAttention=true HTTP/1.1" 200 -
00:05:26 "GET /api/sessions?view=open HTTP/1.1" 200 -
00:05:26 "GET /api/projects HTTP/1.1" 200 -
00:05:26 "GET /api/projects/sidebar HTTP/1.1" 404 -
00:05:30 "GET /api/sessions?view=open HTTP/1.1" 200 -
00:05:30 "GET /api/providers/mine/p-ds/balance?refresh=1 HTTP/1.1" 200 -
00:05:30 "GET /api/providers/mine/p-dsh/balance HTTP/1.1" 200 -
00:05:34 "GET /api/sessions?view=open HTTP/1.1" 200 -
00:05:34 "GET /api/runners HTTP/1.1" 200 -
00:05:35 "GET /api/runners HTTP/1.1" 200 -
00:05:35 "GET /api/providers/shared-pools HTTP/1.1" 200 -
00:05:35 "GET /api/providers/mine HTTP/1.1" 200 -
00:05:35 "GET /api/agents HTTP/1.1" 200 -
00:05:35 "GET /api/agents HTTP/1.1" 200 -
00:05:35 "GET /api/runners HTTP/1.1" 200 -
00:05:35 "GET /api/providers/mine/p-ds/balance HTTP/1.1" 200 -
00:05:35 "GET /api/providers/mine/p-dsh/balance HTTP/1.1" 200 -
00:05:35 "GET /api/providers HTTP/1.1" 200 -
00:05:35 "GET /api/providers/pools HTTP/1.1" 200 -
00:05:35 "GET /api/providers/shared-pools HTTP/1.1" 200 -
00:05:39 "GET /api/sessions?view=open HTTP/1.1" 200 -
00:05:43 "GET /api/sessions?view=open HTTP/1.1" 200 -
00:05:43 "GET /api/projects HTTP/1.1" 200 -
00:05:43 "GET /api/projects/sidebar HTTP/1.1" 404 -
00:05:47 "GET /api/sessions?view=open HTTP/1.1" 200 -
00:05:52 "GET /api/sessions?view=open HTTP/1.1" 200 -
00:05:52 "GET /api/runners HTTP/1.1" 200 -
00:05:52 "GET /api/watches?state=ACTIVE HTTP/1.1" 200 -
00:05:52 "GET /api/watches?state=PAUSED HTTP/1.1" 200 -
00:05:52 "GET /api/watches HTTP/1.1" 200 -
00:05:52 "GET /api/watches?needsAttention=true HTTP/1.1" 200 -
00:05:52 "GET /api/runners HTTP/1.1" 200 -
00:05:53 "GET /api/agents HTTP/1.1" 200 -
00:05:53 "GET /api/providers/mine HTTP/1.1" 200 -
00:05:53 "GET /api/providers/shared-pools HTTP/1.1" 200 -
00:05:53 "GET /api/agents HTTP/1.1" 200 -
00:05:53 "GET /api/runners HTTP/1.1" 200 -
00:05:53 "GET /api/providers/mine/p-dsh/balance HTTP/1.1" 200 -
00:05:53 "GET /api/providers/mine/p-ds/balance HTTP/1.1" 200 -
00:05:53 "GET /api/providers HTTP/1.1" 200 -
00:05:53 "GET /api/providers/pools HTTP/1.1" 200 -
00:05:53 "GET /api/providers/shared-pools HTTP/1.1" 200 -
00:05:55 "POST /__reset HTTP/1.1" 200 -
00:05:55 "POST /__set HTTP/1.1" 200 -
00:06:02 "GET /api/agents HTTP/1.1" 200 -
00:06:02 "GET /api/task-lists HTTP/1.1" 200 -
00:06:02 "GET /api/agents HTTP/1.1" 200 -
00:06:02 "GET /api/wiki/spaces HTTP/1.1" 404 -
00:06:02 "GET /api/projects/sidebar HTTP/1.1" 404 -
00:06:02 "GET /api/users/me HTTP/1.1" 404 -
00:06:02 "GET /api/projects HTTP/1.1" 200 -
00:06:03 "GET /api/runners HTTP/1.1" 200 -
00:06:03 "GET /api/tasks/page?limit=1&listId=none&projectId=none&counts=total HTTP/1.1" 404 -
00:06:03 "GET /api/providers HTTP/1.1" 200 -
00:06:03 "GET /api/sessions?view=open&since= HTTP/1.1" 200 -
00:06:03 "GET /api/providers/pools HTTP/1.1" 200 -
00:06:03 "GET /api/providers HTTP/1.1" 200 -
00:06:03 "GET /api/providers/shared-pools HTTP/1.1" 200 -
00:06:03 "GET /api/watches?state=ACTIVE HTTP/1.1" 200 -
00:06:03 "GET /api/providers/pools HTTP/1.1" 200 -
00:06:03 "GET /api/providers/shared-pools HTTP/1.1" 200 -
00:06:03 "GET /api/watches?state=PAUSED HTTP/1.1" 200 -
00:06:03 "GET /api/events HTTP/1.1" 404 -
00:06:03 "GET /api/watches HTTP/1.1" 200 -
00:06:04 "GET /api/session-tags HTTP/1.1" 200 -
00:06:04 "GET /api/watches?needsAttention=true HTTP/1.1" 200 -
00:06:04 "GET /api/sessions?view=open HTTP/1.1" 200 -
00:06:04 "GET /api/session-folders HTTP/1.1" 200 -
00:06:04 "GET /api/projects/sidebar HTTP/1.1" 404 -
00:06:04 "GET /api/projects HTTP/1.1" 200 -
00:06:04 "GET /api/runners HTTP/1.1" 200 -
00:06:04 "GET /api/access-tokens HTTP/1.1" 404 -
00:06:04 "GET /api/share-links HTTP/1.1" 200 -
00:06:10 "GET /api/agents HTTP/1.1" 200 -
00:06:10 "GET /api/projects HTTP/1.1" 200 -
00:06:10 "GET /api/projects/sidebar HTTP/1.1" 404 -
00:06:14 "GET /api/sessions?view=open HTTP/1.1" 200 -
00:06:19 "GET /api/sessions?view=open HTTP/1.1" 200 -
00:06:19 "GET /api/runners HTTP/1.1" 200 -
00:06:19 "GET /api/projects HTTP/1.1" 200 -
00:06:19 "GET /api/projects/sidebar HTTP/1.1" 404 -
00:06:23 "GET /api/runners HTTP/1.1" 200 -
00:06:23 "GET /api/agents HTTP/1.1" 200 -
00:06:23 "GET /api/providers/mine HTTP/1.1" 200 -
00:06:23 "GET /api/providers/shared-pools HTTP/1.1" 200 -
00:06:23 "GET /api/runners HTTP/1.1" 200 -
00:06:23 "GET /api/agents HTTP/1.1" 200 -
00:06:23 "GET /api/providers/mine/p-dsh/balance HTTP/1.1" 200 -
00:06:23 "GET /api/providers/mine/p-ds/balance HTTP/1.1" 200 -
00:06:25 "GET /api/providers HTTP/1.1" 200 -
00:06:25 "GET /api/sessions?view=open HTTP/1.1" 200 -
00:06:25 "GET /api/providers/pools HTTP/1.1" 200 -
00:06:25 "GET /api/providers/shared-pools HTTP/1.1" 200 -
00:06:29 "GET /api/sessions?view=open HTTP/1.1" 200 -
00:06:34 "GET /api/sessions?view=open HTTP/1.1" 200 -
00:06:34 "GET /api/watches?state=ACTIVE HTTP/1.1" 200 -
00:06:34 "GET /api/watches?state=PAUSED HTTP/1.1" 200 -
00:06:34 "GET /api/watches HTTP/1.1" 200 -
00:06:34 "GET /api/watches?needsAttention=true HTTP/1.1" 200 -
00:06:38 "GET /api/sessions?view=open HTTP/1.1" 200 -
00:06:38 "GET /api/runners HTTP/1.1" 200 -
00:06:38 "GET /api/projects HTTP/1.1" 200 -
00:06:38 "GET /api/projects/sidebar HTTP/1.1" 404 -
00:06:42 "GET /api/sessions?view=open HTTP/1.1" 200 -
00:06:47 "GET /api/sessions?view=open HTTP/1.1" 200 -
00:06:49 "GET /api/runners HTTP/1.1" 200 -
00:06:49 "GET /api/providers/mine HTTP/1.1" 200 -
00:06:49 "GET /api/agents HTTP/1.1" 200 -
00:06:49 "GET /api/providers/shared-pools HTTP/1.1" 200 -
00:06:49 "GET /api/agents HTTP/1.1" 200 -
00:06:49 "GET /api/runners HTTP/1.1" 200 -
00:06:49 "GET /api/providers/mine/p-ds/balance HTTP/1.1" 200 -
00:06:49 "GET /api/providers/mine/p-dsh/balance HTTP/1.1" 200 -
00:06:49 "GET /api/providers HTTP/1.1" 200 -
00:06:49 "GET /api/providers/pools HTTP/1.1" 200 -
00:06:49 "GET /api/providers/shared-pools HTTP/1.1" 200 -
00:06:51 "GET /api/sessions?view=open HTTP/1.1" 200 -
00:06:56 "GET /api/sessions?view=open HTTP/1.1" 200 -
00:06:56 "GET /api/runners HTTP/1.1" 200 -
00:06:58 "GET /api/projects/sidebar HTTP/1.1" 404 -
00:06:58 "GET /api/projects HTTP/1.1" 200 -
00:07:04 "GET /api/sessions?view=open HTTP/1.1" 200 -
00:07:04 "GET /api/watches?state=ACTIVE HTTP/1.1" 200 -
00:07:04 "GET /api/watches?state=PAUSED HTTP/1.1" 200 -
00:07:04 "GET /api/watches HTTP/1.1" 200 -
00:07:04 "GET /api/watches?needsAttention=true HTTP/1.1" 200 -
00:07:09 "GET /api/sessions?view=open HTTP/1.1" 200 -
00:07:14 "GET /api/sessions?view=open HTTP/1.1" 200 -
00:07:14 "GET /api/runners HTTP/1.1" 200 -
00:07:15 "GET /api/projects HTTP/1.1" 200 -
00:07:15 "GET /api/projects/sidebar HTTP/1.1" 404 -
00:07:17 "GET /api/runners HTTP/1.1" 200 -
00:07:17 "GET /api/providers/mine HTTP/1.1" 200 -
00:07:17 "GET /api/agents HTTP/1.1" 200 -
00:07:17 "GET /api/providers/shared-pools HTTP/1.1" 200 -
00:07:17 "GET /api/agents HTTP/1.1" 200 -
00:07:17 "GET /api/providers/mine/p-ds/balance HTTP/1.1" 200 -
00:07:17 "GET /api/runners HTTP/1.1" 200 -
00:07:18 "GET /api/providers/mine/p-dsh/balance HTTP/1.1" 200 -
00:07:18 "GET /api/providers HTTP/1.1" 200 -
00:07:18 "GET /api/providers/pools HTTP/1.1" 200 -
00:07:18 "GET /api/providers/shared-pools HTTP/1.1" 200 -
00:07:19 "GET /api/sessions?view=open HTTP/1.1" 200 -
00:07:21 "POST /__reset HTTP/1.1" 200 -
00:07:21 "POST /__set HTTP/1.1" 200 -
00:07:32 "GET /api/agents HTTP/1.1" 200 -
00:07:32 "GET /api/task-lists HTTP/1.1" 200 -
00:07:32 "GET /api/agents HTTP/1.1" 200 -
00:07:32 "GET /api/projects/sidebar HTTP/1.1" 404 -
00:07:32 "GET /api/wiki/spaces HTTP/1.1" 404 -
00:07:32 "GET /api/events HTTP/1.1" 404 -
00:07:32 "GET /api/users/me HTTP/1.1" 404 -
00:07:33 "GET /api/runners HTTP/1.1" 200 -
00:07:33 "GET /api/projects HTTP/1.1" 200 -
00:07:33 "GET /api/tasks/page?limit=1&listId=none&projectId=none&counts=total HTTP/1.1" 404 -
00:07:33 "GET /api/providers HTTP/1.1" 200 -
00:07:33 "GET /api/providers HTTP/1.1" 200 -
00:07:33 "GET /api/sessions?view=open&since= HTTP/1.1" 200 -
00:07:33 "GET /api/providers/pools HTTP/1.1" 200 -
00:07:33 "GET /api/watches?state=ACTIVE HTTP/1.1" 200 -
00:07:34 "GET /api/providers/pools HTTP/1.1" 200 -
00:07:34 "GET /api/providers/shared-pools HTTP/1.1" 200 -
00:07:34 "GET /api/watches?state=PAUSED HTTP/1.1" 200 -
00:07:34 "GET /api/providers/shared-pools HTTP/1.1" 200 -
00:07:34 "GET /api/watches HTTP/1.1" 200 -
00:07:34 "GET /api/watches?needsAttention=true HTTP/1.1" 200 -
00:07:34 "GET /api/session-tags HTTP/1.1" 200 -
00:07:36 "GET /api/projects/sidebar HTTP/1.1" 404 -
00:07:37 "GET /api/projects HTTP/1.1" 200 -
00:07:37 "GET /api/sessions?view=open HTTP/1.1" 200 -
00:07:37 "GET /api/session-folders HTTP/1.1" 200 -
00:07:37 "GET /api/runners HTTP/1.1" 200 -
00:07:37 "GET /api/share-links HTTP/1.1" 200 -
00:07:37 "GET /api/access-tokens HTTP/1.1" 404 -
00:07:38 "GET /api/agents HTTP/1.1" 200 -
00:07:38 "GET /api/projects/sidebar HTTP/1.1" 404 -
00:07:38 "GET /api/projects HTTP/1.1" 200 -
00:07:43 "GET /api/sessions?view=open HTTP/1.1" 200 -
00:07:48 "GET /api/sessions?view=open HTTP/1.1" 200 -
00:07:48 "GET /api/runners HTTP/1.1" 200 -
00:07:52 "GET /api/sessions?view=open HTTP/1.1" 200 -
00:07:52 "GET /api/projects HTTP/1.1" 200 -
00:07:52 "GET /api/projects/sidebar HTTP/1.1" 404 -
00:07:54 "GET /api/providers/mine HTTP/1.1" 200 -
00:07:54 "GET /api/agents HTTP/1.1" 200 -
00:07:54 "GET /api/runners HTTP/1.1" 200 -
00:07:54 "GET /api/providers/shared-pools HTTP/1.1" 200 -
00:07:54 "GET /api/runners HTTP/1.1" 200 -
00:07:54 "GET /api/agents HTTP/1.1" 200 -
00:07:54 "GET /api/providers/mine/p-old/balance HTTP/1.1" 200 -
00:07:55 "GET /api/providers/mine/p-low/balance HTTP/1.1" 200 -
00:07:55 "GET /api/providers/mine/p-usd/balance HTTP/1.1" 200 -
00:07:55 "GET /api/providers/mine/p-net/balance HTTP/1.1" 200 -
00:07:56 "GET /api/providers HTTP/1.1" 200 -
00:07:57 "GET /api/sessions?view=open HTTP/1.1" 200 -
00:07:57 "GET /api/providers/pools HTTP/1.1" 200 -
00:07:57 "GET /api/providers/shared-pools HTTP/1.1" 200 -
00:08:01 "GET /api/sessions?view=open HTTP/1.1" 200 -
00:08:05 "GET /api/sessions?view=open HTTP/1.1" 200 -
00:08:05 "GET /api/runners HTTP/1.1" 200 -
00:08:05 "GET /api/watches?state=ACTIVE HTTP/1.1" 200 -
00:08:05 "GET /api/watches?state=PAUSED HTTP/1.1" 200 -
00:08:05 "GET /api/watches HTTP/1.1" 200 -
00:08:05 "GET /api/watches?needsAttention=true HTTP/1.1" 200 -
00:08:10 "GET /api/sessions?view=open HTTP/1.1" 200 -
00:08:10 "GET /api/projects HTTP/1.1" 200 -
00:08:10 "GET /api/projects/sidebar HTTP/1.1" 404 -
00:08:14 "GET /api/sessions?view=open HTTP/1.1" 200 -
00:08:16 "GET /api/agents HTTP/1.1" 200 -
00:08:16 "GET /api/runners HTTP/1.1" 200 -
00:08:16 "GET /api/providers/shared-pools HTTP/1.1" 200 -
00:08:16 "GET /api/providers/mine HTTP/1.1" 200 -
00:08:16 "GET /api/agents HTTP/1.1" 200 -
00:08:16 "GET /api/runners HTTP/1.1" 200 -
00:08:16 "GET /api/providers/mine/p-low/balance HTTP/1.1" 200 -
00:08:16 "GET /api/providers/mine/p-net/balance HTTP/1.1" 200 -
00:08:16 "GET /api/providers/mine/p-old/balance HTTP/1.1" 200 -
00:08:16 "GET /api/providers HTTP/1.1" 200 -
00:08:16 "GET /api/providers/pools HTTP/1.1" 200 -
00:08:16 "GET /api/providers/shared-pools HTTP/1.1" 200 -
00:08:17 "GET /api/providers/mine/p-usd/balance HTTP/1.1" 200 -
00:08:18 "GET /api/sessions?view=open HTTP/1.1" 200 -
00:08:22 "GET /api/sessions?view=open HTTP/1.1" 200 -
00:08:22 "GET /api/runners HTTP/1.1" 200 -
00:08:26 "GET /api/sessions?view=open HTTP/1.1" 200 -
00:08:26 "GET /api/projects HTTP/1.1" 200 -
00:08:26 "GET /api/projects/sidebar HTTP/1.1" 404 -
00:08:30 "GET /api/sessions?view=open HTTP/1.1" 200 -
00:08:32 "GET /api/runners HTTP/1.1" 200 -
00:08:32 "GET /api/agents HTTP/1.1" 200 -
00:08:32 "GET /api/providers/mine HTTP/1.1" 200 -
00:08:32 "GET /api/providers/shared-pools HTTP/1.1" 200 -
00:08:32 "GET /api/agents HTTP/1.1" 200 -
00:08:32 "GET /api/runners HTTP/1.1" 200 -
00:08:32 "GET /api/providers/mine/p-low/balance HTTP/1.1" 200 -
00:08:32 "GET /api/providers/mine/p-old/balance HTTP/1.1" 200 -
00:08:32 "GET /api/providers/mine/p-net/balance HTTP/1.1" 200 -
00:08:32 "GET /api/providers/mine/p-usd/balance HTTP/1.1" 200 -
00:08:32 "GET /api/providers HTTP/1.1" 200 -
00:08:32 "GET /api/providers/pools HTTP/1.1" 200 -
00:08:32 "GET /api/providers/shared-pools HTTP/1.1" 200 -
00:08:35 "GET /api/sessions?view=open HTTP/1.1" 200 -
00:08:39 "GET /api/sessions?view=open HTTP/1.1" 200 -
00:08:39 "GET /api/runners HTTP/1.1" 200 -
00:08:39 "GET /api/watches?state=ACTIVE HTTP/1.1" 200 -
00:08:39 "GET /api/watches?state=PAUSED HTTP/1.1" 200 -
00:08:39 "GET /api/watches HTTP/1.1" 200 -
00:08:39 "GET /api/watches?needsAttention=true HTTP/1.1" 200 -
00:08:44 "GET /api/sessions?view=open HTTP/1.1" 200 -
00:08:44 "GET /api/projects HTTP/1.1" 200 -
00:08:44 "GET /api/projects/sidebar HTTP/1.1" 404 -
00:08:48 "GET /api/sessions?view=open HTTP/1.1" 200 -
00:08:50 "GET /api/providers/mine/p-old/balance?refresh=1 HTTP/1.1" 200 -
00:08:52 "GET /api/sessions?view=open HTTP/1.1" 200 -
00:08:54 "GET /api/providers/mine HTTP/1.1" 200 -
00:08:54 "GET /api/runners HTTP/1.1" 200 -
00:08:54 "GET /api/agents HTTP/1.1" 200 -
00:08:54 "GET /api/providers/shared-pools HTTP/1.1" 200 -
00:08:54 "GET /api/agents HTTP/1.1" 200 -
00:08:54 "GET /api/providers/mine/p-low/balance HTTP/1.1" 200 -
00:08:54 "GET /api/providers/mine/p-old/balance HTTP/1.1" 200 -
00:08:54 "GET /api/providers/mine/p-net/balance HTTP/1.1" 200 -
00:08:54 "GET /api/runners HTTP/1.1" 200 -
00:08:54 "GET /api/providers HTTP/1.1" 200 -
00:08:54 "GET /api/providers/pools HTTP/1.1" 200 -
00:08:54 "GET /api/providers/shared-pools HTTP/1.1" 200 -
00:08:55 "GET /api/providers/mine/p-usd/balance HTTP/1.1" 200 -
00:08:57 "GET /api/sessions?view=open HTTP/1.1" 200 -
00:08:57 "GET /api/runners HTTP/1.1" 200 -
00:09:01 "GET /api/sessions?view=open HTTP/1.1" 200 -
00:09:01 "GET /api/projects/sidebar HTTP/1.1" 404 -
00:09:01 "GET /api/projects HTTP/1.1" 200 -
00:09:05 "GET /api/sessions?view=open HTTP/1.1" 200 -
00:09:10 "GET /api/sessions?view=open HTTP/1.1" 200 -
00:09:10 "GET /api/watches?state=ACTIVE HTTP/1.1" 200 -
00:09:10 "GET /api/watches?state=PAUSED HTTP/1.1" 200 -
00:09:10 "GET /api/watches HTTP/1.1" 200 -
00:09:10 "GET /api/watches?needsAttention=true HTTP/1.1" 200 -
00:09:11 "GET /api/agents HTTP/1.1" 200 -
00:09:12 "GET /api/providers/mine HTTP/1.1" 200 -
00:09:12 "GET /api/runners HTTP/1.1" 200 -
00:09:12 "GET /api/providers/shared-pools HTTP/1.1" 200 -
00:09:12 "GET /api/runners HTTP/1.1" 200 -
00:09:12 "GET /api/agents HTTP/1.1" 200 -
00:09:12 "GET /api/providers/mine/p-old/balance HTTP/1.1" 200 -
00:09:12 "GET /api/providers/mine/p-low/balance HTTP/1.1" 200 -
00:09:12 "GET /api/providers/mine/p-net/balance HTTP/1.1" 200 -
00:09:12 "GET /api/providers/mine/p-usd/balance HTTP/1.1" 200 -
00:09:12 "GET /api/providers HTTP/1.1" 200 -
00:09:12 "GET /api/providers/pools HTTP/1.1" 200 -
00:09:12 "GET /api/providers/shared-pools HTTP/1.1" 200 -
00:09:14 "GET /api/sessions?view=open HTTP/1.1" 200 -
00:09:14 "GET /api/runners HTTP/1.1" 200 -
00:09:18 "GET /api/sessions?view=open HTTP/1.1" 200 -
00:09:19 "GET /api/projects/sidebar HTTP/1.1" 404 -
00:09:19 "GET /api/projects HTTP/1.1" 200 -
00:09:23 "GET /api/agents HTTP/1.1" 200 -
00:09:23 "GET /api/providers/mine HTTP/1.1" 200 -
00:09:23 "GET /api/runners HTTP/1.1" 200 -
00:09:23 "GET /api/providers/shared-pools HTTP/1.1" 200 -
00:09:23 "GET /api/runners HTTP/1.1" 200 -
00:09:23 "GET /api/agents HTTP/1.1" 200 -
00:09:23 "GET /api/providers/mine/p-low/balance HTTP/1.1" 200 -
00:09:23 "GET /api/sessions?view=open HTTP/1.1" 200 -
00:09:23 "GET /api/providers/mine/p-old/balance HTTP/1.1" 200 -
00:09:24 "GET /api/providers/mine/p-net/balance HTTP/1.1" 200 -
00:09:24 "GET /api/providers/mine/p-usd/balance HTTP/1.1" 200 -
00:09:24 "GET /api/providers HTTP/1.1" 200 -
00:09:24 "GET /api/providers/pools HTTP/1.1" 200 -
00:09:24 "GET /api/providers/shared-pools HTTP/1.1" 200 -
00:09:26 "POST /__reset HTTP/1.1" 200 -
00:09:26 "POST /__set HTTP/1.1" 200 -
00:09:31 "GET /api/agents HTTP/1.1" 200 -
00:09:31 "GET /api/agents HTTP/1.1" 200 -
00:09:31 "GET /api/projects/sidebar HTTP/1.1" 404 -
00:09:31 "GET /api/projects HTTP/1.1" 200 -
00:09:31 "GET /api/task-lists HTTP/1.1" 200 -
00:09:31 "GET /api/events HTTP/1.1" 404 -
00:09:32 "GET /api/users/me HTTP/1.1" 404 -
00:09:32 "GET /api/runners HTTP/1.1" 200 -
00:09:32 "GET /api/providers HTTP/1.1" 200 -
00:09:32 "GET /api/tasks/page?limit=1&listId=none&projectId=none&counts=total HTTP/1.1" 404 -
00:09:32 "GET /api/sessions?view=open&since= HTTP/1.1" 200 -
00:09:32 "GET /api/providers/pools HTTP/1.1" 200 -
00:09:32 "GET /api/providers HTTP/1.1" 200 -
00:09:32 "GET /api/wiki/spaces HTTP/1.1" 404 -
00:09:32 "GET /api/watches?state=ACTIVE HTTP/1.1" 200 -
00:09:32 "GET /api/providers/shared-pools HTTP/1.1" 200 -
00:09:32 "GET /api/providers/pools HTTP/1.1" 200 -
00:09:32 "GET /api/watches?state=PAUSED HTTP/1.1" 200 -
00:09:32 "GET /api/providers/shared-pools HTTP/1.1" 200 -
00:09:32 "GET /api/watches HTTP/1.1" 200 -
00:09:32 "GET /api/share-links HTTP/1.1" 200 -
00:09:32 "GET /api/runners HTTP/1.1" 200 -
00:09:32 "GET /api/access-tokens HTTP/1.1" 404 -
00:09:32 "GET /api/watches?needsAttention=true HTTP/1.1" 200 -
00:09:33 "GET /api/agents HTTP/1.1" 200 -
00:09:33 "GET /api/projects/sidebar HTTP/1.1" 404 -
00:09:33 "GET /api/projects HTTP/1.1" 200 -
00:09:33 "GET /api/session-tags HTTP/1.1" 200 -
00:09:34 "GET /api/session-folders HTTP/1.1" 200 -
00:09:34 "GET /api/sessions?view=open HTTP/1.1" 200 -
00:09:36 "GET /api/projects/sidebar HTTP/1.1" 404 -
00:09:36 "GET /api/projects HTTP/1.1" 200 -
00:09:38 "GET /api/sessions?view=open HTTP/1.1" 200 -
00:09:42 "GET /api/sessions?view=open HTTP/1.1" 200 -
00:09:44 "GET /api/runners HTTP/1.1" 200 -
00:09:44 "GET /api/providers/mine HTTP/1.1" 200 -
00:09:44 "GET /api/agents HTTP/1.1" 200 -
00:09:44 "GET /api/providers/shared-pools HTTP/1.1" 200 -
00:09:44 "GET /api/agents HTTP/1.1" 200 -
00:09:45 "GET /api/runners HTTP/1.1" 200 -
00:09:45 "GET /api/providers/mine/p-net/balance HTTP/1.1" 200 -
00:09:45 "GET /api/providers/mine/p-old/balance HTTP/1.1" 200 -
00:09:45 "GET /api/providers/mine/p-low/balance HTTP/1.1" 200 -
00:09:45 "GET /api/providers/mine/p-usd/balance HTTP/1.1" 200 -
00:09:46 "GET /api/providers HTTP/1.1" 200 -
00:09:46 "GET /api/providers/pools HTTP/1.1" 200 -
00:09:46 "GET /api/sessions?view=open HTTP/1.1" 200 -
00:09:46 "GET /api/providers/shared-pools HTTP/1.1" 200 -
00:09:46 "GET /api/runners HTTP/1.1" 200 -
00:09:51 "GET /api/sessions?view=open HTTP/1.1" 200 -
00:09:51 "GET /api/projects HTTP/1.1" 200 -
00:09:51 "GET /api/projects/sidebar HTTP/1.1" 404 -
00:09:56 "GET /api/sessions?view=open HTTP/1.1" 200 -
00:10:00 "GET /api/sessions?view=open HTTP/1.1" 200 -
00:10:05 "GET /api/sessions?view=open HTTP/1.1" 200 -
00:10:05 "GET /api/runners HTTP/1.1" 200 -
00:10:05 "GET /api/watches?state=ACTIVE HTTP/1.1" 200 -
00:10:05 "GET /api/watches?state=PAUSED HTTP/1.1" 200 -
00:10:05 "GET /api/watches HTTP/1.1" 200 -
00:10:05 "GET /api/watches?needsAttention=true HTTP/1.1" 200 -
00:10:08 "GET /api/runners HTTP/1.1" 200 -
00:10:08 "GET /api/providers/shared-pools HTTP/1.1" 200 -
00:10:08 "GET /api/agents HTTP/1.1" 200 -
00:10:08 "GET /api/providers/mine HTTP/1.1" 200 -
00:10:08 "GET /api/agents HTTP/1.1" 200 -
00:10:08 "GET /api/runners HTTP/1.1" 200 -
00:10:09 "GET /api/providers/mine/p-low/balance HTTP/1.1" 200 -
00:10:09 "GET /api/providers/mine/p-net/balance HTTP/1.1" 200 -
00:10:09 "GET /api/providers HTTP/1.1" 200 -
00:10:09 "GET /api/providers/pools HTTP/1.1" 200 -
00:10:09 "GET /api/providers/shared-pools HTTP/1.1" 200 -
00:10:09 "GET /api/providers/mine/p-old/balance HTTP/1.1" 200 -
00:10:09 "GET /api/providers/mine/p-usd/balance HTTP/1.1" 200 -
00:10:10 "GET /api/sessions?view=open HTTP/1.1" 200 -
00:10:10 "GET /api/projects/sidebar HTTP/1.1" 404 -
00:10:10 "GET /api/projects HTTP/1.1" 200 -
00:10:14 "GET /api/sessions?view=open HTTP/1.1" 200 -
00:10:19 "GET /api/sessions?view=open HTTP/1.1" 200 -
00:10:24 "GET /api/sessions?view=open HTTP/1.1" 200 -
00:10:24 "GET /api/runners HTTP/1.1" 200 -
00:10:25 "GET /api/runners HTTP/1.1" 200 -
00:10:25 "GET /api/providers/mine HTTP/1.1" 200 -
00:10:25 "GET /api/agents HTTP/1.1" 200 -
00:10:25 "GET /api/providers/shared-pools HTTP/1.1" 200 -
00:10:26 "GET /api/agents HTTP/1.1" 200 -
00:10:26 "GET /api/providers/mine/p-old/balance HTTP/1.1" 200 -
00:10:26 "GET /api/runners HTTP/1.1" 200 -
00:10:26 "GET /api/providers/mine/p-net/balance HTTP/1.1" 200 -
00:10:26 "GET /api/providers/mine/p-low/balance HTTP/1.1" 200 -
00:10:26 "GET /api/providers/mine/p-usd/balance HTTP/1.1" 200 -
00:10:26 "GET /api/providers HTTP/1.1" 200 -
00:10:26 "GET /api/providers/pools HTTP/1.1" 200 -
00:10:26 "GET /api/providers/shared-pools HTTP/1.1" 200 -
00:10:28 "GET /api/sessions?view=open HTTP/1.1" 200 -
00:10:28 "GET /api/projects/sidebar HTTP/1.1" 404 -
00:10:28 "GET /api/projects HTTP/1.1" 200 -
00:10:33 "GET /api/sessions?view=open HTTP/1.1" 200 -
00:10:38 "GET /api/sessions?view=open HTTP/1.1" 200 -
00:10:38 "GET /api/watches?state=ACTIVE HTTP/1.1" 200 -
00:10:38 "GET /api/watches?state=PAUSED HTTP/1.1" 200 -
00:10:38 "GET /api/watches HTTP/1.1" 200 -
00:10:38 "GET /api/watches?needsAttention=true HTTP/1.1" 200 -
00:10:42 "GET /api/sessions?view=open HTTP/1.1" 200 -
00:10:42 "GET /api/runners HTTP/1.1" 200 -
00:10:46 "GET /api/runners HTTP/1.1" 200 -
00:10:47 "GET /api/agents HTTP/1.1" 200 -
00:10:47 "GET /api/providers/shared-pools HTTP/1.1" 200 -
00:10:47 "GET /api/providers/mine HTTP/1.1" 200 -
00:10:47 "GET /api/agents HTTP/1.1" 200 -
00:10:47 "GET /api/runners HTTP/1.1" 200 -
00:10:47 "GET /api/sessions?view=open HTTP/1.1" 200 -
00:10:47 "GET /api/providers/mine/p-old/balance HTTP/1.1" 200 -
00:10:47 "GET /api/providers/mine/p-net/balance HTTP/1.1" 200 -
00:10:47 "GET /api/providers/mine/p-low/balance HTTP/1.1" 200 -
00:10:47 "GET /api/providers HTTP/1.1" 200 -
00:10:47 "GET /api/projects/sidebar HTTP/1.1" 404 -
00:10:47 "GET /api/projects HTTP/1.1" 200 -
00:10:47 "GET /api/providers/pools HTTP/1.1" 200 -
00:10:47 "GET /api/providers/shared-pools HTTP/1.1" 200 -
00:10:48 "GET /api/providers/mine/p-usd/balance HTTP/1.1" 200 -
00:10:52 "GET /api/sessions?view=open HTTP/1.1" 200 -
00:10:56 "GET /api/sessions?view=open HTTP/1.1" 200 -
00:11:00 "GET /api/sessions?view=open HTTP/1.1" 200 -
00:11:00 "GET /api/runners HTTP/1.1" 200 -
00:11:02 "GET /api/providers/mine HTTP/1.1" 200 -
00:11:02 "GET /api/agents HTTP/1.1" 200 -
00:11:02 "GET /api/runners HTTP/1.1" 200 -
00:11:02 "GET /api/providers/shared-pools HTTP/1.1" 200 -
00:11:02 "GET /api/providers/mine/p-net/balance HTTP/1.1" 200 -
00:11:02 "GET /api/providers/mine/p-usd/balance HTTP/1.1" 200 -
00:11:02 "GET /api/providers/mine/p-low/balance HTTP/1.1" 200 -
00:11:02 "GET /api/providers/mine/p-old/balance HTTP/1.1" 200 -
00:11:02 "GET /api/runners HTTP/1.1" 200 -
00:11:02 "GET /api/agents HTTP/1.1" 200 -
00:11:02 "GET /api/providers HTTP/1.1" 200 -
00:11:02 "GET /api/providers/pools HTTP/1.1" 200 -
00:11:02 "GET /api/providers/shared-pools HTTP/1.1" 200 -
00:11:05 "GET /api/sessions?view=open HTTP/1.1" 200 -
00:11:05 "GET /api/projects HTTP/1.1" 200 -
00:11:05 "GET /api/projects/sidebar HTTP/1.1" 404 -
00:11:09 "GET /api/sessions?view=open HTTP/1.1" 200 -
00:11:10 "GET /api/watches?state=ACTIVE HTTP/1.1" 200 -
00:11:10 "GET /api/watches?state=PAUSED HTTP/1.1" 200 -
00:11:10 "GET /api/watches HTTP/1.1" 200 -
00:11:10 "GET /api/watches?needsAttention=true HTTP/1.1" 200 -
00:11:14 "GET /api/sessions?view=open HTTP/1.1" 200 -
00:11:16 "GET /api/runners HTTP/1.1" 200 -
00:11:16 "GET /api/agents HTTP/1.1" 200 -
00:11:16 "GET /api/providers/mine HTTP/1.1" 200 -
00:11:16 "GET /api/providers/shared-pools HTTP/1.1" 200 -
00:11:16 "GET /api/agents HTTP/1.1" 200 -
00:11:16 "GET /api/runners HTTP/1.1" 200 -
00:11:16 "GET /api/providers/mine/p-low/balance HTTP/1.1" 200 -
00:11:16 "GET /api/providers/mine/p-old/balance HTTP/1.1" 200 -
00:11:16 "GET /api/providers/mine/p-net/balance HTTP/1.1" 200 -
00:11:16 "GET /api/providers/mine/p-usd/balance HTTP/1.1" 200 -
00:11:16 "GET /api/providers HTTP/1.1" 200 -
00:11:16 "GET /api/providers/pools HTTP/1.1" 200 -
00:11:16 "GET /api/providers/shared-pools HTTP/1.1" 200 -
