17:35:59 "GET /api/projects/P1/integration HTTP/1.1" 200 -
17:35:59 "GET /api/projects/P1/integration HTTP/1.1" 200 -
17:40:37 "POST /__reset HTTP/1.1" 200 -
17:40:56 "GET /api/users/me HTTP/1.1" 200 -
17:40:56 "GET /api/wiki/spaces HTTP/1.1" 404 -
17:40:56 "GET /api/agents HTTP/1.1" 200 -
17:40:57 "GET /api/events HTTP/1.1" 200 -
17:40:57 "GET /api/runners HTTP/1.1" 200 -
17:40:57 "GET /api/users/me HTTP/1.1" 200 -
17:40:57 "GET /api/agents HTTP/1.1" 200 -
17:40:57 "GET /api/sessions?view=open&since= HTTP/1.1" 200 -
17:40:57 "GET /api/providers HTTP/1.1" 200 -
17:40:57 "GET /api/sessions?view=open HTTP/1.1" 200 -
17:40:57 "GET /api/providers/pools HTTP/1.1" 200 -
17:40:57 "GET /api/runners HTTP/1.1" 200 -
17:40:57 "GET /api/watches?state=ACTIVE HTTP/1.1" 200 -
17:40:57 "GET /api/wiki/spaces HTTP/1.1" 404 -
17:40:57 "GET /api/watches?state=ACTIVE HTTP/1.1" 200 -
17:40:57 "GET /api/watches?state=PAUSED HTTP/1.1" 200 -
17:40:57 "GET /api/providers/shared-pools HTTP/1.1" 200 -
17:40:57 "GET /api/providers HTTP/1.1" 200 -
17:40:57 "GET /api/watches?state=PAUSED HTTP/1.1" 200 -
17:40:57 "GET /api/watches HTTP/1.1" 200 -
17:40:57 "GET /api/session-tags HTTP/1.1" 200 -
17:40:57 "GET /api/sessions?view=open HTTP/1.1" 200 -
17:40:57 "GET /api/watches HTTP/1.1" 200 -
17:40:57 "GET /api/watches?needsAttention=true HTTP/1.1" 200 -
17:40:57 "GET /api/watches?needsAttention=true HTTP/1.1" 200 -
17:40:57 "GET /api/providers/pools HTTP/1.1" 200 -
17:40:57 "GET /api/auth/capabilities HTTP/1.1" 404 -
17:40:57 "GET /api/agents HTTP/1.1" 200 -
17:40:57 "GET /api/providers/shared-pools HTTP/1.1" 200 -
17:40:57 "GET /api/runners HTTP/1.1" 200 -
17:40:57 "GET /api/providers HTTP/1.1" 200 -
17:40:57 "GET /api/providers/pools HTTP/1.1" 200 -
17:40:57 "GET /api/providers/shared-pools HTTP/1.1" 200 -
17:40:57 "GET /api/task-lists HTTP/1.1" 200 -
17:40:57 "GET /api/tasks/page?limit=1&listId=none&projectId=none&counts=total HTTP/1.1" 404 -
17:40:59 "GET /api/sessions/C5/created-tasks HTTP/1.1" 404 -
17:40:59 "GET /api/sessions/C5 HTTP/1.1" 200 -
17:40:59 "GET /api/sessions/C5/approvals?status=PENDING HTTP/1.1" 200 -
17:40:59 "GET /api/tasks/evidence-decisions/pending?decidingSessionId=C5 HTTP/1.1" 404 -
17:40:59 "GET /api/sessions/C5 HTTP/1.1" 200 -
17:40:59 "GET /api/sessions/C5/turns?view=active HTTP/1.1" 200 -
17:40:59 "GET /api/sessions/C5/events/page?tail=200&maxPayload=2048 HTTP/1.1" 200 -
17:40:59 "GET /api/runners HTTP/1.1" 200 -
17:40:59 "GET /api/tasks/evidence-decisions/pending?decidingSessionId=C5 HTTP/1.1" 404 -
17:40:59 "GET /api/providers/pools HTTP/1.1" 200 -
17:40:59 "GET /api/sessions/C5/background HTTP/1.1" 404 -
17:40:59 "GET /api/sessions/C5/events?sinceSeq=3&maxPayload=2048 HTTP/1.1" 200 -
17:40:59 "GET /api/projects/P5/acceptance/criteria-decisions/pending HTTP/1.1" 404 -
17:40:59 "GET /api/projects/P5/acceptance/confirmation HTTP/1.1" 200 -
17:40:59 "GET /api/providers/shared-pools HTTP/1.1" 200 -
17:40:59 "GET /api/providers HTTP/1.1" 200 -
17:40:59 "GET /api/projects/P5 HTTP/1.1" 200 -
17:40:59 "GET /api/projects/P5/open-items HTTP/1.1" 200 -
17:40:59 "GET /api/projects/P5/promotions/current HTTP/1.1" 404 -
17:40:59 "GET /api/projects/P5/promotions/merged HTTP/1.1" 404 -
17:40:59 "GET /api/projects/P5/integration HTTP/1.1" 200 -
17:40:59 "GET /api/projects/P5/dependency-graph HTTP/1.1" 200 -
17:40:59 "GET /api/tasks/evidence-decisions/pending?decidingSessionId=C5 HTTP/1.1" 404 -
17:41:01 "GET /api/sessions?view=open HTTP/1.1" 200 -
17:41:06 "GET /api/sessions?view=open HTTP/1.1" 200 -
17:41:10 "GET /api/sessions?view=open HTTP/1.1" 200 -
17:41:14 "GET /api/sessions?view=open HTTP/1.1" 200 -
17:41:18 "GET /api/sessions?view=open HTTP/1.1" 200 -
17:41:22 "GET /api/sessions?view=open HTTP/1.1" 200 -
17:41:26 "GET /api/sessions?view=open HTTP/1.1" 200 -
17:41:30 "GET /api/sessions?view=open HTTP/1.1" 200 -
17:41:30 "GET /api/watches?state=ACTIVE HTTP/1.1" 200 -
17:41:30 "GET /api/watches?state=PAUSED HTTP/1.1" 200 -
17:41:30 "GET /api/watches HTTP/1.1" 200 -
17:41:30 "GET /api/watches?needsAttention=true HTTP/1.1" 200 -
17:41:34 "GET /api/sessions?view=open HTTP/1.1" 200 -
17:41:39 "GET /api/sessions?view=open HTTP/1.1" 200 -
17:41:43 "GET /api/sessions?view=open HTTP/1.1" 200 -
17:41:46 "POST /__reset HTTP/1.1" 200 -
17:42:04 "GET /api/wiki/spaces HTTP/1.1" 404 -
17:42:04 "GET /api/users/me HTTP/1.1" 200 -
17:42:04 "GET /api/agents HTTP/1.1" 200 -
17:42:04 "GET /api/events HTTP/1.1" 200 -
17:42:04 "GET /api/users/me HTTP/1.1" 200 -
17:42:04 "GET /api/agents HTTP/1.1" 200 -
17:42:04 "GET /api/runners HTTP/1.1" 200 -
17:42:05 "GET /api/sessions?view=open&since= HTTP/1.1" 200 -
17:42:05 "GET /api/providers HTTP/1.1" 200 -
17:42:05 "GET /api/runners HTTP/1.1" 200 -
17:42:05 "GET /api/sessions?view=open HTTP/1.1" 200 -
17:42:05 "GET /api/providers HTTP/1.1" 200 -
17:42:05 "GET /api/providers/pools HTTP/1.1" 200 -
17:42:05 "GET /api/wiki/spaces HTTP/1.1" 404 -
17:42:05 "GET /api/watches?state=ACTIVE HTTP/1.1" 200 -
17:42:05 "GET /api/watches?state=ACTIVE HTTP/1.1" 200 -
17:42:05 "GET /api/providers/pools HTTP/1.1" 200 -
17:42:05 "GET /api/providers/shared-pools HTTP/1.1" 200 -
17:42:05 "GET /api/watches?state=PAUSED HTTP/1.1" 200 -
17:42:05 "GET /api/session-tags HTTP/1.1" 200 -
17:42:05 "GET /api/sessions?view=open HTTP/1.1" 200 -
17:42:05 "GET /api/providers/shared-pools HTTP/1.1" 200 -
17:42:05 "GET /api/watches?state=PAUSED HTTP/1.1" 200 -
17:42:05 "GET /api/watches HTTP/1.1" 200 -
17:42:05 "GET /api/watches?needsAttention=true HTTP/1.1" 200 -
17:42:05 "GET /api/watches HTTP/1.1" 200 -
17:42:05 "GET /api/watches?needsAttention=true HTTP/1.1" 200 -
17:42:05 "GET /api/agents HTTP/1.1" 200 -
17:42:05 "GET /api/auth/capabilities HTTP/1.1" 404 -
17:42:05 "GET /api/runners HTTP/1.1" 200 -
17:42:05 "GET /api/providers HTTP/1.1" 200 -
17:42:05 "GET /api/providers/pools HTTP/1.1" 200 -
17:42:05 "GET /api/providers/shared-pools HTTP/1.1" 200 -
17:42:05 "GET /api/task-lists HTTP/1.1" 200 -
17:42:05 "GET /api/tasks/page?limit=1&listId=none&projectId=none&counts=total HTTP/1.1" 404 -
17:42:06 "GET /api/projects HTTP/1.1" 200 -
17:42:06 "GET /api/projects/sidebar HTTP/1.1" 200 -
17:42:07 "GET /api/projects/P2 HTTP/1.1" 200 -
17:42:07 "GET /api/projects/P2/integration HTTP/1.1" 200 -
17:42:07 "GET /api/projects/P2/dependency-graph HTTP/1.1" 200 -
17:42:07 "GET /api/projects/P2/panorama HTTP/1.1" 404 -
17:42:07 "GET /api/projects/P2/coordinator/status HTTP/1.1" 404 -
17:42:07 "GET /api/projects/P2/tasks/page?limit=100 HTTP/1.1" 200 -
17:42:08 "GET /api/projects/P2/panorama/ready?limit=5 HTTP/1.1" 404 -
17:42:08 "GET /api/projects/P2/open-items HTTP/1.1" 200 -
17:42:08 "GET /api/projects/P2/handoffs HTTP/1.1" 200 -
17:42:08 "GET /api/projects/P2/share HTTP/1.1" 404 -
17:42:09 "GET /api/sessions?view=open HTTP/1.1" 200 -
17:42:10 "GET /api/projects/sidebar HTTP/1.1" 200 -
17:42:10 "GET /api/projects HTTP/1.1" 200 -
17:42:10 "GET /api/projects/P2/integration HTTP/1.1" 200 -
17:42:10 "GET /api/projects/P2/panorama HTTP/1.1" 404 -
17:42:10 "GET /api/projects/P2 HTTP/1.1" 200 -
17:42:10 "GET /api/projects/P2/coordinator/status HTTP/1.1" 404 -
17:42:10 "GET /api/projects/P2/panorama/ready?limit=5 HTTP/1.1" 404 -
17:42:10 "GET /api/projects/P2/acceptance/confirmation HTTP/1.1" 200 -
17:42:11 "GET /api/projects/P2/tasks/page?limit=100 HTTP/1.1" 200 -
17:42:11 "GET /api/projects/P2/open-items HTTP/1.1" 200 -
17:42:11 "GET /api/projects/P2/handoffs HTTP/1.1" 200 -
17:42:15 "GET /api/sessions?view=open HTTP/1.1" 200 -
17:42:19 "GET /api/sessions?view=open HTTP/1.1" 200 -
17:42:23 "GET /api/sessions?view=open HTTP/1.1" 200 -
17:42:27 "GET /api/sessions?view=open HTTP/1.1" 200 -
17:42:27 "GET /api/projects HTTP/1.1" 200 -
17:42:27 "GET /api/projects/sidebar HTTP/1.1" 200 -
17:42:28 "GET /api/projects/P2/panorama HTTP/1.1" 404 -
17:42:28 "GET /api/projects/P2/panorama/ready?limit=5 HTTP/1.1" 404 -
17:42:28 "GET /api/projects/P2 HTTP/1.1" 200 -
17:42:28 "GET /api/projects/P2/coordinator/status HTTP/1.1" 404 -
17:42:28 "GET /api/projects/P2/integration HTTP/1.1" 200 -
17:42:28 "GET /api/projects/P2/open-items HTTP/1.1" 200 -
17:42:28 "GET /api/projects/P2/tasks/page?limit=100 HTTP/1.1" 200 -
17:42:28 "GET /api/projects/P2/handoffs HTTP/1.1" 200 -
17:42:32 "GET /api/sessions?view=open HTTP/1.1" 200 -
17:42:36 "GET /api/sessions?view=open HTTP/1.1" 200 -
17:42:37 "GET /api/watches?state=ACTIVE HTTP/1.1" 200 -
17:42:37 "GET /api/watches?state=PAUSED HTTP/1.1" 200 -
17:42:37 "GET /api/watches HTTP/1.1" 200 -
17:42:37 "GET /api/watches?needsAttention=true HTTP/1.1" 200 -
17:42:41 "GET /api/sessions?view=open HTTP/1.1" 200 -
17:42:45 "GET /api/sessions?view=open HTTP/1.1" 200 -
17:42:45 "GET /api/projects/sidebar HTTP/1.1" 200 -
17:42:45 "GET /api/projects HTTP/1.1" 200 -
17:42:45 "GET /api/projects/P2/integration HTTP/1.1" 200 -
17:42:45 "GET /api/projects/P2/panorama HTTP/1.1" 404 -
17:42:45 "GET /api/projects/P2 HTTP/1.1" 200 -
17:42:45 "GET /api/projects/P2/open-items HTTP/1.1" 200 -
17:42:46 "GET /api/projects/P2/coordinator/status HTTP/1.1" 404 -
17:42:46 "GET /api/projects/P2/tasks/page?limit=100 HTTP/1.1" 200 -
17:42:46 "GET /api/projects/P2/panorama/ready?limit=5 HTTP/1.1" 404 -
17:42:46 "GET /api/projects/P2/handoffs HTTP/1.1" 200 -
17:42:50 "GET /api/sessions?view=open HTTP/1.1" 200 -
17:42:55 "GET /api/sessions?view=open HTTP/1.1" 200 -
17:42:59 "GET /api/sessions?view=open HTTP/1.1" 200 -
17:43:04 "GET /api/sessions?view=open HTTP/1.1" 200 -
17:43:04 "GET /api/projects HTTP/1.1" 200 -
17:43:04 "GET /api/projects/sidebar HTTP/1.1" 200 -
17:43:04 "GET /api/projects/P2/panorama HTTP/1.1" 404 -
17:43:04 "GET /api/projects/P2 HTTP/1.1" 200 -
17:43:04 "GET /api/projects/P2/integration HTTP/1.1" 200 -
17:43:04 "GET /api/projects/P2/coordinator/status HTTP/1.1" 404 -
17:43:04 "GET /api/projects/P2/tasks/page?limit=100 HTTP/1.1" 200 -
17:43:04 "GET /api/projects/P2/open-items HTTP/1.1" 200 -
17:43:04 "GET /api/projects/P2/panorama/ready?limit=5 HTTP/1.1" 404 -
17:43:04 "GET /api/projects/P2/handoffs HTTP/1.1" 200 -
17:43:08 "GET /api/sessions?view=open HTTP/1.1" 200 -
17:43:08 "GET /api/watches?state=ACTIVE HTTP/1.1" 200 -
17:43:08 "GET /api/watches?state=PAUSED HTTP/1.1" 200 -
17:43:08 "GET /api/watches HTTP/1.1" 200 -
17:43:08 "GET /api/watches?needsAttention=true HTTP/1.1" 200 -
17:43:12 "GET /api/sessions?view=open HTTP/1.1" 200 -
17:43:16 "GET /api/sessions?view=open HTTP/1.1" 200 -
17:43:21 "GET /api/sessions?view=open HTTP/1.1" 200 -
17:43:21 "GET /api/projects HTTP/1.1" 200 -
17:43:21 "GET /api/projects/sidebar HTTP/1.1" 200 -
17:43:21 "GET /api/projects/P2/panorama HTTP/1.1" 404 -
17:43:21 "GET /api/projects/P2/integration HTTP/1.1" 200 -
17:43:21 "GET /api/projects/P2 HTTP/1.1" 200 -
17:43:21 "GET /api/projects/P2/open-items HTTP/1.1" 200 -
17:43:21 "GET /api/projects/P2/coordinator/status HTTP/1.1" 404 -
17:43:22 "GET /api/projects/P2/tasks/page?limit=100 HTTP/1.1" 200 -
17:43:22 "GET /api/projects/P2/panorama/ready?limit=5 HTTP/1.1" 404 -
17:43:22 "GET /api/projects/P2/handoffs HTTP/1.1" 200 -
17:43:27 "GET /api/sessions?view=open HTTP/1.1" 200 -
17:43:31 "GET /api/sessions?view=open HTTP/1.1" 200 -
17:43:35 "GET /api/sessions?view=open HTTP/1.1" 200 -
17:43:39 "GET /api/sessions?view=open HTTP/1.1" 200 -
17:43:39 "GET /api/watches?state=ACTIVE HTTP/1.1" 200 -
17:43:39 "GET /api/watches?state=PAUSED HTTP/1.1" 200 -
17:43:39 "GET /api/watches HTTP/1.1" 200 -
17:43:39 "GET /api/watches?needsAttention=true HTTP/1.1" 200 -
17:43:39 "GET /api/projects HTTP/1.1" 200 -
17:43:39 "GET /api/projects/sidebar HTTP/1.1" 200 -
17:43:39 "GET /api/projects/P2/coordinator/status HTTP/1.1" 404 -
17:43:39 "GET /api/projects/P2 HTTP/1.1" 200 -
17:43:39 "GET /api/projects/P2/tasks/page?limit=100 HTTP/1.1" 200 -
17:43:39 "GET /api/projects/P2/integration HTTP/1.1" 200 -
17:43:39 "GET /api/projects/P2/open-items HTTP/1.1" 200 -
17:43:39 "GET /api/projects/P2/panorama/ready?limit=5 HTTP/1.1" 404 -
17:43:39 "GET /api/projects/P2/panorama HTTP/1.1" 404 -
17:43:39 "GET /api/projects/P2/handoffs HTTP/1.1" 200 -
17:43:44 "GET /api/sessions?view=open HTTP/1.1" 200 -
17:43:48 "GET /api/sessions?view=open HTTP/1.1" 200 -
17:43:52 "GET /api/sessions?view=open HTTP/1.1" 200 -
17:43:56 "GET /api/sessions?view=open HTTP/1.1" 200 -
17:43:56 "GET /api/projects/sidebar HTTP/1.1" 200 -
17:43:56 "GET /api/projects HTTP/1.1" 200 -
17:43:56 "GET /api/projects/P2 HTTP/1.1" 200 -
17:43:56 "GET /api/projects/P2/panorama HTTP/1.1" 404 -
17:43:56 "GET /api/projects/P2/panorama/ready?limit=5 HTTP/1.1" 404 -
17:43:56 "GET /api/projects/P2/integration HTTP/1.1" 200 -
17:43:56 "GET /api/projects/P2/open-items HTTP/1.1" 200 -
17:43:56 "GET /api/projects/P2/coordinator/status HTTP/1.1" 404 -
17:43:57 "GET /api/projects/P2/tasks/page?limit=100 HTTP/1.1" 200 -
17:43:57 "GET /api/projects/P2/handoffs HTTP/1.1" 200 -
17:44:02 "GET /api/sessions?view=open HTTP/1.1" 200 -
17:44:07 "GET /api/sessions?view=open HTTP/1.1" 200 -
17:44:11 "GET /api/sessions?view=open HTTP/1.1" 200 -
17:44:11 "GET /api/watches?state=ACTIVE HTTP/1.1" 200 -
17:44:11 "GET /api/watches?state=PAUSED HTTP/1.1" 200 -
17:44:11 "GET /api/watches HTTP/1.1" 200 -
17:44:11 "GET /api/watches?needsAttention=true HTTP/1.1" 200 -
17:44:12 BODY /api/projects/P2/start {"automatic": true, "criteriaDigest": "5d1a09c3be427777777777777777777777777777777777777777777777777777", "line": "PROJECT_BRANCH", "maxConcurrentTasks": 2, "mergeCheckCommand": "make test", "requestId": null, "upstreamRef": "refs/heads/develop"}
17:44:12 "POST /api/projects/P2/start HTTP/1.1" 201 -
17:44:12 "GET /api/projects/P2 HTTP/1.1" 200 -
17:44:12 "GET /api/projects/sidebar HTTP/1.1" 200 -
17:44:12 "GET /api/projects HTTP/1.1" 200 -
17:44:12 "GET /api/projects/P2/panorama HTTP/1.1" 404 -
17:44:12 "GET /api/projects/P2/integration HTTP/1.1" 200 -
17:44:12 "GET /api/projects/P2/panorama/ready?limit=5 HTTP/1.1" 404 -
17:44:12 "GET /api/projects/P2/tasks/page?limit=100 HTTP/1.1" 200 -
17:44:12 "GET /api/projects/P2/handoffs HTTP/1.1" 200 -
17:44:13 "GET /api/projects/P2/coordinator/status HTTP/1.1" 404 -
17:44:13 "GET /api/projects/P2/dependency-graph HTTP/1.1" 200 -
17:44:13 "GET /api/projects/P2/open-items HTTP/1.1" 200 -
17:44:15 "GET /__log HTTP/1.1" 200 -
17:44:15 "GET /api/sessions?view=open HTTP/1.1" 200 -
17:44:15 "GET /api/projects/sidebar HTTP/1.1" 200 -
17:44:15 "GET /api/projects HTTP/1.1" 200 -
17:44:15 "GET /api/projects/P2/integration HTTP/1.1" 200 -
17:44:15 "GET /api/projects/P2/coordinator/status HTTP/1.1" 404 -
17:44:15 "GET /api/projects/P2 HTTP/1.1" 200 -
17:44:15 "GET /api/projects/P2/panorama/ready?limit=5 HTTP/1.1" 404 -
17:44:15 "GET /api/projects/P2/panorama HTTP/1.1" 404 -
17:44:16 "GET /api/projects/P2/handoffs HTTP/1.1" 200 -
17:44:16 "GET /api/projects/P2/open-items HTTP/1.1" 200 -
17:44:16 "GET /api/projects/P2/tasks/page?limit=100 HTTP/1.1" 200 -
17:44:19 "POST /__reset HTTP/1.1" 200 -
17:44:39 "GET /api/users/me HTTP/1.1" 200 -
17:44:39 "GET /api/wiki/spaces HTTP/1.1" 404 -
17:44:39 "GET /api/agents HTTP/1.1" 200 -
17:44:39 "GET /api/users/me HTTP/1.1" 200 -
17:44:39 "GET /api/agents HTTP/1.1" 200 -
17:44:39 "GET /api/runners HTTP/1.1" 200 -
17:44:39 "GET /api/events HTTP/1.1" 200 -
17:44:40 "GET /api/sessions?view=open&since= HTTP/1.1" 200 -
17:44:40 "GET /api/providers HTTP/1.1" 200 -
17:44:40 "GET /api/providers HTTP/1.1" 200 -
17:44:40 "GET /api/sessions?view=open HTTP/1.1" 200 -
17:44:40 "GET /api/providers/pools HTTP/1.1" 200 -
17:44:40 "GET /api/providers/pools HTTP/1.1" 200 -
17:44:40 "GET /api/wiki/spaces HTTP/1.1" 404 -
17:44:40 "GET /api/watches?state=ACTIVE HTTP/1.1" 200 -
17:44:40 "GET /api/watches?state=ACTIVE HTTP/1.1" 200 -
17:44:40 "GET /api/providers/shared-pools HTTP/1.1" 200 -
17:44:40 "GET /api/providers/shared-pools HTTP/1.1" 200 -
17:44:40 "GET /api/watches?state=PAUSED HTTP/1.1" 200 -
17:44:40 "GET /api/session-tags HTTP/1.1" 200 -
17:44:40 "GET /api/watches HTTP/1.1" 200 -
17:44:40 "GET /api/watches?state=PAUSED HTTP/1.1" 200 -
17:44:40 "GET /api/watches?needsAttention=true HTTP/1.1" 200 -
17:44:40 "GET /api/watches HTTP/1.1" 200 -
17:44:40 "GET /api/watches?needsAttention=true HTTP/1.1" 200 -
17:44:40 "GET /api/agents HTTP/1.1" 200 -
17:44:40 "GET /api/sessions?view=open HTTP/1.1" 200 -
17:44:40 "GET /api/auth/capabilities HTTP/1.1" 404 -
17:44:40 "GET /api/runners HTTP/1.1" 200 -
17:44:40 "GET /api/providers HTTP/1.1" 200 -
17:44:40 "GET /api/providers/pools HTTP/1.1" 200 -
17:44:40 "GET /api/providers/shared-pools HTTP/1.1" 200 -
17:44:41 "GET /api/task-lists HTTP/1.1" 200 -
17:44:41 "GET /api/tasks/page?limit=1&listId=none&projectId=none&counts=total HTTP/1.1" 404 -
17:44:42 "GET /api/projects/sidebar HTTP/1.1" 200 -
17:44:42 "GET /api/projects HTTP/1.1" 200 -
17:44:42 "GET /api/projects/P1 HTTP/1.1" 200 -
17:44:42 "GET /api/projects/P1/integration HTTP/1.1" 200 -
17:44:42 "GET /api/projects/P1/panorama HTTP/1.1" 404 -
17:44:42 "GET /api/projects/P1/dependency-graph HTTP/1.1" 200 -
17:44:42 "GET /api/projects/P1/open-items HTTP/1.1" 200 -
17:44:42 "GET /api/projects/P1/coordinator/status HTTP/1.1" 404 -
17:44:42 "GET /api/projects/P1/panorama/ready?limit=5 HTTP/1.1" 404 -
17:44:42 "GET /api/projects/P1/tasks/page?limit=100 HTTP/1.1" 200 -
17:44:42 "GET /api/projects/P1/handoffs HTTP/1.1" 200 -
17:44:42 "GET /api/projects/P1/share HTTP/1.1" 404 -
17:44:44 "GET /api/sessions?view=open HTTP/1.1" 200 -
17:44:45 "GET /api/projects/sidebar HTTP/1.1" 200 -
17:44:45 "GET /api/projects HTTP/1.1" 200 -
17:44:45 "GET /api/projects/P1/panorama HTTP/1.1" 404 -
17:44:45 "GET /api/projects/P1/integration HTTP/1.1" 200 -
17:44:45 "GET /api/projects/P1 HTTP/1.1" 200 -
17:44:45 "GET /api/projects/P1/coordinator/status HTTP/1.1" 404 -
17:44:45 "GET /api/projects/P1/open-items HTTP/1.1" 200 -
17:44:45 "GET /api/projects/P1/tasks/page?limit=100 HTTP/1.1" 200 -
17:44:45 "GET /api/projects/P1/handoffs HTTP/1.1" 200 -
17:44:45 "GET /api/projects/P1/panorama/ready?limit=5 HTTP/1.1" 404 -
17:44:49 "GET /api/sessions?view=open HTTP/1.1" 200 -
17:44:51 BODY /api/projects/P1/integration {"upstreamRef": "refs/heads/develop"}
17:44:51 "PATCH /api/projects/P1/integration HTTP/1.1" 200 -
17:44:51 "GET /api/projects/P1 HTTP/1.1" 200 -
17:44:51 "GET /api/projects/P1/open-items HTTP/1.1" 200 -
17:44:51 "GET /api/projects/P1/integration HTTP/1.1" 200 -
17:44:51 "GET /api/projects/P1/dependency-graph HTTP/1.1" 200 -
17:44:51 "GET /api/projects/P1/coordinator/status HTTP/1.1" 404 -
17:44:51 "GET /api/projects/sidebar HTTP/1.1" 200 -
17:44:51 "GET /api/projects/P1/tasks/page?limit=100 HTTP/1.1" 200 -
17:44:51 "GET /api/projects/P1/panorama/ready?limit=5 HTTP/1.1" 404 -
17:44:51 "GET /api/projects/P1/panorama HTTP/1.1" 404 -
17:44:51 "GET /api/projects HTTP/1.1" 200 -
17:44:51 "GET /api/projects/P1/handoffs HTTP/1.1" 200 -
17:44:53 "GET /api/sessions?view=open HTTP/1.1" 200 -
17:44:55 "GET /__log HTTP/1.1" 200 -
17:44:58 "GET /api/sessions?view=open HTTP/1.1" 200 -
17:44:58 "POST /__reset HTTP/1.1" 200 -
17:45:16 "GET /api/users/me HTTP/1.1" 200 -
17:45:16 "GET /api/agents HTTP/1.1" 200 -
17:45:16 "GET /api/wiki/spaces HTTP/1.1" 404 -
17:45:17 "GET /api/users/me HTTP/1.1" 200 -
17:45:17 "GET /api/events HTTP/1.1" 200 -
17:45:17 "GET /api/runners HTTP/1.1" 200 -
17:45:17 "GET /api/agents HTTP/1.1" 200 -
17:45:17 "GET /api/sessions?view=open&since= HTTP/1.1" 200 -
17:45:17 "GET /api/providers HTTP/1.1" 200 -
17:45:17 "GET /api/providers HTTP/1.1" 200 -
17:45:17 "GET /api/sessions?view=open HTTP/1.1" 200 -
17:45:17 "GET /api/providers/pools HTTP/1.1" 200 -
17:45:17 "GET /api/providers/pools HTTP/1.1" 200 -
17:45:17 "GET /api/watches?state=ACTIVE HTTP/1.1" 200 -
17:45:17 "GET /api/watches?state=ACTIVE HTTP/1.1" 200 -
17:45:17 "GET /api/wiki/spaces HTTP/1.1" 404 -
17:45:17 "GET /api/providers/shared-pools HTTP/1.1" 200 -
17:45:17 "GET /api/providers/shared-pools HTTP/1.1" 200 -
17:45:17 "GET /api/watches?state=PAUSED HTTP/1.1" 200 -
17:45:17 "GET /api/watches?state=PAUSED HTTP/1.1" 200 -
17:45:17 "GET /api/watches HTTP/1.1" 200 -
17:45:17 "GET /api/watches HTTP/1.1" 200 -
17:45:17 "GET /api/watches?needsAttention=true HTTP/1.1" 200 -
17:45:17 "GET /api/watches?needsAttention=true HTTP/1.1" 200 -
17:45:18 "GET /api/session-tags HTTP/1.1" 200 -
17:45:18 "GET /api/sessions?view=open HTTP/1.1" 200 -
17:45:18 "GET /api/agents HTTP/1.1" 200 -
17:45:18 "GET /api/auth/capabilities HTTP/1.1" 404 -
17:45:18 "GET /api/runners HTTP/1.1" 200 -
17:45:18 "GET /api/providers HTTP/1.1" 200 -
17:45:18 "GET /api/providers/pools HTTP/1.1" 200 -
17:45:18 "GET /api/providers/shared-pools HTTP/1.1" 200 -
17:45:18 "GET /api/task-lists HTTP/1.1" 200 -
17:45:18 "GET /api/tasks/page?limit=1&listId=none&projectId=none&counts=total HTTP/1.1" 404 -
17:45:19 "GET /api/projects/sidebar HTTP/1.1" 200 -
17:45:19 "GET /api/projects HTTP/1.1" 200 -
17:45:19 "GET /api/projects/P3/panorama HTTP/1.1" 404 -
17:45:19 "GET /api/projects/P3 HTTP/1.1" 200 -
17:45:19 "GET /api/projects/P3/integration HTTP/1.1" 200 -
17:45:19 "GET /api/projects/P3/coordinator/status HTTP/1.1" 404 -
17:45:19 "GET /api/projects/P3/dependency-graph HTTP/1.1" 200 -
17:45:19 "GET /api/projects/P3/panorama/ready?limit=5 HTTP/1.1" 404 -
17:45:19 "GET /api/projects/P3/handoffs HTTP/1.1" 200 -
17:45:19 "GET /api/projects/P3/tasks/page?limit=100 HTTP/1.1" 200 -
17:45:19 "GET /api/projects/P3/open-items HTTP/1.1" 200 -
17:45:19 "GET /api/projects/P3/share HTTP/1.1" 404 -
17:45:22 "GET /api/sessions?view=open HTTP/1.1" 200 -
17:45:22 "GET /api/projects/sidebar HTTP/1.1" 200 -
17:45:22 "GET /api/projects HTTP/1.1" 200 -
17:45:23 "GET /api/projects/P3/panorama HTTP/1.1" 404 -
17:45:23 "GET /api/projects/P3/integration HTTP/1.1" 200 -
17:45:23 "GET /api/projects/P3 HTTP/1.1" 200 -
17:45:23 "GET /api/projects/P3/panorama/ready?limit=5 HTTP/1.1" 404 -
17:45:23 "GET /api/projects/P3/coordinator/status HTTP/1.1" 404 -
17:45:23 "GET /api/projects/P3/open-items HTTP/1.1" 200 -
17:45:23 "GET /api/projects/P3/handoffs HTTP/1.1" 200 -
17:45:23 "GET /api/projects/P3/tasks/page?limit=100 HTTP/1.1" 200 -
17:45:25 "POST /__reset HTTP/1.1" 200 -
17:45:43 "GET /api/wiki/spaces HTTP/1.1" 404 -
17:45:43 "GET /api/agents HTTP/1.1" 200 -
17:45:43 "GET /api/users/me HTTP/1.1" 200 -
17:45:43 "GET /api/events HTTP/1.1" 200 -
17:45:43 "GET /api/runners HTTP/1.1" 200 -
17:45:43 "GET /api/users/me HTTP/1.1" 200 -
17:45:43 "GET /api/agents HTTP/1.1" 200 -
17:45:43 "GET /api/sessions?view=open&since= HTTP/1.1" 200 -
17:45:44 "GET /api/providers HTTP/1.1" 200 -
17:45:44 "GET /api/sessions?view=open HTTP/1.1" 200 -
17:45:44 "GET /api/runners HTTP/1.1" 200 -
17:45:44 "GET /api/providers/pools HTTP/1.1" 200 -
17:45:44 "GET /api/watches?state=ACTIVE HTTP/1.1" 200 -
17:45:44 "GET /api/wiki/spaces HTTP/1.1" 404 -
17:45:44 "GET /api/watches?state=ACTIVE HTTP/1.1" 200 -
17:45:44 "GET /api/providers HTTP/1.1" 200 -
17:45:44 "GET /api/watches?state=PAUSED HTTP/1.1" 200 -
17:45:44 "GET /api/providers/shared-pools HTTP/1.1" 200 -
17:45:44 "GET /api/watches?state=PAUSED HTTP/1.1" 200 -
17:45:44 "GET /api/providers/pools HTTP/1.1" 200 -
17:45:44 "GET /api/watches HTTP/1.1" 200 -
17:45:44 "GET /api/watches HTTP/1.1" 200 -
17:45:44 "GET /api/watches?needsAttention=true HTTP/1.1" 200 -
17:45:44 "GET /api/watches?needsAttention=true HTTP/1.1" 200 -
17:45:44 "GET /api/session-tags HTTP/1.1" 200 -
17:45:44 "GET /api/providers/shared-pools HTTP/1.1" 200 -
17:45:44 "GET /api/auth/capabilities HTTP/1.1" 404 -
17:45:44 "GET /api/sessions?view=open HTTP/1.1" 200 -
17:45:44 "GET /api/agents HTTP/1.1" 200 -
17:45:44 "GET /api/runners HTTP/1.1" 200 -
17:45:44 "GET /api/providers HTTP/1.1" 200 -
17:45:44 "GET /api/providers/pools HTTP/1.1" 200 -
17:45:44 "GET /api/providers/shared-pools HTTP/1.1" 200 -
17:45:44 "GET /api/task-lists HTTP/1.1" 200 -
17:45:44 "GET /api/tasks/page?limit=1&listId=none&projectId=none&counts=total HTTP/1.1" 404 -
17:45:45 "GET /api/projects/sidebar HTTP/1.1" 200 -
17:45:45 "GET /api/projects HTTP/1.1" 200 -
17:45:46 "GET /api/projects/P4/panorama HTTP/1.1" 404 -
17:45:46 "GET /api/projects/P4/integration HTTP/1.1" 200 -
17:45:46 "GET /api/projects/P4 HTTP/1.1" 200 -
17:45:46 "GET /api/projects/P4/open-items HTTP/1.1" 200 -
17:45:46 "GET /api/projects/P4/coordinator/status HTTP/1.1" 404 -
17:45:46 "GET /api/projects/P4/handoffs HTTP/1.1" 200 -
17:45:46 "GET /api/projects/P4/tasks/page?limit=100 HTTP/1.1" 200 -
17:45:46 "GET /api/projects/P4/dependency-graph HTTP/1.1" 200 -
17:45:46 "GET /api/projects/P4/panorama/ready?limit=5 HTTP/1.1" 404 -
17:45:46 "GET /api/projects/P4/share HTTP/1.1" 404 -
17:45:48 "GET /api/sessions?view=open HTTP/1.1" 200 -
17:45:48 "GET /api/projects HTTP/1.1" 200 -
17:45:48 "GET /api/projects/sidebar HTTP/1.1" 200 -
17:45:49 "GET /api/projects/P4/panorama HTTP/1.1" 404 -
17:45:49 "GET /api/projects/P4/integration HTTP/1.1" 200 -
17:45:49 "GET /api/projects/P4 HTTP/1.1" 200 -
17:45:49 "GET /api/projects/P4/coordinator/status HTTP/1.1" 404 -
17:45:49 "GET /api/projects/P4/open-items HTTP/1.1" 200 -
17:45:49 "GET /api/projects/P4/handoffs HTTP/1.1" 200 -
17:45:49 "GET /api/projects/P4/tasks/page?limit=100 HTTP/1.1" 200 -
17:45:49 "GET /api/projects/P4/panorama/ready?limit=5 HTTP/1.1" 404 -
17:45:51 "GET /api/projects/P4/acceptance/confirmation HTTP/1.1" 200 -
17:45:53 "GET /api/sessions?view=open HTTP/1.1" 200 -
