12:22:20.070 [available] "GET /api/agents HTTP/1.1" 200 -
12:28:05.762 [capability-missing] "POST /__set HTTP/1.1" 200 -
12:28:09.312 [capability-missing] "GET /api/agents HTTP/1.1" 200 -
12:28:09.313 [capability-missing] "GET /api/agents HTTP/1.1" 200 -
12:28:09.314 [capability-missing] "GET /api/wiki/spaces HTTP/1.1" 404 -
12:28:09.773 [capability-missing] "GET /api/events HTTP/1.1" 404 -
12:28:09.773 [capability-missing] "GET /api/providers HTTP/1.1" 200 -
12:28:09.774 [capability-missing] "GET /api/users/me HTTP/1.1" 404 -
12:28:09.774 [capability-missing] "GET /api/runners HTTP/1.1" 200 -
12:28:09.975 [capability-missing] "GET /api/sessions?view=open&since= HTTP/1.1" 200 -
12:28:09.989 [capability-missing] "GET /api/providers/pools HTTP/1.1" 200 -
12:28:09.993 [capability-missing] "GET /api/providers HTTP/1.1" 200 -
12:28:10.012 [capability-missing] "GET /api/watches?state=ACTIVE HTTP/1.1" 200 -
12:28:10.025 [capability-missing] "GET /api/providers/shared-pools HTTP/1.1" 200 -
12:28:10.097 [capability-missing] "GET /api/providers/pools HTTP/1.1" 200 -
12:28:10.612 [capability-missing] "GET /api/watches?state=PAUSED HTTP/1.1" 200 -
12:28:10.649 [capability-missing] "GET /api/session-tags HTTP/1.1" 200 -
12:28:10.662 [capability-missing] "GET /api/runners HTTP/1.1" 200 -
12:28:10.664 [capability-missing] "GET /api/watches HTTP/1.1" 200 -
12:28:10.671 [capability-missing] "GET /api/watches?needsAttention=true HTTP/1.1" 200 -
12:28:11.584 [capability-missing] "GET /api/providers/shared-pools HTTP/1.1" 200 -
12:28:15.105 [capability-missing] "GET /api/sessions?view=open HTTP/1.1" 200 -
12:28:15.113 [capability-missing] "GET /api/providers/pools HTTP/1.1" 200 -
12:28:15.133 [capability-missing] "GET /api/auth/capabilities HTTP/1.1" 404 -
12:28:15.247 [capability-missing] "GET /api/providers/shared-pools HTTP/1.1" 200 -
12:28:15.333 [capability-missing] "GET /api/providers HTTP/1.1" 200 -
12:28:20.374 [capability-missing] MARK 01-capability-missing
12:28:20.382 [capability-missing] "GET /api/sessions?view=open HTTP/1.1" 200 -
12:28:20.397 [capability-missing] "POST /__mark HTTP/1.1" 200 -
12:28:22.478 [capability-missing] "GET /__log HTTP/1.1" 200 -
12:28:22.846 [capability-off] "POST /__set HTTP/1.1" 200 -
12:28:24.229 [capability-off] "GET /api/agents HTTP/1.1" 200 -
12:28:24.233 [capability-off] "GET /api/agents HTTP/1.1" 200 -
12:28:24.233 [capability-off] "GET /api/wiki/spaces HTTP/1.1" 404 -
12:28:24.587 [capability-off] "GET /api/runners HTTP/1.1" 200 -
12:28:24.615 [capability-off] "GET /api/users/me HTTP/1.1" 404 -
12:28:24.616 [capability-off] "GET /api/providers HTTP/1.1" 200 -
12:28:24.624 [capability-off] "GET /api/events HTTP/1.1" 404 -
12:28:24.629 [capability-off] "GET /api/providers HTTP/1.1" 200 -
12:28:24.657 [capability-off] "GET /api/sessions?view=open&since= HTTP/1.1" 200 -
12:28:24.665 [capability-off] "GET /api/providers/pools HTTP/1.1" 200 -
12:28:24.666 [capability-off] "GET /api/providers/pools HTTP/1.1" 200 -
12:28:24.672 [capability-off] "GET /api/watches?state=ACTIVE HTTP/1.1" 200 -
12:28:24.673 [capability-off] "GET /api/providers/shared-pools HTTP/1.1" 200 -
12:28:24.677 [capability-off] "GET /api/providers/shared-pools HTTP/1.1" 200 -
12:28:24.684 [capability-off] "GET /api/watches?state=PAUSED HTTP/1.1" 200 -
12:28:24.750 [capability-off] "GET /api/watches HTTP/1.1" 200 -
12:28:24.838 [capability-off] "GET /api/session-tags HTTP/1.1" 200 -
12:28:24.844 [capability-off] "GET /api/watches?needsAttention=true HTTP/1.1" 200 -
12:28:25.079 [capability-off] "GET /api/auth/capabilities HTTP/1.1" 200 -
12:28:25.082 [capability-off] "GET /api/sessions?view=open HTTP/1.1" 200 -
12:28:25.225 [capability-off] "GET /api/runners HTTP/1.1" 200 -
12:28:25.505 [capability-off] "GET /api/providers/pools HTTP/1.1" 200 -
12:28:25.620 [capability-off] "GET /api/providers/shared-pools HTTP/1.1" 200 -
12:28:25.637 [capability-off] "GET /api/providers HTTP/1.1" 200 -
12:28:29.470 [capability-off] "GET /api/sessions?view=open HTTP/1.1" 200 -
12:28:30.025 [capability-off] MARK 02-capability-off
12:28:30.031 [capability-off] "POST /__mark HTTP/1.1" 200 -
12:28:31.791 [capability-off] "GET /__log HTTP/1.1" 200 -
12:28:31.965 [preparing] "POST /__set HTTP/1.1" 200 -
12:28:33.132 [preparing] "GET /api/agents HTTP/1.1" 200 -
12:28:33.133 [preparing] "GET /api/agents HTTP/1.1" 200 -
12:28:33.133 [preparing] "GET /api/wiki/spaces HTTP/1.1" 404 -
12:28:33.462 [preparing] "GET /api/events HTTP/1.1" 404 -
12:28:33.472 [preparing] "GET /api/providers HTTP/1.1" 200 -
12:28:33.473 [preparing] "GET /api/runners HTTP/1.1" 200 -
12:28:33.480 [preparing] "GET /api/users/me HTTP/1.1" 404 -
12:28:33.514 [preparing] "GET /api/providers/pools HTTP/1.1" 200 -
12:28:33.519 [preparing] "GET /api/providers HTTP/1.1" 200 -
12:28:33.522 [preparing] "GET /api/sessions?view=open&since= HTTP/1.1" 200 -
12:28:33.523 [preparing] "GET /api/providers/shared-pools HTTP/1.1" 200 -
12:28:33.531 [preparing] "GET /api/providers/pools HTTP/1.1" 200 -
12:28:33.534 [preparing] "GET /api/watches?state=ACTIVE HTTP/1.1" 200 -
12:28:33.543 [preparing] "GET /api/watches?state=PAUSED HTTP/1.1" 200 -
12:28:33.549 [preparing] "GET /api/watches HTTP/1.1" 200 -
12:28:33.629 [preparing] "GET /api/watches?needsAttention=true HTTP/1.1" 200 -
12:28:33.635 [preparing] "GET /api/session-tags HTTP/1.1" 200 -
12:28:33.894 [preparing] "GET /api/providers/shared-pools HTTP/1.1" 200 -
12:28:33.899 [preparing] "GET /api/auth/capabilities HTTP/1.1" 200 -
12:28:33.899 [preparing] "GET /api/sessions?view=open HTTP/1.1" 200 -
12:28:33.981 [preparing] "GET /api/runners HTTP/1.1" 200 -
12:28:34.059 [preparing] "GET /api/providers/pools HTTP/1.1" 200 -
12:28:34.060 [preparing] "GET /api/managed-runner HTTP/1.1" 200 -
12:28:34.208 [preparing] "GET /api/providers/shared-pools HTTP/1.1" 200 -
12:28:34.321 [preparing] "GET /api/providers HTTP/1.1" 200 -
12:28:38.419 [preparing] "GET /api/sessions?view=open HTTP/1.1" 200 -
12:28:39.433 [preparing] MARK 03-preparing
12:28:39.438 [preparing] "POST /__mark HTTP/1.1" 200 -
12:28:41.465 [waiting-capacity] "POST /__set HTTP/1.1" 200 -
12:28:42.715 [waiting-capacity] "GET /api/agents HTTP/1.1" 200 -
12:28:43.061 [waiting-capacity] "GET /api/wiki/spaces HTTP/1.1" 404 -
12:28:43.102 [waiting-capacity] "GET /api/agents HTTP/1.1" 200 -
12:28:43.106 [waiting-capacity] "GET /api/events HTTP/1.1" 404 -
12:28:43.107 [waiting-capacity] "GET /api/users/me HTTP/1.1" 404 -
12:28:43.111 [waiting-capacity] "GET /api/runners HTTP/1.1" 200 -
12:28:43.176 [waiting-capacity] "GET /api/providers HTTP/1.1" 200 -
12:28:43.180 [waiting-capacity] "GET /api/sessions?view=open&since= HTTP/1.1" 200 -
12:28:43.182 [waiting-capacity] "GET /api/providers HTTP/1.1" 200 -
12:28:43.183 [waiting-capacity] "GET /api/providers/pools HTTP/1.1" 200 -
12:28:43.199 [waiting-capacity] "GET /api/watches?state=ACTIVE HTTP/1.1" 200 -
12:28:43.208 [waiting-capacity] "GET /api/watches?state=PAUSED HTTP/1.1" 200 -
12:28:43.209 [waiting-capacity] "GET /api/providers/shared-pools HTTP/1.1" 200 -
12:28:43.210 [waiting-capacity] "GET /api/providers/pools HTTP/1.1" 200 -
12:28:43.218 [waiting-capacity] "GET /api/watches HTTP/1.1" 200 -
12:28:43.230 [waiting-capacity] "GET /api/watches?needsAttention=true HTTP/1.1" 200 -
12:28:43.241 [waiting-capacity] "GET /api/session-tags HTTP/1.1" 200 -
12:28:43.556 [waiting-capacity] "GET /api/auth/capabilities HTTP/1.1" 200 -
12:28:43.565 [waiting-capacity] "GET /api/providers/shared-pools HTTP/1.1" 200 -
12:28:43.576 [waiting-capacity] "GET /api/sessions?view=open HTTP/1.1" 200 -
12:28:43.594 [waiting-capacity] "GET /api/managed-runner HTTP/1.1" 200 -
12:28:43.681 [waiting-capacity] "GET /api/runners HTTP/1.1" 200 -
12:28:43.954 [waiting-capacity] "GET /api/providers/pools HTTP/1.1" 200 -
12:28:45.060 [waiting-capacity] "GET /api/providers/shared-pools HTTP/1.1" 200 -
12:28:45.135 [waiting-capacity] "GET /api/providers HTTP/1.1" 200 -
12:28:47.841 [waiting-capacity] "GET /api/sessions?view=open HTTP/1.1" 200 -
12:28:49.019 [waiting-capacity] MARK 04-waiting-capacity
12:28:49.020 [waiting-capacity] "POST /__mark HTTP/1.1" 200 -
12:28:51.005 [available] "POST /__set HTTP/1.1" 200 -
12:28:52.215 [available] "GET /api/agents HTTP/1.1" 200 -
12:28:52.238 [available] "GET /api/agents HTTP/1.1" 200 -
12:28:52.242 [available] "GET /api/wiki/spaces HTTP/1.1" 404 -
12:28:52.244 [available] "GET /api/events HTTP/1.1" 404 -
12:28:52.246 [available] "GET /api/users/me HTTP/1.1" 404 -
12:28:52.247 [available] "GET /api/runners HTTP/1.1" 200 -
12:28:52.275 [available] "GET /api/providers HTTP/1.1" 200 -
12:28:52.275 [available] "GET /api/providers HTTP/1.1" 200 -
12:28:52.294 [available] "GET /api/providers/pools HTTP/1.1" 200 -
12:28:52.301 [available] "GET /api/sessions?view=open&since= HTTP/1.1" 200 -
12:28:52.307 [available] "GET /api/providers/pools HTTP/1.1" 200 -
12:28:52.316 [available] "GET /api/watches?state=ACTIVE HTTP/1.1" 200 -
12:28:52.317 [available] "GET /api/providers/shared-pools HTTP/1.1" 200 -
12:28:52.329 [available] "GET /api/providers/shared-pools HTTP/1.1" 200 -
12:28:52.335 [available] "GET /api/watches?state=PAUSED HTTP/1.1" 200 -
12:28:52.341 [available] "GET /api/watches HTTP/1.1" 200 -
12:28:52.346 [available] "GET /api/watches?needsAttention=true HTTP/1.1" 200 -
12:28:52.546 [available] "GET /api/session-tags HTTP/1.1" 200 -
12:28:52.566 [available] "GET /api/runners HTTP/1.1" 200 -
12:28:53.137 [available] "GET /api/auth/capabilities HTTP/1.1" 200 -
12:28:53.145 [available] "GET /api/sessions?view=open HTTP/1.1" 200 -
12:28:53.146 [available] "GET /api/providers/pools HTTP/1.1" 200 -
12:28:53.150 [available] "GET /api/managed-runner HTTP/1.1" 200 -
12:28:53.285 [available] "GET /api/providers/shared-pools HTTP/1.1" 200 -
12:28:53.295 [available] "GET /api/providers HTTP/1.1" 200 -
12:28:57.341 [available] "GET /api/sessions?view=open HTTP/1.1" 200 -
12:28:57.736 [available] MARK 05-available
12:28:57.736 [available] "POST /__mark HTTP/1.1" 200 -
12:28:59.799 [sleeping] "POST /__set HTTP/1.1" 200 -
12:29:00.725 [sleeping] "GET /api/agents HTTP/1.1" 200 -
12:29:00.725 [sleeping] "GET /api/agents HTTP/1.1" 200 -
12:29:00.728 [sleeping] "GET /api/wiki/spaces HTTP/1.1" 404 -
12:29:00.890 [sleeping] "GET /api/events HTTP/1.1" 404 -
12:29:00.900 [sleeping] "GET /api/runners HTTP/1.1" 200 -
12:29:00.901 [sleeping] "GET /api/providers HTTP/1.1" 200 -
12:29:00.901 [sleeping] "GET /api/users/me HTTP/1.1" 404 -
12:29:00.913 [sleeping] "GET /api/sessions?view=open&since= HTTP/1.1" 200 -
12:29:00.915 [sleeping] "GET /api/providers HTTP/1.1" 200 -
12:29:00.926 [sleeping] "GET /api/providers/pools HTTP/1.1" 200 -
12:29:00.930 [sleeping] "GET /api/watches?state=ACTIVE HTTP/1.1" 200 -
12:29:00.931 [sleeping] "GET /api/providers/pools HTTP/1.1" 200 -
12:29:00.936 [sleeping] "GET /api/providers/shared-pools HTTP/1.1" 200 -
12:29:00.936 [sleeping] "GET /api/watches?state=PAUSED HTTP/1.1" 200 -
12:29:00.939 [sleeping] "GET /api/providers/shared-pools HTTP/1.1" 200 -
12:29:00.940 [sleeping] "GET /api/watches HTTP/1.1" 200 -
12:29:00.942 [sleeping] "GET /api/watches?needsAttention=true HTTP/1.1" 200 -
12:29:01.049 [sleeping] "GET /api/session-tags HTTP/1.1" 200 -
12:29:01.231 [sleeping] "GET /api/auth/capabilities HTTP/1.1" 200 -
12:29:01.234 [sleeping] "GET /api/sessions?view=open HTTP/1.1" 200 -
12:29:01.523 [sleeping] "GET /api/sessions/S1/events/page?tail=200&maxPayload=2048 HTTP/1.1" 200 -
12:29:01.530 [sleeping] "GET /api/sessions/S1/created-tasks HTTP/1.1" 404 -
12:29:01.531 [sleeping] "GET /api/sessions/S1 HTTP/1.1" 200 -
12:29:01.532 [sleeping] "GET /api/managed-runner HTTP/1.1" 200 -
12:29:01.532 [sleeping] "GET /api/tasks/evidence-decisions/pending?decidingSessionId=S1 HTTP/1.1" 404 -
12:29:01.532 [sleeping] "GET /api/sessions/S1/approvals?status=PENDING HTTP/1.1" 200 -
12:29:01.651 [sleeping] "GET /api/sessions/S1/background HTTP/1.1" 404 -
12:29:01.653 [sleeping] "GET /api/sessions/S1/events?sinceSeq=6&maxPayload=2048 HTTP/1.1" 200 -
12:29:02.495 [sleeping] "GET /api/sessions/S1/turns?view=active HTTP/1.1" 200 -
12:29:02.498 [sleeping] "GET /api/sessions/S1 HTTP/1.1" 200 -
12:29:02.615 [sleeping] "GET /api/runners HTTP/1.1" 200 -
12:29:02.741 [sleeping] "GET /api/tasks/evidence-decisions/pending?decidingSessionId=S1 HTTP/1.1" 404 -
12:29:02.741 [sleeping] "GET /api/providers/pools HTTP/1.1" 200 -
12:29:02.778 [sleeping] "GET /api/providers/shared-pools HTTP/1.1" 200 -
12:29:02.787 [sleeping] "GET /api/providers HTTP/1.1" 200 -
12:29:05.701 [sleeping] "GET /api/sessions?view=open HTTP/1.1" 200 -
12:29:07.874 [sleeping] MARK 06-sleeping
12:29:07.874 [sleeping] "POST /__mark HTTP/1.1" 200 -
12:29:09.937 [waking] "POST /__set HTTP/1.1" 200 -
12:29:11.652 [waking] "GET /api/agents HTTP/1.1" 200 -
12:29:11.671 [waking] "GET /api/agents HTTP/1.1" 200 -
12:29:11.675 [waking] "GET /api/wiki/spaces HTTP/1.1" 404 -
12:29:12.004 [waking] "GET /api/runners HTTP/1.1" 200 -
12:29:12.009 [waking] "GET /api/users/me HTTP/1.1" 404 -
12:29:12.100 [waking] "GET /api/providers HTTP/1.1" 200 -
12:29:12.111 [waking] "GET /api/events HTTP/1.1" 404 -
12:29:12.114 [waking] "GET /api/providers HTTP/1.1" 200 -
12:29:12.115 [waking] "GET /api/sessions?view=open&since= HTTP/1.1" 200 -
12:29:12.115 [waking] "GET /api/providers/pools HTTP/1.1" 200 -
12:29:12.153 [waking] "GET /api/providers/pools HTTP/1.1" 200 -
12:29:12.156 [waking] "GET /api/watches?state=ACTIVE HTTP/1.1" 200 -
12:29:12.183 [waking] "GET /api/providers/shared-pools HTTP/1.1" 200 -
12:29:12.302 [waking] "GET /api/providers/shared-pools HTTP/1.1" 200 -
12:29:12.353 [waking] "GET /api/watches?state=PAUSED HTTP/1.1" 200 -
12:29:12.362 [waking] "GET /api/session-tags HTTP/1.1" 200 -
12:29:12.367 [waking] "GET /api/sessions?view=open HTTP/1.1" 200 -
12:29:12.377 [waking] "GET /api/watches HTTP/1.1" 200 -
12:29:12.444 [waking] "GET /api/watches?needsAttention=true HTTP/1.1" 200 -
12:29:13.116 [waking] "GET /api/sessions/S1/events/page?tail=200&maxPayload=2048 HTTP/1.1" 200 -
12:29:13.124 [waking] "GET /api/sessions/S1/created-tasks HTTP/1.1" 404 -
12:29:13.126 [waking] "GET /api/sessions/S1 HTTP/1.1" 200 -
12:29:13.128 [waking] "GET /api/auth/capabilities HTTP/1.1" 200 -
12:29:13.136 [waking] "GET /api/tasks/evidence-decisions/pending?decidingSessionId=S1 HTTP/1.1" 404 -
12:29:13.764 [waking] "GET /api/sessions/S1/events?sinceSeq=6&maxPayload=2048 HTTP/1.1" 200 -
12:29:13.807 [waking] "GET /api/sessions/S1/background HTTP/1.1" 404 -
12:29:13.810 [waking] "GET /api/managed-runner HTTP/1.1" 200 -
12:29:14.085 [waking] "GET /api/sessions/S1/turns?view=active HTTP/1.1" 200 -
12:29:14.086 [waking] "GET /api/sessions/S1 HTTP/1.1" 200 -
12:29:14.086 [waking] "GET /api/sessions/S1/approvals?status=PENDING HTTP/1.1" 200 -
12:29:14.150 [waking] "GET /api/runners HTTP/1.1" 200 -
12:29:14.167 [waking] "GET /api/tasks/evidence-decisions/pending?decidingSessionId=S1 HTTP/1.1" 404 -
12:29:14.169 [waking] "GET /api/providers/pools HTTP/1.1" 200 -
12:29:14.180 [waking] "GET /api/providers/shared-pools HTTP/1.1" 200 -
12:29:14.184 [waking] "GET /api/providers HTTP/1.1" 200 -
12:29:17.991 [waking] "GET /api/sessions?view=open HTTP/1.1" 200 -
12:29:19.187 [waking] MARK 07-waking
12:29:19.187 [waking] "POST /__mark HTTP/1.1" 200 -
12:29:21.172 [failed-retry] "POST /__set HTTP/1.1" 200 -
12:29:22.627 [failed-retry] "GET /api/agents HTTP/1.1" 200 -
12:29:22.634 [failed-retry] "GET /api/agents HTTP/1.1" 200 -
12:29:22.642 [failed-retry] "GET /api/wiki/spaces HTTP/1.1" 404 -
12:29:23.012 [failed-retry] "GET /api/events HTTP/1.1" 404 -
12:29:23.028 [failed-retry] "GET /api/users/me HTTP/1.1" 404 -
12:29:23.030 [failed-retry] "GET /api/runners HTTP/1.1" 200 -
12:29:23.030 [failed-retry] "GET /api/providers HTTP/1.1" 200 -
12:29:23.148 [failed-retry] "GET /api/sessions?view=open&since= HTTP/1.1" 200 -
12:29:23.151 [failed-retry] "GET /api/providers HTTP/1.1" 200 -
12:29:23.157 [failed-retry] "GET /api/providers/pools HTTP/1.1" 200 -
12:29:23.159 [failed-retry] "GET /api/providers/pools HTTP/1.1" 200 -
12:29:23.202 [failed-retry] "GET /api/watches?state=ACTIVE HTTP/1.1" 200 -
12:29:23.206 [failed-retry] "GET /api/providers/shared-pools HTTP/1.1" 200 -
12:29:23.214 [failed-retry] "GET /api/providers/shared-pools HTTP/1.1" 200 -
12:29:23.222 [failed-retry] "GET /api/watches?state=PAUSED HTTP/1.1" 200 -
12:29:23.265 [failed-retry] "GET /api/watches HTTP/1.1" 200 -
12:29:23.269 [failed-retry] "GET /api/session-tags HTTP/1.1" 200 -
12:29:23.333 [failed-retry] "GET /api/watches?needsAttention=true HTTP/1.1" 200 -
12:29:23.621 [failed-retry] "GET /api/sessions?view=open HTTP/1.1" 200 -
12:29:23.637 [failed-retry] "GET /api/auth/capabilities HTTP/1.1" 200 -
12:29:23.722 [failed-retry] "GET /api/runners HTTP/1.1" 200 -
12:29:24.288 [failed-retry] "GET /api/providers/pools HTTP/1.1" 200 -
12:29:25.591 [failed-retry] "GET /api/managed-runner HTTP/1.1" 200 -
12:29:25.644 [failed-retry] "GET /api/providers/shared-pools HTTP/1.1" 200 -
12:29:25.777 [failed-retry] "GET /api/providers HTTP/1.1" 200 -
12:29:29.773 [failed-retry] "GET /api/sessions?view=open HTTP/1.1" 200 -
12:29:30.987 [failed-retry] MARK 08-failed-retry
12:29:30.988 [failed-retry] "POST /__mark HTTP/1.1" 200 -
12:29:34.201 [failed-retry] "GET /api/sessions?view=open HTTP/1.1" 200 -
12:29:35.252 [failed-retry] BODY retry {"revision":9,"idempotencyKey":"E7C69C08-78BC-4223-B2A2-46DAC0DA95D3"}
12:29:35.388 [failed-retry] "POST /api/managed-runner/retry HTTP/1.1" 202 -
12:29:35.558 [failed-retry] MARK 08b-after-retry
12:29:35.568 [failed-retry] "POST /__mark HTTP/1.1" 200 -
12:29:36.321 [failed-retry] "GET /__log HTTP/1.1" 200 -
12:29:37.561 [model-unavailable] "POST /__set HTTP/1.1" 200 -
12:29:38.858 [model-unavailable] "GET /api/agents HTTP/1.1" 200 -
12:29:38.860 [model-unavailable] "GET /api/agents HTTP/1.1" 200 -
12:29:38.862 [model-unavailable] "GET /api/wiki/spaces HTTP/1.1" 404 -
12:29:39.056 [model-unavailable] "GET /api/events HTTP/1.1" 404 -
12:29:39.058 [model-unavailable] "GET /api/users/me HTTP/1.1" 404 -
12:29:39.058 [model-unavailable] "GET /api/runners HTTP/1.1" 200 -
12:29:39.058 [model-unavailable] "GET /api/providers HTTP/1.1" 200 -
12:29:39.102 [model-unavailable] "GET /api/providers/pools HTTP/1.1" 200 -
12:29:39.102 [model-unavailable] "GET /api/providers HTTP/1.1" 200 -
12:29:39.159 [model-unavailable] "GET /api/providers/pools HTTP/1.1" 200 -
12:29:39.167 [model-unavailable] "GET /api/providers/shared-pools HTTP/1.1" 200 -
12:29:39.170 [model-unavailable] "GET /api/providers/shared-pools HTTP/1.1" 200 -
12:29:39.170 [model-unavailable] "GET /api/sessions?view=open&since= HTTP/1.1" 200 -
12:29:39.217 [model-unavailable] "GET /api/session-tags HTTP/1.1" 200 -
12:29:39.488 [model-unavailable] "GET /api/sessions?view=open HTTP/1.1" 200 -
12:29:39.595 [model-unavailable] "GET /api/runners HTTP/1.1" 200 -
12:29:39.697 [model-unavailable] "GET /api/providers/pools HTTP/1.1" 200 -
12:29:39.982 [model-unavailable] "GET /api/watches?state=ACTIVE HTTP/1.1" 200 -
12:29:40.005 [model-unavailable] "GET /api/providers/shared-pools HTTP/1.1" 200 -
12:29:40.028 [model-unavailable] "GET /api/watches?state=PAUSED HTTP/1.1" 200 -
12:29:40.035 [model-unavailable] "GET /api/providers HTTP/1.1" 200 -
12:29:40.036 [model-unavailable] "GET /api/watches HTTP/1.1" 200 -
12:29:40.096 [model-unavailable] "GET /api/watches?needsAttention=true HTTP/1.1" 200 -
12:29:40.101 [model-unavailable] "GET /api/auth/capabilities HTTP/1.1" 200 -
12:29:40.106 [model-unavailable] "GET /api/managed-runner HTTP/1.1" 200 -
12:29:44.398 [model-unavailable] "GET /api/sessions?view=open HTTP/1.1" 200 -
12:29:44.661 [model-unavailable] MARK 09-model-unavailable
12:29:44.661 [model-unavailable] "POST /__mark HTTP/1.1" 200 -
12:29:46.718 [not-eligible] "POST /__set HTTP/1.1" 200 -
12:29:48.050 [not-eligible] "GET /api/agents HTTP/1.1" 200 -
12:29:48.053 [not-eligible] "GET /api/agents HTTP/1.1" 200 -
12:29:48.054 [not-eligible] "GET /api/wiki/spaces HTTP/1.1" 404 -
12:29:48.253 [not-eligible] "GET /api/events HTTP/1.1" 404 -
12:29:48.257 [not-eligible] "GET /api/users/me HTTP/1.1" 404 -
12:29:48.270 [not-eligible] "GET /api/runners HTTP/1.1" 200 -
12:29:48.295 [not-eligible] "GET /api/providers HTTP/1.1" 200 -
12:29:48.300 [not-eligible] "GET /api/providers HTTP/1.1" 200 -
12:29:48.300 [not-eligible] "GET /api/providers/pools HTTP/1.1" 200 -
12:29:48.301 [not-eligible] "GET /api/sessions?view=open&since= HTTP/1.1" 200 -
12:29:48.304 [not-eligible] "GET /api/providers/pools HTTP/1.1" 200 -
12:29:48.313 [not-eligible] "GET /api/providers/shared-pools HTTP/1.1" 200 -
12:29:48.313 [not-eligible] "GET /api/watches?state=ACTIVE HTTP/1.1" 200 -
12:29:48.315 [not-eligible] "GET /api/providers/shared-pools HTTP/1.1" 200 -
12:29:48.321 [not-eligible] "GET /api/watches?state=PAUSED HTTP/1.1" 200 -
12:29:48.326 [not-eligible] "GET /api/watches HTTP/1.1" 200 -
12:29:48.389 [not-eligible] "GET /dl/version.json HTTP/1.1" 404 -
12:29:48.389 [not-eligible] "GET /api/providers/mine HTTP/1.1" 200 -
12:29:48.390 [not-eligible] "GET /api/runners HTTP/1.1" 200 -
12:29:48.390 [not-eligible] "GET /api/providers/mine HTTP/1.1" 200 -
12:29:48.390 [not-eligible] "GET /api/providers/pools HTTP/1.1" 200 -
12:29:48.506 [not-eligible] "GET /api/agents HTTP/1.1" 200 -
12:29:49.387 [not-eligible] "GET /api/providers/shared-pools HTTP/1.1" 200 -
12:29:49.391 [not-eligible] "GET /api/watches?needsAttention=true HTTP/1.1" 200 -
12:29:49.656 [not-eligible] "GET /api/auth/capabilities HTTP/1.1" 200 -
12:29:49.824 [not-eligible] "GET /api/managed-runner HTTP/1.1" 200 -
12:29:54.145 [not-eligible] "GET /api/sessions?view=open HTTP/1.1" 200 -
12:29:55.040 [not-eligible] MARK 10-not-eligible
12:29:55.040 [not-eligible] "POST /__mark HTTP/1.1" 200 -
12:29:57.048 [set-up] "POST /__set HTTP/1.1" 200 -
12:29:58.426 [set-up] "GET /api/agents HTTP/1.1" 200 -
12:29:58.427 [set-up] "GET /api/agents HTTP/1.1" 200 -
12:29:58.440 [set-up] "GET /api/wiki/spaces HTTP/1.1" 404 -
12:29:58.658 [set-up] "GET /api/events HTTP/1.1" 404 -
12:29:58.668 [set-up] "GET /api/runners HTTP/1.1" 200 -
12:29:58.671 [set-up] "GET /api/users/me HTTP/1.1" 404 -
12:29:58.672 [set-up] "GET /api/providers HTTP/1.1" 200 -
12:29:58.691 [set-up] "GET /api/providers HTTP/1.1" 200 -
12:29:58.696 [set-up] "GET /api/sessions?view=open&since= HTTP/1.1" 200 -
12:29:58.699 [set-up] "GET /api/providers/pools HTTP/1.1" 200 -
12:29:58.700 [set-up] "GET /api/providers/pools HTTP/1.1" 200 -
12:29:58.700 [set-up] "GET /api/watches?state=ACTIVE HTTP/1.1" 200 -
12:29:58.705 [set-up] "GET /api/providers/shared-pools HTTP/1.1" 200 -
12:29:58.705 [set-up] "GET /api/providers/shared-pools HTTP/1.1" 200 -
12:29:58.705 [set-up] "GET /api/watches?state=PAUSED HTTP/1.1" 200 -
12:29:58.714 [set-up] "GET /api/watches HTTP/1.1" 200 -
12:29:58.718 [set-up] "GET /api/watches?needsAttention=true HTTP/1.1" 200 -
12:29:58.776 [set-up] "GET /dl/version.json HTTP/1.1" 404 -
12:29:58.778 [set-up] "GET /api/runners HTTP/1.1" 200 -
12:29:58.779 [set-up] "GET /api/providers/mine HTTP/1.1" 200 -
12:29:58.782 [set-up] "GET /api/providers/pools HTTP/1.1" 200 -
12:29:58.783 [set-up] "GET /api/providers/mine HTTP/1.1" 200 -
12:29:58.916 [set-up] "GET /api/agents HTTP/1.1" 200 -
12:29:58.916 [set-up] "GET /api/auth/capabilities HTTP/1.1" 200 -
12:29:58.924 [set-up] "GET /api/managed-runner HTTP/1.1" 200 -
12:29:59.758 [set-up] "GET /api/providers/shared-pools HTTP/1.1" 200 -
12:30:03.168 [set-up] "GET /api/sessions?view=open HTTP/1.1" 200 -
12:30:04.184 [set-up] MARK 11-set-up
12:30:04.190 [set-up] "POST /__mark HTTP/1.1" 200 -
12:30:06.237 [set-up] BODY ensure {"idempotencyKey":"430EACB7-C91C-4E1C-980B-3207B335B33B"}
12:30:06.238 [set-up] "POST /api/managed-runner/ensure HTTP/1.1" 202 -
12:30:06.372 [set-up] MARK 11b-after-set-up
12:30:06.372 [set-up] "POST /__mark HTTP/1.1" 200 -
12:30:06.520 [set-up] "GET /api/agents HTTP/1.1" 200 -
12:30:06.526 [set-up] "GET /api/runners HTTP/1.1" 200 -
12:30:06.530 [set-up] "GET /api/providers HTTP/1.1" 200 -
12:30:06.534 [set-up] "GET /api/providers/pools HTTP/1.1" 200 -
12:30:06.538 [set-up] "GET /api/providers/shared-pools HTTP/1.1" 200 -
12:30:07.018 [set-up] "GET /__log HTTP/1.1" 200 -
12:30:08.229 [removed] "POST /__set HTTP/1.1" 200 -
12:30:09.307 [removed] "GET /api/agents HTTP/1.1" 200 -
12:30:09.307 [removed] "GET /api/agents HTTP/1.1" 200 -
12:30:09.308 [removed] "GET /api/wiki/spaces HTTP/1.1" 404 -
12:30:09.465 [removed] "GET /api/events HTTP/1.1" 404 -
12:30:09.467 [removed] "GET /api/runners HTTP/1.1" 200 -
12:30:09.468 [removed] "GET /api/users/me HTTP/1.1" 404 -
12:30:09.469 [removed] "GET /api/providers HTTP/1.1" 200 -
12:30:09.521 [removed] "GET /api/providers HTTP/1.1" 200 -
12:30:09.554 [removed] "GET /api/providers/pools HTTP/1.1" 200 -
12:30:09.559 [removed] "GET /api/sessions?view=open&since= HTTP/1.1" 200 -
12:30:09.567 [removed] "GET /api/providers/pools HTTP/1.1" 200 -
12:30:09.587 [removed] "GET /api/providers/shared-pools HTTP/1.1" 200 -
12:30:09.588 [removed] "GET /api/watches?state=ACTIVE HTTP/1.1" 200 -
12:30:09.591 [removed] "GET /api/providers/shared-pools HTTP/1.1" 200 -
12:30:09.593 [removed] "GET /api/watches?state=PAUSED HTTP/1.1" 200 -
12:30:09.600 [removed] "GET /api/watches HTTP/1.1" 200 -
12:30:09.605 [removed] "GET /api/watches?needsAttention=true HTTP/1.1" 200 -
12:30:09.725 [removed] "GET /api/session-tags HTTP/1.1" 200 -
12:30:09.727 [removed] "GET /api/runners HTTP/1.1" 200 -
12:30:10.215 [removed] "GET /api/auth/capabilities HTTP/1.1" 200 -
12:30:10.228 [removed] "GET /api/providers/pools HTTP/1.1" 200 -
12:30:10.340 [removed] "GET /api/managed-runner HTTP/1.1" 200 -
12:30:10.350 [removed] "GET /api/sessions?view=open HTTP/1.1" 200 -
12:30:10.389 [removed] "GET /api/providers/shared-pools HTTP/1.1" 200 -
12:30:10.412 [removed] "GET /api/providers HTTP/1.1" 200 -
12:30:14.428 [removed] "GET /api/sessions?view=open HTTP/1.1" 200 -
12:30:15.035 [removed] MARK 12-removed
12:30:15.036 [removed] "POST /__mark HTTP/1.1" 200 -
