2026-10-06T22:24:58.5238195Z Current runner version: '2.337.0'
2026-10-06T22:24:58.5255382Z ##[group]Runner Image Provisioner
2026-10-06T22:24:58.5255973Z Hosted Compute Agent
2026-10-06T22:24:58.5256308Z Version: 20261002.596
2026-10-06T22:24:58.5256689Z Commit: c3d12f3313a95f25162a1503be624f3b0617f8c0
2026-10-06T22:24:58.5257142Z Build Date: 2026-10-02T22:28:27Z
2026-10-06T22:24:58.5257528Z Worker ID: {ddbb8fc4-7c6e-43c7-8168-bf3ffa70afca}
2026-10-06T22:24:58.5257959Z Region: westus3
2026-10-06T22:24:58.5258301Z Cloud: Azure
2026-10-06T22:24:58.5258631Z ##[endgroup]
2026-10-06T22:24:58.5259518Z ##[group]Operating System
2026-10-06T22:24:58.5259863Z Ubuntu
2026-10-06T22:24:58.5260214Z 24.04.5
2026-10-06T22:24:58.5260506Z LTS
2026-10-06T22:24:58.5260843Z ##[endgroup]
2026-10-06T22:24:58.5261297Z ##[group]Runner Image
2026-10-06T22:24:58.5261640Z Image: ubuntu-24.04
2026-10-06T22:24:58.5262057Z Version: 20261004.327.1
2026-10-06T22:24:58.5262792Z Included Software: https://github.com/actions/runner-images/blob/ubuntu24/20261004.327/images/ubuntu/Ubuntu2404-Readme.md
2026-10-06T22:24:58.5263667Z Image Release: https://github.com/actions/runner-images/releases/tag/ubuntu24%2F20261004.327
2026-10-06T22:24:58.5264202Z ##[endgroup]
2026-10-06T22:24:58.5264924Z ##[group]GITHUB_TOKEN Permissions
2026-10-06T22:24:58.5266087Z Contents: read
2026-10-06T22:24:58.5266493Z Metadata: read
2026-10-06T22:24:58.5266813Z Packages: read
2026-10-06T22:24:58.5267106Z ##[endgroup]
2026-10-06T22:24:58.5268724Z Secret source: Actions
2026-10-06T22:24:58.5269265Z Cache mode: write
2026-10-06T22:24:58.5269931Z Prepare workflow directory
2026-10-06T22:24:58.5465101Z Prepare all required actions
2026-10-06T22:24:58.5495389Z Getting action download info
2026-10-06T22:24:58.8332293Z Download action repository 'actions/checkout@v7' (SHA:3d3c42e5aac5ba805825da76410c181273ba90b1)
2026-10-06T22:24:58.9775306Z Complete job name: Font tokens (bare system(size:) audit)
2026-10-06T22:24:59.0347674Z ##[group]Run actions/checkout@v7
2026-10-06T22:24:59.0348081Z with:
2026-10-06T22:24:59.0348339Z   repository: jianghailong-xy/orbit
2026-10-06T22:24:59.0350568Z   token: ***
2026-10-06T22:24:59.0350798Z   ssh-strict: true
2026-10-06T22:24:59.0351031Z   ssh-user: git
2026-10-06T22:24:59.0351272Z   persist-credentials: true
2026-10-06T22:24:59.0351531Z   clean: true
2026-10-06T22:24:59.0351769Z   sparse-checkout-cone-mode: true
2026-10-06T22:24:59.0352044Z   fetch-depth: 1
2026-10-06T22:24:59.0352339Z   fetch-tags: false
2026-10-06T22:24:59.0352608Z   show-progress: true
2026-10-06T22:24:59.0352842Z   lfs: false
2026-10-06T22:24:59.0353062Z   submodules: false
2026-10-06T22:24:59.0353300Z   set-safe-directory: true
2026-10-06T22:24:59.0353570Z   allow-unsafe-pr-checkout: false
2026-10-06T22:24:59.0353923Z ##[endgroup]
2026-10-06T22:24:59.0989916Z Syncing repository: jianghailong-xy/orbit
2026-10-06T22:24:59.0991558Z ##[group]Getting Git version info
2026-10-06T22:24:59.0991990Z Working directory is '/home/runner/work/orbit/orbit'
2026-10-06T22:24:59.0992580Z [command]/usr/bin/git version
2026-10-06T22:24:59.1083368Z git version 2.55.0
2026-10-06T22:24:59.1095951Z ##[endgroup]
2026-10-06T22:24:59.1103429Z Temporarily overriding HOME='/home/runner/work/_temp/99cf3b9c-8608-4bac-823a-52865b2e239c' before making global git config changes
2026-10-06T22:24:59.1104629Z Adding repository directory to the temporary git global config as a safe directory
2026-10-06T22:24:59.1107168Z [command]/usr/bin/git config --global --add safe.directory /home/runner/work/orbit/orbit
2026-10-06T22:24:59.1196502Z Deleting the contents of '/home/runner/work/orbit/orbit'
2026-10-06T22:24:59.1197492Z ##[group]Determining repository object format
2026-10-06T22:24:59.1197966Z ##[endgroup]
2026-10-06T22:24:59.1198344Z ##[group]Initializing the repository
2026-10-06T22:24:59.1198687Z [command]/usr/bin/git init /home/runner/work/orbit/orbit
2026-10-06T22:24:59.1311191Z hint: Using 'master' as the name for the initial branch. This default branch name
2026-10-06T22:24:59.1312259Z hint: will change to "main" in Git 3.0. To configure the initial branch name
2026-10-06T22:24:59.1338671Z hint: to use in all of your new repositories, which will suppress this warning,
2026-10-06T22:24:59.1339878Z hint: call:
2026-10-06T22:24:59.1340195Z hint:
2026-10-06T22:24:59.1340619Z hint: 	git config --global init.defaultBranch <name>
2026-10-06T22:24:59.1341103Z hint:
2026-10-06T22:24:59.1341610Z hint: Names commonly chosen instead of 'master' are 'main', 'trunk' and
2026-10-06T22:24:59.1342382Z hint: 'development'. The just-created branch can be renamed via this command:
2026-10-06T22:24:59.1343002Z hint:
2026-10-06T22:24:59.1343335Z hint: 	git branch -m <name>
2026-10-06T22:24:59.1343717Z hint:
2026-10-06T22:24:59.1344217Z hint: Disable this message with "git config set advice.defaultBranchName false"
2026-10-06T22:24:59.1344997Z Initialized empty Git repository in /home/runner/work/orbit/orbit/.git/
2026-10-06T22:24:59.1346455Z [command]/usr/bin/git remote add origin https://github.com/jianghailong-xy/orbit
2026-10-06T22:24:59.1370516Z ##[endgroup]
2026-10-06T22:24:59.1371228Z ##[group]Disabling automatic garbage collection
2026-10-06T22:24:59.1373654Z [command]/usr/bin/git config --local gc.auto 0
2026-10-06T22:24:59.1403743Z ##[endgroup]
2026-10-06T22:24:59.1405181Z ##[group]Setting up auth
2026-10-06T22:24:59.1405802Z Removing SSH command configuration
2026-10-06T22:24:59.1409959Z [command]/usr/bin/git config --local --name-only --get-regexp core\.sshCommand
2026-10-06T22:24:59.1441095Z [command]/usr/bin/git submodule foreach --recursive sh -c "git config --local --name-only --get-regexp 'core\.sshCommand' && git config --local --unset-all 'core.sshCommand' || :"
2026-10-06T22:24:59.1735612Z Removing HTTP extra header
2026-10-06T22:24:59.1739667Z [command]/usr/bin/git config --local --name-only --get-regexp http\.https\:\/\/github\.com\/\.extraheader
2026-10-06T22:24:59.1767137Z [command]/usr/bin/git submodule foreach --recursive sh -c "git config --local --name-only --get-regexp 'http\.https\:\/\/github\.com\/\.extraheader' && git config --local --unset-all 'http.https://github.com/.extraheader' || :"
2026-10-06T22:24:59.1933277Z Removing includeIf entries pointing to credentials config files
2026-10-06T22:24:59.1937774Z [command]/usr/bin/git config --local --name-only --get-regexp ^includeIf\.gitdir:
2026-10-06T22:24:59.1969148Z [command]/usr/bin/git submodule foreach --recursive git config --local --show-origin --name-only --get-regexp remote.origin.url
2026-10-06T22:24:59.2142646Z [command]/usr/bin/git config --file /home/runner/work/_temp/git-credentials-7d4257aa-dd3e-493c-acfe-0b186dbe7a62.config http.https://github.com/.extraheader AUTHORIZATION: basic ***
2026-10-06T22:24:59.2177335Z [command]/usr/bin/git config --local includeIf.gitdir:/home/runner/work/orbit/orbit/.git.path /home/runner/work/_temp/git-credentials-7d4257aa-dd3e-493c-acfe-0b186dbe7a62.config
2026-10-06T22:24:59.2207077Z [command]/usr/bin/git config --local includeIf.gitdir:/home/runner/work/orbit/orbit/.git/worktrees/*.path /home/runner/work/_temp/git-credentials-7d4257aa-dd3e-493c-acfe-0b186dbe7a62.config
2026-10-06T22:24:59.2238978Z [command]/usr/bin/git config --local includeIf.gitdir:/github/workspace/.git.path /github/runner_temp/git-credentials-7d4257aa-dd3e-493c-acfe-0b186dbe7a62.config
2026-10-06T22:24:59.2266250Z [command]/usr/bin/git config --local includeIf.gitdir:/github/workspace/.git/worktrees/*.path /github/runner_temp/git-credentials-7d4257aa-dd3e-493c-acfe-0b186dbe7a62.config
2026-10-06T22:24:59.2290985Z ##[endgroup]
2026-10-06T22:24:59.2291384Z ##[group]Fetching the repository
2026-10-06T22:24:59.2295613Z [command]/usr/bin/git -c protocol.version=2 fetch --no-tags --prune --no-recurse-submodules --depth=1 origin +8d8afb3414067382e846b497024eacaee73bbc4e:refs/remotes/origin/probe/a1-google
2026-10-06T22:25:16.8092898Z From https://github.com/jianghailong-xy/orbit
2026-10-06T22:25:16.8093482Z  * [new ref]         8d8afb3414067382e846b497024eacaee73bbc4e -> origin/probe/a1-google
2026-10-06T22:25:16.8099657Z [command]/usr/bin/git branch --list --remote origin/probe/a1-google
2026-10-06T22:25:16.8125422Z   origin/probe/a1-google
2026-10-06T22:25:16.8131031Z [command]/usr/bin/git rev-parse refs/remotes/origin/probe/a1-google
2026-10-06T22:25:16.8152826Z 8d8afb3414067382e846b497024eacaee73bbc4e
2026-10-06T22:25:16.8156071Z ##[endgroup]
2026-10-06T22:25:16.8156510Z ##[group]Determining the checkout info
2026-10-06T22:25:16.8157015Z ##[endgroup]
2026-10-06T22:25:16.8159625Z [command]/usr/bin/git sparse-checkout disable
2026-10-06T22:25:16.8526237Z [command]/usr/bin/git config --local --unset-all extensions.worktreeConfig
2026-10-06T22:25:16.8653176Z ##[group]Checking out the ref
2026-10-06T22:25:16.8656286Z [command]/usr/bin/git checkout --progress --force -B probe/a1-google refs/remotes/origin/probe/a1-google
2026-10-06T22:25:17.8876352Z Updating files:  32% (9461/28753)
2026-10-06T22:25:17.8969986Z Updating files:  33% (9489/28753)
2026-10-06T22:25:17.9229618Z Updating files:  34% (9777/28753)
2026-10-06T22:25:17.9584748Z Updating files:  35% (10064/28753)
2026-10-06T22:25:17.9754934Z Updating files:  36% (10352/28753)
2026-10-06T22:25:17.9874606Z Updating files:  37% (10639/28753)
2026-10-06T22:25:18.0099465Z Updating files:  38% (10927/28753)
2026-10-06T22:25:18.0267508Z Updating files:  39% (11214/28753)
2026-10-06T22:25:18.0790384Z Updating files:  40% (11502/28753)
2026-10-06T22:25:18.1107856Z Updating files:  41% (11789/28753)
2026-10-06T22:25:18.1579251Z Updating files:  42% (12077/28753)
2026-10-06T22:25:18.1804703Z Updating files:  43% (12364/28753)
2026-10-06T22:25:18.2286712Z Updating files:  44% (12652/28753)
2026-10-06T22:25:18.3088245Z Updating files:  45% (12939/28753)
2026-10-06T22:25:18.3519057Z Updating files:  46% (13227/28753)
2026-10-06T22:25:18.4086625Z Updating files:  47% (13514/28753)
2026-10-06T22:25:18.4308725Z Updating files:  48% (13802/28753)
2026-10-06T22:25:18.4548683Z Updating files:  49% (14089/28753)
2026-10-06T22:25:18.5484367Z Updating files:  50% (14377/28753)
2026-10-06T22:25:18.7165029Z Updating files:  51% (14665/28753)
2026-10-06T22:25:18.7337066Z Updating files:  52% (14952/28753)
2026-10-06T22:25:18.7479663Z Updating files:  53% (15240/28753)
2026-10-06T22:25:18.8319502Z Updating files:  54% (15527/28753)
2026-10-06T22:25:18.8458261Z Updating files:  55% (15815/28753)
2026-10-06T22:25:18.8653190Z Updating files:  56% (16102/28753)
2026-10-06T22:25:18.8854820Z Updating files:  57% (16390/28753)
2026-10-06T22:25:18.8884245Z Updating files:  57% (16564/28753)
2026-10-06T22:25:18.9392543Z Updating files:  58% (16677/28753)
2026-10-06T22:25:18.9707807Z Updating files:  59% (16965/28753)
2026-10-06T22:25:19.0175036Z Updating files:  60% (17252/28753)
2026-10-06T22:25:19.1075567Z Updating files:  61% (17540/28753)
2026-10-06T22:25:19.2352204Z Updating files:  62% (17827/28753)
2026-10-06T22:25:19.3646300Z Updating files:  63% (18115/28753)
2026-10-06T22:25:19.4215799Z Updating files:  64% (18402/28753)
2026-10-06T22:25:19.4454777Z Updating files:  65% (18690/28753)
2026-10-06T22:25:19.4897012Z Updating files:  66% (18977/28753)
2026-10-06T22:25:19.5122361Z Updating files:  67% (19265/28753)
2026-10-06T22:25:19.5390293Z Updating files:  68% (19553/28753)
2026-10-06T22:25:19.5607963Z Updating files:  69% (19840/28753)
2026-10-06T22:25:19.5967287Z Updating files:  70% (20128/28753)
2026-10-06T22:25:19.6363295Z Updating files:  71% (20415/28753)
2026-10-06T22:25:19.6592512Z Updating files:  72% (20703/28753)
2026-10-06T22:25:19.6804184Z Updating files:  73% (20990/28753)
2026-10-06T22:25:19.6988336Z Updating files:  74% (21278/28753)
2026-10-06T22:25:19.7251798Z Updating files:  75% (21565/28753)
2026-10-06T22:25:19.7693994Z Updating files:  76% (21853/28753)
2026-10-06T22:25:19.7988551Z Updating files:  77% (22140/28753)
2026-10-06T22:25:19.8234153Z Updating files:  78% (22428/28753)
2026-10-06T22:25:19.8424446Z Updating files:  79% (22715/28753)
2026-10-06T22:25:19.8612191Z Updating files:  80% (23003/28753)
2026-10-06T22:25:19.8726354Z Updating files:  81% (23290/28753)
2026-10-06T22:25:19.8938204Z Updating files:  82% (23578/28753)
2026-10-06T22:25:20.0170565Z Updating files:  82% (23584/28753)
2026-10-06T22:25:20.0535830Z Updating files:  83% (23865/28753)
2026-10-06T22:25:20.2660420Z Updating files:  84% (24153/28753)
2026-10-06T22:25:20.7394250Z Updating files:  85% (24441/28753)
2026-10-06T22:25:20.7815523Z Updating files:  86% (24728/28753)
2026-10-06T22:25:20.8036294Z Updating files:  87% (25016/28753)
2026-10-06T22:25:20.8230905Z Updating files:  88% (25303/28753)
2026-10-06T22:25:20.8486840Z Updating files:  89% (25591/28753)
2026-10-06T22:25:20.8665530Z Updating files:  90% (25878/28753)
2026-10-06T22:25:20.8851510Z Updating files:  91% (26166/28753)
2026-10-06T22:25:20.8884553Z Updating files:  91% (26410/28753)
2026-10-06T22:25:20.9170135Z Updating files:  92% (26453/28753)
2026-10-06T22:25:20.9391405Z Updating files:  93% (26741/28753)
2026-10-06T22:25:20.9585434Z Updating files:  94% (27028/28753)
2026-10-06T22:25:20.9793462Z Updating files:  95% (27316/28753)
2026-10-06T22:25:20.9996327Z Updating files:  96% (27603/28753)
2026-10-06T22:25:21.0200764Z Updating files:  97% (27891/28753)
2026-10-06T22:25:21.0405162Z Updating files:  98% (28178/28753)
2026-10-06T22:25:21.0570478Z Updating files:  99% (28466/28753)
2026-10-06T22:25:21.0570705Z Updating files: 100% (28753/28753)
2026-10-06T22:25:21.0570933Z Updating files: 100% (28753/28753), done.
2026-10-06T22:25:21.1643909Z Switched to a new branch 'probe/a1-google'
2026-10-06T22:25:21.1649099Z branch 'probe/a1-google' set up to track 'origin/probe/a1-google'.
2026-10-06T22:25:21.1772441Z ##[endgroup]
2026-10-06T22:25:21.1846955Z [command]/usr/bin/git log -1 --format=%H
2026-10-06T22:25:21.1870662Z 8d8afb3414067382e846b497024eacaee73bbc4e
2026-10-06T22:25:21.2144082Z ##[group]Run hits=$(grep -rn "system(size" src/macos/OrbitApp/Sources src/ios/Sources --include='*.swift' \
2026-10-06T22:25:21.2144523Z [36;1mhits=$(grep -rn "system(size" src/macos/OrbitApp/Sources src/ios/Sources --include='*.swift' \[0m
2026-10-06T22:25:21.2144812Z [36;1m       | grep -v "Views/Typography.swift" || true)[0m
2026-10-06T22:25:21.2145027Z [36;1mif [ -n "$hits" ]; then[0m
2026-10-06T22:25:21.2145169Z [36;1m  echo "$hits"[0m
2026-10-06T22:25:21.2145305Z [36;1m  count=$(echo "$hits" | wc -l)[0m
2026-10-06T22:25:21.2145662Z [36;1m  echo "::error::$count bare system(size:) call site(s) outside Views/Typography.swift — use the Font.orbit* tokens (see the Typography.swift header)"[0m
2026-10-06T22:25:21.2146012Z [36;1m  exit 1[0m
2026-10-06T22:25:21.2146130Z [36;1melse[0m
2026-10-06T22:25:21.2146302Z [36;1m  echo "No bare system(size:) call sites outside Typography.swift."[0m
2026-10-06T22:25:21.2146503Z [36;1mfi[0m
2026-10-06T22:25:21.2627631Z shell: /usr/bin/bash -e {0}
2026-10-06T22:25:21.2627795Z ##[endgroup]
2026-10-06T22:25:21.2794197Z No bare system(size:) call sites outside Typography.swift.
2026-10-06T22:25:21.3386512Z Post job cleanup.
2026-10-06T22:25:21.3901205Z [command]/usr/bin/git version
2026-10-06T22:25:21.3929182Z git version 2.55.0
2026-10-06T22:25:21.3966150Z Temporarily overriding HOME='/home/runner/work/_temp/f13e2b72-4cae-4345-b70e-afefacbca77e' before making global git config changes
2026-10-06T22:25:21.3966885Z Adding repository directory to the temporary git global config as a safe directory
2026-10-06T22:25:21.3968737Z [command]/usr/bin/git config --global --add safe.directory /home/runner/work/orbit/orbit
2026-10-06T22:25:21.4128488Z Removing SSH command configuration
2026-10-06T22:25:21.4138584Z [command]/usr/bin/git config --local --name-only --get-regexp core\.sshCommand
2026-10-06T22:25:21.4160371Z [command]/usr/bin/git submodule foreach --recursive sh -c "git config --local --name-only --get-regexp 'core\.sshCommand' && git config --local --unset-all 'core.sshCommand' || :"
2026-10-06T22:25:21.4371183Z Removing HTTP extra header
2026-10-06T22:25:21.4375560Z [command]/usr/bin/git config --local --name-only --get-regexp http\.https\:\/\/github\.com\/\.extraheader
2026-10-06T22:25:21.4441711Z [command]/usr/bin/git submodule foreach --recursive sh -c "git config --local --name-only --get-regexp 'http\.https\:\/\/github\.com\/\.extraheader' && git config --local --unset-all 'http.https://github.com/.extraheader' || :"
2026-10-06T22:25:21.4622070Z Removing includeIf entries pointing to credentials config files
2026-10-06T22:25:21.4626775Z [command]/usr/bin/git config --local --name-only --get-regexp ^includeIf\.gitdir:
2026-10-06T22:25:21.4653227Z includeif.gitdir:/home/runner/work/orbit/orbit/.git.path
2026-10-06T22:25:21.4653617Z includeif.gitdir:/home/runner/work/orbit/orbit/.git/worktrees/*.path
2026-10-06T22:25:21.4653937Z includeif.gitdir:/github/workspace/.git.path
2026-10-06T22:25:21.4654142Z includeif.gitdir:/github/workspace/.git/worktrees/*.path
2026-10-06T22:25:21.4659457Z [command]/usr/bin/git config --local --get-all includeif.gitdir:/home/runner/work/orbit/orbit/.git.path
2026-10-06T22:25:21.4680620Z /home/runner/work/_temp/git-credentials-7d4257aa-dd3e-493c-acfe-0b186dbe7a62.config
2026-10-06T22:25:21.4687216Z [command]/usr/bin/git config --local --unset includeif.gitdir:/home/runner/work/orbit/orbit/.git.path \/home\/runner\/work\/_temp\/git\-credentials\-7d4257aa\-dd3e\-493c\-acfe\-0b186dbe7a62\.config
2026-10-06T22:25:21.5527486Z [command]/usr/bin/git config --local --get-all includeif.gitdir:/home/runner/work/orbit/orbit/.git/worktrees/*.path
2026-10-06T22:25:21.5543418Z /home/runner/work/_temp/git-credentials-7d4257aa-dd3e-493c-acfe-0b186dbe7a62.config
2026-10-06T22:25:21.5554927Z [command]/usr/bin/git config --local --unset includeif.gitdir:/home/runner/work/orbit/orbit/.git/worktrees/*.path \/home\/runner\/work\/_temp\/git\-credentials\-7d4257aa\-dd3e\-493c\-acfe\-0b186dbe7a62\.config
2026-10-06T22:25:21.5727237Z [command]/usr/bin/git config --local --get-all includeif.gitdir:/github/workspace/.git.path
2026-10-06T22:25:21.5741484Z /github/runner_temp/git-credentials-7d4257aa-dd3e-493c-acfe-0b186dbe7a62.config
2026-10-06T22:25:21.5746693Z [command]/usr/bin/git config --local --unset includeif.gitdir:/github/workspace/.git.path \/github\/runner_temp\/git\-credentials\-7d4257aa\-dd3e\-493c\-acfe\-0b186dbe7a62\.config
2026-10-06T22:25:21.6082650Z [command]/usr/bin/git config --local --get-all includeif.gitdir:/github/workspace/.git/worktrees/*.path
2026-10-06T22:25:21.6104091Z /github/runner_temp/git-credentials-7d4257aa-dd3e-493c-acfe-0b186dbe7a62.config
2026-10-06T22:25:21.6110027Z [command]/usr/bin/git config --local --unset includeif.gitdir:/github/workspace/.git/worktrees/*.path \/github\/runner_temp\/git\-credentials\-7d4257aa\-dd3e\-493c\-acfe\-0b186dbe7a62\.config
2026-10-06T22:25:21.6419287Z [command]/usr/bin/git submodule foreach --recursive git config --local --show-origin --name-only --get-regexp remote.origin.url
2026-10-06T22:25:21.6648679Z Removing credentials config '/home/runner/work/_temp/git-credentials-7d4257aa-dd3e-493c-acfe-0b186dbe7a62.config'
2026-10-06T22:25:21.6773641Z Cleaning up orphan processes
