[WebServer] (node:2654390) Warning: The 'NO_COLOR' env is ignored due to the 'FORCE_COLOR' env being set.
[WebServer] (Use `node --trace-warnings ...` to show where the warning was created)

Running 208 tests using 1 worker

(node:2654565) Warning: The 'NO_COLOR' env is ignored due to the 'FORCE_COLOR' env being set.
(Use `node --trace-warnings ...` to show where the warning was created)
  ✓    1 [chromium-light-desktop] › src/web/ui-migration/choices.browser.mjs:82:3 › attachment matches the current surface, density and option states (4.1s)
  ✓    2 [chromium-light-desktop] › src/web/ui-migration/choices.browser.mjs:82:3 › access matches the current surface, density and option states (3.1s)
  ✓    3 [chromium-light-desktop] › src/web/ui-migration/choices.browser.mjs:82:3 › expiry matches the current surface, density and option states (3.3s)
  ✓    4 [chromium-light-desktop] › src/web/ui-migration/choices.browser.mjs:82:3 › account matches the current surface, density and option states (3.3s)
  ✓    5 [chromium-light-desktop] › src/web/ui-migration/choices.browser.mjs:82:3 › search matches the current surface, density and option states (3.2s)
  ✓    6 [chromium-light-desktop] › src/web/ui-migration/choices.browser.mjs:82:3 › popover matches the current surface, density and option states (2.8s)
  ✓    7 [chromium-light-desktop] › src/web/ui-migration/choices.browser.mjs:82:3 › tooltip matches the current surface, density and option states (3.0s)
  ✓    8 [chromium-light-desktop] › src/web/ui-migration/choices.browser.mjs:160:1 › empty, disabled, hover and focus choice surfaces match the existing states (13.5s)
  ✓    9 [chromium-light-desktop] › src/web/ui-migration/choices.browser.mjs:200:1 › menu arrows, disabled items, submenu, checkbox and focus return work (1.2s)
  ✓   10 [chromium-light-desktop] › src/web/ui-migration/choices.browser.mjs:233:1 › touch or pointer menus dismiss outside, fit viewport and open a dialog with stable return focus (2.1s)
  ✓   11 [chromium-light-desktop] › src/web/ui-migration/choices.browser.mjs:265:1 › select supports arrows, Enter, clear, empty, disabled and empty-string account values (1.3s)
  ✓   12 [chromium-light-desktop] › src/web/ui-migration/choices.browser.mjs:294:1 › search preserves selection, filters groups, handles no results, composition and explicit clear (1.4s)
  ✓   13 [chromium-light-desktop] › src/web/ui-migration/choices.browser.mjs:325:1 › remote search accepts server labels and resets an action picker without local filtering (1.1s)
  ✓   14 [chromium-light-desktop] › src/web/ui-migration/choices.browser.mjs:345:37 › Dialog owns choices, top-layer Escape, Tab and theme (2.5s)
  ✓   15 [chromium-light-desktop] › src/web/ui-migration/choices.browser.mjs:345:37 › legacy Modal owns choices, top-layer Escape, Tab and theme (2.2s)
  ✓   16 [chromium-light-desktop] › src/web/ui-migration/choices.browser.mjs:383:1 › legacy host final Tab matches the AntD-only baseline, including its browser-focus boundary (3.2s)
  ✓   17 [chromium-light-desktop] › src/web/ui-migration/choices.browser.mjs:402:1 › popover owns a select and restores focus one layer at a time; tooltip responds to focus and hover (1.4s)
  ✓   18 [chromium-light-desktop] › src/web/ui-migration/choices.browser.mjs:437:1 › open choices follow the live system theme without losing selection (941ms)
  ✓   19 [chromium-light-desktop] › src/web/ui-migration/choices.browser.mjs:455:1 › Dialog keeps composition, outside dismissal, submenu Escape and keyboard clear within its owner (1.4s)
  ✓   20 [chromium-light-desktop] › src/web/ui-migration/choices.browser.mjs:488:42 › multiple chip appearance matches current labels and email fields (4.5s)
  ✓   21 [chromium-light-desktop] › src/web/ui-migration/choices.browser.mjs:488:42 › tags chip appearance matches current labels and email fields (3.7s)
  ✓   22 [chromium-light-desktop] › src/web/ui-migration/choices.browser.mjs:517:1 › multiple labels search, toggle, collapse, remove and clear without losing the remaining values (1.3s)
  ✓   23 [chromium-light-desktop] › src/web/ui-migration/choices.browser.mjs:554:1 › email tags support controlled typing, separators, composition, Enter, blur and deletion (1.1s)
  ✓   24 [chromium-light-desktop] › src/web/ui-migration/choices.browser.mjs:594:1 › multiple choices in Dialog keep their owner and menus do not activate a clickable row (1.3s)
  ✓   25 [chromium-light-desktop] › src/web/ui-migration/choices.browser.mjs:633:1 › search option touch selects once and preserves input focus (783ms)
  ✓   26 [chromium-light-desktop] › src/web/ui-migration/choices.browser.mjs:644:1 › disabled-button and long tooltips remain accessible; a plan-usage-sized popover fits the screen (1.3s)
(node:2667233) Warning: The 'NO_COLOR' env is ignored due to the 'FORCE_COLOR' env being set.
(Use `node --trace-warnings ...` to show where the warning was created)
  ✓   27 [chromium-light-phone] › src/web/ui-migration/choices.browser.mjs:82:3 › attachment matches the current surface, density and option states (3.9s)
  ✓   28 [chromium-light-phone] › src/web/ui-migration/choices.browser.mjs:82:3 › access matches the current surface, density and option states (3.6s)
  ✓   29 [chromium-light-phone] › src/web/ui-migration/choices.browser.mjs:82:3 › expiry matches the current surface, density and option states (3.6s)
  ✓   30 [chromium-light-phone] › src/web/ui-migration/choices.browser.mjs:82:3 › account matches the current surface, density and option states (3.8s)
  ✓   31 [chromium-light-phone] › src/web/ui-migration/choices.browser.mjs:82:3 › search matches the current surface, density and option states (3.5s)
  ✓   32 [chromium-light-phone] › src/web/ui-migration/choices.browser.mjs:82:3 › popover matches the current surface, density and option states (3.1s)
  ✓   33 [chromium-light-phone] › src/web/ui-migration/choices.browser.mjs:82:3 › tooltip matches the current surface, density and option states (3.1s)
  ✓   34 [chromium-light-phone] › src/web/ui-migration/choices.browser.mjs:160:1 › empty, disabled, hover and focus choice surfaces match the existing states (13.8s)
  ✓   35 [chromium-light-phone] › src/web/ui-migration/choices.browser.mjs:200:1 › menu arrows, disabled items, submenu, checkbox and focus return work (1.2s)
  ✓   36 [chromium-light-phone] › src/web/ui-migration/choices.browser.mjs:233:1 › touch or pointer menus dismiss outside, fit viewport and open a dialog with stable return focus (1.4s)
  ✓   37 [chromium-light-phone] › src/web/ui-migration/choices.browser.mjs:265:1 › select supports arrows, Enter, clear, empty, disabled and empty-string account values (1.2s)
  ✓   38 [chromium-light-phone] › src/web/ui-migration/choices.browser.mjs:294:1 › search preserves selection, filters groups, handles no results, composition and explicit clear (1.4s)
  ✓   39 [chromium-light-phone] › src/web/ui-migration/choices.browser.mjs:325:1 › remote search accepts server labels and resets an action picker without local filtering (876ms)
  ✓   40 [chromium-light-phone] › src/web/ui-migration/choices.browser.mjs:345:37 › Dialog owns choices, top-layer Escape, Tab and theme (1.8s)
  ✓   41 [chromium-light-phone] › src/web/ui-migration/choices.browser.mjs:345:37 › legacy Modal owns choices, top-layer Escape, Tab and theme (2.5s)
  ✓   42 [chromium-light-phone] › src/web/ui-migration/choices.browser.mjs:383:1 › legacy host final Tab matches the AntD-only baseline, including its browser-focus boundary (3.3s)
  ✓   43 [chromium-light-phone] › src/web/ui-migration/choices.browser.mjs:402:1 › popover owns a select and restores focus one layer at a time; tooltip responds to focus and hover (1.6s)
  ✓   44 [chromium-light-phone] › src/web/ui-migration/choices.browser.mjs:437:1 › open choices follow the live system theme without losing selection (1.1s)
  ✓   45 [chromium-light-phone] › src/web/ui-migration/choices.browser.mjs:455:1 › Dialog keeps composition, outside dismissal, submenu Escape and keyboard clear within its owner (1.5s)
  ✓   46 [chromium-light-phone] › src/web/ui-migration/choices.browser.mjs:488:42 › multiple chip appearance matches current labels and email fields (4.7s)
  ✓   47 [chromium-light-phone] › src/web/ui-migration/choices.browser.mjs:488:42 › tags chip appearance matches current labels and email fields (3.9s)
  ✓   48 [chromium-light-phone] › src/web/ui-migration/choices.browser.mjs:517:1 › multiple labels search, toggle, collapse, remove and clear without losing the remaining values (1.2s)
  ✓   49 [chromium-light-phone] › src/web/ui-migration/choices.browser.mjs:554:1 › email tags support controlled typing, separators, composition, Enter, blur and deletion (2.0s)
  ✓   50 [chromium-light-phone] › src/web/ui-migration/choices.browser.mjs:594:1 › multiple choices in Dialog keep their owner and menus do not activate a clickable row (1.6s)
  ✓   51 [chromium-light-phone] › src/web/ui-migration/choices.browser.mjs:633:1 › search option touch selects once and preserves input focus (982ms)
  ✓   52 [chromium-light-phone] › src/web/ui-migration/choices.browser.mjs:644:1 › disabled-button and long tooltips remain accessible; a plan-usage-sized popover fits the screen (1.3s)
(node:2674939) Warning: The 'NO_COLOR' env is ignored due to the 'FORCE_COLOR' env being set.
(Use `node --trace-warnings ...` to show where the warning was created)
  ✓   53 [chromium-dark-desktop] › src/web/ui-migration/choices.browser.mjs:82:3 › attachment matches the current surface, density and option states (2.8s)
  ✓   54 [chromium-dark-desktop] › src/web/ui-migration/choices.browser.mjs:82:3 › access matches the current surface, density and option states (2.8s)
  ✓   55 [chromium-dark-desktop] › src/web/ui-migration/choices.browser.mjs:82:3 › expiry matches the current surface, density and option states (3.4s)
  ✓   56 [chromium-dark-desktop] › src/web/ui-migration/choices.browser.mjs:82:3 › account matches the current surface, density and option states (3.2s)
  ✓   57 [chromium-dark-desktop] › src/web/ui-migration/choices.browser.mjs:82:3 › search matches the current surface, density and option states (3.2s)
  ✓   58 [chromium-dark-desktop] › src/web/ui-migration/choices.browser.mjs:82:3 › popover matches the current surface, density and option states (2.9s)
  ✓   59 [chromium-dark-desktop] › src/web/ui-migration/choices.browser.mjs:82:3 › tooltip matches the current surface, density and option states (2.7s)
  ✓   60 [chromium-dark-desktop] › src/web/ui-migration/choices.browser.mjs:160:1 › empty, disabled, hover and focus choice surfaces match the existing states (13.7s)
  ✓   61 [chromium-dark-desktop] › src/web/ui-migration/choices.browser.mjs:200:1 › menu arrows, disabled items, submenu, checkbox and focus return work (975ms)
  ✓   62 [chromium-dark-desktop] › src/web/ui-migration/choices.browser.mjs:233:1 › touch or pointer menus dismiss outside, fit viewport and open a dialog with stable return focus (1.4s)
  ✓   63 [chromium-dark-desktop] › src/web/ui-migration/choices.browser.mjs:265:1 › select supports arrows, Enter, clear, empty, disabled and empty-string account values (1.1s)
  ✓   64 [chromium-dark-desktop] › src/web/ui-migration/choices.browser.mjs:294:1 › search preserves selection, filters groups, handles no results, composition and explicit clear (1.4s)
  ✓   65 [chromium-dark-desktop] › src/web/ui-migration/choices.browser.mjs:325:1 › remote search accepts server labels and resets an action picker without local filtering (937ms)
  ✓   66 [chromium-dark-desktop] › src/web/ui-migration/choices.browser.mjs:345:37 › Dialog owns choices, top-layer Escape, Tab and theme (1.7s)
  ✓   67 [chromium-dark-desktop] › src/web/ui-migration/choices.browser.mjs:345:37 › legacy Modal owns choices, top-layer Escape, Tab and theme (1.9s)
  ✓   68 [chromium-dark-desktop] › src/web/ui-migration/choices.browser.mjs:383:1 › legacy host final Tab matches the AntD-only baseline, including its browser-focus boundary (3.2s)
  ✓   69 [chromium-dark-desktop] › src/web/ui-migration/choices.browser.mjs:402:1 › popover owns a select and restores focus one layer at a time; tooltip responds to focus and hover (1.4s)
  ✓   70 [chromium-dark-desktop] › src/web/ui-migration/choices.browser.mjs:437:1 › open choices follow the live system theme without losing selection (966ms)
  ✓   71 [chromium-dark-desktop] › src/web/ui-migration/choices.browser.mjs:455:1 › Dialog keeps composition, outside dismissal, submenu Escape and keyboard clear within its owner (1.4s)
  ✓   72 [chromium-dark-desktop] › src/web/ui-migration/choices.browser.mjs:488:42 › multiple chip appearance matches current labels and email fields (4.8s)
  ✓   73 [chromium-dark-desktop] › src/web/ui-migration/choices.browser.mjs:488:42 › tags chip appearance matches current labels and email fields (4.0s)
  ✓   74 [chromium-dark-desktop] › src/web/ui-migration/choices.browser.mjs:517:1 › multiple labels search, toggle, collapse, remove and clear without losing the remaining values (1.3s)
  ✓   75 [chromium-dark-desktop] › src/web/ui-migration/choices.browser.mjs:554:1 › email tags support controlled typing, separators, composition, Enter, blur and deletion (992ms)
  ✓   76 [chromium-dark-desktop] › src/web/ui-migration/choices.browser.mjs:594:1 › multiple choices in Dialog keep their owner and menus do not activate a clickable row (1.3s)
  ✓   77 [chromium-dark-desktop] › src/web/ui-migration/choices.browser.mjs:633:1 › search option touch selects once and preserves input focus (937ms)
  ✓   78 [chromium-dark-desktop] › src/web/ui-migration/choices.browser.mjs:644:1 › disabled-button and long tooltips remain accessible; a plan-usage-sized popover fits the screen (1.2s)
(node:2686865) Warning: The 'NO_COLOR' env is ignored due to the 'FORCE_COLOR' env being set.
(Use `node --trace-warnings ...` to show where the warning was created)
  ✓   79 [chromium-dark-phone] › src/web/ui-migration/choices.browser.mjs:82:3 › attachment matches the current surface, density and option states (2.9s)
  ✓   80 [chromium-dark-phone] › src/web/ui-migration/choices.browser.mjs:82:3 › access matches the current surface, density and option states (2.9s)
  ✓   81 [chromium-dark-phone] › src/web/ui-migration/choices.browser.mjs:82:3 › expiry matches the current surface, density and option states (3.2s)
  ✓   82 [chromium-dark-phone] › src/web/ui-migration/choices.browser.mjs:82:3 › account matches the current surface, density and option states (3.3s)
  ✓   83 [chromium-dark-phone] › src/web/ui-migration/choices.browser.mjs:82:3 › search matches the current surface, density and option states (3.3s)
  ✓   84 [chromium-dark-phone] › src/web/ui-migration/choices.browser.mjs:82:3 › popover matches the current surface, density and option states (2.9s)
  ✓   85 [chromium-dark-phone] › src/web/ui-migration/choices.browser.mjs:82:3 › tooltip matches the current surface, density and option states (2.9s)
  ✓   86 [chromium-dark-phone] › src/web/ui-migration/choices.browser.mjs:160:1 › empty, disabled, hover and focus choice surfaces match the existing states (13.8s)
  ✓   87 [chromium-dark-phone] › src/web/ui-migration/choices.browser.mjs:200:1 › menu arrows, disabled items, submenu, checkbox and focus return work (1.1s)
  ✓   88 [chromium-dark-phone] › src/web/ui-migration/choices.browser.mjs:233:1 › touch or pointer menus dismiss outside, fit viewport and open a dialog with stable return focus (1.4s)
  ✓   89 [chromium-dark-phone] › src/web/ui-migration/choices.browser.mjs:265:1 › select supports arrows, Enter, clear, empty, disabled and empty-string account values (1.2s)
  ✓   90 [chromium-dark-phone] › src/web/ui-migration/choices.browser.mjs:294:1 › search preserves selection, filters groups, handles no results, composition and explicit clear (1.4s)
  ✓   91 [chromium-dark-phone] › src/web/ui-migration/choices.browser.mjs:325:1 › remote search accepts server labels and resets an action picker without local filtering (976ms)
  ✓   92 [chromium-dark-phone] › src/web/ui-migration/choices.browser.mjs:345:37 › Dialog owns choices, top-layer Escape, Tab and theme (2.2s)
  ✓   93 [chromium-dark-phone] › src/web/ui-migration/choices.browser.mjs:345:37 › legacy Modal owns choices, top-layer Escape, Tab and theme (2.3s)
  ✓   94 [chromium-dark-phone] › src/web/ui-migration/choices.browser.mjs:383:1 › legacy host final Tab matches the AntD-only baseline, including its browser-focus boundary (3.9s)
  ✓   95 [chromium-dark-phone] › src/web/ui-migration/choices.browser.mjs:402:1 › popover owns a select and restores focus one layer at a time; tooltip responds to focus and hover (1.7s)
  ✓   96 [chromium-dark-phone] › src/web/ui-migration/choices.browser.mjs:437:1 › open choices follow the live system theme without losing selection (946ms)
  ✓   97 [chromium-dark-phone] › src/web/ui-migration/choices.browser.mjs:455:1 › Dialog keeps composition, outside dismissal, submenu Escape and keyboard clear within its owner (1.6s)
  ✘   98 [chromium-dark-phone] › src/web/ui-migration/choices.browser.mjs:488:42 › multiple chip appearance matches current labels and email fields (18.0s)
(node:2715941) Warning: The 'NO_COLOR' env is ignored due to the 'FORCE_COLOR' env being set.
(Use `node --trace-warnings ...` to show where the warning was created)
  ✓   99 [chromium-dark-phone] › src/web/ui-migration/choices.browser.mjs:488:42 › tags chip appearance matches current labels and email fields (4.2s)
  ✓  100 [chromium-dark-phone] › src/web/ui-migration/choices.browser.mjs:517:1 › multiple labels search, toggle, collapse, remove and clear without losing the remaining values (1.3s)
  ✓  101 [chromium-dark-phone] › src/web/ui-migration/choices.browser.mjs:554:1 › email tags support controlled typing, separators, composition, Enter, blur and deletion (2.0s)
  ✓  102 [chromium-dark-phone] › src/web/ui-migration/choices.browser.mjs:594:1 › multiple choices in Dialog keep their owner and menus do not activate a clickable row (1.6s)
  ✓  103 [chromium-dark-phone] › src/web/ui-migration/choices.browser.mjs:633:1 › search option touch selects once and preserves input focus (950ms)
  ✓  104 [chromium-dark-phone] › src/web/ui-migration/choices.browser.mjs:644:1 › disabled-button and long tooltips remain accessible; a plan-usage-sized popover fits the screen (1.3s)
(node:2717646) Warning: The 'NO_COLOR' env is ignored due to the 'FORCE_COLOR' env being set.
(Use `node --trace-warnings ...` to show where the warning was created)
  ✓  105 [webkit-light-desktop] › src/web/ui-migration/choices.browser.mjs:82:3 › attachment matches the current surface, density and option states (2.4s)
  ✓  106 [webkit-light-desktop] › src/web/ui-migration/choices.browser.mjs:82:3 › access matches the current surface, density and option states (2.2s)
  ✓  107 [webkit-light-desktop] › src/web/ui-migration/choices.browser.mjs:82:3 › expiry matches the current surface, density and option states (2.5s)
  ✓  108 [webkit-light-desktop] › src/web/ui-migration/choices.browser.mjs:82:3 › account matches the current surface, density and option states (2.5s)
  ✓  109 [webkit-light-desktop] › src/web/ui-migration/choices.browser.mjs:82:3 › search matches the current surface, density and option states (2.6s)
  ✓  110 [webkit-light-desktop] › src/web/ui-migration/choices.browser.mjs:82:3 › popover matches the current surface, density and option states (2.3s)
  ✓  111 [webkit-light-desktop] › src/web/ui-migration/choices.browser.mjs:82:3 › tooltip matches the current surface, density and option states (2.2s)
  ✓  112 [webkit-light-desktop] › src/web/ui-migration/choices.browser.mjs:160:1 › empty, disabled, hover and focus choice surfaces match the existing states (10.3s)
  ✓  113 [webkit-light-desktop] › src/web/ui-migration/choices.browser.mjs:200:1 › menu arrows, disabled items, submenu, checkbox and focus return work (1.1s)
  ✓  114 [webkit-light-desktop] › src/web/ui-migration/choices.browser.mjs:233:1 › touch or pointer menus dismiss outside, fit viewport and open a dialog with stable return focus (1.5s)
  ✓  115 [webkit-light-desktop] › src/web/ui-migration/choices.browser.mjs:265:1 › select supports arrows, Enter, clear, empty, disabled and empty-string account values (1.4s)
  ✓  116 [webkit-light-desktop] › src/web/ui-migration/choices.browser.mjs:294:1 › search preserves selection, filters groups, handles no results, composition and explicit clear (3.4s)
  ✓  117 [webkit-light-desktop] › src/web/ui-migration/choices.browser.mjs:325:1 › remote search accepts server labels and resets an action picker without local filtering (2.3s)
  ✓  118 [webkit-light-desktop] › src/web/ui-migration/choices.browser.mjs:345:37 › Dialog owns choices, top-layer Escape, Tab and theme (3.8s)
  ✓  119 [webkit-light-desktop] › src/web/ui-migration/choices.browser.mjs:345:37 › legacy Modal owns choices, top-layer Escape, Tab and theme (2.1s)
  ✓  120 [webkit-light-desktop] › src/web/ui-migration/choices.browser.mjs:383:1 › legacy host final Tab matches the AntD-only baseline, including its browser-focus boundary (2.4s)
  ✓  121 [webkit-light-desktop] › src/web/ui-migration/choices.browser.mjs:402:1 › popover owns a select and restores focus one layer at a time; tooltip responds to focus and hover (1.6s)
  ✓  122 [webkit-light-desktop] › src/web/ui-migration/choices.browser.mjs:437:1 › open choices follow the live system theme without losing selection (788ms)
  ✓  123 [webkit-light-desktop] › src/web/ui-migration/choices.browser.mjs:455:1 › Dialog keeps composition, outside dismissal, submenu Escape and keyboard clear within its owner (1.3s)
  ✓  124 [webkit-light-desktop] › src/web/ui-migration/choices.browser.mjs:488:42 › multiple chip appearance matches current labels and email fields (3.9s)
  ✓  125 [webkit-light-desktop] › src/web/ui-migration/choices.browser.mjs:488:42 › tags chip appearance matches current labels and email fields (3.1s)
  ✓  126 [webkit-light-desktop] › src/web/ui-migration/choices.browser.mjs:517:1 › multiple labels search, toggle, collapse, remove and clear without losing the remaining values (1.3s)
  ✓  127 [webkit-light-desktop] › src/web/ui-migration/choices.browser.mjs:554:1 › email tags support controlled typing, separators, composition, Enter, blur and deletion (1.2s)
  ✓  128 [webkit-light-desktop] › src/web/ui-migration/choices.browser.mjs:594:1 › multiple choices in Dialog keep their owner and menus do not activate a clickable row (1.6s)
  ✓  129 [webkit-light-desktop] › src/web/ui-migration/choices.browser.mjs:633:1 › search option touch selects once and preserves input focus (918ms)
  ✓  130 [webkit-light-desktop] › src/web/ui-migration/choices.browser.mjs:644:1 › disabled-button and long tooltips remain accessible; a plan-usage-sized popover fits the screen (1.3s)
(node:2730871) Warning: The 'NO_COLOR' env is ignored due to the 'FORCE_COLOR' env being set.
(Use `node --trace-warnings ...` to show where the warning was created)
  ✓  131 [webkit-light-phone] › src/web/ui-migration/choices.browser.mjs:82:3 › attachment matches the current surface, density and option states (2.6s)
  ✓  132 [webkit-light-phone] › src/web/ui-migration/choices.browser.mjs:82:3 › access matches the current surface, density and option states (2.5s)
  ✓  133 [webkit-light-phone] › src/web/ui-migration/choices.browser.mjs:82:3 › expiry matches the current surface, density and option states (2.7s)
  ✓  134 [webkit-light-phone] › src/web/ui-migration/choices.browser.mjs:82:3 › account matches the current surface, density and option states (2.8s)
  ✓  135 [webkit-light-phone] › src/web/ui-migration/choices.browser.mjs:82:3 › search matches the current surface, density and option states (2.8s)
  ✓  136 [webkit-light-phone] › src/web/ui-migration/choices.browser.mjs:82:3 › popover matches the current surface, density and option states (2.5s)
  ✓  137 [webkit-light-phone] › src/web/ui-migration/choices.browser.mjs:82:3 › tooltip matches the current surface, density and option states (2.3s)
  ✓  138 [webkit-light-phone] › src/web/ui-migration/choices.browser.mjs:160:1 › empty, disabled, hover and focus choice surfaces match the existing states (10.6s)
  ✓  139 [webkit-light-phone] › src/web/ui-migration/choices.browser.mjs:200:1 › menu arrows, disabled items, submenu, checkbox and focus return work (1.1s)
  ✓  140 [webkit-light-phone] › src/web/ui-migration/choices.browser.mjs:233:1 › touch or pointer menus dismiss outside, fit viewport and open a dialog with stable return focus (1.3s)
  ✓  141 [webkit-light-phone] › src/web/ui-migration/choices.browser.mjs:265:1 › select supports arrows, Enter, clear, empty, disabled and empty-string account values (1.2s)
  ✓  142 [webkit-light-phone] › src/web/ui-migration/choices.browser.mjs:294:1 › search preserves selection, filters groups, handles no results, composition and explicit clear (1.4s)
  ✓  143 [webkit-light-phone] › src/web/ui-migration/choices.browser.mjs:325:1 › remote search accepts server labels and resets an action picker without local filtering (1.0s)
  ✓  144 [webkit-light-phone] › src/web/ui-migration/choices.browser.mjs:345:37 › Dialog owns choices, top-layer Escape, Tab and theme (2.1s)
  ✓  145 [webkit-light-phone] › src/web/ui-migration/choices.browser.mjs:345:37 › legacy Modal owns choices, top-layer Escape, Tab and theme (2.5s)
  ✓  146 [webkit-light-phone] › src/web/ui-migration/choices.browser.mjs:383:1 › legacy host final Tab matches the AntD-only baseline, including its browser-focus boundary (2.6s)
  ✓  147 [webkit-light-phone] › src/web/ui-migration/choices.browser.mjs:402:1 › popover owns a select and restores focus one layer at a time; tooltip responds to focus and hover (2.0s)
  ✓  148 [webkit-light-phone] › src/web/ui-migration/choices.browser.mjs:437:1 › open choices follow the live system theme without losing selection (1.1s)
  ✓  149 [webkit-light-phone] › src/web/ui-migration/choices.browser.mjs:455:1 › Dialog keeps composition, outside dismissal, submenu Escape and keyboard clear within its owner (1.6s)
  ✓  150 [webkit-light-phone] › src/web/ui-migration/choices.browser.mjs:488:42 › multiple chip appearance matches current labels and email fields (3.9s)
  ✓  151 [webkit-light-phone] › src/web/ui-migration/choices.browser.mjs:488:42 › tags chip appearance matches current labels and email fields (2.6s)
  ✓  152 [webkit-light-phone] › src/web/ui-migration/choices.browser.mjs:517:1 › multiple labels search, toggle, collapse, remove and clear without losing the remaining values (1.1s)
  ✓  153 [webkit-light-phone] › src/web/ui-migration/choices.browser.mjs:554:1 › email tags support controlled typing, separators, composition, Enter, blur and deletion (1.2s)
  ✓  154 [webkit-light-phone] › src/web/ui-migration/choices.browser.mjs:594:1 › multiple choices in Dialog keep their owner and menus do not activate a clickable row (1.5s)
  ✓  155 [webkit-light-phone] › src/web/ui-migration/choices.browser.mjs:633:1 › search option touch selects once and preserves input focus (924ms)
  ✓  156 [webkit-light-phone] › src/web/ui-migration/choices.browser.mjs:644:1 › disabled-button and long tooltips remain accessible; a plan-usage-sized popover fits the screen (1.3s)
(node:2740700) Warning: The 'NO_COLOR' env is ignored due to the 'FORCE_COLOR' env being set.
(Use `node --trace-warnings ...` to show where the warning was created)
  ✓  157 [webkit-dark-desktop] › src/web/ui-migration/choices.browser.mjs:82:3 › attachment matches the current surface, density and option states (2.6s)
  ✓  158 [webkit-dark-desktop] › src/web/ui-migration/choices.browser.mjs:82:3 › access matches the current surface, density and option states (2.6s)
  ✓  159 [webkit-dark-desktop] › src/web/ui-migration/choices.browser.mjs:82:3 › expiry matches the current surface, density and option states (3.0s)
  ✓  160 [webkit-dark-desktop] › src/web/ui-migration/choices.browser.mjs:82:3 › account matches the current surface, density and option states (3.0s)
  ✓  161 [webkit-dark-desktop] › src/web/ui-migration/choices.browser.mjs:82:3 › search matches the current surface, density and option states (2.7s)
  ✓  162 [webkit-dark-desktop] › src/web/ui-migration/choices.browser.mjs:82:3 › popover matches the current surface, density and option states (2.5s)
  ✓  163 [webkit-dark-desktop] › src/web/ui-migration/choices.browser.mjs:82:3 › tooltip matches the current surface, density and option states (3.0s)
  ✓  164 [webkit-dark-desktop] › src/web/ui-migration/choices.browser.mjs:160:1 › empty, disabled, hover and focus choice surfaces match the existing states (11.8s)
  ✓  165 [webkit-dark-desktop] › src/web/ui-migration/choices.browser.mjs:200:1 › menu arrows, disabled items, submenu, checkbox and focus return work (1.2s)
  ✓  166 [webkit-dark-desktop] › src/web/ui-migration/choices.browser.mjs:233:1 › touch or pointer menus dismiss outside, fit viewport and open a dialog with stable return focus (1.6s)
  ✓  167 [webkit-dark-desktop] › src/web/ui-migration/choices.browser.mjs:265:1 › select supports arrows, Enter, clear, empty, disabled and empty-string account values (1.4s)
  ✓  168 [webkit-dark-desktop] › src/web/ui-migration/choices.browser.mjs:294:1 › search preserves selection, filters groups, handles no results, composition and explicit clear (1.6s)
  ✓  169 [webkit-dark-desktop] › src/web/ui-migration/choices.browser.mjs:325:1 › remote search accepts server labels and resets an action picker without local filtering (1.1s)
  ✓  170 [webkit-dark-desktop] › src/web/ui-migration/choices.browser.mjs:345:37 › Dialog owns choices, top-layer Escape, Tab and theme (2.3s)
  ✓  171 [webkit-dark-desktop] › src/web/ui-migration/choices.browser.mjs:345:37 › legacy Modal owns choices, top-layer Escape, Tab and theme (2.4s)
  ✓  172 [webkit-dark-desktop] › src/web/ui-migration/choices.browser.mjs:383:1 › legacy host final Tab matches the AntD-only baseline, including its browser-focus boundary (2.9s)
  ✓  173 [webkit-dark-desktop] › src/web/ui-migration/choices.browser.mjs:402:1 › popover owns a select and restores focus one layer at a time; tooltip responds to focus and hover (1.8s)
  ✓  174 [webkit-dark-desktop] › src/web/ui-migration/choices.browser.mjs:437:1 › open choices follow the live system theme without losing selection (1.3s)
  ✓  175 [webkit-dark-desktop] › src/web/ui-migration/choices.browser.mjs:455:1 › Dialog keeps composition, outside dismissal, submenu Escape and keyboard clear within its owner (1.9s)
  ✓  176 [webkit-dark-desktop] › src/web/ui-migration/choices.browser.mjs:488:42 › multiple chip appearance matches current labels and email fields (4.1s)
  ✓  177 [webkit-dark-desktop] › src/web/ui-migration/choices.browser.mjs:488:42 › tags chip appearance matches current labels and email fields (2.9s)
  ✓  178 [webkit-dark-desktop] › src/web/ui-migration/choices.browser.mjs:517:1 › multiple labels search, toggle, collapse, remove and clear without losing the remaining values (1.4s)
  ✓  179 [webkit-dark-desktop] › src/web/ui-migration/choices.browser.mjs:554:1 › email tags support controlled typing, separators, composition, Enter, blur and deletion (1.3s)
  ✓  180 [webkit-dark-desktop] › src/web/ui-migration/choices.browser.mjs:594:1 › multiple choices in Dialog keep their owner and menus do not activate a clickable row (1.6s)
  ✓  181 [webkit-dark-desktop] › src/web/ui-migration/choices.browser.mjs:633:1 › search option touch selects once and preserves input focus (941ms)
  ✓  182 [webkit-dark-desktop] › src/web/ui-migration/choices.browser.mjs:644:1 › disabled-button and long tooltips remain accessible; a plan-usage-sized popover fits the screen (1.5s)
(node:2748144) Warning: The 'NO_COLOR' env is ignored due to the 'FORCE_COLOR' env being set.
(Use `node --trace-warnings ...` to show where the warning was created)
  ✓  183 [webkit-dark-phone] › src/web/ui-migration/choices.browser.mjs:82:3 › attachment matches the current surface, density and option states (2.7s)
  ✓  184 [webkit-dark-phone] › src/web/ui-migration/choices.browser.mjs:82:3 › access matches the current surface, density and option states (3.1s)
  ✓  185 [webkit-dark-phone] › src/web/ui-migration/choices.browser.mjs:82:3 › expiry matches the current surface, density and option states (3.3s)
  ✓  186 [webkit-dark-phone] › src/web/ui-migration/choices.browser.mjs:82:3 › account matches the current surface, density and option states (3.2s)
  ✓  187 [webkit-dark-phone] › src/web/ui-migration/choices.browser.mjs:82:3 › search matches the current surface, density and option states (3.0s)
  ✓  188 [webkit-dark-phone] › src/web/ui-migration/choices.browser.mjs:82:3 › popover matches the current surface, density and option states (2.8s)
  ✓  189 [webkit-dark-phone] › src/web/ui-migration/choices.browser.mjs:82:3 › tooltip matches the current surface, density and option states (2.7s)
  ✓  190 [webkit-dark-phone] › src/web/ui-migration/choices.browser.mjs:160:1 › empty, disabled, hover and focus choice surfaces match the existing states (11.3s)
  ✓  191 [webkit-dark-phone] › src/web/ui-migration/choices.browser.mjs:200:1 › menu arrows, disabled items, submenu, checkbox and focus return work (1.2s)
  ✓  192 [webkit-dark-phone] › src/web/ui-migration/choices.browser.mjs:233:1 › touch or pointer menus dismiss outside, fit viewport and open a dialog with stable return focus (1.4s)
  ✓  193 [webkit-dark-phone] › src/web/ui-migration/choices.browser.mjs:265:1 › select supports arrows, Enter, clear, empty, disabled and empty-string account values (1.4s)
  ✓  194 [webkit-dark-phone] › src/web/ui-migration/choices.browser.mjs:294:1 › search preserves selection, filters groups, handles no results, composition and explicit clear (1.5s)
  ✓  195 [webkit-dark-phone] › src/web/ui-migration/choices.browser.mjs:325:1 › remote search accepts server labels and resets an action picker without local filtering (1.1s)
  ✓  196 [webkit-dark-phone] › src/web/ui-migration/choices.browser.mjs:345:37 › Dialog owns choices, top-layer Escape, Tab and theme (2.2s)
  ✓  197 [webkit-dark-phone] › src/web/ui-migration/choices.browser.mjs:345:37 › legacy Modal owns choices, top-layer Escape, Tab and theme (2.6s)
  ✓  198 [webkit-dark-phone] › src/web/ui-migration/choices.browser.mjs:383:1 › legacy host final Tab matches the AntD-only baseline, including its browser-focus boundary (3.4s)
  ✓  199 [webkit-dark-phone] › src/web/ui-migration/choices.browser.mjs:402:1 › popover owns a select and restores focus one layer at a time; tooltip responds to focus and hover (2.1s)
  ✓  200 [webkit-dark-phone] › src/web/ui-migration/choices.browser.mjs:437:1 › open choices follow the live system theme without losing selection (1.2s)
  ✓  201 [webkit-dark-phone] › src/web/ui-migration/choices.browser.mjs:455:1 › Dialog keeps composition, outside dismissal, submenu Escape and keyboard clear within its owner (1.7s)
  ✓  202 [webkit-dark-phone] › src/web/ui-migration/choices.browser.mjs:488:42 › multiple chip appearance matches current labels and email fields (4.2s)
  ✓  203 [webkit-dark-phone] › src/web/ui-migration/choices.browser.mjs:488:42 › tags chip appearance matches current labels and email fields (4.4s)
  ✓  204 [webkit-dark-phone] › src/web/ui-migration/choices.browser.mjs:517:1 › multiple labels search, toggle, collapse, remove and clear without losing the remaining values (1.5s)
  ✓  205 [webkit-dark-phone] › src/web/ui-migration/choices.browser.mjs:554:1 › email tags support controlled typing, separators, composition, Enter, blur and deletion (1.4s)
  ✓  206 [webkit-dark-phone] › src/web/ui-migration/choices.browser.mjs:594:1 › multiple choices in Dialog keep their owner and menus do not activate a clickable row (1.4s)
  ✓  207 [webkit-dark-phone] › src/web/ui-migration/choices.browser.mjs:633:1 › search option touch selects once and preserves input focus (831ms)
  ✓  208 [webkit-dark-phone] › src/web/ui-migration/choices.browser.mjs:644:1 › disabled-button and long tooltips remain accessible; a plan-usage-sized popover fits the screen (1.2s)


  1) [chromium-dark-phone] › src/web/ui-migration/choices.browser.mjs:488:42 › multiple chip appearance matches current labels and email fields 

    Error: expect(locator).toHaveText(expected) failed

    Locator: getByTestId('theme')
    Expected: "dark"
    Timeout: 15000ms
    Error: element(s) not found

    Call log:
      - Expect "toHaveText" getByTestId('theme') with timeout 15000ms
      - waiting for getByTestId('theme')


      492 |     for (const system of ['antd', 'orbit']) {
      493 |       await page.goto(`${fixture}?sample=${kind}&system=${system}&state=${state}`);
    > 494 |       await expect(page.getByTestId('theme')).toHaveText(info.project.use.colorScheme);
          |                                               ^
      495 |       const control = page.locator('.sample-choice');
      496 |       await page.mouse.move(0, 0);
      497 |       await page.getByTestId('neutral').focus();
        at /tmp/orbit-p22-coordinator-review-c41y2abt/src/web/ui-migration/choices.browser.mjs:494:47

    Error Context: src/web/.choices-results/choices.browser.mjs-multip-ed3e8-ent-labels-and-email-fields-chromium-dark-phone/error-context.md

    attachment #4: trace (application/zip) ─────────────────────────────────────────────────────────
    src/web/.choices-results/choices.browser.mjs-multip-ed3e8-ent-labels-and-email-fields-chromium-dark-phone/trace.zip
    Usage:

        npx playwright show-trace src/web/.choices-results/choices.browser.mjs-multip-ed3e8-ent-labels-and-email-fields-chromium-dark-phone/trace.zip

    ────────────────────────────────────────────────────────────────────────────────────────────────

  1 failed
    [chromium-dark-phone] › src/web/ui-migration/choices.browser.mjs:488:42 › multiple chip appearance matches current labels and email fields 
  207 passed (9.1m)
