17:46:23 "GET /api/projects/P1/integration HTTP/1.1" 200 -
17:46:23 "GET /api/projects/P1/integration HTTP/1.1" 200 -
17:50:24 "POST /__reset HTTP/1.1" 200 -
17:50:38 "GET /api/users/me HTTP/1.1" 200 -
17:50:38 "GET /api/agents HTTP/1.1" 200 -
17:50:38 "GET /api/projects/sidebar HTTP/1.1" 200 -
17:50:38 "GET /api/task-lists HTTP/1.1" 200 -
17:50:38 "GET /api/wiki/spaces HTTP/1.1" 404 -
17:50:38 "GET /api/projects HTTP/1.1" 200 -
17:50:39 "GET /api/runners HTTP/1.1" 200 -
17:50:39 "GET /api/events HTTP/1.1" 200 -
17:50:39 "GET /api/tasks/page?limit=1&listId=none&projectId=none&counts=total HTTP/1.1" 404 -
17:50:39 "GET /api/users/me HTTP/1.1" 200 -
17:50:39 "GET /api/agents HTTP/1.1" 200 -
17:50:39 "GET /api/sessions?view=open&since= HTTP/1.1" 200 -
17:50:39 "GET /api/providers HTTP/1.1" 200 -
17:50:39 "GET /api/runners HTTP/1.1" 200 -
17:50:39 "GET /api/sessions?view=open HTTP/1.1" 200 -
17:50:39 "GET /api/providers/pools HTTP/1.1" 200 -
17:50:39 "GET /api/providers HTTP/1.1" 200 -
17:50:40 "GET /api/watches?state=ACTIVE HTTP/1.1" 200 -
17:50:40 "GET /api/session-folders HTTP/1.1" 200 -
17:50:40 "GET /api/wiki/spaces HTTP/1.1" 404 -
17:50:40 "GET /api/providers/shared-pools HTTP/1.1" 200 -
17:50:40 "GET /api/watches?state=ACTIVE HTTP/1.1" 200 -
17:50:40 "GET /api/providers/pools HTTP/1.1" 200 -
17:50:40 "GET /api/watches?state=PAUSED HTTP/1.1" 200 -
17:50:40 "GET /api/watches?state=PAUSED HTTP/1.1" 200 -
17:50:40 "GET /api/watches HTTP/1.1" 200 -
17:50:40 "GET /api/watches HTTP/1.1" 200 -
17:50:40 "GET /api/session-tags HTTP/1.1" 200 -
17:50:40 "GET /api/watches?needsAttention=true HTTP/1.1" 200 -
17:50:40 "GET /api/watches?needsAttention=true HTTP/1.1" 200 -
17:50:40 "GET /api/agents HTTP/1.1" 200 -
17:50:40 "GET /api/providers/shared-pools HTTP/1.1" 200 -
17:50:40 "GET /api/sessions?view=open HTTP/1.1" 200 -
17:50:40 "GET /api/session-folders HTTP/1.1" 200 -
17:50:40 "GET /api/projects HTTP/1.1" 200 -
17:50:40 "GET /api/projects/sidebar HTTP/1.1" 200 -
17:50:41 "GET /api/auth/capabilities HTTP/1.1" 404 -
17:50:41 "GET /api/runners HTTP/1.1" 200 -
17:50:41 "GET /api/projects/sidebar HTTP/1.1" 200 -
17:50:41 "GET /api/projects HTTP/1.1" 200 -
17:50:41 "GET /api/providers HTTP/1.1" 200 -
17:50:41 "GET /api/providers/pools HTTP/1.1" 200 -
17:50:41 "GET /api/providers/shared-pools HTTP/1.1" 200 -
17:50:41 "GET /api/task-lists HTTP/1.1" 200 -
17:50:41 "GET /api/tasks/page?limit=1&listId=none&projectId=none&counts=total HTTP/1.1" 404 -
17:50:44 "GET /api/sessions/C5/events/page?tail=200&maxPayload=2048 HTTP/1.1" 200 -
17:50:44 "GET /api/sessions/C5 HTTP/1.1" 200 -
17:50:44 "GET /api/sessions/C5/created-tasks HTTP/1.1" 404 -
17:50:44 "GET /api/tasks/evidence-decisions/pending?decidingSessionId=C5 HTTP/1.1" 404 -
17:50:44 "GET /api/sessions/C5 HTTP/1.1" 200 -
17:50:44 "GET /api/sessions/C5/turns?view=active HTTP/1.1" 200 -
17:50:44 "GET /api/sessions/C5/approvals?status=PENDING HTTP/1.1" 200 -
17:50:44 "GET /api/runners HTTP/1.1" 200 -
17:50:45 "GET /api/sessions/C5/events?sinceSeq=3&maxPayload=2048 HTTP/1.1" 200 -
17:50:45 "GET /api/sessions/C5/background HTTP/1.1" 404 -
17:50:45 "GET /api/tasks/evidence-decisions/pending?decidingSessionId=C5 HTTP/1.1" 404 -
17:50:45 "GET /api/providers/pools HTTP/1.1" 200 -
17:50:45 "GET /api/sessions?view=open HTTP/1.1" 200 -
17:50:45 "GET /api/providers/shared-pools HTTP/1.1" 200 -
17:50:45 "GET /api/projects/P5/acceptance/criteria-decisions/pending HTTP/1.1" 404 -
17:50:46 "GET /api/providers HTTP/1.1" 200 -
17:50:46 "GET /api/projects/P5/acceptance/confirmation HTTP/1.1" 200 -
17:50:46 "GET /api/projects/P5 HTTP/1.1" 200 -
17:50:46 "GET /api/projects/P5/open-items HTTP/1.1" 200 -
17:50:46 "GET /api/projects/P5/promotions/current HTTP/1.1" 404 -
17:50:46 "GET /api/projects/P5/promotions/merged HTTP/1.1" 404 -
17:50:46 "GET /api/projects/P5/integration HTTP/1.1" 200 -
17:50:46 "GET /api/projects/P5/dependency-graph HTTP/1.1" 200 -
17:50:46 "GET /api/tasks/evidence-decisions/pending?decidingSessionId=C5 HTTP/1.1" 404 -
17:50:50 "GET /api/sessions?view=open HTTP/1.1" 200 -
17:50:52 "GET /api/tasks/evidence-decisions/pending?decidingSessionId=C5 HTTP/1.1" 404 -
17:50:52 "GET /api/projects/P5/acceptance/criteria-decisions/pending HTTP/1.1" 404 -
17:50:53 "GET /api/projects/P5/acceptance/confirmation HTTP/1.1" 200 -
17:50:53 "GET /api/projects/P5 HTTP/1.1" 200 -
17:50:53 "GET /api/projects/P5/open-items HTTP/1.1" 200 -
17:50:53 "GET /api/projects/P5/promotions/current HTTP/1.1" 404 -
17:50:53 "GET /api/projects/P5/promotions/merged HTTP/1.1" 404 -
17:50:53 "GET /api/projects/P5/integration HTTP/1.1" 200 -
17:50:53 "GET /api/projects/P5/dependency-graph HTTP/1.1" 200 -
17:50:54 "GET /api/sessions?view=open HTTP/1.1" 200 -
17:50:54 "GET /api/runners HTTP/1.1" 200 -
17:50:58 "GET /api/sessions?view=open HTTP/1.1" 200 -
17:50:58 "GET /api/projects/sidebar HTTP/1.1" 200 -
17:50:58 "GET /api/projects HTTP/1.1" 200 -
17:51:02 "GET /api/sessions?view=open HTTP/1.1" 200 -
17:51:07 "GET /api/sessions?view=open HTTP/1.1" 200 -
17:51:11 "GET /api/sessions?view=open HTTP/1.1" 200 -
17:51:11 "GET /api/runners HTTP/1.1" 200 -
17:51:11 "GET /api/watches?state=ACTIVE HTTP/1.1" 200 -
17:51:11 "GET /api/watches?state=PAUSED HTTP/1.1" 200 -
17:51:11 "GET /api/watches HTTP/1.1" 200 -
17:51:11 "GET /api/watches?needsAttention=true HTTP/1.1" 200 -
17:51:15 "GET /api/sessions?view=open HTTP/1.1" 200 -
17:51:16 "GET /api/projects/sidebar HTTP/1.1" 200 -
17:51:16 "GET /api/projects HTTP/1.1" 200 -
17:51:18 BODY /api/projects/P5/start {"automatic": true, "criteriaDigest": "5d1a09c3be427777777777777777777777777777777777777777777777777777", "line": "PROJECT_BRANCH", "maxConcurrentTasks": 2, "mergeCheckCommand": "make test", "requestId": "I5", "upstreamRef": "refs/heads/master"}
17:51:18 "POST /api/projects/P5/start HTTP/1.1" 201 -
17:51:18 "GET /api/tasks/evidence-decisions/pending?decidingSessionId=C5 HTTP/1.1" 404 -
17:51:18 "GET /api/projects/P5/acceptance/criteria-decisions/pending HTTP/1.1" 404 -
17:51:18 "GET /api/projects/P5/acceptance/confirmation HTTP/1.1" 200 -
17:51:18 "GET /api/projects/P5 HTTP/1.1" 200 -
17:51:18 "GET /api/projects/P5/open-items HTTP/1.1" 200 -
17:51:18 "GET /api/projects/P5/promotions/current HTTP/1.1" 404 -
17:51:18 "GET /api/projects/P5/promotions/merged HTTP/1.1" 404 -
17:51:19 "GET /api/tasks/evidence-decisions/pending?decidingSessionId=C5 HTTP/1.1" 404 -
17:51:20 "GET /api/sessions?view=open HTTP/1.1" 200 -
17:51:21 "GET /__log HTTP/1.1" 200 -
17:51:24 "GET /api/sessions?view=open HTTP/1.1" 200 -
17:51:25 "POST /__reset HTTP/1.1" 200 -
17:51:35 "GET /api/users/me HTTP/1.1" 200 -
17:51:35 "GET /api/agents HTTP/1.1" 200 -
17:51:35 "GET /api/task-lists HTTP/1.1" 200 -
17:51:35 "GET /api/projects/sidebar HTTP/1.1" 200 -
17:51:35 "GET /api/projects HTTP/1.1" 200 -
17:51:35 "GET /api/wiki/spaces HTTP/1.1" 404 -
17:51:35 "GET /api/users/me HTTP/1.1" 200 -
17:51:35 "GET /api/agents HTTP/1.1" 200 -
17:51:35 "GET /api/events HTTP/1.1" 200 -
17:51:35 "GET /api/tasks/page?limit=1&listId=none&projectId=none&counts=total HTTP/1.1" 404 -
17:51:35 "GET /api/runners HTTP/1.1" 200 -
17:51:36 "GET /api/providers HTTP/1.1" 200 -
17:51:36 "GET /api/providers HTTP/1.1" 200 -
17:51:36 "GET /api/sessions?view=open&since= HTTP/1.1" 200 -
17:51:36 "GET /api/providers/pools HTTP/1.1" 200 -
17:51:36 "GET /api/providers/pools HTTP/1.1" 200 -
17:51:36 "GET /api/watches?state=ACTIVE HTTP/1.1" 200 -
17:51:36 "GET /api/wiki/spaces HTTP/1.1" 404 -
17:51:36 "GET /api/watches?state=ACTIVE HTTP/1.1" 200 -
17:51:36 "GET /api/session-folders HTTP/1.1" 200 -
17:51:36 "GET /api/providers/shared-pools HTTP/1.1" 200 -
17:51:36 "GET /api/watches?state=PAUSED HTTP/1.1" 200 -
17:51:36 "GET /api/providers/shared-pools HTTP/1.1" 200 -
17:51:36 "GET /api/watches?state=PAUSED HTTP/1.1" 200 -
17:51:36 "GET /api/watches HTTP/1.1" 200 -
17:51:36 "GET /api/agents HTTP/1.1" 200 -
17:51:36 "GET /api/watches HTTP/1.1" 200 -
17:51:36 "GET /api/watches?needsAttention=true HTTP/1.1" 200 -
17:51:36 "GET /api/watches?needsAttention=true HTTP/1.1" 200 -
17:51:36 "GET /api/session-tags HTTP/1.1" 200 -
17:51:37 "GET /api/projects/sidebar HTTP/1.1" 200 -
17:51:37 "GET /api/runners HTTP/1.1" 200 -
17:51:37 "GET /api/projects HTTP/1.1" 200 -
17:51:37 "GET /api/sessions?view=open HTTP/1.1" 200 -
17:51:37 "GET /api/session-folders HTTP/1.1" 200 -
17:51:37 "GET /api/providers HTTP/1.1" 200 -
17:51:37 "GET /api/auth/capabilities HTTP/1.1" 404 -
17:51:37 "GET /api/projects/sidebar HTTP/1.1" 200 -
17:51:37 "GET /api/projects HTTP/1.1" 200 -
17:51:37 "GET /api/providers/pools HTTP/1.1" 200 -
17:51:38 "GET /api/providers/shared-pools HTTP/1.1" 200 -
17:51:38 "GET /api/task-lists HTTP/1.1" 200 -
17:51:38 "GET /api/tasks/page?limit=1&listId=none&projectId=none&counts=total HTTP/1.1" 404 -
17:51:38 "GET /api/projects/sidebar HTTP/1.1" 200 -
17:51:38 "GET /api/projects HTTP/1.1" 200 -
17:51:39 "GET /api/projects/P2/panorama HTTP/1.1" 404 -
17:51:39 "GET /api/projects/P2/integration HTTP/1.1" 200 -
17:51:39 "GET /api/projects/P2 HTTP/1.1" 200 -
17:51:39 "GET /api/projects/P2/open-items HTTP/1.1" 200 -
17:51:39 "GET /api/projects/P2/dependency-graph HTTP/1.1" 200 -
17:51:39 "GET /api/projects/P2/handoffs HTTP/1.1" 200 -
17:51:39 "GET /api/projects/P2/tasks/page?limit=100 HTTP/1.1" 200 -
17:51:39 "GET /api/projects/P2/coordinator/status HTTP/1.1" 404 -
17:51:39 "GET /api/projects/P2/panorama/ready?limit=5 HTTP/1.1" 404 -
17:51:39 "GET /api/projects/P2/share HTTP/1.1" 404 -
17:51:41 "GET /api/projects/P2/acceptance/confirmation HTTP/1.1" 200 -
17:51:42 "GET /api/sessions?view=open HTTP/1.1" 200 -
17:51:46 "GET /api/sessions?view=open HTTP/1.1" 200 -
17:51:51 "GET /api/sessions?view=open HTTP/1.1" 200 -
17:51:51 "GET /api/runners HTTP/1.1" 200 -
17:51:56 "GET /api/sessions?view=open HTTP/1.1" 200 -
17:51:57 "GET /api/projects HTTP/1.1" 200 -
17:51:57 "GET /api/projects/sidebar HTTP/1.1" 200 -
17:51:57 "GET /api/projects/P2/integration HTTP/1.1" 200 -
17:51:57 "GET /api/projects/P2 HTTP/1.1" 200 -
17:51:57 "GET /api/projects/P2/coordinator/status HTTP/1.1" 404 -
17:51:57 "GET /api/projects/P2/panorama HTTP/1.1" 404 -
17:51:57 "GET /api/projects/P2/open-items HTTP/1.1" 200 -
17:51:57 "GET /api/projects/P2/panorama/ready?limit=5 HTTP/1.1" 404 -
17:51:57 "GET /api/projects/P2/tasks/page?limit=100 HTTP/1.1" 200 -
17:51:57 "GET /api/projects/P2/handoffs HTTP/1.1" 200 -
17:52:04 "GET /api/sessions?view=open HTTP/1.1" 200 -
17:52:09 "GET /api/sessions?view=open HTTP/1.1" 200 -
17:52:09 "GET /api/runners HTTP/1.1" 200 -
17:52:09 "GET /api/watches?state=ACTIVE HTTP/1.1" 200 -
17:52:09 "GET /api/watches?state=PAUSED HTTP/1.1" 200 -
17:52:09 "GET /api/watches HTTP/1.1" 200 -
17:52:09 "GET /api/watches?needsAttention=true HTTP/1.1" 200 -
17:52:20 "GET /api/sessions?view=open HTTP/1.1" 200 -
17:52:20 "GET /api/projects HTTP/1.1" 200 -
17:52:20 "GET /api/projects/sidebar HTTP/1.1" 200 -
17:52:20 "GET /api/projects/P2/panorama HTTP/1.1" 404 -
17:52:20 "GET /api/projects/P2/integration HTTP/1.1" 200 -
17:52:20 "GET /api/projects/P2 HTTP/1.1" 200 -
17:52:20 "GET /api/projects/P2/open-items HTTP/1.1" 200 -
17:52:20 "GET /api/projects/P2/panorama/ready?limit=5 HTTP/1.1" 404 -
17:52:20 "GET /api/projects/P2/handoffs HTTP/1.1" 200 -
17:52:20 "GET /api/projects/P2/tasks/page?limit=100 HTTP/1.1" 200 -
17:52:20 "GET /api/projects/P2/coordinator/status HTTP/1.1" 404 -
17:52:27 "GET /api/sessions?view=open HTTP/1.1" 200 -
17:52:27 "GET /api/runners HTTP/1.1" 200 -
17:52:32 "GET /api/sessions?view=open HTTP/1.1" 200 -
17:52:36 "GET /api/sessions?view=open HTTP/1.1" 200 -
17:52:36 "GET /api/projects HTTP/1.1" 200 -
17:52:36 "GET /api/projects/sidebar HTTP/1.1" 200 -
17:52:36 "GET /api/projects/P2 HTTP/1.1" 200 -
17:52:36 "GET /api/projects/P2/open-items HTTP/1.1" 200 -
17:52:36 "GET /api/projects/P2/integration HTTP/1.1" 200 -
17:52:36 "GET /api/projects/P2/panorama HTTP/1.1" 404 -
17:52:36 "GET /api/projects/P2/coordinator/status HTTP/1.1" 404 -
17:52:36 "GET /api/projects/P2/tasks/page?limit=100 HTTP/1.1" 200 -
17:52:36 "GET /api/projects/P2/panorama/ready?limit=5 HTTP/1.1" 404 -
17:52:36 "GET /api/projects/P2/handoffs HTTP/1.1" 200 -
17:52:42 "GET /api/sessions?view=open HTTP/1.1" 200 -
17:52:42 "GET /api/watches?state=ACTIVE HTTP/1.1" 200 -
17:52:42 "GET /api/watches?state=PAUSED HTTP/1.1" 200 -
17:52:42 "GET /api/watches HTTP/1.1" 200 -
17:52:42 "GET /api/watches?needsAttention=true HTTP/1.1" 200 -
17:52:47 "GET /api/sessions?view=open HTTP/1.1" 200 -
17:52:47 "GET /api/runners HTTP/1.1" 200 -
17:52:51 "GET /api/sessions?view=open HTTP/1.1" 200 -
17:52:55 "GET /api/sessions?view=open HTTP/1.1" 200 -
17:52:55 "GET /api/projects/sidebar HTTP/1.1" 200 -
17:52:55 "GET /api/projects HTTP/1.1" 200 -
17:52:55 "GET /api/projects/P2/integration HTTP/1.1" 200 -
17:52:55 "GET /api/projects/P2/panorama HTTP/1.1" 404 -
17:52:55 "GET /api/projects/P2/open-items HTTP/1.1" 200 -
17:52:55 "GET /api/projects/P2 HTTP/1.1" 200 -
17:52:55 "GET /api/projects/P2/coordinator/status HTTP/1.1" 404 -
17:52:55 "GET /api/projects/P2/panorama/ready?limit=5 HTTP/1.1" 404 -
17:52:55 "GET /api/projects/P2/tasks/page?limit=100 HTTP/1.1" 200 -
17:52:55 "GET /api/projects/P2/handoffs HTTP/1.1" 200 -
17:53:00 "GET /api/sessions?view=open HTTP/1.1" 200 -
17:53:04 "GET /api/sessions?view=open HTTP/1.1" 200 -
17:53:04 "GET /api/runners HTTP/1.1" 200 -
17:53:08 "GET /api/sessions?view=open HTTP/1.1" 200 -
17:53:12 "GET /api/sessions?view=open HTTP/1.1" 200 -
17:53:12 "GET /api/watches?state=ACTIVE HTTP/1.1" 200 -
17:53:12 "GET /api/watches?state=PAUSED HTTP/1.1" 200 -
17:53:12 "GET /api/watches HTTP/1.1" 200 -
17:53:12 "GET /api/watches?needsAttention=true HTTP/1.1" 200 -
17:53:12 "GET /api/projects/sidebar HTTP/1.1" 200 -
17:53:12 "GET /api/projects HTTP/1.1" 200 -
17:53:13 "GET /api/projects/P2 HTTP/1.1" 200 -
17:53:13 "GET /api/projects/P2/integration HTTP/1.1" 200 -
17:53:13 "GET /api/projects/P2/panorama HTTP/1.1" 404 -
17:53:13 "GET /api/projects/P2/open-items HTTP/1.1" 200 -
17:53:13 "GET /api/projects/P2/coordinator/status HTTP/1.1" 404 -
17:53:13 "GET /api/projects/P2/tasks/page?limit=100 HTTP/1.1" 200 -
17:53:13 "GET /api/projects/P2/panorama/ready?limit=5 HTTP/1.1" 404 -
17:53:13 "GET /api/projects/P2/handoffs HTTP/1.1" 200 -
17:53:17 "GET /api/sessions?view=open HTTP/1.1" 200 -
17:53:21 "GET /api/sessions?view=open HTTP/1.1" 200 -
17:53:21 "GET /api/runners HTTP/1.1" 200 -
17:53:24 BODY /api/projects/P2/start {"automatic": false, "criteriaDigest": "5d1a09c3be427777777777777777777777777777777777777777777777777777", "line": "MAIN", "maxConcurrentTasks": 2, "mergeCheckCommand": "make test", "requestId": null, "upstreamRef": "refs/heads/develop"}
17:53:24 "POST /api/projects/P2/start HTTP/1.1" 201 -
17:53:24 "GET /api/projects/sidebar HTTP/1.1" 200 -
17:53:25 "GET /api/projects HTTP/1.1" 200 -
17:53:25 "GET /api/projects/P2 HTTP/1.1" 200 -
17:53:25 "GET /api/projects/P2/open-items HTTP/1.1" 200 -
17:53:25 "GET /api/projects/P2/panorama HTTP/1.1" 404 -
17:53:25 "GET /api/projects/P2/coordinator/status HTTP/1.1" 404 -
17:53:25 "GET /api/projects/P2/panorama/ready?limit=5 HTTP/1.1" 404 -
17:53:25 "GET /api/projects/P2/handoffs HTTP/1.1" 200 -
17:53:25 "GET /api/projects/P2/dependency-graph HTTP/1.1" 200 -
17:53:25 "GET /api/projects/P2/tasks/page?limit=100 HTTP/1.1" 200 -
17:53:25 "GET /api/projects/P2/integration HTTP/1.1" 200 -
17:53:25 "GET /api/sessions?view=open HTTP/1.1" 200 -
17:53:28 "GET /__log HTTP/1.1" 200 -
17:53:29 "GET /api/sessions?view=open HTTP/1.1" 200 -
17:53:29 "GET /api/projects HTTP/1.1" 200 -
17:53:29 "GET /api/projects/sidebar HTTP/1.1" 200 -
17:53:29 "GET /api/projects/P2/panorama HTTP/1.1" 404 -
17:53:29 "GET /api/projects/P2/integration HTTP/1.1" 200 -
17:53:29 "GET /api/projects/P2 HTTP/1.1" 200 -
17:53:29 "GET /api/projects/P2/coordinator/status HTTP/1.1" 404 -
17:53:29 "GET /api/projects/P2/open-items HTTP/1.1" 200 -
17:53:29 "GET /api/projects/P2/panorama/ready?limit=5 HTTP/1.1" 404 -
17:53:29 "GET /api/projects/P2/tasks/page?limit=100 HTTP/1.1" 200 -
17:53:29 "GET /api/projects/P2/handoffs HTTP/1.1" 200 -
17:53:30 "POST /__reset HTTP/1.1" 200 -
17:53:38 "GET /api/users/me HTTP/1.1" 200 -
17:53:38 "GET /api/task-lists HTTP/1.1" 200 -
17:53:38 "GET /api/projects/sidebar HTTP/1.1" 200 -
17:53:38 "GET /api/agents HTTP/1.1" 200 -
17:53:38 "GET /api/projects HTTP/1.1" 200 -
17:53:38 "GET /api/wiki/spaces HTTP/1.1" 404 -
17:53:39 "GET /api/users/me HTTP/1.1" 200 -
17:53:39 "GET /api/tasks/page?limit=1&listId=none&projectId=none&counts=total HTTP/1.1" 404 -
17:53:39 "GET /api/runners HTTP/1.1" 200 -
17:53:39 "GET /api/agents HTTP/1.1" 200 -
17:53:39 "GET /api/events HTTP/1.1" 200 -
17:53:39 "GET /api/sessions?view=open&since= HTTP/1.1" 200 -
17:53:39 "GET /api/providers HTTP/1.1" 200 -
17:53:39 "GET /api/providers HTTP/1.1" 200 -
17:53:39 "GET /api/providers/pools HTTP/1.1" 200 -
17:53:39 "GET /api/providers/pools HTTP/1.1" 200 -
17:53:39 "GET /api/sessions?view=open HTTP/1.1" 200 -
17:53:39 "GET /api/providers/shared-pools HTTP/1.1" 200 -
17:53:39 "GET /api/watches?state=ACTIVE HTTP/1.1" 200 -
17:53:39 "GET /api/watches?state=ACTIVE HTTP/1.1" 200 -
17:53:39 "GET /api/session-folders HTTP/1.1" 200 -
17:53:39 "GET /api/wiki/spaces HTTP/1.1" 404 -
17:53:39 "GET /api/providers/shared-pools HTTP/1.1" 200 -
17:53:39 "GET /api/watches?state=PAUSED HTTP/1.1" 200 -
17:53:39 "GET /api/watches?state=PAUSED HTTP/1.1" 200 -
17:53:39 "GET /api/watches HTTP/1.1" 200 -
17:53:39 "GET /api/watches HTTP/1.1" 200 -
17:53:39 "GET /api/watches?needsAttention=true HTTP/1.1" 200 -
17:53:39 "GET /api/watches?needsAttention=true HTTP/1.1" 200 -
17:53:40 "GET /api/session-tags HTTP/1.1" 200 -
17:53:40 "GET /api/projects/sidebar HTTP/1.1" 200 -
17:53:40 "GET /api/agents HTTP/1.1" 200 -
17:53:40 "GET /api/session-folders HTTP/1.1" 200 -
17:53:40 "GET /api/sessions?view=open HTTP/1.1" 200 -
17:53:40 "GET /api/projects HTTP/1.1" 200 -
17:53:40 "GET /api/runners HTTP/1.1" 200 -
17:53:40 "GET /api/projects HTTP/1.1" 200 -
17:53:40 "GET /api/projects/sidebar HTTP/1.1" 200 -
17:53:40 "GET /api/providers HTTP/1.1" 200 -
17:53:40 "GET /api/auth/capabilities HTTP/1.1" 404 -
17:53:40 "GET /api/providers/pools HTTP/1.1" 200 -
17:53:40 "GET /api/providers/shared-pools HTTP/1.1" 200 -
17:53:40 "GET /api/task-lists HTTP/1.1" 200 -
17:53:40 "GET /api/tasks/page?limit=1&listId=none&projectId=none&counts=total HTTP/1.1" 404 -
17:53:41 "GET /api/projects HTTP/1.1" 200 -
17:53:41 "GET /api/projects/sidebar HTTP/1.1" 200 -
17:53:41 "GET /api/projects/P1 HTTP/1.1" 200 -
17:53:41 "GET /api/projects/P1/integration HTTP/1.1" 200 -
17:53:41 "GET /api/projects/P1/open-items HTTP/1.1" 200 -
17:53:41 "GET /api/projects/P1/tasks/page?limit=100 HTTP/1.1" 200 -
17:53:41 "GET /api/projects/P1/dependency-graph HTTP/1.1" 200 -
17:53:41 "GET /api/projects/P1/panorama/ready?limit=5 HTTP/1.1" 404 -
17:53:41 "GET /api/projects/P1/coordinator/status HTTP/1.1" 404 -
17:53:41 "GET /api/projects/P1/handoffs HTTP/1.1" 200 -
17:53:41 "GET /api/projects/P1/panorama HTTP/1.1" 404 -
17:53:42 "GET /api/projects/P1/share HTTP/1.1" 404 -
17:53:44 "GET /api/sessions?view=open HTTP/1.1" 200 -
17:53:49 "GET /api/sessions?view=open HTTP/1.1" 200 -
17:53:51 BODY /api/projects/P1/integration {"upstreamRef": "refs/heads/develop"}
17:53:51 "PATCH /api/projects/P1/integration HTTP/1.1" 200 -
17:53:51 "GET /api/projects/P1 HTTP/1.1" 200 -
17:53:51 "GET /api/projects HTTP/1.1" 200 -
17:53:51 "GET /api/projects/sidebar HTTP/1.1" 200 -
17:53:51 "GET /api/projects/P1/integration HTTP/1.1" 200 -
17:53:51 "GET /api/projects/P1/open-items HTTP/1.1" 200 -
17:53:51 "GET /api/projects/P1/handoffs HTTP/1.1" 200 -
17:53:51 "GET /api/projects/P1/panorama/ready?limit=5 HTTP/1.1" 404 -
17:53:51 "GET /api/projects/P1/tasks/page?limit=100 HTTP/1.1" 200 -
17:53:51 "GET /api/projects/P1/coordinator/status HTTP/1.1" 404 -
17:53:51 "GET /api/projects/P1/dependency-graph HTTP/1.1" 200 -
17:53:51 "GET /api/projects/P1/panorama HTTP/1.1" 404 -
17:53:53 "GET /api/sessions?view=open HTTP/1.1" 200 -
17:53:55 "GET /__log HTTP/1.1" 200 -
17:53:57 "GET /api/sessions?view=open HTTP/1.1" 200 -
17:53:57 "GET /api/runners HTTP/1.1" 200 -
17:53:57 "GET /api/projects/sidebar HTTP/1.1" 200 -
17:53:57 "GET /api/projects HTTP/1.1" 200 -
17:53:57 "GET /api/projects/P1/panorama HTTP/1.1" 404 -
17:53:57 "GET /api/projects/P1/integration HTTP/1.1" 200 -
17:53:57 "GET /api/projects/P1 HTTP/1.1" 200 -
17:53:57 "GET /api/projects/P1/open-items HTTP/1.1" 200 -
17:53:57 "GET /api/projects/P1/coordinator/status HTTP/1.1" 404 -
17:53:57 "GET /api/projects/P1/handoffs HTTP/1.1" 200 -
17:53:57 "GET /api/projects/P1/tasks/page?limit=100 HTTP/1.1" 200 -
17:53:57 "GET /api/projects/P1/panorama/ready?limit=5 HTTP/1.1" 404 -
17:54:01 "GET /api/sessions?view=open HTTP/1.1" 200 -
17:54:05 "GET /api/sessions?view=open HTTP/1.1" 200 -
17:54:10 "GET /api/sessions?view=open HTTP/1.1" 200 -
17:54:10 "GET /api/watches?state=ACTIVE HTTP/1.1" 200 -
17:54:10 "GET /api/watches?state=PAUSED HTTP/1.1" 200 -
17:54:10 "GET /api/watches HTTP/1.1" 200 -
17:54:10 "GET /api/watches?needsAttention=true HTTP/1.1" 200 -
17:54:10 "POST /__reset HTTP/1.1" 200 -
17:54:15 "GET /api/task-lists HTTP/1.1" 200 -
17:54:15 "GET /api/projects/sidebar HTTP/1.1" 200 -
17:54:15 "GET /api/projects HTTP/1.1" 200 -
17:54:15 "GET /api/agents HTTP/1.1" 200 -
17:54:15 "GET /api/users/me HTTP/1.1" 200 -
17:54:15 "GET /api/wiki/spaces HTTP/1.1" 404 -
17:54:16 "GET /api/runners HTTP/1.1" 200 -
17:54:16 "GET /api/agents HTTP/1.1" 200 -
17:54:16 "GET /api/events HTTP/1.1" 200 -
17:54:16 "GET /api/users/me HTTP/1.1" 200 -
17:54:16 "GET /api/tasks/page?limit=1&listId=none&projectId=none&counts=total HTTP/1.1" 404 -
17:54:16 "GET /api/providers HTTP/1.1" 200 -
17:54:16 "GET /api/sessions?view=open&since= HTTP/1.1" 200 -
17:54:16 "GET /api/runners HTTP/1.1" 200 -
17:54:16 "GET /api/providers/pools HTTP/1.1" 200 -
17:54:16 "GET /api/providers HTTP/1.1" 200 -
17:54:16 "GET /api/sessions?view=open HTTP/1.1" 200 -
17:54:16 "GET /api/providers/shared-pools HTTP/1.1" 200 -
17:54:17 "GET /api/session-tags HTTP/1.1" 200 -
17:54:17 "GET /api/providers/pools HTTP/1.1" 200 -
17:54:17 "GET /api/sessions?view=open HTTP/1.1" 200 -
17:54:17 "GET /api/session-folders HTTP/1.1" 200 -
17:54:17 "GET /api/providers/shared-pools HTTP/1.1" 200 -
17:54:17 "GET /api/projects/sidebar HTTP/1.1" 200 -
17:54:17 "GET /api/watches?state=ACTIVE HTTP/1.1" 200 -
17:54:17 "GET /api/projects HTTP/1.1" 200 -
17:54:17 "GET /api/session-folders HTTP/1.1" 200 -
17:54:17 "GET /api/watches?state=ACTIVE HTTP/1.1" 200 -
17:54:18 "GET /api/wiki/spaces HTTP/1.1" 404 -
17:54:18 "GET /api/watches?state=PAUSED HTTP/1.1" 200 -
17:54:18 "GET /api/watches?state=PAUSED HTTP/1.1" 200 -
17:54:18 "GET /api/watches HTTP/1.1" 200 -
17:54:18 "GET /api/watches HTTP/1.1" 200 -
17:54:18 "GET /api/watches?needsAttention=true HTTP/1.1" 200 -
17:54:18 "GET /api/watches?needsAttention=true HTTP/1.1" 200 -
17:54:18 "GET /api/projects HTTP/1.1" 200 -
17:54:18 "GET /api/projects/sidebar HTTP/1.1" 200 -
17:54:18 "GET /api/auth/capabilities HTTP/1.1" 404 -
17:54:18 "GET /api/agents HTTP/1.1" 200 -
17:54:18 "GET /api/runners HTTP/1.1" 200 -
17:54:18 "GET /api/providers HTTP/1.1" 200 -
17:54:18 "GET /api/providers/pools HTTP/1.1" 200 -
17:54:18 "GET /api/providers/shared-pools HTTP/1.1" 200 -
17:54:18 "GET /api/task-lists HTTP/1.1" 200 -
17:54:18 "GET /api/tasks/page?limit=1&listId=none&projectId=none&counts=total HTTP/1.1" 404 -
17:54:19 "GET /api/projects/sidebar HTTP/1.1" 200 -
17:54:19 "GET /api/projects HTTP/1.1" 200 -
17:54:19 "GET /api/projects/P3/panorama HTTP/1.1" 404 -
17:54:19 "GET /api/projects/P3 HTTP/1.1" 200 -
17:54:19 "GET /api/projects/P3/integration HTTP/1.1" 200 -
17:54:19 "GET /api/projects/P3/coordinator/status HTTP/1.1" 404 -
17:54:19 "GET /api/projects/P3/panorama/ready?limit=5 HTTP/1.1" 404 -
17:54:19 "GET /api/projects/P3/tasks/page?limit=100 HTTP/1.1" 200 -
17:54:19 "GET /api/projects/P3/open-items HTTP/1.1" 200 -
17:54:19 "GET /api/projects/P3/handoffs HTTP/1.1" 200 -
17:54:19 "GET /api/projects/P3/dependency-graph HTTP/1.1" 200 -
17:54:19 "GET /api/projects/P3/share HTTP/1.1" 404 -
17:54:22 "GET /api/sessions?view=open HTTP/1.1" 200 -
17:54:22 "POST /__reset HTTP/1.1" 200 -
17:54:26 "GET /api/users/me HTTP/1.1" 200 -
17:54:26 "GET /api/task-lists HTTP/1.1" 200 -
17:54:26 "GET /api/agents HTTP/1.1" 200 -
17:54:26 "GET /api/projects/sidebar HTTP/1.1" 200 -
17:54:26 "GET /api/wiki/spaces HTTP/1.1" 404 -
17:54:27 "GET /api/projects HTTP/1.1" 200 -
17:54:27 "GET /api/events HTTP/1.1" 200 -
17:54:27 "GET /api/users/me HTTP/1.1" 200 -
17:54:27 "GET /api/tasks/page?limit=1&listId=none&projectId=none&counts=total HTTP/1.1" 404 -
17:54:27 "GET /api/agents HTTP/1.1" 200 -
17:54:27 "GET /api/runners HTTP/1.1" 200 -
17:54:27 "GET /api/sessions?view=open&since= HTTP/1.1" 200 -
17:54:27 "GET /api/providers HTTP/1.1" 200 -
17:54:27 "GET /api/sessions?view=open HTTP/1.1" 200 -
17:54:27 "GET /api/runners HTTP/1.1" 200 -
17:54:27 "GET /api/providers/pools HTTP/1.1" 200 -
17:54:27 "GET /api/session-folders HTTP/1.1" 200 -
17:54:27 "GET /api/watches?state=ACTIVE HTTP/1.1" 200 -
17:54:27 "GET /api/providers HTTP/1.1" 200 -
17:54:27 "GET /api/wiki/spaces HTTP/1.1" 404 -
17:54:27 "GET /api/watches?state=ACTIVE HTTP/1.1" 200 -
17:54:27 "GET /api/providers/shared-pools HTTP/1.1" 200 -
17:54:27 "GET /api/watches?state=PAUSED HTTP/1.1" 200 -
17:54:27 "GET /api/providers/pools HTTP/1.1" 200 -
17:54:27 "GET /api/watches?state=PAUSED HTTP/1.1" 200 -
17:54:27 "GET /api/watches HTTP/1.1" 200 -
17:54:27 "GET /api/watches HTTP/1.1" 200 -
17:54:27 "GET /api/watches?needsAttention=true HTTP/1.1" 200 -
17:54:28 "GET /api/watches?needsAttention=true HTTP/1.1" 200 -
17:54:28 "GET /api/session-tags HTTP/1.1" 200 -
17:54:28 "GET /api/agents HTTP/1.1" 200 -
17:54:28 "GET /api/sessions?view=open HTTP/1.1" 200 -
17:54:28 "GET /api/providers/shared-pools HTTP/1.1" 200 -
17:54:28 "GET /api/projects/sidebar HTTP/1.1" 200 -
17:54:28 "GET /api/projects HTTP/1.1" 200 -
17:54:28 "GET /api/session-folders HTTP/1.1" 200 -
17:54:28 "GET /api/runners HTTP/1.1" 200 -
17:54:28 "GET /api/projects HTTP/1.1" 200 -
17:54:28 "GET /api/projects/sidebar HTTP/1.1" 200 -
17:54:28 "GET /api/auth/capabilities HTTP/1.1" 404 -
17:54:28 "GET /api/providers HTTP/1.1" 200 -
17:54:28 "GET /api/providers/pools HTTP/1.1" 200 -
17:54:28 "GET /api/providers/shared-pools HTTP/1.1" 200 -
17:54:28 "GET /api/task-lists HTTP/1.1" 200 -
17:54:28 "GET /api/tasks/page?limit=1&listId=none&projectId=none&counts=total HTTP/1.1" 404 -
17:54:29 "GET /api/projects/sidebar HTTP/1.1" 200 -
17:54:29 "GET /api/projects HTTP/1.1" 200 -
17:54:29 "GET /api/projects/P4/panorama HTTP/1.1" 404 -
17:54:29 "GET /api/projects/P4/open-items HTTP/1.1" 200 -
17:54:29 "GET /api/projects/P4 HTTP/1.1" 200 -
17:54:29 "GET /api/projects/P4/integration HTTP/1.1" 200 -
17:54:29 "GET /api/projects/P4/coordinator/status HTTP/1.1" 404 -
17:54:29 "GET /api/projects/P4/panorama/ready?limit=5 HTTP/1.1" 404 -
17:54:29 "GET /api/projects/P4/handoffs HTTP/1.1" 200 -
17:54:29 "GET /api/projects/P4/tasks/page?limit=100 HTTP/1.1" 200 -
17:54:29 "GET /api/projects/P4/dependency-graph HTTP/1.1" 200 -
17:54:30 "GET /api/projects/P4/share HTTP/1.1" 404 -
17:54:32 "GET /api/projects/P4/acceptance/confirmation HTTP/1.1" 200 -
17:54:33 "GET /api/sessions?view=open HTTP/1.1" 200 -
17:54:37 "GET /api/sessions?view=open HTTP/1.1" 200 -
