13:30:09.322 "GET /api/agents HTTP/1.1" 200 -
13:44:15.047 "GET /api/wiki/spaces HTTP/1.1" 404 -
13:44:15.117 "GET /api/task-lists HTTP/1.1" 200 -
13:44:15.118 "GET /api/agents HTTP/1.1" 200 -
13:44:15.119 "GET /api/projects/sidebar HTTP/1.1" 200 -
13:44:15.029 "GET /api/agents HTTP/1.1" 200 -
13:44:15.457 "GET /api/users/me HTTP/1.1" 404 -
13:44:15.470 "GET /api/events HTTP/1.1" 404 -
13:44:15.507 "GET /api/tasks/page?limit=1&listId=none&projectId=none&counts=total HTTP/1.1" 404 -
13:44:15.600 "GET /api/runners HTTP/1.1" 200 -
13:44:15.603 "GET /api/providers HTTP/1.1" 200 -
13:44:15.640 "GET /api/sessions?view=open&since= HTTP/1.1" 200 -
13:44:16.528 "GET /api/projects HTTP/1.1" 200 -
13:44:20.543 "GET /api/providers HTTP/1.1" 200 -
13:44:20.689 "GET /api/providers/pools HTTP/1.1" 200 -
13:44:20.706 "GET /api/runners HTTP/1.1" 200 -
13:44:20.761 "GET /api/providers/pools HTTP/1.1" 200 -
13:44:20.764 "GET /api/providers/shared-pools HTTP/1.1" 200 -
13:44:20.803 "GET /api/watches?state=ACTIVE HTTP/1.1" 200 -
13:44:20.833 "GET /api/providers/shared-pools HTTP/1.1" 200 -
13:44:21.299 "GET /api/watches?state=PAUSED HTTP/1.1" 200 -
13:44:21.355 "GET /api/session-tags HTTP/1.1" 200 -
13:44:21.410 "GET /api/watches HTTP/1.1" 200 -
13:44:21.543 "GET /api/watches?needsAttention=true HTTP/1.1" 200 -
13:44:24.980 "GET /api/sessions?view=open HTTP/1.1" 200 -
13:44:25.033 "GET /api/session-folders HTTP/1.1" 200 -
13:44:25.093 "GET /api/projects/sidebar HTTP/1.1" 200 -
13:44:25.100 "GET /api/projects HTTP/1.1" 200 -
13:44:25.118 "GET /api/projects/sidebar HTTP/1.1" 200 -
13:44:25.123 "GET /api/projects HTTP/1.1" 200 -
13:44:29.287 "GET /api/sessions?view=open HTTP/1.1" 200 -
13:44:33.338 "GET /api/sessions?view=open HTTP/1.1" 200 -
13:44:37.622 "GET /api/sessions?view=open HTTP/1.1" 200 -
13:44:37.642 "GET /api/runners HTTP/1.1" 200 -
13:44:41.737 "GET /api/sessions?view=open HTTP/1.1" 200 -
13:44:41.771 "GET /api/projects HTTP/1.1" 200 -
13:44:41.776 "GET /api/projects/sidebar HTTP/1.1" 200 -
13:44:45.937 "GET /api/sessions?view=open HTTP/1.1" 200 -
13:44:49.974 "GET /api/sessions?view=open HTTP/1.1" 200 -
13:44:54.254 "GET /api/sessions?view=open HTTP/1.1" 200 -
13:44:54.279 "GET /api/runners HTTP/1.1" 200 -
13:44:54.295 "GET /api/watches?state=ACTIVE HTTP/1.1" 200 -
13:44:54.308 "GET /api/watches?state=PAUSED HTTP/1.1" 200 -
13:44:54.315 "GET /api/watches HTTP/1.1" 200 -
13:44:54.324 "GET /api/watches?needsAttention=true HTTP/1.1" 200 -
13:44:58.566 "GET /api/sessions?view=open HTTP/1.1" 200 -
13:44:58.577 "GET /api/projects HTTP/1.1" 200 -
13:44:58.578 "GET /api/projects/sidebar HTTP/1.1" 200 -
13:45:04.700 "GET /api/projects/sidebar HTTP/1.1" 200 -
13:45:04.704 "GET /api/projects HTTP/1.1" 200 -
13:45:04.729 "GET /api/projects/P1/integration HTTP/1.1" 404 -
13:45:04.734 "GET /api/projects/P1/promotions/current HTTP/1.1" 404 -
13:45:04.741 "GET /api/sessions?view=open HTTP/1.1" 200 -
13:45:05.081 "GET /api/projects/P1/promotions/merged HTTP/1.1" 404 -
13:45:09.039 "GET /api/projects/P1/integration HTTP/1.1" 404 -
13:45:09.249 "GET /api/sessions?view=open HTTP/1.1" 200 -
13:45:09.252 "GET /api/projects/P1/promotions/current HTTP/1.1" 404 -
13:45:09.260 "GET /api/projects/P1/promotions/merged HTTP/1.1" 404 -
13:45:13.253 "GET /api/projects/P1/integration HTTP/1.1" 404 -
13:45:13.328 "GET /api/sessions?view=open HTTP/1.1" 200 -
13:45:13.387 "GET /api/projects/P1/promotions/current HTTP/1.1" 404 -
13:45:13.493 "GET /api/sessions?view=open&projectId=P1 HTTP/1.1" 200 -
13:45:13.494 "GET /api/runners HTTP/1.1" 200 -
13:45:13.495 "GET /api/projects/P1/promotions/merged HTTP/1.1" 404 -
13:45:13.559 "GET /api/sessions?view=completed&projectId=P1 HTTP/1.1" 200 -
13:45:17.373 "GET /api/projects/P1/integration HTTP/1.1" 404 -
13:45:17.751 "GET /api/projects/P1/promotions/current HTTP/1.1" 404 -
13:45:17.753 "GET /api/sessions?view=open HTTP/1.1" 200 -
13:45:17.800 "GET /api/projects/P1/promotions/merged HTTP/1.1" 404 -
13:45:17.805 "GET /api/projects/sidebar HTTP/1.1" 200 -
13:45:17.807 "GET /api/projects HTTP/1.1" 200 -
13:45:21.585 "GET /api/projects/P1/integration HTTP/1.1" 404 -
13:45:21.938 "GET /api/projects/P1/promotions/current HTTP/1.1" 404 -
13:45:21.945 "GET /api/sessions?view=open HTTP/1.1" 200 -
13:45:21.949 "GET /api/projects/P1/promotions/merged HTTP/1.1" 404 -
13:45:25.788 "GET /api/projects/P1/integration HTTP/1.1" 404 -
13:45:25.962 "GET /api/sessions?view=open HTTP/1.1" 200 -
13:45:25.963 "GET /api/projects/P1/promotions/current HTTP/1.1" 404 -
13:45:25.971 "GET /api/watches?state=ACTIVE HTTP/1.1" 200 -
13:45:25.975 "GET /api/watches?state=PAUSED HTTP/1.1" 200 -
13:45:25.977 "GET /api/projects/P1/promotions/merged HTTP/1.1" 404 -
13:45:25.981 "GET /api/watches HTTP/1.1" 200 -
13:45:25.991 "GET /api/watches?needsAttention=true HTTP/1.1" 200 -
13:45:29.913 "GET /api/projects/P1/integration HTTP/1.1" 404 -
13:45:30.136 "GET /api/sessions?view=open HTTP/1.1" 200 -
13:45:30.137 "GET /api/projects/P1/promotions/current HTTP/1.1" 404 -
13:45:30.170 "GET /api/runners HTTP/1.1" 200 -
13:45:30.171 "GET /api/projects/P1/promotions/merged HTTP/1.1" 404 -
13:45:33.969 "GET /api/projects/P1/integration HTTP/1.1" 404 -
13:45:34.352 "GET /api/projects/P1/promotions/current HTTP/1.1" 404 -
13:45:34.362 "GET /api/sessions?view=open HTTP/1.1" 200 -
13:45:34.576 "GET /api/projects/sidebar HTTP/1.1" 200 -
13:45:34.582 "GET /api/projects/P1/promotions/merged HTTP/1.1" 404 -
13:45:34.590 "GET /api/projects HTTP/1.1" 200 -
13:45:35.454 "GET /api/session-tags HTTP/1.1" 200 -
13:45:35.753 "GET /api/session-folders HTTP/1.1" 200 -
13:45:35.753 "GET /api/sessions?view=open HTTP/1.1" 200 -
13:45:35.767 "GET /api/projects HTTP/1.1" 200 -
13:45:35.767 "GET /api/projects/sidebar HTTP/1.1" 200 -
13:45:38.841 "GET /api/sessions?view=open HTTP/1.1" 200 -
13:45:42.939 "GET /api/sessions?view=open HTTP/1.1" 200 -
13:45:43.935 "GET /api/projects/P2/integration HTTP/1.1" 404 -
13:45:43.960 "GET /api/projects/P2/promotions/current HTTP/1.1" 404 -
13:45:44.002 "GET /api/projects/sidebar HTTP/1.1" 200 -
13:45:44.010 "GET /api/projects HTTP/1.1" 200 -
13:45:44.259 "GET /api/projects/P2/promotions/merged HTTP/1.1" 404 -
13:45:46.874 "GET /api/session-tags HTTP/1.1" 200 -
13:45:47.238 "GET /api/session-folders HTTP/1.1" 200 -
13:45:47.239 "GET /api/sessions?view=open HTTP/1.1" 200 -
13:45:47.263 "GET /api/sessions?view=open HTTP/1.1" 200 -
13:45:47.351 "GET /api/projects HTTP/1.1" 200 -
13:45:47.358 "GET /api/projects/sidebar HTTP/1.1" 200 -
13:45:47.364 "GET /api/runners HTTP/1.1" 200 -
13:45:51.506 "GET /api/sessions?view=open HTTP/1.1" 200 -
13:45:51.524 "GET /api/projects HTTP/1.1" 200 -
13:45:51.525 "GET /api/projects/sidebar HTTP/1.1" 200 -
13:45:52.119 "GET /api/sessions?view=open&projectId=P2 HTTP/1.1" 200 -
13:45:52.135 "GET /api/sessions?view=completed&projectId=P2 HTTP/1.1" 200 -
13:45:55.183 "GET /api/projects/sidebar HTTP/1.1" 200 -
13:45:55.221 "GET /api/projects/P1/promotions/current HTTP/1.1" 404 -
13:45:55.235 "GET /api/projects/P1/integration HTTP/1.1" 404 -
13:45:55.241 "GET /api/projects HTTP/1.1" 200 -
13:45:55.425 "GET /api/projects/P1/promotions/merged HTTP/1.1" 404 -
13:45:55.834 "GET /api/sessions?view=open HTTP/1.1" 200 -
13:45:56.114 "GET /api/watches?state=ACTIVE HTTP/1.1" 200 -
13:45:56.131 "GET /api/watches?state=PAUSED HTTP/1.1" 200 -
13:45:56.144 "GET /api/watches HTTP/1.1" 200 -
13:45:56.160 "GET /api/watches?needsAttention=true HTTP/1.1" 200 -
13:46:03.322 "GET /api/sessions?view=open&projectId=P1 HTTP/1.1" 200 -
13:46:04.230 "GET /api/sessions?view=completed&projectId=P1 HTTP/1.1" 200 -
