06:03:30 "GET /api/agents HTTP/1.1" 200 -
06:03:30 "GET /api/agents HTTP/1.1" 200 -
06:17:16 "POST /__reset HTTP/1.1" 200 -
06:17:33 "GET /api/agents HTTP/1.1" 200 -
06:17:33 "GET /api/task-lists HTTP/1.1" 200 -
06:17:33 "GET /api/agents HTTP/1.1" 200 -
06:17:33 "GET /api/projects/sidebar HTTP/1.1" 404 -
06:17:33 "GET /api/projects HTTP/1.1" 200 -
06:17:34 "GET /api/events HTTP/1.1" 404 -
06:17:34 "GET /api/users/me HTTP/1.1" 404 -
06:17:34 "GET /api/tasks/page?limit=1&listId=none&projectId=none&counts=total HTTP/1.1" 404 -
06:17:34 "GET /api/wiki/spaces HTTP/1.1" 404 -
06:17:34 "GET /api/runners HTTP/1.1" 200 -
06:17:34 "GET /api/providers HTTP/1.1" 200 -
06:17:34 "GET /api/sessions?view=open&since= HTTP/1.1" 200 -
06:17:34 "GET /api/providers/pools HTTP/1.1" 200 -
06:17:34 "GET /api/watches?state=ACTIVE HTTP/1.1" 200 -
06:17:34 "GET /api/providers HTTP/1.1" 200 -
06:17:34 "GET /api/watches?state=PAUSED HTTP/1.1" 200 -
06:17:35 "GET /api/providers/pools HTTP/1.1" 200 -
06:17:35 "GET /api/providers/shared-pools HTTP/1.1" 200 -
06:17:35 "GET /api/watches HTTP/1.1" 200 -
06:17:35 "GET /api/providers/shared-pools HTTP/1.1" 200 -
06:17:35 "GET /api/watches?needsAttention=true HTTP/1.1" 200 -
06:17:35 "GET /api/runners HTTP/1.1" 200 -
06:17:35 "GET /api/providers/shared-pools HTTP/1.1" 200 -
06:17:35 "GET /api/share-links HTTP/1.1" 200 -
06:17:35 "GET /api/access-tokens HTTP/1.1" 404 -
06:17:35 "GET /api/providers/pools HTTP/1.1" 200 -
06:17:38 "GET /api/projects/sidebar HTTP/1.1" 404 -
06:17:38 "GET /api/projects HTTP/1.1" 200 -
06:17:38 "GET /api/agents HTTP/1.1" 200 -
06:17:38 "GET /api/session-tags HTTP/1.1" 200 -
06:17:40 "GET /api/session-folders HTTP/1.1" 200 -
06:17:40 "GET /api/sessions?view=open HTTP/1.1" 200 -
06:17:40 "GET /api/projects/sidebar HTTP/1.1" 404 -
06:17:40 "GET /api/projects HTTP/1.1" 200 -
06:17:45 "GET /api/sessions?view=open HTTP/1.1" 200 -
06:17:49 "GET /api/sessions?view=open HTTP/1.1" 200 -
06:17:49 "GET /api/runners HTTP/1.1" 200 -
06:17:53 "GET /api/sessions?view=open HTTP/1.1" 200 -
06:17:54 "GET /dl/version.json HTTP/1.1" 404 -
06:17:54 "GET /api/providers/mine HTTP/1.1" 200 -
06:17:54 "GET /api/runners HTTP/1.1" 200 -
06:17:54 "GET /api/providers/pools HTTP/1.1" 200 -
06:17:54 "GET /api/providers/shared-pools HTTP/1.1" 200 -
06:17:55 "GET /api/agents HTTP/1.1" 200 -
06:17:57 "GET /api/sessions?view=open HTTP/1.1" 200 -
06:17:57 "GET /api/projects HTTP/1.1" 200 -
06:17:57 "GET /api/projects/sidebar HTTP/1.1" 404 -
06:18:02 "GET /api/sessions?view=open HTTP/1.1" 200 -
06:18:06 "GET /api/sessions?view=open HTTP/1.1" 200 -
06:18:06 "GET /api/runners HTTP/1.1" 200 -
06:18:06 "GET /api/watches?state=ACTIVE HTTP/1.1" 200 -
06:18:06 "GET /api/watches?state=PAUSED HTTP/1.1" 200 -
06:18:06 "GET /api/watches HTTP/1.1" 200 -
06:18:06 "GET /api/watches?needsAttention=true HTTP/1.1" 200 -
06:18:11 "GET /api/sessions?view=open HTTP/1.1" 200 -
06:18:12 "GET /api/runners HTTP/1.1" 200 -
06:18:12 "GET /api/agents HTTP/1.1" 200 -
06:18:15 "GET /api/sessions?view=open HTTP/1.1" 200 -
06:18:15 "GET /api/projects/sidebar HTTP/1.1" 404 -
06:18:15 "GET /api/projects HTTP/1.1" 200 -
06:18:19 "GET /api/sessions?view=open HTTP/1.1" 200 -
06:18:23 "GET /api/sessions?view=open HTTP/1.1" 200 -
06:18:23 "GET /api/runners HTTP/1.1" 200 -
06:18:27 "GET /api/runners HTTP/1.1" 200 -
06:18:27 "GET /api/agents HTTP/1.1" 200 -
06:18:28 "GET /api/sessions?view=open HTTP/1.1" 200 -
06:18:32 "GET /api/sessions?view=open HTTP/1.1" 200 -
06:18:32 "GET /api/projects HTTP/1.1" 200 -
06:18:32 "GET /api/projects/sidebar HTTP/1.1" 404 -
06:18:36 "GET /api/sessions?view=open HTTP/1.1" 200 -
06:18:36 "GET /api/watches?state=ACTIVE HTTP/1.1" 200 -
06:18:36 "GET /api/watches?state=PAUSED HTTP/1.1" 200 -
06:18:36 "GET /api/watches HTTP/1.1" 200 -
06:18:36 "GET /api/watches?needsAttention=true HTTP/1.1" 200 -
06:18:41 "GET /api/sessions?view=open HTTP/1.1" 200 -
06:18:41 "GET /api/runners HTTP/1.1" 200 -
06:18:43 "GET /api/runners HTTP/1.1" 200 -
06:18:43 "GET /api/agents HTTP/1.1" 200 -
06:18:45 "GET /api/sessions?view=open HTTP/1.1" 200 -
06:18:49 "GET /api/sessions?view=open HTTP/1.1" 200 -
06:18:49 "GET /api/projects HTTP/1.1" 200 -
06:18:49 "GET /api/projects/sidebar HTTP/1.1" 404 -
06:18:54 "GET /api/sessions?view=open HTTP/1.1" 200 -
06:18:58 "GET /api/runners HTTP/1.1" 200 -
06:18:58 "GET /api/agents HTTP/1.1" 200 -
06:18:58 "GET /api/sessions?view=open HTTP/1.1" 200 -
06:18:58 "GET /api/runners HTTP/1.1" 200 -
06:19:02 "GET /api/sessions?view=open HTTP/1.1" 200 -
06:19:07 "GET /api/sessions?view=open HTTP/1.1" 200 -
06:19:07 "GET /api/watches?state=ACTIVE HTTP/1.1" 200 -
06:19:07 "GET /api/watches?state=PAUSED HTTP/1.1" 200 -
06:19:07 "GET /api/watches HTTP/1.1" 200 -
06:19:07 "GET /api/watches?needsAttention=true HTTP/1.1" 200 -
06:19:07 "GET /api/projects/sidebar HTTP/1.1" 404 -
06:19:07 "GET /api/projects HTTP/1.1" 200 -
06:19:13 "GET /api/sessions?view=open HTTP/1.1" 200 -
06:19:13 "GET /api/runners HTTP/1.1" 200 -
06:19:13 "GET /api/agents HTTP/1.1" 200 -
06:19:18 "GET /api/sessions?view=open HTTP/1.1" 200 -
06:19:18 "GET /api/runners HTTP/1.1" 200 -
06:19:22 "GET /api/sessions?view=open HTTP/1.1" 200 -
06:19:22 "GET /api/projects HTTP/1.1" 200 -
06:19:22 "GET /api/projects/sidebar HTTP/1.1" 404 -
06:19:26 "GET /api/sessions?view=open HTTP/1.1" 200 -
06:19:29 "GET /api/runners HTTP/1.1" 200 -
06:19:29 "GET /api/agents HTTP/1.1" 200 -
06:19:31 "GET /api/sessions?view=open HTTP/1.1" 200 -
06:19:35 "GET /api/sessions?view=open HTTP/1.1" 200 -
06:19:36 "GET /api/runners HTTP/1.1" 200 -
06:19:40 "GET /api/sessions?view=open HTTP/1.1" 200 -
06:19:40 "GET /api/watches?state=ACTIVE HTTP/1.1" 200 -
06:19:40 "GET /api/watches?state=PAUSED HTTP/1.1" 200 -
06:19:40 "GET /api/watches HTTP/1.1" 200 -
06:19:40 "GET /api/watches?needsAttention=true HTTP/1.1" 200 -
06:19:40 "GET /api/projects/sidebar HTTP/1.1" 404 -
06:19:40 "GET /api/projects HTTP/1.1" 200 -
06:19:45 "GET /api/runners HTTP/1.1" 200 -
06:19:45 "GET /api/sessions?view=open HTTP/1.1" 200 -
06:19:45 "GET /api/agents HTTP/1.1" 200 -
06:19:50 "GET /api/sessions?view=open HTTP/1.1" 200 -
06:19:54 "GET /api/sessions?view=open HTTP/1.1" 200 -
06:19:54 "GET /api/runners HTTP/1.1" 200 -
06:19:59 "GET /api/sessions?view=open HTTP/1.1" 200 -
06:19:59 "GET /api/projects HTTP/1.1" 200 -
06:19:59 "GET /api/projects/sidebar HTTP/1.1" 404 -
06:20:00 "GET /api/runners HTTP/1.1" 200 -
06:20:00 "GET /api/agents HTTP/1.1" 200 -
06:20:03 "GET /api/sessions?view=open HTTP/1.1" 200 -
06:20:07 "GET /api/sessions?view=open HTTP/1.1" 200 -
06:20:12 "GET /api/sessions?view=open HTTP/1.1" 200 -
06:20:12 "GET /api/runners HTTP/1.1" 200 -
06:20:12 "GET /api/watches?state=ACTIVE HTTP/1.1" 200 -
06:20:12 "GET /api/watches?state=PAUSED HTTP/1.1" 200 -
06:20:12 "GET /api/watches HTTP/1.1" 200 -
06:20:12 "GET /api/watches?needsAttention=true HTTP/1.1" 200 -
06:20:16 "GET /api/runners HTTP/1.1" 200 -
06:20:16 "GET /api/sessions?view=open HTTP/1.1" 200 -
06:20:16 "GET /api/projects/sidebar HTTP/1.1" 404 -
06:20:16 "GET /api/agents HTTP/1.1" 200 -
06:20:16 "GET /api/projects HTTP/1.1" 200 -
06:20:20 "GET /api/sessions?view=open HTTP/1.1" 200 -
06:20:25 "GET /api/sessions?view=open HTTP/1.1" 200 -
06:20:29 "GET /api/sessions?view=open HTTP/1.1" 200 -
06:20:30 "GET /api/runners HTTP/1.1" 200 -
06:20:32 "GET /api/runners HTTP/1.1" 200 -
06:20:32 "GET /api/agents HTTP/1.1" 200 -
06:20:34 "GET /api/sessions?view=open HTTP/1.1" 200 -
06:20:34 "GET /api/projects/sidebar HTTP/1.1" 404 -
06:20:34 "GET /api/projects HTTP/1.1" 200 -
06:20:38 "GET /api/sessions?view=open HTTP/1.1" 200 -
06:20:40 "POST /__reset HTTP/1.1" 200 -
06:20:53 "GET /api/agents HTTP/1.1" 200 -
06:20:53 "GET /api/agents HTTP/1.1" 200 -
06:20:53 "GET /api/projects/sidebar HTTP/1.1" 404 -
06:20:53 "GET /api/task-lists HTTP/1.1" 200 -
06:20:53 "GET /api/projects HTTP/1.1" 200 -
06:20:54 "GET /api/wiki/spaces HTTP/1.1" 404 -
06:20:54 "GET /api/users/me HTTP/1.1" 404 -
06:20:54 "GET /api/runners HTTP/1.1" 200 -
06:20:54 "GET /api/events HTTP/1.1" 404 -
06:20:54 "GET /api/tasks/page?limit=1&listId=none&projectId=none&counts=total HTTP/1.1" 404 -
06:20:54 "GET /api/providers HTTP/1.1" 200 -
06:20:55 "GET /api/providers/pools HTTP/1.1" 200 -
06:20:55 "GET /api/providers HTTP/1.1" 200 -
06:20:55 "GET /api/sessions?view=open&since= HTTP/1.1" 200 -
06:20:55 "GET /api/providers/pools HTTP/1.1" 200 -
06:20:55 "GET /api/providers/shared-pools HTTP/1.1" 200 -
06:20:55 "GET /api/providers/shared-pools HTTP/1.1" 200 -
06:20:55 "GET /api/watches?state=ACTIVE HTTP/1.1" 200 -
06:20:55 "GET /api/watches?state=PAUSED HTTP/1.1" 200 -
06:20:55 "GET /api/watches HTTP/1.1" 200 -
06:20:55 "GET /api/session-tags HTTP/1.1" 200 -
06:20:55 "GET /api/watches?needsAttention=true HTTP/1.1" 200 -
06:20:56 "GET /api/sessions?view=open HTTP/1.1" 200 -
06:20:56 "GET /api/session-folders HTTP/1.1" 200 -
06:20:56 "GET /api/projects HTTP/1.1" 200 -
06:20:56 "GET /api/projects/sidebar HTTP/1.1" 404 -
06:20:56 "GET /api/runners HTTP/1.1" 200 -
06:20:56 "GET /api/providers/shared-pools HTTP/1.1" 200 -
06:20:56 "GET /api/share-links HTTP/1.1" 200 -
06:20:56 "GET /api/providers/pools HTTP/1.1" 200 -
06:20:56 "GET /api/access-tokens HTTP/1.1" 404 -
06:21:00 "GET /api/agents HTTP/1.1" 200 -
06:21:00 "GET /api/projects HTTP/1.1" 200 -
06:21:00 "GET /api/projects/sidebar HTTP/1.1" 404 -
06:21:04 "GET /api/sessions?view=open HTTP/1.1" 200 -
06:21:09 "GET /api/sessions?view=open HTTP/1.1" 200 -
06:21:09 "GET /api/runners HTTP/1.1" 200 -
06:21:09 "GET /dl/version.json HTTP/1.1" 404 -
06:21:09 "GET /api/runners HTTP/1.1" 200 -
06:21:09 "GET /api/providers/mine HTTP/1.1" 200 -
06:21:09 "GET /api/providers/pools HTTP/1.1" 200 -
06:21:09 "GET /api/providers/shared-pools HTTP/1.1" 200 -
06:21:10 "GET /api/agents HTTP/1.1" 200 -
06:21:13 "GET /api/sessions?view=open HTTP/1.1" 200 -
06:21:13 "GET /api/projects/sidebar HTTP/1.1" 404 -
06:21:13 "GET /api/projects HTTP/1.1" 200 -
06:21:18 "GET /api/sessions?view=open HTTP/1.1" 200 -
06:21:23 "GET /api/sessions?view=open HTTP/1.1" 200 -
06:21:28 "GET /api/runners HTTP/1.1" 200 -
06:21:28 "GET /api/sessions?view=open HTTP/1.1" 200 -
06:21:28 "GET /api/agents HTTP/1.1" 200 -
06:21:28 "GET /api/runners HTTP/1.1" 200 -
06:21:28 "GET /api/watches?state=ACTIVE HTTP/1.1" 200 -
06:21:28 "GET /api/watches?state=PAUSED HTTP/1.1" 200 -
06:21:28 "GET /api/watches HTTP/1.1" 200 -
06:21:28 "GET /api/watches?needsAttention=true HTTP/1.1" 200 -
06:21:32 "GET /api/sessions?view=open HTTP/1.1" 200 -
06:21:32 "GET /api/projects/sidebar HTTP/1.1" 404 -
06:21:32 "GET /api/projects HTTP/1.1" 200 -
06:21:36 "GET /api/sessions?view=open HTTP/1.1" 200 -
06:21:41 "GET /api/sessions?view=open HTTP/1.1" 200 -
06:21:43 "GET /api/runners HTTP/1.1" 200 -
06:21:43 "GET /api/agents HTTP/1.1" 200 -
06:21:46 "GET /api/sessions?view=open HTTP/1.1" 200 -
06:21:46 "GET /api/runners HTTP/1.1" 200 -
06:21:50 "GET /api/sessions?view=open HTTP/1.1" 200 -
06:21:50 "GET /api/projects HTTP/1.1" 200 -
06:21:50 "GET /api/projects/sidebar HTTP/1.1" 404 -
06:21:54 "GET /api/sessions?view=open HTTP/1.1" 200 -
06:21:59 "GET /api/sessions?view=open HTTP/1.1" 200 -
06:21:59 "GET /api/runners HTTP/1.1" 200 -
06:21:59 "GET /api/agents HTTP/1.1" 200 -
06:21:59 "GET /api/watches?state=ACTIVE HTTP/1.1" 200 -
06:21:59 "GET /api/watches?state=PAUSED HTTP/1.1" 200 -
06:21:59 "GET /api/watches HTTP/1.1" 200 -
06:21:59 "GET /api/watches?needsAttention=true HTTP/1.1" 200 -
06:22:04 "GET /api/sessions?view=open HTTP/1.1" 200 -
06:22:04 "GET /api/runners HTTP/1.1" 200 -
06:22:08 "GET /api/sessions?view=open HTTP/1.1" 200 -
06:22:09 "GET /api/projects HTTP/1.1" 200 -
06:22:09 "GET /api/projects/sidebar HTTP/1.1" 404 -
06:22:13 "GET /api/sessions?view=open HTTP/1.1" 200 -
06:22:14 "GET /api/runners HTTP/1.1" 200 -
06:22:14 "GET /api/agents HTTP/1.1" 200 -
06:22:18 "GET /api/sessions?view=open HTTP/1.1" 200 -
06:22:22 "GET /api/sessions?view=open HTTP/1.1" 200 -
06:22:22 "GET /api/runners HTTP/1.1" 200 -
06:22:26 "GET /api/sessions?view=open HTTP/1.1" 200 -
06:22:26 "GET /api/projects HTTP/1.1" 200 -
06:22:26 "GET /api/projects/sidebar HTTP/1.1" 404 -
06:22:30 "GET /api/runners HTTP/1.1" 200 -
06:22:30 "GET /api/agents HTTP/1.1" 200 -
06:22:30 "GET /api/sessions?view=open HTTP/1.1" 200 -
06:22:30 "GET /api/watches?state=ACTIVE HTTP/1.1" 200 -
06:22:30 "GET /api/watches?state=PAUSED HTTP/1.1" 200 -
06:22:30 "GET /api/watches HTTP/1.1" 200 -
06:22:30 "GET /api/watches?needsAttention=true HTTP/1.1" 200 -
06:22:35 "GET /api/sessions?view=open HTTP/1.1" 200 -
06:22:39 "GET /api/sessions?view=open HTTP/1.1" 200 -
06:22:40 "GET /api/runners HTTP/1.1" 200 -
06:22:44 "GET /api/sessions?view=open HTTP/1.1" 200 -
06:22:44 "GET /api/projects/sidebar HTTP/1.1" 404 -
06:22:44 "GET /api/projects HTTP/1.1" 200 -
06:22:45 "GET /api/runners HTTP/1.1" 200 -
06:22:45 "GET /api/agents HTTP/1.1" 200 -
06:22:48 "GET /api/sessions?view=open HTTP/1.1" 200 -
06:22:52 "GET /api/sessions?view=open HTTP/1.1" 200 -
06:22:56 "GET /api/sessions?view=open HTTP/1.1" 200 -
06:22:56 "GET /api/runners HTTP/1.1" 200 -
06:23:01 "GET /api/runners HTTP/1.1" 200 -
06:23:01 "GET /api/sessions?view=open HTTP/1.1" 200 -
06:23:01 "GET /api/agents HTTP/1.1" 200 -
06:23:01 "GET /api/watches?state=ACTIVE HTTP/1.1" 200 -
06:23:01 "GET /api/watches?state=PAUSED HTTP/1.1" 200 -
06:23:01 "GET /api/watches HTTP/1.1" 200 -
06:23:01 "GET /api/watches?needsAttention=true HTTP/1.1" 200 -
06:23:01 "GET /api/projects HTTP/1.1" 200 -
06:23:01 "GET /api/projects/sidebar HTTP/1.1" 404 -
06:23:05 "GET /api/sessions?view=open HTTP/1.1" 200 -
06:23:10 "GET /api/sessions?view=open HTTP/1.1" 200 -
06:23:15 "GET /api/sessions?view=open HTTP/1.1" 200 -
06:23:15 "GET /api/runners HTTP/1.1" 200 -
06:23:16 "GET /api/runners HTTP/1.1" 200 -
06:23:16 "GET /api/agents HTTP/1.1" 200 -
06:23:19 "GET /api/sessions?view=open HTTP/1.1" 200 -
06:23:19 "GET /api/projects/sidebar HTTP/1.1" 404 -
06:23:19 "GET /api/projects HTTP/1.1" 200 -
06:23:23 "GET /api/sessions?view=open HTTP/1.1" 200 -
06:23:27 "GET /api/sessions?view=open HTTP/1.1" 200 -
06:23:31 "GET /api/runners HTTP/1.1" 200 -
06:23:31 "GET /api/agents HTTP/1.1" 200 -
06:23:31 "GET /api/sessions?view=open HTTP/1.1" 200 -
06:23:31 "GET /api/runners HTTP/1.1" 200 -
06:23:31 "GET /api/watches?state=ACTIVE HTTP/1.1" 200 -
06:23:31 "GET /api/watches?state=PAUSED HTTP/1.1" 200 -
06:23:31 "GET /api/watches HTTP/1.1" 200 -
06:23:31 "GET /api/watches?needsAttention=true HTTP/1.1" 200 -
06:23:35 "GET /api/sessions?view=open HTTP/1.1" 200 -
06:23:35 "GET /api/projects/sidebar HTTP/1.1" 404 -
06:23:35 "GET /api/projects HTTP/1.1" 200 -
06:23:40 "GET /api/sessions?view=open HTTP/1.1" 200 -
06:23:44 "GET /api/sessions?view=open HTTP/1.1" 200 -
06:23:47 "GET /api/runners HTTP/1.1" 200 -
06:23:47 "GET /api/agents HTTP/1.1" 200 -
06:23:48 "GET /api/sessions?view=open HTTP/1.1" 200 -
06:23:48 "GET /api/runners HTTP/1.1" 200 -
06:23:52 "GET /api/sessions?view=open HTTP/1.1" 200 -
06:23:53 "GET /api/projects HTTP/1.1" 200 -
06:23:53 "GET /api/projects/sidebar HTTP/1.1" 404 -
06:23:57 "GET /api/sessions?view=open HTTP/1.1" 200 -
06:24:00 "POST /__reset HTTP/1.1" 200 -
06:24:08 "GET /api/agents HTTP/1.1" 200 -
06:24:08 "GET /api/agents HTTP/1.1" 200 -
06:24:08 "GET /api/task-lists HTTP/1.1" 200 -
06:24:08 "GET /api/projects/sidebar HTTP/1.1" 404 -
06:24:08 "GET /api/projects HTTP/1.1" 200 -
06:24:09 "GET /api/runners HTTP/1.1" 200 -
06:24:09 "GET /api/events HTTP/1.1" 404 -
06:24:09 "GET /api/providers HTTP/1.1" 200 -
06:24:09 "GET /api/tasks/page?limit=1&listId=none&projectId=none&counts=total HTTP/1.1" 404 -
06:24:09 "GET /api/users/me HTTP/1.1" 404 -
06:24:09 "GET /api/wiki/spaces HTTP/1.1" 404 -
06:24:09 "GET /api/providers/pools HTTP/1.1" 200 -
06:24:09 "GET /api/providers HTTP/1.1" 200 -
06:24:09 "GET /api/sessions?view=open&since= HTTP/1.1" 200 -
06:24:10 "GET /api/providers/shared-pools HTTP/1.1" 200 -
06:24:10 "GET /api/providers/pools HTTP/1.1" 200 -
06:24:10 "GET /api/watches?state=ACTIVE HTTP/1.1" 200 -
06:24:10 "GET /api/watches?state=PAUSED HTTP/1.1" 200 -
06:24:10 "GET /api/providers/pools HTTP/1.1" 200 -
06:24:10 "GET /api/runners HTTP/1.1" 200 -
06:24:10 "GET /api/providers/shared-pools HTTP/1.1" 200 -
06:24:10 "GET /api/access-tokens HTTP/1.1" 404 -
06:24:10 "GET /api/watches HTTP/1.1" 200 -
06:24:10 "GET /api/watches?needsAttention=true HTTP/1.1" 200 -
06:24:11 "GET /api/share-links HTTP/1.1" 200 -
06:24:11 "GET /api/providers/shared-pools HTTP/1.1" 200 -
06:24:11 "GET /api/agents HTTP/1.1" 200 -
06:24:11 "GET /api/projects HTTP/1.1" 200 -
06:24:11 "GET /api/projects/sidebar HTTP/1.1" 404 -
06:24:15 "GET /api/session-tags HTTP/1.1" 200 -
06:24:16 "GET /api/session-folders HTTP/1.1" 200 -
06:24:16 "GET /api/sessions?view=open HTTP/1.1" 200 -
06:24:16 "GET /api/projects/sidebar HTTP/1.1" 404 -
06:24:17 "GET /api/projects HTTP/1.1" 200 -
06:24:19 "GET /api/sessions?view=open HTTP/1.1" 200 -
06:24:21 "GET /dl/version.json HTTP/1.1" 404 -
06:24:21 "GET /api/providers/pools HTTP/1.1" 200 -
06:24:21 "GET /api/providers/shared-pools HTTP/1.1" 200 -
06:24:21 "GET /api/providers/mine HTTP/1.1" 200 -
06:24:21 "GET /api/runners HTTP/1.1" 200 -
06:24:21 "GET /api/agents HTTP/1.1" 200 -
06:24:23 "GET /api/sessions?view=open HTTP/1.1" 200 -
06:24:23 "GET /api/runners HTTP/1.1" 200 -
06:24:27 "GET /api/sessions?view=open HTTP/1.1" 200 -
06:24:27 "GET /api/projects/sidebar HTTP/1.1" 404 -
06:24:27 "GET /api/projects HTTP/1.1" 200 -
06:24:32 "GET /api/sessions?view=open HTTP/1.1" 200 -
06:24:36 "GET /api/sessions?view=open HTTP/1.1" 200 -
