21:40:18.577 "GET /api/agents HTTP/1.1" 200 -
21:40:18.589 "GET /api/agents HTTP/1.1" 200 -
    POST /__reset body: 
21:51:13.758 "POST /__reset HTTP/1.1" 200 -
21:52:04.772 "GET /api/agents HTTP/1.1" 200 -
21:52:04.773 "GET /api/agents HTTP/1.1" 200 -
21:52:04.785 "GET /api/projects/sidebar HTTP/1.1" 404 -
21:52:04.834 "GET /api/projects HTTP/1.1" 200 -
21:52:04.962 "GET /api/task-lists HTTP/1.1" 200 -
21:52:06.086 "GET /api/tasks/page?limit=1&listId=none&projectId=none&counts=total HTTP/1.1" 404 -
21:52:06.087 "GET /api/events HTTP/1.1" 200 -
21:52:06.176 "GET /api/runners HTTP/1.1" 200 -
21:52:06.177 "GET /api/providers HTTP/1.1" 200 -
21:52:06.182 "GET /api/wiki/spaces HTTP/1.1" 404 -
21:52:06.182 "GET /api/users/me HTTP/1.1" 404 -
21:52:06.204 "GET /api/sessions?view=open&since= HTTP/1.1" 200 -
21:52:06.309 "GET /api/providers/pools HTTP/1.1" 200 -
21:52:06.311 "GET /api/providers HTTP/1.1" 200 -
21:52:06.468 "GET /api/sessions?view=open HTTP/1.1" 200 -
21:52:06.471 "GET /api/providers/pools HTTP/1.1" 200 -
21:52:06.479 "GET /api/providers/shared-pools HTTP/1.1" 200 -
21:52:06.601 "GET /api/watches?state=ACTIVE HTTP/1.1" 200 -
21:52:06.608 "GET /api/session-folders HTTP/1.1" 200 -
21:52:06.616 "GET /api/watches?state=ACTIVE HTTP/1.1" 200 -
21:52:06.618 "GET /api/wiki/spaces HTTP/1.1" 404 -
21:52:06.621 "GET /api/providers/shared-pools HTTP/1.1" 200 -
21:52:06.674 "GET /api/watches?state=PAUSED HTTP/1.1" 200 -
21:52:06.737 "GET /api/watches?state=PAUSED HTTP/1.1" 200 -
21:52:06.815 "GET /api/session-tags HTTP/1.1" 200 -
21:52:06.822 "GET /api/watches HTTP/1.1" 200 -
21:52:06.881 "GET /api/watches HTTP/1.1" 200 -
21:52:06.949 "GET /api/watches?needsAttention=true HTTP/1.1" 200 -
21:52:07.042 "GET /api/watches?needsAttention=true HTTP/1.1" 200 -
21:52:07.537 "GET /api/agents HTTP/1.1" 200 -
21:52:07.590 "GET /api/sessions?view=open HTTP/1.1" 200 -
21:52:07.643 "GET /api/session-folders HTTP/1.1" 200 -
21:52:07.657 "GET /api/projects HTTP/1.1" 200 -
21:52:07.660 "GET /api/projects/sidebar HTTP/1.1" 404 -
21:52:08.114 "GET /api/runners HTTP/1.1" 200 -
21:52:08.116 "GET /api/auth/capabilities HTTP/1.1" 404 -
21:52:12.569 "GET /api/providers HTTP/1.1" 200 -
21:52:12.570 "GET /api/projects HTTP/1.1" 200 -
21:52:12.669 "GET /api/sessions/C1/events/page?tail=200&maxPayload=2048 HTTP/1.1" 200 -
21:52:12.669 "GET /api/sessions/C1/created-tasks HTTP/1.1" 404 -
21:52:12.874 "GET /api/sessions/C1 HTTP/1.1" 200 -
21:52:12.875 "GET /api/projects/sidebar HTTP/1.1" 404 -
21:52:12.875 "GET /api/tasks/evidence-decisions/pending?decidingSessionId=C1 HTTP/1.1" 200 -
21:52:12.898 "GET /api/sessions/C1 HTTP/1.1" 200 -
21:52:13.600 "GET /api/sessions/C1/approvals?status=PENDING HTTP/1.1" 200 -
21:52:13.601 "GET /api/sessions/C1/events?sinceSeq=3&maxPayload=2048 HTTP/1.1" 200 -
21:52:13.848 "GET /api/sessions/C1/background HTTP/1.1" 404 -
21:52:14.045 "GET /api/providers/pools HTTP/1.1" 200 -
21:52:14.167 "GET /api/sessions/C1/turns?view=active HTTP/1.1" 200 -
21:52:14.168 "GET /api/sessions/C1 HTTP/1.1" 200 -
21:52:15.098 "GET /api/runners HTTP/1.1" 200 -
21:52:15.118 "GET /api/providers/pools HTTP/1.1" 200 -
21:52:15.120 "GET /api/providers/shared-pools HTTP/1.1" 200 -
21:52:15.123 "GET /api/projects/P1/acceptance/criteria-decisions/pending HTTP/1.1" 404 -
21:52:15.182 "GET /api/providers/shared-pools HTTP/1.1" 200 -
21:52:15.185 "GET /api/projects/P1/acceptance/confirmation HTTP/1.1" 404 -
21:52:15.245 "GET /api/task-lists HTTP/1.1" 200 -
21:52:15.259 "GET /api/providers HTTP/1.1" 200 -
21:52:15.264 "GET /api/tasks/page?limit=1&listId=none&projectId=none&counts=total HTTP/1.1" 404 -
21:52:15.267 "GET /api/projects/P1 HTTP/1.1" 404 -
21:52:15.278 "GET /api/projects/P1/open-items HTTP/1.1" 200 -
21:52:15.353 "GET /api/projects/P1/promotions/current HTTP/1.1" 200 -
21:52:15.387 "GET /api/projects/P1/promotions/merged HTTP/1.1" 200 -
21:52:16.489 "GET /api/sessions?view=open HTTP/1.1" 200 -
21:52:20.660 "GET /api/sessions?view=open HTTP/1.1" 200 -
21:52:20.704 "GET /api/runners HTTP/1.1" 200 -
21:52:24.798 "GET /api/sessions?view=open HTTP/1.1" 200 -
21:52:25.183 "GET /api/projects/sidebar HTTP/1.1" 404 -
21:52:25.183 "GET /api/projects HTTP/1.1" 200 -
21:52:29.309 "GET /api/sessions?view=open HTTP/1.1" 200 -
21:52:32.448 "GET /api/tasks/evidence-decisions/pending?decidingSessionId=C1 HTTP/1.1" 200 -
21:52:32.609 "GET /api/projects/P1/acceptance/criteria-decisions/pending HTTP/1.1" 404 -
21:52:32.704 "GET /api/projects/P1/acceptance/confirmation HTTP/1.1" 404 -
21:52:32.720 "GET /api/projects/P1 HTTP/1.1" 404 -
21:52:32.771 "GET /api/projects/P1/open-items HTTP/1.1" 200 -
21:52:32.780 "GET /api/projects/P1/promotions/current HTTP/1.1" 200 -
21:52:32.790 "GET /api/projects/P1/promotions/merged HTTP/1.1" 200 -
21:52:33.420 "GET /api/sessions?view=open HTTP/1.1" 200 -
21:52:37.531 "GET /api/sessions?view=open HTTP/1.1" 200 -
21:52:38.120 "GET /api/runners HTTP/1.1" 200 -
21:52:38.126 "GET /api/watches?state=ACTIVE HTTP/1.1" 200 -
21:52:38.134 "GET /api/watches?state=PAUSED HTTP/1.1" 200 -
21:52:38.140 "GET /api/watches HTTP/1.1" 200 -
21:52:38.146 "GET /api/watches?needsAttention=true HTTP/1.1" 200 -
21:52:42.386 "GET /api/sessions?view=open HTTP/1.1" 200 -
21:52:42.420 "GET /api/projects HTTP/1.1" 200 -
21:52:42.421 "GET /api/projects/sidebar HTTP/1.1" 404 -
21:52:46.479 "GET /api/sessions?view=open HTTP/1.1" 200 -
21:52:50.682 "GET /api/sessions?view=open HTTP/1.1" 200 -
21:52:52.593 "GET /api/tasks/evidence-decisions/pending?decidingSessionId=C1 HTTP/1.1" 200 -
21:52:54.933 "GET /api/sessions?view=open HTTP/1.1" 200 -
21:52:55.067 "GET /api/runners HTTP/1.1" 200 -
21:52:59.144 "GET /api/sessions?view=open HTTP/1.1" 200 -
21:52:59.267 "GET /api/projects/sidebar HTTP/1.1" 404 -
21:52:59.271 "GET /api/projects HTTP/1.1" 200 -
21:53:03.375 "GET /api/sessions?view=open HTTP/1.1" 200 -
21:53:07.563 "GET /api/sessions?view=open HTTP/1.1" 200 -
21:53:11.734 "GET /api/sessions?view=open HTTP/1.1" 200 -
21:53:11.832 "GET /api/runners HTTP/1.1" 200 -
21:53:11.843 "GET /api/watches?state=ACTIVE HTTP/1.1" 200 -
21:53:11.859 "GET /api/watches?state=PAUSED HTTP/1.1" 200 -
21:53:11.880 "GET /api/watches HTTP/1.1" 200 -
21:53:11.911 "GET /api/watches?needsAttention=true HTTP/1.1" 200 -
21:53:12.445 "GET /api/runners HTTP/1.1" 200 -
21:53:12.621 "GET /api/tasks/evidence-decisions/pending?decidingSessionId=C1 HTTP/1.1" 200 -
21:53:15.977 "GET /api/sessions?view=open HTTP/1.1" 200 -
21:53:16.033 "GET /api/projects/sidebar HTTP/1.1" 404 -
21:53:16.033 "GET /api/projects HTTP/1.1" 200 -
21:53:20.196 "GET /api/sessions?view=open HTTP/1.1" 200 -
21:53:24.397 "GET /api/sessions?view=open HTTP/1.1" 200 -
21:53:28.580 "GET /api/sessions?view=open HTTP/1.1" 200 -
21:53:28.710 "GET /api/runners HTTP/1.1" 200 -
21:53:32.737 "GET /api/tasks/evidence-decisions/pending?decidingSessionId=C1 HTTP/1.1" 200 -
21:53:32.770 "GET /api/sessions?view=open HTTP/1.1" 200 -
21:53:32.864 "GET /api/projects/sidebar HTTP/1.1" 404 -
21:53:32.881 "GET /api/projects HTTP/1.1" 200 -
21:53:36.990 "GET /api/sessions?view=open HTTP/1.1" 200 -
21:53:41.027 "GET /api/sessions?view=open HTTP/1.1" 200 -
21:53:42.111 "GET /api/tasks/evidence-decisions/pending?decidingSessionId=C1 HTTP/1.1" 200 -
21:53:42.112 "GET /api/projects/P1/acceptance/criteria-decisions/pending HTTP/1.1" 404 -
21:53:42.973 "GET /api/projects/P1/acceptance/confirmation HTTP/1.1" 404 -
21:53:43.089 "GET /api/projects/P1 HTTP/1.1" 404 -
21:53:43.717 "GET /api/projects/P1/open-items HTTP/1.1" 200 -
21:53:43.767 "GET /api/projects/P1/promotions/current HTTP/1.1" 200 -
21:53:43.778 "GET /api/projects/P1/promotions/merged HTTP/1.1" 200 -
21:53:45.064 "GET /api/sessions?view=open HTTP/1.1" 200 -
21:53:45.103 "GET /api/runners HTTP/1.1" 200 -
21:53:45.111 "GET /api/watches?state=ACTIVE HTTP/1.1" 200 -
21:53:45.134 "GET /api/watches?state=PAUSED HTTP/1.1" 200 -
21:53:45.136 "GET /api/watches HTTP/1.1" 200 -
21:53:45.139 "GET /api/watches?needsAttention=true HTTP/1.1" 200 -
21:53:49.213 "GET /api/sessions?view=open HTTP/1.1" 200 -
21:53:49.291 "GET /api/projects/sidebar HTTP/1.1" 404 -
21:53:49.304 "GET /api/projects HTTP/1.1" 200 -
21:53:52.912 "GET /api/tasks/evidence-decisions/pending?decidingSessionId=C1 HTTP/1.1" 200 -
21:53:53.329 "GET /api/sessions?view=open HTTP/1.1" 200 -
21:53:57.374 "GET /api/sessions?view=open HTTP/1.1" 200 -
    POST /__set body: {"stage": "sent"}
21:53:58.918 "POST /__set HTTP/1.1" 200 -
21:54:01.419 "GET /api/sessions?view=open HTTP/1.1" 200 -
21:54:01.682 "GET /api/runners HTTP/1.1" 200 -
21:54:05.709 "GET /api/sessions?view=open HTTP/1.1" 200 -
21:54:05.763 "GET /api/projects HTTP/1.1" 200 -
21:54:05.764 "GET /api/projects/sidebar HTTP/1.1" 404 -
21:54:10.152 "GET /api/sessions?view=open HTTP/1.1" 200 -
21:54:12.732 "GET /api/runners HTTP/1.1" 200 -
21:54:12.932 "GET /api/tasks/evidence-decisions/pending?decidingSessionId=C1 HTTP/1.1" 200 -
21:54:13.090 "GET /api/projects/P1/acceptance/criteria-decisions/pending HTTP/1.1" 404 -
21:54:13.100 "GET /api/projects/P1/acceptance/confirmation HTTP/1.1" 404 -
21:54:13.110 "GET /api/projects/P1 HTTP/1.1" 404 -
21:54:13.119 "GET /api/projects/P1/open-items HTTP/1.1" 200 -
21:54:13.139 "GET /api/projects/P1/promotions/current HTTP/1.1" 200 -
21:54:13.144 "GET /api/projects/P1/promotions/merged HTTP/1.1" 200 -
21:54:14.293 "GET /api/sessions?view=open HTTP/1.1" 200 -
21:54:18.496 "GET /api/sessions?view=open HTTP/1.1" 200 -
21:54:18.502 "GET /api/runners HTTP/1.1" 200 -
21:54:18.545 "GET /api/watches?state=ACTIVE HTTP/1.1" 200 -
21:54:18.560 "GET /api/watches?state=PAUSED HTTP/1.1" 200 -
21:54:18.564 "GET /api/watches HTTP/1.1" 200 -
21:54:18.569 "GET /api/watches?needsAttention=true HTTP/1.1" 200 -
21:54:22.857 "GET /api/sessions?view=open HTTP/1.1" 200 -
21:54:22.942 "GET /api/projects HTTP/1.1" 200 -
21:54:22.943 "GET /api/projects/sidebar HTTP/1.1" 404 -
    POST /__reset body: 
21:55:23.524 "POST /__reset HTTP/1.1" 200 -
21:55:55.929 "GET /api/agents HTTP/1.1" 200 -
21:55:55.930 "GET /api/task-lists HTTP/1.1" 200 -
21:55:55.930 "GET /api/projects/sidebar HTTP/1.1" 404 -
21:55:55.930 "GET /api/projects HTTP/1.1" 200 -
21:55:55.930 "GET /api/agents HTTP/1.1" 200 -
21:55:55.971 "GET /api/wiki/spaces HTTP/1.1" 404 -
21:55:56.946 "GET /api/events HTTP/1.1" 200 -
21:55:56.947 "GET /api/runners HTTP/1.1" 200 -
21:55:56.948 "GET /api/users/me HTTP/1.1" 404 -
21:55:56.948 "GET /api/tasks/page?limit=1&listId=none&projectId=none&counts=total HTTP/1.1" 404 -
21:55:56.948 "GET /api/providers HTTP/1.1" 200 -
21:55:57.218 "GET /api/sessions?view=open&since= HTTP/1.1" 200 -
21:55:57.373 "GET /api/providers/pools HTTP/1.1" 200 -
21:55:57.402 "GET /api/providers HTTP/1.1" 200 -
21:55:57.640 "GET /api/providers/pools HTTP/1.1" 200 -
21:55:57.654 "GET /api/providers/shared-pools HTTP/1.1" 200 -
21:55:57.728 "GET /api/sessions?view=open HTTP/1.1" 200 -
21:55:57.729 "GET /api/providers/shared-pools HTTP/1.1" 200 -
21:55:57.957 "GET /api/session-tags HTTP/1.1" 200 -
21:55:59.277 "GET /api/sessions?view=open HTTP/1.1" 200 -
21:55:59.279 "GET /api/session-folders HTTP/1.1" 200 -
21:55:59.880 "GET /api/sessions/C1 HTTP/1.1" 200 -
21:55:59.880 "GET /api/sessions/C1/events/page?tail=200&maxPayload=2048 HTTP/1.1" 200 -
21:55:59.881 "GET /api/sessions/C1/created-tasks HTTP/1.1" 404 -
21:55:59.894 "GET /api/tasks/evidence-decisions/pending?decidingSessionId=C1 HTTP/1.1" 200 -
21:56:06.064 "GET /api/sessions/C1 HTTP/1.1" 200 -
21:56:06.071 "GET /api/sessions/C1/approvals?status=PENDING HTTP/1.1" 200 -
21:56:06.076 "GET /api/sessions/C1/turns?view=active HTTP/1.1" 200 -
21:56:06.093 "GET /api/projects HTTP/1.1" 200 -
21:56:06.099 "GET /api/watches?state=ACTIVE HTTP/1.1" 200 -
21:56:06.101 "GET /api/projects/sidebar HTTP/1.1" 404 -
21:56:06.159 "GET /api/watches?state=PAUSED HTTP/1.1" 200 -
21:56:06.172 "GET /api/watches HTTP/1.1" 200 -
21:56:06.191 "GET /api/watches?needsAttention=true HTTP/1.1" 200 -
21:56:06.641 "GET /api/sessions/C1 HTTP/1.1" 200 -
21:56:06.857 "GET /api/watches?state=ACTIVE HTTP/1.1" 200 -
21:56:06.860 "GET /api/session-folders HTTP/1.1" 200 -
21:56:06.949 "GET /api/sessions/C1/events?sinceSeq=3&maxPayload=2048 HTTP/1.1" 200 -
21:56:06.950 "GET /api/wiki/spaces HTTP/1.1" 404 -
21:56:06.951 "GET /api/sessions/C1/background HTTP/1.1" 404 -
21:56:07.235 "GET /api/watches?state=PAUSED HTTP/1.1" 200 -
21:56:07.428 "GET /api/runners HTTP/1.1" 200 -
21:56:07.446 "GET /api/projects/sidebar HTTP/1.1" 404 -
21:56:07.454 "GET /api/projects HTTP/1.1" 200 -
21:56:07.619 "GET /api/projects/P1/acceptance/criteria-decisions/pending HTTP/1.1" 404 -
21:56:07.631 "GET /api/agents HTTP/1.1" 200 -
21:56:07.636 "GET /api/watches HTTP/1.1" 200 -
21:56:07.651 "GET /api/watches?needsAttention=true HTTP/1.1" 200 -
21:56:08.521 "GET /api/providers/pools HTTP/1.1" 200 -
21:56:08.530 "GET /api/runners HTTP/1.1" 200 -
21:56:08.535 "GET /api/projects/P1/acceptance/confirmation HTTP/1.1" 404 -
21:56:08.537 "GET /api/auth/capabilities HTTP/1.1" 404 -
21:56:08.580 "GET /api/providers HTTP/1.1" 200 -
21:56:08.582 "GET /api/projects/P1 HTTP/1.1" 404 -
21:56:08.601 "GET /api/providers/shared-pools HTTP/1.1" 200 -
21:56:08.643 "GET /api/projects/P1/open-items HTTP/1.1" 200 -
21:56:08.646 "GET /api/providers/pools HTTP/1.1" 200 -
21:56:08.648 "GET /api/providers HTTP/1.1" 200 -
21:56:08.663 "GET /api/projects/P1/promotions/current HTTP/1.1" 200 -
21:56:08.664 "GET /api/providers/shared-pools HTTP/1.1" 200 -
21:56:08.691 "GET /api/task-lists HTTP/1.1" 200 -
21:56:08.692 "GET /api/projects/P1/promotions/merged HTTP/1.1" 200 -
21:56:08.711 "GET /api/tasks/page?limit=1&listId=none&projectId=none&counts=total HTTP/1.1" 404 -
21:56:08.808 "GET /api/sessions/C1/created-tasks HTTP/1.1" 404 -
21:56:12.576 "GET /api/sessions?view=open HTTP/1.1" 200 -
21:56:12.635 "GET /api/runners HTTP/1.1" 200 -
21:56:16.731 "GET /api/sessions?view=open HTTP/1.1" 200 -
21:56:19.957 "GET /api/tasks/evidence-decisions/pending?decidingSessionId=C1 HTTP/1.1" 200 -
21:56:21.910 "GET /api/projects/P1/acceptance/criteria-decisions/pending HTTP/1.1" 404 -
21:56:22.196 "GET /api/sessions?view=open HTTP/1.1" 200 -
21:56:22.196 "GET /api/projects/P1/acceptance/confirmation HTTP/1.1" 404 -
21:56:22.245 "GET /api/projects/sidebar HTTP/1.1" 404 -
21:56:22.246 "GET /api/projects/P1 HTTP/1.1" 404 -
21:56:22.246 "GET /api/projects HTTP/1.1" 200 -
21:56:22.250 "GET /api/projects/P1/open-items HTTP/1.1" 200 -
21:56:22.268 "GET /api/projects/P1/promotions/current HTTP/1.1" 200 -
21:56:22.285 "GET /api/projects/P1/promotions/merged HTTP/1.1" 200 -
21:56:26.366 "GET /api/sessions?view=open HTTP/1.1" 200 -
21:56:30.634 "GET /api/sessions?view=open HTTP/1.1" 200 -
21:56:30.655 "GET /api/runners HTTP/1.1" 200 -
21:56:34.690 "GET /api/sessions?view=open HTTP/1.1" 200 -
21:56:38.735 "GET /api/sessions?view=open HTTP/1.1" 200 -
21:56:38.768 "GET /api/watches?state=ACTIVE HTTP/1.1" 200 -
21:56:38.776 "GET /api/watches?state=PAUSED HTTP/1.1" 200 -
21:56:38.782 "GET /api/watches HTTP/1.1" 200 -
21:56:38.786 "GET /api/watches?needsAttention=true HTTP/1.1" 200 -
21:56:38.795 "GET /api/projects/sidebar HTTP/1.1" 404 -
21:56:38.796 "GET /api/projects HTTP/1.1" 200 -
21:56:39.988 "GET /api/tasks/evidence-decisions/pending?decidingSessionId=C1 HTTP/1.1" 200 -
21:56:42.928 "GET /api/sessions?view=open HTTP/1.1" 200 -
21:56:47.116 "GET /api/sessions?view=open HTTP/1.1" 200 -
21:56:47.138 "GET /api/runners HTTP/1.1" 200 -
21:56:51.218 "GET /api/sessions?view=open HTTP/1.1" 200 -
21:56:55.305 "GET /api/sessions?view=open HTTP/1.1" 200 -
21:56:55.346 "GET /api/projects/sidebar HTTP/1.1" 404 -
21:56:55.347 "GET /api/projects HTTP/1.1" 200 -
21:56:59.392 "GET /api/sessions?view=open HTTP/1.1" 200 -
21:56:59.879 "GET /api/runners HTTP/1.1" 200 -
21:57:00.134 "GET /api/tasks/evidence-decisions/pending?decidingSessionId=C1 HTTP/1.1" 200 -
21:57:03.481 "GET /api/sessions?view=open HTTP/1.1" 200 -
21:57:03.597 "GET /api/runners HTTP/1.1" 200 -
21:57:07.678 "GET /api/sessions?view=open HTTP/1.1" 200 -
21:57:11.745 "GET /api/sessions?view=open HTTP/1.1" 200 -
21:57:11.752 "GET /api/watches?state=ACTIVE HTTP/1.1" 200 -
21:57:11.757 "GET /api/watches?state=PAUSED HTTP/1.1" 200 -
21:57:11.762 "GET /api/watches HTTP/1.1" 200 -
21:57:11.768 "GET /api/watches?needsAttention=true HTTP/1.1" 200 -
21:57:11.783 "GET /api/projects/sidebar HTTP/1.1" 404 -
21:57:11.784 "GET /api/projects HTTP/1.1" 200 -
21:57:15.853 "GET /api/sessions?view=open HTTP/1.1" 200 -
21:57:19.989 "GET /api/sessions?view=open HTTP/1.1" 200 -
21:57:20.029 "GET /api/runners HTTP/1.1" 200 -
21:57:20.381 "GET /api/tasks/evidence-decisions/pending?decidingSessionId=C1 HTTP/1.1" 200 -
21:57:24.225 "GET /api/sessions?view=open HTTP/1.1" 200 -
21:57:27.323 "GET /api/projects/P1/acceptance/criteria-decisions/pending HTTP/1.1" 404 -
21:57:27.330 "GET /api/tasks/evidence-decisions/pending?decidingSessionId=C1 HTTP/1.1" 200 -
21:57:28.148 "GET /api/projects/P1/acceptance/confirmation HTTP/1.1" 404 -
21:57:29.151 "GET /api/projects/P1 HTTP/1.1" 404 -
21:57:29.199 "GET /api/sessions?view=open HTTP/1.1" 200 -
21:57:29.282 "GET /api/projects/P1/open-items HTTP/1.1" 200 -
21:57:29.283 "GET /api/projects/sidebar HTTP/1.1" 404 -
21:57:29.289 "GET /api/projects HTTP/1.1" 200 -
21:57:29.300 "GET /api/projects/P1/promotions/current HTTP/1.1" 200 -
21:57:29.310 "GET /api/projects/P1/promotions/merged HTTP/1.1" 200 -
21:57:33.363 "GET /api/sessions?view=open HTTP/1.1" 200 -
21:57:37.641 "GET /api/sessions?view=open HTTP/1.1" 200 -
21:57:37.800 "GET /api/runners HTTP/1.1" 200 -
21:57:40.441 "GET /api/tasks/evidence-decisions/pending?decidingSessionId=C1 HTTP/1.1" 200 -
21:57:41.989 "GET /api/sessions?view=open HTTP/1.1" 200 -
21:57:42.026 "GET /api/watches?state=ACTIVE HTTP/1.1" 200 -
21:57:42.034 "GET /api/watches?state=PAUSED HTTP/1.1" 200 -
21:57:42.047 "GET /api/watches HTTP/1.1" 200 -
21:57:42.127 "GET /api/watches?needsAttention=true HTTP/1.1" 200 -
21:57:46.252 "GET /api/sessions?view=open HTTP/1.1" 200 -
21:57:46.299 "GET /api/projects HTTP/1.1" 200 -
21:57:46.299 "GET /api/projects/sidebar HTTP/1.1" 404 -
    POST /__set body: {"stage": "sent"}
21:57:46.389 "POST /__set HTTP/1.1" 200 -
21:57:50.437 "GET /api/sessions?view=open HTTP/1.1" 200 -
21:57:54.584 "GET /api/sessions?view=open HTTP/1.1" 200 -
21:57:54.633 "GET /api/runners HTTP/1.1" 200 -
21:57:58.676 "GET /api/sessions?view=open HTTP/1.1" 200 -
21:58:00.053 "GET /api/runners HTTP/1.1" 200 -
21:58:00.529 "GET /api/tasks/evidence-decisions/pending?decidingSessionId=C1 HTTP/1.1" 200 -
21:58:00.630 "GET /api/projects/P1/acceptance/criteria-decisions/pending HTTP/1.1" 404 -
21:58:00.640 "GET /api/projects/P1/acceptance/confirmation HTTP/1.1" 404 -
21:58:00.664 "GET /api/projects/P1 HTTP/1.1" 404 -
21:58:00.715 "GET /api/projects/P1/open-items HTTP/1.1" 200 -
21:58:00.754 "GET /api/projects/P1/promotions/current HTTP/1.1" 200 -
21:58:00.767 "GET /api/projects/P1/promotions/merged HTTP/1.1" 200 -
21:58:02.992 "GET /api/sessions?view=open HTTP/1.1" 200 -
21:58:03.031 "GET /api/projects/sidebar HTTP/1.1" 404 -
21:58:03.031 "GET /api/projects HTTP/1.1" 200 -
21:58:07.050 "GET /api/sessions?view=open HTTP/1.1" 200 -
21:58:11.193 "GET /api/sessions?view=open HTTP/1.1" 200 -
21:58:11.223 "GET /api/runners HTTP/1.1" 200 -
21:58:15.295 "GET /api/sessions?view=open HTTP/1.1" 200 -
21:58:15.353 "GET /api/watches?state=ACTIVE HTTP/1.1" 200 -
21:58:15.369 "GET /api/watches?state=PAUSED HTTP/1.1" 200 -
21:58:15.384 "GET /api/watches HTTP/1.1" 200 -
21:58:15.398 "GET /api/watches?needsAttention=true HTTP/1.1" 200 -
    POST /__reset body: 
21:59:32.749 "POST /__reset HTTP/1.1" 200 -
21:59:43.802 "GET /api/agents HTTP/1.1" 200 -
21:59:43.854 "GET /api/agents HTTP/1.1" 200 -
21:59:43.855 "GET /api/task-lists HTTP/1.1" 200 -
21:59:43.877 "GET /api/projects/sidebar HTTP/1.1" 404 -
21:59:43.878 "GET /api/projects HTTP/1.1" 200 -
21:59:43.878 "GET /api/wiki/spaces HTTP/1.1" 404 -
21:59:44.984 "GET /api/users/me HTTP/1.1" 404 -
21:59:45.005 "GET /api/runners HTTP/1.1" 200 -
21:59:45.006 "GET /api/events HTTP/1.1" 200 -
21:59:45.006 "GET /api/providers HTTP/1.1" 200 -
21:59:45.011 "GET /api/tasks/page?limit=1&listId=none&projectId=none&counts=total HTTP/1.1" 404 -
21:59:45.095 "GET /api/sessions?view=open&since= HTTP/1.1" 200 -
21:59:45.116 "GET /api/providers HTTP/1.1" 200 -
21:59:45.121 "GET /api/providers/pools HTTP/1.1" 200 -
21:59:45.201 "GET /api/sessions?view=open HTTP/1.1" 200 -
21:59:45.210 "GET /api/providers/pools HTTP/1.1" 200 -
21:59:45.210 "GET /api/providers/shared-pools HTTP/1.1" 200 -
21:59:45.318 "GET /api/watches?state=ACTIVE HTTP/1.1" 200 -
21:59:45.319 "GET /api/wiki/spaces HTTP/1.1" 404 -
21:59:45.319 "GET /api/watches?state=ACTIVE HTTP/1.1" 200 -
21:59:45.328 "GET /api/session-folders HTTP/1.1" 200 -
21:59:45.332 "GET /api/providers/shared-pools HTTP/1.1" 200 -
21:59:45.391 "GET /api/watches?state=PAUSED HTTP/1.1" 200 -
21:59:45.560 "GET /api/watches?state=PAUSED HTTP/1.1" 200 -
21:59:45.560 "GET /api/session-tags HTTP/1.1" 200 -
21:59:45.560 "GET /api/watches HTTP/1.1" 200 -
21:59:45.587 "GET /api/watches HTTP/1.1" 200 -
21:59:45.607 "GET /api/watches?needsAttention=true HTTP/1.1" 200 -
21:59:45.630 "GET /api/watches?needsAttention=true HTTP/1.1" 200 -
21:59:46.532 "GET /api/agents HTTP/1.1" 200 -
21:59:46.533 "GET /api/sessions?view=open HTTP/1.1" 200 -
21:59:46.533 "GET /api/session-folders HTTP/1.1" 200 -
21:59:46.565 "GET /api/projects HTTP/1.1" 200 -
21:59:46.571 "GET /api/projects/sidebar HTTP/1.1" 404 -
21:59:54.908 "GET /api/runners HTTP/1.1" 200 -
21:59:54.910 "GET /api/sessions/C1 HTTP/1.1" 200 -
21:59:54.912 "GET /api/sessions/C1/created-tasks HTTP/1.1" 404 -
21:59:54.917 "GET /api/auth/capabilities HTTP/1.1" 404 -
21:59:54.928 "GET /api/sessions/C1/events/page?tail=200&maxPayload=2048 HTTP/1.1" 200 -
21:59:55.009 "GET /api/sessions/C1 HTTP/1.1" 200 -
21:59:55.014 "GET /api/tasks/evidence-decisions/pending?decidingSessionId=C1 HTTP/1.1" 200 -
21:59:55.015 "GET /api/projects/sidebar HTTP/1.1" 404 -
21:59:55.015 "GET /api/projects HTTP/1.1" 200 -
21:59:55.016 "GET /api/sessions/C1/approvals?status=PENDING HTTP/1.1" 200 -
21:59:55.148 "GET /api/sessions/C1/turns?view=active HTTP/1.1" 200 -
21:59:55.150 "GET /api/providers HTTP/1.1" 200 -
21:59:55.151 "GET /api/runners HTTP/1.1" 200 -
21:59:55.223 "GET /api/sessions/C1/events?sinceSeq=3&maxPayload=2048 HTTP/1.1" 200 -
21:59:55.224 "GET /api/sessions/C1/background HTTP/1.1" 404 -
21:59:55.667 "GET /api/projects/P1/acceptance/criteria-decisions/pending HTTP/1.1" 404 -
21:59:55.667 "GET /api/sessions/C1 HTTP/1.1" 200 -
21:59:55.885 "GET /api/providers/pools HTTP/1.1" 200 -
21:59:55.971 "GET /api/providers/pools HTTP/1.1" 200 -
21:59:55.973 "GET /api/projects/P1/acceptance/confirmation HTTP/1.1" 404 -
21:59:55.974 "GET /api/providers/shared-pools HTTP/1.1" 200 -
21:59:56.866 "GET /api/projects/P1 HTTP/1.1" 404 -
21:59:56.936 "GET /api/providers/shared-pools HTTP/1.1" 200 -
21:59:56.938 "GET /api/task-lists HTTP/1.1" 200 -
21:59:56.950 "GET /api/projects/P1/open-items HTTP/1.1" 200 -
21:59:56.972 "GET /api/tasks/page?limit=1&listId=none&projectId=none&counts=total HTTP/1.1" 404 -
21:59:56.973 "GET /api/projects/P1/promotions/current HTTP/1.1" 200 -
21:59:56.973 "GET /api/providers HTTP/1.1" 200 -
21:59:56.989 "GET /api/projects/P1/promotions/merged HTTP/1.1" 200 -
21:59:59.140 "GET /api/sessions?view=open HTTP/1.1" 200 -
21:59:59.163 "GET /api/runners HTTP/1.1" 200 -
22:00:03.361 "GET /api/tasks/evidence-decisions/pending?decidingSessionId=C1 HTTP/1.1" 200 -
22:00:03.920 "GET /api/projects/P1/acceptance/criteria-decisions/pending HTTP/1.1" 404 -
22:00:03.965 "GET /api/sessions?view=open HTTP/1.1" 200 -
22:00:04.978 "GET /api/projects/P1/acceptance/confirmation HTTP/1.1" 404 -
22:00:05.034 "GET /api/projects HTTP/1.1" 200 -
22:00:05.034 "GET /api/projects/P1 HTTP/1.1" 404 -
22:00:05.060 "GET /api/projects/sidebar HTTP/1.1" 404 -
22:00:05.064 "GET /api/projects/P1/open-items HTTP/1.1" 200 -
22:00:05.087 "GET /api/projects/P1/promotions/current HTTP/1.1" 200 -
22:00:05.111 "GET /api/projects/P1/promotions/merged HTTP/1.1" 200 -
22:00:09.242 "GET /api/sessions?view=open HTTP/1.1" 200 -
22:00:14.333 "GET /api/sessions?view=open HTTP/1.1" 200 -
22:00:14.416 "GET /api/runners HTTP/1.1" 200 -
22:00:14.894 "GET /api/tasks/evidence-decisions/pending?decidingSessionId=C1 HTTP/1.1" 200 -
22:00:18.564 "GET /api/sessions?view=open HTTP/1.1" 200 -
22:00:18.647 "GET /api/watches?state=ACTIVE HTTP/1.1" 200 -
22:00:18.657 "GET /api/watches?state=PAUSED HTTP/1.1" 200 -
22:00:18.676 "GET /api/watches HTTP/1.1" 200 -
22:00:18.767 "GET /api/watches?needsAttention=true HTTP/1.1" 200 -
    POST /api/tasks/34dB07cTabletCardsRev01/evidence/decision body: {"decidingSessionId":"C1","decision":"CONFIRM","evidenceRevision":"1"}
22:00:22.731 "POST /api/tasks/34dB07cTabletCardsRev01/evidence/decision HTTP/1.1" 201 -
22:00:22.755 "GET /api/tasks/evidence-decisions/pending?decidingSessionId=C1 HTTP/1.1" 200 -
22:00:22.981 "GET /api/projects/P1/acceptance/criteria-decisions/pending HTTP/1.1" 404 -
22:00:23.049 "GET /api/sessions?view=open HTTP/1.1" 200 -
22:00:23.054 "GET /api/projects/P1/acceptance/confirmation HTTP/1.1" 404 -
22:00:23.366 "GET /api/projects/P1 HTTP/1.1" 404 -
22:00:23.366 "GET /api/projects HTTP/1.1" 200 -
22:00:23.375 "GET /api/projects/sidebar HTTP/1.1" 404 -
22:00:23.375 "GET /api/projects/P1/open-items HTTP/1.1" 200 -
22:00:23.385 "GET /api/projects/P1/promotions/current HTTP/1.1" 200 -
22:00:23.392 "GET /api/projects/P1/promotions/merged HTTP/1.1" 200 -
22:00:27.516 "GET /api/sessions?view=open HTTP/1.1" 200 -
22:00:31.601 "GET /api/sessions?view=open HTTP/1.1" 200 -
22:00:31.635 "GET /api/runners HTTP/1.1" 200 -
22:00:35.055 "GET /api/tasks/evidence-decisions/pending?decidingSessionId=C1 HTTP/1.1" 200 -
