04:38:45.568 "GET /api/agents HTTP/1.1" 200 -
04:43:46.768 "POST /__reset HTTP/1.1" 200 -
04:43:51.961 "GET /api/agents HTTP/1.1" 200 -
04:43:51.963 "GET /api/agents HTTP/1.1" 200 -
04:43:51.974 "GET /api/wiki/spaces HTTP/1.1" 404 -
04:43:52.405 "GET /api/events HTTP/1.1" 404 -
04:43:52.411 "GET /api/runners HTTP/1.1" 200 -
04:43:52.419 "GET /api/users/me HTTP/1.1" 404 -
04:43:52.419 "GET /api/providers HTTP/1.1" 200 -
04:43:52.544 "GET /api/providers HTTP/1.1" 200 -
04:43:52.746 "GET /api/providers/pools HTTP/1.1" 200 -
04:43:52.759 "GET /api/sessions?view=open&since= HTTP/1.1" 200 -
04:43:52.767 "GET /api/providers/pools HTTP/1.1" 200 -
04:43:52.768 "GET /api/providers/shared-pools HTTP/1.1" 200 -
04:43:52.778 "GET /api/watches?state=ACTIVE HTTP/1.1" 200 -
04:43:52.784 "GET /api/providers/shared-pools HTTP/1.1" 200 -
04:43:52.888 "GET /api/session-tags HTTP/1.1" 200 -
04:43:52.937 "GET /api/watches?state=PAUSED HTTP/1.1" 200 -
04:43:53.036 "GET /api/watches HTTP/1.1" 200 -
04:43:53.209 "GET /api/watches?needsAttention=true HTTP/1.1" 200 -
04:43:53.482 "GET /api/sessions?view=open HTTP/1.1" 200 -
04:43:53.483 "GET /api/auth/capabilities HTTP/1.1" 404 -
04:43:53.922 "GET /api/sessions/Q1 HTTP/1.1" 200 -
04:43:54.470 "GET /api/sessions/Q1/events/page?tail=200&maxPayload=2048 HTTP/1.1" 200 -
04:43:54.518 "GET /api/sessions/Q1/created-tasks HTTP/1.1" 404 -
04:43:54.524 "GET /api/tasks/evidence-decisions/pending?decidingSessionId=Q1 HTTP/1.1" 404 -
04:43:54.709 "GET /api/sessions/Q1 HTTP/1.1" 200 -
04:43:54.714 "GET /api/sessions/Q1/turns?view=active HTTP/1.1" 200 -
04:43:54.716 "GET /api/sessions/Q1/approvals?status=PENDING HTTP/1.1" 200 -
04:43:55.068 "GET /api/sessions/Q1/events?sinceSeq=6&maxPayload=2048 HTTP/1.1" 200 -
04:43:55.134 "GET /api/sessions/Q1/background HTTP/1.1" 404 -
04:43:55.134 "GET /api/runners HTTP/1.1" 200 -
04:43:55.136 "GET /api/tasks/evidence-decisions/pending?decidingSessionId=Q1 HTTP/1.1" 404 -
04:43:55.139 "GET /api/providers/pools HTTP/1.1" 200 -
04:43:55.221 "GET /api/providers/shared-pools HTTP/1.1" 200 -
04:43:55.265 "GET /api/providers HTTP/1.1" 200 -
04:43:58.087 "GET /api/sessions?view=open HTTP/1.1" 200 -
04:44:02.350 "GET /api/sessions?view=open HTTP/1.1" 200 -
04:44:06.505 "GET /api/sessions?view=open HTTP/1.1" 200 -
04:44:10.672 "GET /api/sessions?view=open HTTP/1.1" 200 -
04:44:14.766 "GET /api/sessions?view=open HTTP/1.1" 200 -
04:44:18.993 "GET /api/sessions?view=open HTTP/1.1" 200 -
04:44:23.197 "GET /api/sessions?view=open HTTP/1.1" 200 -
04:44:23.282 "GET /api/watches?state=ACTIVE HTTP/1.1" 200 -
04:44:23.289 "GET /api/watches?state=PAUSED HTTP/1.1" 200 -
04:44:23.294 "GET /api/watches HTTP/1.1" 200 -
04:44:23.300 "GET /api/watches?needsAttention=true HTTP/1.1" 200 -
04:44:27.517 "GET /api/sessions?view=open HTTP/1.1" 200 -
04:44:31.565 "GET /api/sessions?view=open HTTP/1.1" 200 -
04:44:35.629 "GET /api/sessions?view=open HTTP/1.1" 200 -
04:44:39.946 "GET /api/sessions?view=open HTTP/1.1" 200 -
04:44:42.427 "POST /__reset HTTP/1.1" 200 -
04:44:43.632 "GET /api/agents HTTP/1.1" 200 -
04:44:43.633 "GET /api/agents HTTP/1.1" 200 -
04:44:43.635 "GET /api/wiki/spaces HTTP/1.1" 404 -
04:44:43.839 "GET /api/events HTTP/1.1" 404 -
04:44:43.844 "GET /api/runners HTTP/1.1" 200 -
04:44:43.845 "GET /api/providers HTTP/1.1" 200 -
04:44:43.848 "GET /api/users/me HTTP/1.1" 404 -
04:44:43.887 "GET /api/providers HTTP/1.1" 200 -
04:44:43.894 "GET /api/sessions?view=open&since= HTTP/1.1" 200 -
04:44:43.895 "GET /api/providers/pools HTTP/1.1" 200 -
04:44:43.895 "GET /api/providers/pools HTTP/1.1" 200 -
04:44:43.905 "GET /api/watches?state=ACTIVE HTTP/1.1" 200 -
04:44:43.910 "GET /api/providers/shared-pools HTTP/1.1" 200 -
04:44:43.912 "GET /api/providers/shared-pools HTTP/1.1" 200 -
04:44:43.957 "GET /api/watches?state=PAUSED HTTP/1.1" 200 -
04:44:43.963 "GET /api/watches HTTP/1.1" 200 -
04:44:43.966 "GET /api/session-tags HTTP/1.1" 200 -
04:44:43.967 "GET /api/watches?needsAttention=true HTTP/1.1" 200 -
04:44:44.537 "GET /api/sessions/Q2/events/page?tail=200&maxPayload=2048 HTTP/1.1" 200 -
04:44:44.544 "GET /api/sessions/Q2/created-tasks HTTP/1.1" 404 -
04:44:44.549 "GET /api/sessions/Q2 HTTP/1.1" 200 -
04:44:44.555 "GET /api/tasks/evidence-decisions/pending?decidingSessionId=Q2 HTTP/1.1" 404 -
04:44:44.563 "GET /api/sessions/Q2/approvals?status=PENDING HTTP/1.1" 200 -
04:44:44.568 "GET /api/sessions/Q2/turns?view=active HTTP/1.1" 200 -
04:44:44.568 "GET /api/sessions/Q2 HTTP/1.1" 200 -
04:44:44.569 "GET /api/sessions?view=open HTTP/1.1" 200 -
04:44:44.573 "GET /api/auth/capabilities HTTP/1.1" 404 -
04:44:44.808 "GET /api/runners HTTP/1.1" 200 -
04:44:44.810 "GET /api/sessions/Q2/background HTTP/1.1" 404 -
04:44:44.810 "GET /api/sessions/Q2/events?sinceSeq=6&maxPayload=2048 HTTP/1.1" 200 -
04:44:44.874 "GET /api/tasks/evidence-decisions/pending?decidingSessionId=Q2 HTTP/1.1" 404 -
04:44:44.881 "GET /api/providers/pools HTTP/1.1" 200 -
04:44:44.885 "GET /api/providers/shared-pools HTTP/1.1" 200 -
04:44:44.892 "GET /api/providers HTTP/1.1" 200 -
04:44:48.939 "GET /api/sessions?view=open HTTP/1.1" 200 -
04:44:53.049 "GET /api/sessions?view=open HTTP/1.1" 200 -
04:44:57.305 "GET /api/sessions?view=open HTTP/1.1" 200 -
04:45:01.486 "GET /api/sessions?view=open HTTP/1.1" 200 -
04:45:05.657 "GET /api/sessions?view=open HTTP/1.1" 200 -
04:45:10.053 "GET /api/sessions?view=open HTTP/1.1" 200 -
04:45:14.228 "GET /api/sessions?view=open HTTP/1.1" 200 -
04:45:14.336 "GET /api/watches?state=ACTIVE HTTP/1.1" 200 -
04:45:14.345 "GET /api/watches?state=PAUSED HTTP/1.1" 200 -
04:45:14.352 "GET /api/watches HTTP/1.1" 200 -
04:45:14.363 "GET /api/watches?needsAttention=true HTTP/1.1" 200 -
04:45:18.425 "GET /api/sessions?view=open HTTP/1.1" 200 -
04:45:22.619 "GET /api/sessions?view=open HTTP/1.1" 200 -
04:45:26.770 "GET /api/sessions?view=open HTTP/1.1" 200 -
04:45:28.564 "POST /__reset HTTP/1.1" 200 -
04:45:29.861 "GET /api/agents HTTP/1.1" 200 -
04:45:29.867 "GET /api/agents HTTP/1.1" 200 -
04:45:29.873 "GET /api/wiki/spaces HTTP/1.1" 404 -
04:45:30.053 "GET /api/events HTTP/1.1" 404 -
04:45:30.055 "GET /api/users/me HTTP/1.1" 404 -
04:45:30.057 "GET /api/runners HTTP/1.1" 200 -
04:45:30.058 "GET /api/providers HTTP/1.1" 200 -
04:45:30.080 "GET /api/sessions?view=open&since= HTTP/1.1" 200 -
04:45:30.115 "GET /api/providers HTTP/1.1" 200 -
04:45:30.127 "GET /api/providers/pools HTTP/1.1" 200 -
04:45:30.134 "GET /api/watches?state=ACTIVE HTTP/1.1" 200 -
04:45:30.135 "GET /api/providers/pools HTTP/1.1" 200 -
04:45:30.140 "GET /api/providers/shared-pools HTTP/1.1" 200 -
04:45:30.144 "GET /api/providers/shared-pools HTTP/1.1" 200 -
04:45:30.146 "GET /api/watches?state=PAUSED HTTP/1.1" 200 -
04:45:30.151 "GET /api/watches HTTP/1.1" 200 -
04:45:30.156 "GET /api/watches?needsAttention=true HTTP/1.1" 200 -
04:45:30.205 "GET /api/session-tags HTTP/1.1" 200 -
04:45:30.536 "GET /api/sessions?view=open HTTP/1.1" 200 -
04:45:30.537 "GET /api/auth/capabilities HTTP/1.1" 404 -
04:45:30.839 "GET /api/sessions/Q3/created-tasks HTTP/1.1" 404 -
04:45:30.844 "GET /api/sessions/Q3/events/page?tail=200&maxPayload=2048 HTTP/1.1" 200 -
04:45:30.851 "GET /api/tasks/evidence-decisions/pending?decidingSessionId=Q3 HTTP/1.1" 404 -
04:45:30.852 "GET /api/sessions/Q3 HTTP/1.1" 200 -
04:45:30.866 "GET /api/sessions/Q3 HTTP/1.1" 200 -
04:45:30.867 "GET /api/sessions/Q3/approvals?status=PENDING HTTP/1.1" 200 -
04:45:30.867 "GET /api/sessions/Q3/turns?view=active HTTP/1.1" 200 -
04:45:31.098 "GET /api/sessions/Q3/background HTTP/1.1" 404 -
04:45:31.102 "GET /api/runners HTTP/1.1" 200 -
04:45:31.111 "GET /api/sessions/Q3/events?sinceSeq=6&maxPayload=2048 HTTP/1.1" 200 -
04:45:31.112 "GET /api/tasks/evidence-decisions/pending?decidingSessionId=Q3 HTTP/1.1" 404 -
04:45:31.113 "GET /api/providers/pools HTTP/1.1" 200 -
04:45:31.146 "GET /api/providers/shared-pools HTTP/1.1" 200 -
04:45:31.745 "GET /api/providers HTTP/1.1" 200 -
04:45:34.850 "GET /api/sessions?view=open HTTP/1.1" 200 -
04:45:38.956 "GET /api/sessions?view=open HTTP/1.1" 200 -
04:45:43.023 "GET /api/sessions?view=open HTTP/1.1" 200 -
04:45:47.133 "GET /api/sessions?view=open HTTP/1.1" 200 -
04:45:51.185 "GET /api/sessions?view=open HTTP/1.1" 200 -
04:45:55.342 "GET /api/sessions?view=open HTTP/1.1" 200 -
04:45:59.694 "GET /api/sessions?view=open HTTP/1.1" 200 -
04:46:04.086 "GET /api/sessions?view=open HTTP/1.1" 200 -
04:46:04.225 "GET /api/watches?state=ACTIVE HTTP/1.1" 200 -
04:46:04.269 "GET /api/watches?state=PAUSED HTTP/1.1" 200 -
04:46:04.273 "GET /api/watches HTTP/1.1" 200 -
04:46:04.276 "GET /api/watches?needsAttention=true HTTP/1.1" 200 -
04:46:08.351 "GET /api/sessions?view=open HTTP/1.1" 200 -
04:46:12.726 "GET /api/sessions?view=open HTTP/1.1" 200 -
04:46:16.831 "POST /__reset HTTP/1.1" 200 -
04:46:18.183 "GET /api/agents HTTP/1.1" 200 -
04:46:18.184 "GET /api/wiki/spaces HTTP/1.1" 404 -
04:46:18.185 "GET /api/agents HTTP/1.1" 200 -
04:46:18.376 "GET /api/events HTTP/1.1" 404 -
04:46:18.381 "GET /api/runners HTTP/1.1" 200 -
04:46:18.382 "GET /api/providers HTTP/1.1" 200 -
04:46:18.386 "GET /api/users/me HTTP/1.1" 404 -
04:46:18.441 "GET /api/providers/pools HTTP/1.1" 200 -
04:46:18.445 "GET /api/sessions?view=open&since= HTTP/1.1" 200 -
04:46:18.466 "GET /api/providers HTTP/1.1" 200 -
04:46:18.484 "GET /api/watches?state=ACTIVE HTTP/1.1" 200 -
04:46:18.488 "GET /api/providers/shared-pools HTTP/1.1" 200 -
04:46:18.491 "GET /api/watches?state=PAUSED HTTP/1.1" 200 -
04:46:18.493 "GET /api/providers/pools HTTP/1.1" 200 -
04:46:18.495 "GET /api/watches HTTP/1.1" 200 -
04:46:18.512 "GET /api/watches?needsAttention=true HTTP/1.1" 200 -
04:46:18.533 "GET /api/session-tags HTTP/1.1" 200 -
04:46:18.935 "GET /api/providers/shared-pools HTTP/1.1" 200 -
04:46:18.936 "GET /api/sessions?view=open HTTP/1.1" 200 -
04:46:18.936 "GET /api/auth/capabilities HTTP/1.1" 404 -
04:46:19.230 "GET /api/sessions/Q4 HTTP/1.1" 200 -
04:46:19.232 "GET /api/sessions/Q4/created-tasks HTTP/1.1" 404 -
04:46:19.232 "GET /api/sessions/Q4/events/page?tail=200&maxPayload=2048 HTTP/1.1" 200 -
04:46:19.236 "GET /api/sessions/Q4 HTTP/1.1" 200 -
04:46:19.237 "GET /api/sessions/Q4/approvals?status=PENDING HTTP/1.1" 200 -
04:46:19.237 "GET /api/tasks/evidence-decisions/pending?decidingSessionId=Q4 HTTP/1.1" 404 -
04:46:19.258 "GET /api/sessions/Q4/turns?view=active HTTP/1.1" 200 -
04:46:19.428 "GET /api/sessions/Q4/background HTTP/1.1" 404 -
04:46:19.430 "GET /api/runners HTTP/1.1" 200 -
04:46:19.430 "GET /api/sessions/Q4/events?sinceSeq=6&maxPayload=2048 HTTP/1.1" 200 -
04:46:19.431 "GET /api/tasks/evidence-decisions/pending?decidingSessionId=Q4 HTTP/1.1" 404 -
04:46:19.435 "GET /api/providers/pools HTTP/1.1" 200 -
04:46:19.444 "GET /api/providers/shared-pools HTTP/1.1" 200 -
04:46:19.450 "GET /api/providers HTTP/1.1" 200 -
04:46:23.396 "GET /api/sessions?view=open HTTP/1.1" 200 -
04:46:27.638 "GET /api/sessions?view=open HTTP/1.1" 200 -
04:46:31.790 "GET /api/sessions?view=open HTTP/1.1" 200 -
04:46:35.901 "GET /api/sessions?view=open HTTP/1.1" 200 -
04:46:38.155 "POST /__reset HTTP/1.1" 200 -
04:46:39.563 "GET /api/agents HTTP/1.1" 200 -
04:46:39.563 "GET /api/agents HTTP/1.1" 200 -
04:46:39.563 "GET /api/wiki/spaces HTTP/1.1" 404 -
04:46:39.786 "GET /api/runners HTTP/1.1" 200 -
04:46:39.788 "GET /api/users/me HTTP/1.1" 404 -
04:46:39.789 "GET /api/providers HTTP/1.1" 200 -
04:46:39.789 "GET /api/events HTTP/1.1" 404 -
04:46:39.816 "GET /api/providers/pools HTTP/1.1" 200 -
04:46:39.816 "GET /api/providers HTTP/1.1" 200 -
04:46:39.822 "GET /api/providers/shared-pools HTTP/1.1" 200 -
04:46:39.828 "GET /api/sessions?view=open&since= HTTP/1.1" 200 -
04:46:39.831 "GET /api/providers/pools HTTP/1.1" 200 -
04:46:39.867 "GET /api/session-tags HTTP/1.1" 200 -
04:46:40.395 "GET /api/sessions/Q5 HTTP/1.1" 200 -
04:46:40.399 "GET /api/providers/shared-pools HTTP/1.1" 200 -
04:46:40.399 "GET /api/sessions?view=open HTTP/1.1" 200 -
04:46:40.403 "GET /api/sessions/Q5/events/page?tail=200&maxPayload=2048 HTTP/1.1" 200 -
04:46:40.405 "GET /api/sessions/Q5 HTTP/1.1" 200 -
04:46:40.410 "GET /api/sessions/Q5/created-tasks HTTP/1.1" 404 -
04:46:40.483 "GET /api/sessions/Q5 HTTP/1.1" 200 -
04:46:40.486 "GET /api/sessions/Q5/approvals?status=PENDING HTTP/1.1" 200 -
04:46:40.488 "GET /api/tasks/evidence-decisions/pending?decidingSessionId=Q5 HTTP/1.1" 404 -
04:46:40.489 "GET /api/sessions/Q5/turns?view=active HTTP/1.1" 200 -
04:46:40.660 "GET /api/sessions/Q5/events?sinceSeq=6&maxPayload=2048 HTTP/1.1" 200 -
04:46:40.661 "GET /api/sessions/Q5/background HTTP/1.1" 404 -
04:46:40.662 "GET /api/watches?state=ACTIVE HTTP/1.1" 200 -
04:46:40.675 "GET /api/runners HTTP/1.1" 200 -
04:46:40.675 "GET /api/watches?state=PAUSED HTTP/1.1" 200 -
04:46:40.682 "GET /api/watches HTTP/1.1" 200 -
04:46:40.689 "GET /api/watches?needsAttention=true HTTP/1.1" 200 -
04:46:40.765 "GET /api/tasks/evidence-decisions/pending?decidingSessionId=Q5 HTTP/1.1" 404 -
04:46:40.769 "GET /api/providers/pools HTTP/1.1" 200 -
04:46:40.770 "GET /api/auth/capabilities HTTP/1.1" 404 -
04:46:40.808 "GET /api/providers/shared-pools HTTP/1.1" 200 -
04:46:40.825 "GET /api/providers HTTP/1.1" 200 -
04:46:44.840 "GET /api/sessions?view=open HTTP/1.1" 200 -
04:46:49.110 "GET /api/sessions?view=open HTTP/1.1" 200 -
04:46:53.242 "GET /api/sessions?view=open HTTP/1.1" 200 -
04:46:57.399 "GET /api/sessions?view=open HTTP/1.1" 200 -
04:47:01.476 "GET /api/sessions?view=open HTTP/1.1" 200 -
04:47:05.675 "GET /api/sessions?view=open HTTP/1.1" 200 -
04:47:09.888 "GET /api/sessions?view=open HTTP/1.1" 200 -
04:47:14.332 "GET /api/sessions?view=open HTTP/1.1" 200 -
04:47:14.516 "GET /api/watches?state=ACTIVE HTTP/1.1" 200 -
04:47:14.530 "GET /api/watches?state=PAUSED HTTP/1.1" 200 -
04:47:14.538 "GET /api/watches HTTP/1.1" 200 -
04:47:14.577 "GET /api/watches?needsAttention=true HTTP/1.1" 200 -
04:47:18.807 "GET /api/sessions?view=open HTTP/1.1" 200 -
04:47:18.808 "GET /api/sessions/Q5/turns?view=active HTTP/1.1" 200 -
04:47:18.821 "GET /api/sessions/Q5/background HTTP/1.1" 404 -
04:47:18.824 "GET /api/tasks/evidence-decisions/pending?decidingSessionId=Q5 HTTP/1.1" 404 -
04:47:18.825 "GET /api/sessions/Q5/approvals?status=PENDING HTTP/1.1" 200 -
04:47:18.827 "GET /api/sessions/Q5/events?sinceSeq=6&maxPayload=2048 HTTP/1.1" 200 -
04:47:18.828 "GET /api/runners HTTP/1.1" 200 -
04:47:22.991 "GET /api/sessions?view=open HTTP/1.1" 200 -
04:47:27.127 "GET /api/sessions?view=open HTTP/1.1" 200 -
04:47:31.204 "GET /api/sessions?view=open HTTP/1.1" 200 -
04:47:35.377 "GET /api/sessions?view=open HTTP/1.1" 200 -
04:47:39.534 "GET /api/sessions?view=open HTTP/1.1" 200 -
04:47:40.395 "GET /api/runners HTTP/1.1" 200 -
04:47:43.690 "GET /api/sessions?view=open HTTP/1.1" 200 -
04:47:48.012 "GET /api/sessions?view=open HTTP/1.1" 200 -
04:47:48.061 "GET /api/watches?state=ACTIVE HTTP/1.1" 200 -
04:47:48.066 "GET /api/watches?state=PAUSED HTTP/1.1" 200 -
04:47:48.069 "GET /api/watches HTTP/1.1" 200 -
04:47:48.072 "GET /api/watches?needsAttention=true HTTP/1.1" 200 -
04:47:52.168 "GET /api/sessions?view=open HTTP/1.1" 200 -
04:47:56.288 "GET /api/sessions?view=open HTTP/1.1" 200 -
04:48:00.017 "POST /__reset HTTP/1.1" 200 -
04:48:02.543 "GET /api/agents HTTP/1.1" 200 -
04:48:02.545 "GET /api/agents HTTP/1.1" 200 -
04:48:02.545 "GET /api/wiki/spaces HTTP/1.1" 404 -
04:48:02.736 "GET /api/users/me HTTP/1.1" 404 -
04:48:02.737 "GET /api/events HTTP/1.1" 404 -
04:48:02.740 "GET /api/runners HTTP/1.1" 200 -
04:48:02.741 "GET /api/providers HTTP/1.1" 200 -
04:48:02.800 "GET /api/providers/pools HTTP/1.1" 200 -
04:48:02.803 "GET /api/providers HTTP/1.1" 200 -
04:48:02.831 "GET /api/sessions?view=open&since= HTTP/1.1" 200 -
04:48:02.832 "GET /api/providers/shared-pools HTTP/1.1" 200 -
04:48:02.837 "GET /api/providers/pools HTTP/1.1" 200 -
04:48:02.881 "GET /api/session-tags HTTP/1.1" 200 -
04:48:03.052 "GET /api/sessions?view=open HTTP/1.1" 200 -
04:48:03.053 "GET /api/providers/shared-pools HTTP/1.1" 200 -
04:48:03.357 "GET /api/watches?state=ACTIVE HTTP/1.1" 200 -
04:48:03.360 "GET /api/sessions/Q6/events/page?tail=200&maxPayload=2048 HTTP/1.1" 200 -
04:48:03.370 "GET /api/sessions/Q6 HTTP/1.1" 200 -
04:48:03.372 "GET /api/sessions/Q6/created-tasks HTTP/1.1" 404 -
04:48:03.373 "GET /api/tasks/evidence-decisions/pending?decidingSessionId=Q6 HTTP/1.1" 404 -
04:48:03.375 "GET /api/watches?state=PAUSED HTTP/1.1" 200 -
04:48:03.380 "GET /api/watches HTTP/1.1" 200 -
04:48:03.399 "GET /api/sessions/Q6/turns?view=active HTTP/1.1" 200 -
04:48:03.399 "GET /api/sessions/Q6/approvals?status=PENDING HTTP/1.1" 200 -
04:48:03.399 "GET /api/sessions/Q6 HTTP/1.1" 200 -
04:48:03.406 "GET /api/watches?needsAttention=true HTTP/1.1" 200 -
04:48:03.470 "GET /api/sessions/Q6/background HTTP/1.1" 404 -
04:48:03.487 "GET /api/auth/capabilities HTTP/1.1" 404 -
04:48:03.487 "GET /api/runners HTTP/1.1" 200 -
04:48:03.487 "GET /api/sessions/Q6/events?sinceSeq=6&maxPayload=2048 HTTP/1.1" 200 -
04:48:03.488 "GET /api/tasks/evidence-decisions/pending?decidingSessionId=Q6 HTTP/1.1" 404 -
04:48:03.491 "GET /api/providers/pools HTTP/1.1" 200 -
04:48:03.499 "GET /api/providers/shared-pools HTTP/1.1" 200 -
04:48:03.501 "GET /api/providers HTTP/1.1" 200 -
04:48:07.617 "GET /api/sessions?view=open HTTP/1.1" 200 -
04:48:11.869 "GET /api/sessions?view=open HTTP/1.1" 200 -
04:48:15.959 "GET /api/sessions?view=open HTTP/1.1" 200 -
