09:35:21 "GET /api/agents HTTP/1.1" 200 -
09:47:06 "GET /api/agents HTTP/1.1" 200 -
09:47:06 "GET /api/task-lists HTTP/1.1" 200 -
09:47:06 "GET /api/projects/sidebar HTTP/1.1" 200 -
09:47:06 "GET /api/agents HTTP/1.1" 200 -
09:47:06 "GET /api/projects HTTP/1.1" 200 -
09:47:06 "GET /api/wiki/spaces HTTP/1.1" 404 -
09:47:06 "GET /api/tasks/page?limit=1&listId=none&projectId=none&counts=total HTTP/1.1" 404 -
09:47:06 "GET /api/runners HTTP/1.1" 200 -
09:47:06 "GET /api/providers HTTP/1.1" 200 -
09:47:07 "GET /api/providers HTTP/1.1" 200 -
09:47:07 "GET /api/providers/pools HTTP/1.1" 200 -
09:47:07 "GET /api/providers/pools HTTP/1.1" 200 -
09:47:07 "GET /api/providers/shared-pools HTTP/1.1" 200 -
09:47:07 "GET /api/providers/shared-pools HTTP/1.1" 200 -
09:47:07 "GET /api/users/me HTTP/1.1" 404 -
09:47:07 "GET /api/events HTTP/1.1" 404 -
09:47:07 "GET /api/session-tags HTTP/1.1" 200 -
09:47:08 "GET /api/sessions?view=open&since= HTTP/1.1" 200 -
09:47:08 "GET /api/session-folders HTTP/1.1" 200 -
09:47:08 "GET /api/watches?state=ACTIVE HTTP/1.1" 200 -
09:47:08 "GET /api/projects HTTP/1.1" 200 -
09:47:08 "GET /api/projects/sidebar HTTP/1.1" 200 -
09:47:08 "GET /api/watches?state=PAUSED HTTP/1.1" 200 -
09:47:08 "GET /api/watches HTTP/1.1" 200 -
09:47:08 "GET /api/watches?needsAttention=true HTTP/1.1" 200 -
09:47:08 "GET /api/projects HTTP/1.1" 200 -
09:47:08 "GET /api/projects/sidebar HTTP/1.1" 200 -
09:47:13 "GET /api/projects/P1/integration HTTP/1.1" 404 -
09:47:13 "GET /api/sessions?view=open HTTP/1.1" 200 -
09:47:14 "GET /api/sessions?view=completed&projectId=P1 HTTP/1.1" 502 -
09:47:14 "GET /api/sessions?view=open&projectId=P1 HTTP/1.1" 502 -
09:47:14 "GET /api/projects/P1/promotions/current HTTP/1.1" 404 -
09:47:15 "GET /api/projects/P1/promotions/merged HTTP/1.1" 404 -
09:47:15 "GET /api/projects HTTP/1.1" 200 -
09:47:15 "GET /api/projects/sidebar HTTP/1.1" 200 -
09:47:17 "GET /api/sessions?view=open HTTP/1.1" 200 -
09:47:19 "GET /api/projects/P1/integration HTTP/1.1" 404 -
09:47:21 "GET /api/sessions?view=open&projectId=P1 HTTP/1.1" 502 -
09:47:21 "GET /api/sessions?view=completed&projectId=P1 HTTP/1.1" 502 -
09:47:21 "GET /api/sessions?view=open HTTP/1.1" 200 -
09:47:21 "GET /api/projects/P1/promotions/current HTTP/1.1" 404 -
09:47:21 "GET /api/projects/P1/promotions/merged HTTP/1.1" 404 -
09:47:21 "GET /api/runners HTTP/1.1" 200 -
09:47:25 "GET /api/projects/P1/integration HTTP/1.1" 404 -
09:47:25 "GET /api/sessions?view=open HTTP/1.1" 200 -
09:47:25 "GET /api/projects HTTP/1.1" 200 -
09:47:25 "GET /api/projects/sidebar HTTP/1.1" 200 -
09:47:27 "GET /api/sessions?view=completed&projectId=P1 HTTP/1.1" 502 -
09:47:27 "GET /api/sessions?view=open&projectId=P1 HTTP/1.1" 502 -
09:47:27 "GET /api/projects/P1/promotions/current HTTP/1.1" 404 -
09:47:27 "GET /api/projects/P1/promotions/merged HTTP/1.1" 404 -
09:47:29 "GET /api/sessions?view=open HTTP/1.1" 200 -
09:47:31 "GET /api/projects/P1/integration HTTP/1.1" 404 -
09:47:33 "GET /api/sessions?view=open&projectId=P1 HTTP/1.1" 502 -
09:47:33 "GET /api/sessions?view=completed&projectId=P1 HTTP/1.1" 502 -
09:47:33 "GET /api/projects/P1/promotions/current HTTP/1.1" 404 -
09:47:33 "GET /api/projects/P1/promotions/merged HTTP/1.1" 404 -
09:47:34 "GET /api/sessions?view=open HTTP/1.1" 200 -
09:47:36 "GET /api/sessions?view=open&projectId=P1 HTTP/1.1" 200 -
09:47:36 "GET /api/projects/P1/integration HTTP/1.1" 404 -
09:47:36 "GET /api/sessions?view=completed&projectId=P1 HTTP/1.1" 200 -
09:47:36 "GET /api/sessions?view=archived&projectId=P1 HTTP/1.1" 200 -
09:47:37 "GET /api/projects/P1/integration HTTP/1.1" 404 -
09:47:37 "GET /api/sessions?view=completed&projectId=P1 HTTP/1.1" 200 -
09:47:37 "GET /api/sessions?view=open&projectId=P1 HTTP/1.1" 200 -
09:47:37 "GET /api/sessions?view=archived&projectId=P1 HTTP/1.1" 200 -
09:47:37 "GET /api/projects/P1/promotions/current HTTP/1.1" 404 -
09:47:37 "GET /api/projects/P1/promotions/merged HTTP/1.1" 404 -
09:47:38 "GET /api/sessions?view=open HTTP/1.1" 200 -
09:47:38 "GET /api/runners HTTP/1.1" 200 -
