04:08:26.284 "GET /api/agents HTTP/1.1" 200 -
04:17:52.979 "POST /__reset HTTP/1.1" 200 -
04:18:13.098 "GET /api/agents HTTP/1.1" 200 -
04:18:13.100 "GET /api/projects/sidebar HTTP/1.1" 404 -
04:18:13.100 "GET /api/wiki/spaces HTTP/1.1" 404 -
04:18:13.100 "GET /api/task-lists HTTP/1.1" 200 -
04:18:13.100 "GET /api/agents HTTP/1.1" 200 -
04:18:14.006 "GET /api/users/me HTTP/1.1" 404 -
04:18:14.234 "GET /api/runners HTTP/1.1" 200 -
04:18:14.237 "GET /api/tasks/page?limit=1&listId=none&projectId=none&counts=total HTTP/1.1" 404 -
04:18:14.238 "GET /api/projects HTTP/1.1" 404 -
04:18:14.249 "GET /api/events HTTP/1.1" 404 -
04:18:14.339 "GET /api/providers HTTP/1.1" 200 -
04:18:14.349 "GET /api/sessions?view=open&since= HTTP/1.1" 200 -
04:18:14.351 "GET /api/providers HTTP/1.1" 200 -
04:18:14.560 "GET /api/providers/pools HTTP/1.1" 200 -
04:18:14.575 "GET /api/providers/pools HTTP/1.1" 200 -
04:18:14.579 "GET /api/watches?state=ACTIVE HTTP/1.1" 200 -
04:18:14.620 "GET /api/providers/shared-pools HTTP/1.1" 200 -
04:18:14.820 "GET /api/providers/shared-pools HTTP/1.1" 200 -
04:18:14.918 "GET /api/watches?state=PAUSED HTTP/1.1" 200 -
04:18:15.081 "GET /api/watches HTTP/1.1" 200 -
04:18:15.084 "GET /api/session-tags HTTP/1.1" 200 -
04:18:15.409 "GET /api/watches?needsAttention=true HTTP/1.1" 200 -
04:18:20.782 "GET /api/sessions/Q1 HTTP/1.1" 200 -
04:18:20.846 "GET /api/sessions/Q1/events/page?tail=200&maxPayload=2048 HTTP/1.1" 200 -
04:18:20.923 "GET /api/sessions/Q1/created-tasks HTTP/1.1" 404 -
04:18:20.937 "GET /api/sessions?view=open HTTP/1.1" 200 -
04:18:20.947 "GET /api/session-folders HTTP/1.1" 200 -
04:18:20.959 "GET /api/sessions/Q1 HTTP/1.1" 200 -
04:18:20.986 "GET /api/sessions/Q1/turns?view=active HTTP/1.1" 200 -
04:18:21.229 "GET /api/runners HTTP/1.1" 200 -
04:18:21.828 "GET /api/auth/capabilities HTTP/1.1" 404 -
04:18:22.022 "GET /api/tasks/evidence-decisions/pending?decidingSessionId=Q1 HTTP/1.1" 404 -
04:18:22.064 "GET /api/sessions/Q1/approvals?status=PENDING HTTP/1.1" 200 -
04:18:22.449 "GET /api/sessions/Q1/background HTTP/1.1" 404 -
04:18:22.622 "GET /api/sessions/Q1/events?sinceSeq=6&maxPayload=2048 HTTP/1.1" 200 -
04:18:22.707 "GET /api/projects HTTP/1.1" 404 -
04:18:22.838 "GET /api/providers/pools HTTP/1.1" 200 -
04:18:22.842 "GET /api/projects/sidebar HTTP/1.1" 404 -
04:18:24.563 "GET /api/providers/shared-pools HTTP/1.1" 200 -
04:18:24.620 "GET /api/providers HTTP/1.1" 200 -
04:18:26.002 "GET /api/sessions?view=open HTTP/1.1" 200 -
04:18:30.110 "GET /api/sessions?view=open HTTP/1.1" 200 -
04:18:30.218 "GET /api/runners HTTP/1.1" 200 -
04:18:34.369 "GET /api/sessions?view=open HTTP/1.1" 200 -
04:18:38.613 "GET /api/sessions?view=open HTTP/1.1" 200 -
04:18:43.213 "GET /api/sessions?view=open HTTP/1.1" 200 -
04:18:47.639 "GET /api/sessions?view=open HTTP/1.1" 200 -
04:18:48.221 "GET /api/runners HTTP/1.1" 200 -
04:18:48.266 "GET /api/watches?state=ACTIVE HTTP/1.1" 200 -
04:18:48.274 "GET /api/watches?state=PAUSED HTTP/1.1" 200 -
04:18:48.281 "GET /api/watches HTTP/1.1" 200 -
04:18:48.287 "GET /api/watches?needsAttention=true HTTP/1.1" 200 -
04:18:52.660 "GET /api/sessions?view=open HTTP/1.1" 200 -
04:18:56.828 "GET /api/sessions?view=open HTTP/1.1" 200 -
04:19:01.113 "GET /api/sessions?view=open HTTP/1.1" 200 -
04:19:05.340 "GET /api/sessions?view=open HTTP/1.1" 200 -
04:19:05.421 "GET /api/runners HTTP/1.1" 200 -
04:19:09.606 "GET /api/sessions?view=open HTTP/1.1" 200 -
04:19:13.846 "GET /api/sessions?view=open HTTP/1.1" 200 -
04:19:18.010 "GET /api/sessions?view=open HTTP/1.1" 200 -
04:19:20.767 "GET /api/runners HTTP/1.1" 200 -
04:19:22.204 "GET /api/sessions?view=open HTTP/1.1" 200 -
04:19:22.354 "GET /api/runners HTTP/1.1" 200 -
04:19:22.362 "GET /api/watches?state=ACTIVE HTTP/1.1" 200 -
04:19:22.371 "GET /api/watches?state=PAUSED HTTP/1.1" 200 -
04:19:22.382 "GET /api/watches HTTP/1.1" 200 -
04:19:22.394 "GET /api/watches?needsAttention=true HTTP/1.1" 200 -
04:19:26.442 "GET /api/sessions?view=open HTTP/1.1" 200 -
04:19:30.715 "GET /api/sessions?view=open HTTP/1.1" 200 -
04:19:35.570 "GET /api/sessions?view=open HTTP/1.1" 200 -
04:19:39.974 "GET /api/sessions?view=open HTTP/1.1" 200 -
04:19:40.266 "GET /api/runners HTTP/1.1" 200 -
04:19:44.342 "GET /api/sessions?view=open HTTP/1.1" 200 -
04:19:48.612 "GET /api/sessions?view=open HTTP/1.1" 200 -
04:19:52.859 "GET /api/sessions?view=open HTTP/1.1" 200 -
04:19:52.919 "GET /api/watches?state=ACTIVE HTTP/1.1" 200 -
04:19:52.931 "GET /api/watches?state=PAUSED HTTP/1.1" 200 -
04:19:52.941 "GET /api/watches HTTP/1.1" 200 -
04:19:52.990 "GET /api/watches?needsAttention=true HTTP/1.1" 200 -
04:19:57.296 "GET /api/sessions?view=open HTTP/1.1" 200 -
04:19:57.782 "GET /api/runners HTTP/1.1" 200 -
04:20:01.886 "GET /api/sessions?view=open HTTP/1.1" 200 -
04:20:06.313 "GET /api/sessions?view=open HTTP/1.1" 200 -
04:20:10.525 "GET /api/sessions?view=open HTTP/1.1" 200 -
04:20:14.718 "GET /api/sessions?view=open HTTP/1.1" 200 -
04:20:14.781 "GET /api/runners HTTP/1.1" 200 -
04:20:18.914 "GET /api/sessions?view=open HTTP/1.1" 200 -
04:20:21.011 "GET /api/runners HTTP/1.1" 200 -
04:20:23.115 "GET /api/sessions?view=open HTTP/1.1" 200 -
04:20:23.207 "GET /api/watches?state=ACTIVE HTTP/1.1" 200 -
04:20:23.226 "GET /api/watches?state=PAUSED HTTP/1.1" 200 -
04:20:23.266 "GET /api/watches HTTP/1.1" 200 -
04:20:23.295 "GET /api/watches?needsAttention=true HTTP/1.1" 200 -
04:20:26.728 "POST /__reset HTTP/1.1" 200 -
04:20:33.183 "GET /api/agents HTTP/1.1" 200 -
04:20:33.184 "GET /api/task-lists HTTP/1.1" 200 -
04:20:33.184 "GET /api/projects HTTP/1.1" 404 -
04:20:33.189 "GET /api/agents HTTP/1.1" 200 -
04:20:33.193 "GET /api/projects/sidebar HTTP/1.1" 404 -
04:20:33.949 "GET /api/users/me HTTP/1.1" 404 -
04:20:34.024 "GET /api/events HTTP/1.1" 404 -
04:20:34.052 "GET /api/runners HTTP/1.1" 200 -
04:20:34.089 "GET /api/tasks/page?limit=1&listId=none&projectId=none&counts=total HTTP/1.1" 404 -
04:20:34.091 "GET /api/providers HTTP/1.1" 200 -
04:20:34.151 "GET /api/sessions?view=open&since= HTTP/1.1" 200 -
04:20:34.237 "GET /api/providers HTTP/1.1" 200 -
04:20:34.238 "GET /api/providers/pools HTTP/1.1" 200 -
04:20:34.243 "GET /api/wiki/spaces HTTP/1.1" 404 -
04:20:34.247 "GET /api/watches?state=ACTIVE HTTP/1.1" 200 -
04:20:34.288 "GET /api/providers/pools HTTP/1.1" 200 -
04:20:34.353 "GET /api/providers/shared-pools HTTP/1.1" 200 -
04:20:34.375 "GET /api/watches?state=PAUSED HTTP/1.1" 200 -
04:20:34.375 "GET /api/providers/shared-pools HTTP/1.1" 200 -
04:20:34.394 "GET /api/watches HTTP/1.1" 200 -
04:20:34.459 "GET /api/watches?needsAttention=true HTTP/1.1" 200 -
04:20:34.604 "GET /api/session-tags HTTP/1.1" 200 -
04:20:36.626 "GET /api/sessions/Q2/created-tasks HTTP/1.1" 404 -
04:20:36.629 "GET /api/sessions/Q2/events/page?tail=200&maxPayload=2048 HTTP/1.1" 200 -
04:20:36.631 "GET /api/auth/capabilities HTTP/1.1" 404 -
04:20:36.642 "GET /api/session-folders HTTP/1.1" 200 -
04:20:36.642 "GET /api/sessions?view=open HTTP/1.1" 200 -
04:20:36.644 "GET /api/sessions/Q2 HTTP/1.1" 200 -
04:20:36.645 "GET /api/tasks/evidence-decisions/pending?decidingSessionId=Q2 HTTP/1.1" 404 -
04:20:36.749 "GET /api/sessions/Q2/approvals?status=PENDING HTTP/1.1" 200 -
04:20:36.749 "GET /api/sessions/Q2/turns?view=active HTTP/1.1" 200 -
04:20:36.767 "GET /api/sessions/Q2 HTTP/1.1" 200 -
04:20:37.165 "GET /api/sessions/Q2/background HTTP/1.1" 404 -
04:20:37.193 "GET /api/projects/sidebar HTTP/1.1" 404 -
04:20:37.195 "GET /api/projects HTTP/1.1" 404 -
04:20:37.196 "GET /api/runners HTTP/1.1" 200 -
04:20:37.196 "GET /api/sessions/Q2/events?sinceSeq=6&maxPayload=2048 HTTP/1.1" 200 -
04:20:37.264 "GET /api/tasks/evidence-decisions/pending?decidingSessionId=Q2 HTTP/1.1" 404 -
04:20:37.265 "GET /api/providers/pools HTTP/1.1" 200 -
04:20:37.356 "GET /api/providers/shared-pools HTTP/1.1" 200 -
04:20:37.375 "GET /api/providers HTTP/1.1" 200 -
04:20:40.764 "GET /api/sessions?view=open HTTP/1.1" 200 -
04:20:45.322 "GET /api/sessions?view=open HTTP/1.1" 200 -
04:20:50.069 "GET /api/sessions?view=open HTTP/1.1" 200 -
04:20:50.130 "GET /api/runners HTTP/1.1" 200 -
04:20:54.415 "GET /api/sessions?view=open HTTP/1.1" 200 -
04:20:58.667 "GET /api/sessions?view=open HTTP/1.1" 200 -
04:21:02.744 "GET /api/sessions?view=open HTTP/1.1" 200 -
04:21:06.802 "GET /api/sessions?view=open HTTP/1.1" 200 -
04:21:06.857 "GET /api/runners HTTP/1.1" 200 -
04:21:06.874 "GET /api/watches?state=ACTIVE HTTP/1.1" 200 -
04:21:06.879 "GET /api/watches?state=PAUSED HTTP/1.1" 200 -
04:21:06.883 "GET /api/watches HTTP/1.1" 200 -
04:21:06.888 "GET /api/watches?needsAttention=true HTTP/1.1" 200 -
04:21:10.920 "GET /api/sessions?view=open HTTP/1.1" 200 -
04:21:15.103 "GET /api/sessions?view=open HTTP/1.1" 200 -
04:21:19.199 "GET /api/sessions?view=open HTTP/1.1" 200 -
04:21:23.391 "GET /api/sessions?view=open HTTP/1.1" 200 -
04:21:23.599 "GET /api/runners HTTP/1.1" 200 -
04:21:29.256 "GET /api/sessions?view=open HTTP/1.1" 200 -
04:21:33.412 "GET /api/sessions?view=open HTTP/1.1" 200 -
04:21:36.654 "GET /api/runners HTTP/1.1" 200 -
04:21:37.543 "GET /api/sessions?view=open HTTP/1.1" 200 -
04:21:37.589 "GET /api/watches?state=ACTIVE HTTP/1.1" 200 -
04:21:37.600 "GET /api/watches?state=PAUSED HTTP/1.1" 200 -
04:21:37.605 "GET /api/watches HTTP/1.1" 200 -
04:21:37.609 "GET /api/watches?needsAttention=true HTTP/1.1" 200 -
04:21:41.711 "GET /api/sessions?view=open HTTP/1.1" 200 -
04:21:41.793 "GET /api/runners HTTP/1.1" 200 -
04:21:46.117 "GET /api/sessions?view=open HTTP/1.1" 200 -
04:21:50.764 "GET /api/sessions?view=open HTTP/1.1" 200 -
04:21:55.588 "GET /api/sessions?view=open HTTP/1.1" 200 -
04:21:59.996 "GET /api/sessions?view=open HTTP/1.1" 200 -
04:22:00.801 "GET /api/runners HTTP/1.1" 200 -
04:22:05.089 "GET /api/sessions?view=open HTTP/1.1" 200 -
04:22:09.812 "GET /api/sessions?view=open HTTP/1.1" 200 -
04:22:09.862 "GET /api/watches?state=ACTIVE HTTP/1.1" 200 -
04:22:09.894 "GET /api/watches?state=PAUSED HTTP/1.1" 200 -
04:22:09.947 "GET /api/watches HTTP/1.1" 200 -
04:22:09.985 "GET /api/watches?needsAttention=true HTTP/1.1" 200 -
04:22:15.613 "GET /api/sessions?view=open HTTP/1.1" 200 -
04:22:19.812 "GET /api/sessions?view=open HTTP/1.1" 200 -
04:22:19.885 "GET /api/runners HTTP/1.1" 200 -
04:22:24.023 "GET /api/sessions?view=open HTTP/1.1" 200 -
04:22:28.436 "GET /api/sessions?view=open HTTP/1.1" 200 -
04:22:32.641 "GET /api/sessions?view=open HTTP/1.1" 200 -
04:22:36.786 "GET /api/runners HTTP/1.1" 200 -
04:22:36.786 "GET /api/sessions?view=open HTTP/1.1" 200 -
04:22:36.849 "GET /api/runners HTTP/1.1" 200 -
04:22:40.888 "GET /api/sessions?view=open HTTP/1.1" 200 -
04:22:40.997 "GET /api/watches?state=ACTIVE HTTP/1.1" 200 -
04:22:41.013 "GET /api/watches?state=PAUSED HTTP/1.1" 200 -
04:22:41.022 "GET /api/watches HTTP/1.1" 200 -
04:22:41.031 "GET /api/watches?needsAttention=true HTTP/1.1" 200 -
04:22:45.822 "POST /__reset HTTP/1.1" 200 -
04:22:52.474 "GET /api/projects/sidebar HTTP/1.1" 404 -
04:22:52.475 "GET /api/wiki/spaces HTTP/1.1" 404 -
04:22:52.481 "GET /api/agents HTTP/1.1" 200 -
04:22:52.482 "GET /api/task-lists HTTP/1.1" 200 -
04:22:52.485 "GET /api/agents HTTP/1.1" 200 -
04:22:53.282 "GET /api/events HTTP/1.1" 404 -
04:22:53.283 "GET /api/users/me HTTP/1.1" 404 -
04:22:53.288 "GET /api/runners HTTP/1.1" 200 -
04:22:53.289 "GET /api/tasks/page?limit=1&listId=none&projectId=none&counts=total HTTP/1.1" 404 -
04:22:53.289 "GET /api/providers HTTP/1.1" 200 -
04:22:53.424 "GET /api/providers HTTP/1.1" 200 -
04:22:53.424 "GET /api/sessions?view=open&since= HTTP/1.1" 200 -
04:22:53.425 "GET /api/providers/pools HTTP/1.1" 200 -
04:22:53.499 "GET /api/providers/pools HTTP/1.1" 200 -
04:22:53.500 "GET /api/projects HTTP/1.1" 404 -
04:22:53.522 "GET /api/providers/shared-pools HTTP/1.1" 200 -
04:22:53.524 "GET /api/watches?state=ACTIVE HTTP/1.1" 200 -
04:22:53.525 "GET /api/providers/shared-pools HTTP/1.1" 200 -
04:22:53.602 "GET /api/watches?state=PAUSED HTTP/1.1" 200 -
04:22:53.639 "GET /api/watches HTTP/1.1" 200 -
04:22:53.689 "GET /api/watches?needsAttention=true HTTP/1.1" 200 -
04:22:53.784 "GET /api/session-tags HTTP/1.1" 200 -
04:22:54.319 "GET /api/sessions?view=open HTTP/1.1" 200 -
04:22:54.327 "GET /api/auth/capabilities HTTP/1.1" 404 -
04:22:54.329 "GET /api/session-folders HTTP/1.1" 200 -
04:22:56.631 "GET /api/sessions/Q3 HTTP/1.1" 200 -
04:22:56.637 "GET /api/sessions/Q3/events/page?tail=200&maxPayload=2048 HTTP/1.1" 200 -
04:22:56.637 "GET /api/sessions/Q3/created-tasks HTTP/1.1" 404 -
04:22:56.709 "GET /api/tasks/evidence-decisions/pending?decidingSessionId=Q3 HTTP/1.1" 404 -
04:22:56.843 "GET /api/sessions/Q3/turns?view=active HTTP/1.1" 200 -
04:22:56.910 "GET /api/sessions/Q3/approvals?status=PENDING HTTP/1.1" 200 -
04:22:56.911 "GET /api/projects/sidebar HTTP/1.1" 404 -
04:22:56.911 "GET /api/projects HTTP/1.1" 404 -
04:22:56.913 "GET /api/sessions/Q3 HTTP/1.1" 200 -
04:22:57.374 "GET /api/sessions/Q3/background HTTP/1.1" 404 -
04:22:57.378 "GET /api/sessions/Q3/events?sinceSeq=6&maxPayload=2048 HTTP/1.1" 200 -
04:22:57.424 "GET /api/runners HTTP/1.1" 200 -
04:22:57.482 "GET /api/tasks/evidence-decisions/pending?decidingSessionId=Q3 HTTP/1.1" 404 -
04:22:57.483 "GET /api/providers/pools HTTP/1.1" 200 -
04:22:57.555 "GET /api/providers/shared-pools HTTP/1.1" 200 -
04:22:57.565 "GET /api/providers HTTP/1.1" 200 -
04:23:00.688 "GET /api/sessions?view=open HTTP/1.1" 200 -
04:23:04.940 "GET /api/sessions?view=open HTTP/1.1" 200 -
04:23:09.498 "GET /api/sessions?view=open HTTP/1.1" 200 -
04:23:09.589 "GET /api/runners HTTP/1.1" 200 -
04:23:14.365 "GET /api/sessions?view=open HTTP/1.1" 200 -
04:23:18.498 "GET /api/sessions?view=open HTTP/1.1" 200 -
04:23:32.335 "GET /api/sessions?view=open HTTP/1.1" 200 -
04:23:32.928 "GET /api/runners HTTP/1.1" 200 -
04:23:33.061 "GET /api/watches?state=ACTIVE HTTP/1.1" 200 -
04:23:33.149 "GET /api/watches?state=PAUSED HTTP/1.1" 200 -
04:23:33.248 "GET /api/watches HTTP/1.1" 200 -
04:23:33.614 "GET /api/watches?needsAttention=true HTTP/1.1" 200 -
04:23:40.843 "GET /api/sessions?view=open HTTP/1.1" 200 -
04:23:45.314 "GET /api/sessions?view=open HTTP/1.1" 200 -
04:23:49.364 "GET /api/sessions?view=open HTTP/1.1" 200 -
04:23:49.469 "GET /api/runners HTTP/1.1" 200 -
04:23:53.525 "GET /api/sessions?view=open HTTP/1.1" 200 -
04:23:56.709 "GET /api/runners HTTP/1.1" 200 -
04:23:57.740 "GET /api/sessions?view=open HTTP/1.1" 200 -
04:24:02.173 "GET /api/sessions?view=open HTTP/1.1" 200 -
04:24:06.873 "GET /api/sessions?view=open HTTP/1.1" 200 -
04:24:06.919 "GET /api/runners HTTP/1.1" 200 -
04:24:06.939 "GET /api/watches?state=ACTIVE HTTP/1.1" 200 -
04:24:06.961 "GET /api/watches?state=PAUSED HTTP/1.1" 200 -
04:24:06.970 "GET /api/watches HTTP/1.1" 200 -
04:24:06.978 "GET /api/watches?needsAttention=true HTTP/1.1" 200 -
04:24:11.240 "GET /api/sessions?view=open HTTP/1.1" 200 -
04:24:15.516 "GET /api/sessions?view=open HTTP/1.1" 200 -
04:24:19.565 "GET /api/sessions?view=open HTTP/1.1" 200 -
04:24:23.691 "GET /api/sessions?view=open HTTP/1.1" 200 -
04:24:23.763 "GET /api/runners HTTP/1.1" 200 -
04:24:27.841 "GET /api/sessions?view=open HTTP/1.1" 200 -
04:24:32.129 "GET /api/sessions?view=open HTTP/1.1" 200 -
04:24:36.222 "GET /api/sessions?view=open HTTP/1.1" 200 -
04:24:40.653 "GET /api/sessions?view=open HTTP/1.1" 200 -
04:24:40.985 "GET /api/runners HTTP/1.1" 200 -
04:24:41.000 "GET /api/watches?state=ACTIVE HTTP/1.1" 200 -
04:24:41.008 "GET /api/watches?state=PAUSED HTTP/1.1" 200 -
04:24:41.016 "GET /api/watches HTTP/1.1" 200 -
04:24:41.022 "GET /api/watches?needsAttention=true HTTP/1.1" 200 -
04:24:45.094 "GET /api/sessions?view=open HTTP/1.1" 200 -
04:24:49.156 "GET /api/sessions?view=open HTTP/1.1" 200 -
04:24:53.384 "GET /api/sessions?view=open HTTP/1.1" 200 -
04:24:57.132 "GET /api/runners HTTP/1.1" 200 -
04:24:58.089 "GET /api/sessions?view=open HTTP/1.1" 200 -
04:24:58.169 "GET /api/runners HTTP/1.1" 200 -
04:25:03.109 "GET /api/sessions?view=open HTTP/1.1" 200 -
04:25:07.319 "GET /api/sessions?view=open HTTP/1.1" 200 -
04:25:11.455 "GET /api/sessions?view=open HTTP/1.1" 200 -
04:25:11.557 "GET /api/watches?state=ACTIVE HTTP/1.1" 200 -
04:25:11.584 "GET /api/watches?state=PAUSED HTTP/1.1" 200 -
04:25:11.594 "GET /api/watches HTTP/1.1" 200 -
04:25:11.603 "GET /api/watches?needsAttention=true HTTP/1.1" 200 -
04:25:15.260 "POST /__reset HTTP/1.1" 200 -
04:25:22.381 "GET /api/agents HTTP/1.1" 200 -
04:25:22.382 "GET /api/task-lists HTTP/1.1" 200 -
04:25:22.388 "GET /api/agents HTTP/1.1" 200 -
04:25:22.421 "GET /api/projects/sidebar HTTP/1.1" 404 -
04:25:22.426 "GET /api/wiki/spaces HTTP/1.1" 404 -
04:25:23.353 "GET /api/events HTTP/1.1" 404 -
04:25:23.399 "GET /api/runners HTTP/1.1" 200 -
04:25:23.513 "GET /api/users/me HTTP/1.1" 404 -
04:25:23.523 "GET /api/tasks/page?limit=1&listId=none&projectId=none&counts=total HTTP/1.1" 404 -
04:25:23.561 "GET /api/providers HTTP/1.1" 200 -
04:25:23.574 "GET /api/projects HTTP/1.1" 404 -
04:25:23.579 "GET /api/providers HTTP/1.1" 200 -
04:25:23.582 "GET /api/sessions?view=open&since= HTTP/1.1" 200 -
04:25:23.627 "GET /api/providers/pools HTTP/1.1" 200 -
04:25:23.628 "GET /api/providers/pools HTTP/1.1" 200 -
04:25:23.710 "GET /api/watches?state=ACTIVE HTTP/1.1" 200 -
04:25:23.711 "GET /api/providers/shared-pools HTTP/1.1" 200 -
04:25:23.773 "GET /api/watches?state=PAUSED HTTP/1.1" 200 -
04:25:23.773 "GET /api/providers/shared-pools HTTP/1.1" 200 -
04:25:23.826 "GET /api/watches HTTP/1.1" 200 -
04:25:23.905 "GET /api/watches?needsAttention=true HTTP/1.1" 200 -
04:25:23.995 "GET /api/session-tags HTTP/1.1" 200 -
04:25:27.543 "GET /api/sessions/Q4/events/page?tail=200&maxPayload=2048 HTTP/1.1" 200 -
04:25:27.544 "GET /api/auth/capabilities HTTP/1.1" 404 -
04:25:27.545 "GET /api/sessions/Q4/created-tasks HTTP/1.1" 404 -
04:25:27.550 "GET /api/sessions?view=open HTTP/1.1" 200 -
04:25:27.556 "GET /api/sessions/Q4 HTTP/1.1" 200 -
04:25:27.600 "GET /api/session-folders HTTP/1.1" 200 -
04:25:27.668 "GET /api/tasks/evidence-decisions/pending?decidingSessionId=Q4 HTTP/1.1" 404 -
04:25:27.843 "GET /api/sessions/Q4/turns?view=active HTTP/1.1" 200 -
04:25:27.844 "GET /api/sessions/Q4/approvals?status=PENDING HTTP/1.1" 200 -
04:25:27.845 "GET /api/sessions/Q4 HTTP/1.1" 200 -
04:25:27.923 "GET /api/projects/sidebar HTTP/1.1" 404 -
04:25:27.924 "GET /api/sessions/Q4/background HTTP/1.1" 404 -
04:25:27.924 "GET /api/projects HTTP/1.1" 404 -
04:25:27.924 "GET /api/sessions/Q4/events?sinceSeq=6&maxPayload=2048 HTTP/1.1" 200 -
04:25:28.410 "GET /api/runners HTTP/1.1" 200 -
04:25:28.644 "GET /api/tasks/evidence-decisions/pending?decidingSessionId=Q4 HTTP/1.1" 404 -
04:25:28.647 "GET /api/providers/pools HTTP/1.1" 200 -
04:25:28.716 "GET /api/providers/shared-pools HTTP/1.1" 200 -
04:25:28.750 "GET /api/providers HTTP/1.1" 200 -
04:25:31.850 "GET /api/sessions?view=open HTTP/1.1" 200 -
04:25:36.460 "GET /api/sessions?view=open HTTP/1.1" 200 -
04:25:40.905 "GET /api/sessions?view=open HTTP/1.1" 200 -
04:25:40.987 "GET /api/runners HTTP/1.1" 200 -
04:25:45.167 "GET /api/sessions?view=open HTTP/1.1" 200 -
04:25:49.490 "GET /api/sessions?view=open HTTP/1.1" 200 -
04:25:54.060 "GET /api/sessions?view=open HTTP/1.1" 200 -
04:25:54.557 "GET /api/watches?state=ACTIVE HTTP/1.1" 200 -
04:25:54.572 "GET /api/watches?state=PAUSED HTTP/1.1" 200 -
04:25:54.600 "GET /api/watches HTTP/1.1" 200 -
04:25:54.611 "GET /api/watches?needsAttention=true HTTP/1.1" 200 -
04:25:58.739 "GET /api/sessions?view=open HTTP/1.1" 200 -
04:25:58.849 "GET /api/runners HTTP/1.1" 200 -
04:26:03.030 "GET /api/sessions?view=open HTTP/1.1" 200 -
04:26:07.117 "GET /api/sessions?view=open HTTP/1.1" 200 -
04:26:11.311 "GET /api/sessions?view=open HTTP/1.1" 200 -
04:26:15.396 "GET /api/sessions?view=open HTTP/1.1" 200 -
04:26:15.477 "GET /api/runners HTTP/1.1" 200 -
04:26:19.675 "GET /api/sessions?view=open HTTP/1.1" 200 -
04:26:23.981 "GET /api/sessions?view=open HTTP/1.1" 200 -
04:26:27.632 "GET /api/runners HTTP/1.1" 200 -
04:26:28.082 "GET /api/sessions?view=open HTTP/1.1" 200 -
04:26:28.151 "GET /api/watches?state=ACTIVE HTTP/1.1" 200 -
04:26:28.168 "GET /api/watches?state=PAUSED HTTP/1.1" 200 -
04:26:28.173 "GET /api/watches HTTP/1.1" 200 -
04:26:28.178 "GET /api/watches?needsAttention=true HTTP/1.1" 200 -
04:26:32.308 "GET /api/sessions?view=open HTTP/1.1" 200 -
04:26:32.441 "GET /api/runners HTTP/1.1" 200 -
04:26:36.555 "GET /api/sessions?view=open HTTP/1.1" 200 -
04:26:40.706 "GET /api/sessions?view=open HTTP/1.1" 200 -
04:26:44.758 "GET /api/sessions?view=open HTTP/1.1" 200 -
04:26:48.789 "GET /api/sessions?view=open HTTP/1.1" 200 -
04:26:48.828 "GET /api/runners HTTP/1.1" 200 -
04:26:52.937 "GET /api/sessions?view=open HTTP/1.1" 200 -
04:26:57.409 "GET /api/sessions?view=open HTTP/1.1" 200 -
04:27:01.510 "GET /api/sessions?view=open HTTP/1.1" 200 -
04:27:01.610 "GET /api/watches?state=ACTIVE HTTP/1.1" 200 -
04:27:01.673 "GET /api/watches?state=PAUSED HTTP/1.1" 200 -
04:27:01.702 "GET /api/watches HTTP/1.1" 200 -
04:27:01.731 "GET /api/watches?needsAttention=true HTTP/1.1" 200 -
04:27:05.863 "GET /api/sessions?view=open HTTP/1.1" 200 -
04:27:06.058 "GET /api/runners HTTP/1.1" 200 -
04:27:10.127 "GET /api/sessions?view=open HTTP/1.1" 200 -
04:27:14.367 "GET /api/sessions?view=open HTTP/1.1" 200 -
04:27:18.868 "GET /api/sessions?view=open HTTP/1.1" 200 -
04:27:23.056 "GET /api/sessions?view=open HTTP/1.1" 200 -
04:27:23.298 "GET /api/runners HTTP/1.1" 200 -
04:27:27.648 "GET /api/sessions?view=open HTTP/1.1" 200 -
04:27:27.722 "GET /api/runners HTTP/1.1" 200 -
04:27:31.914 "GET /api/sessions?view=open HTTP/1.1" 200 -
04:27:31.989 "GET /api/watches?state=ACTIVE HTTP/1.1" 200 -
04:27:32.000 "GET /api/watches?state=PAUSED HTTP/1.1" 200 -
04:27:32.029 "GET /api/watches HTTP/1.1" 200 -
04:27:32.061 "GET /api/watches?needsAttention=true HTTP/1.1" 200 -
04:27:36.108 "GET /api/sessions?view=open HTTP/1.1" 200 -
04:27:40.185 "GET /api/sessions?view=open HTTP/1.1" 200 -
04:27:40.284 "GET /api/runners HTTP/1.1" 200 -
04:27:44.557 "GET /api/sessions?view=open HTTP/1.1" 200 -
04:27:48.645 "GET /api/sessions?view=open HTTP/1.1" 200 -
04:27:52.739 "GET /api/sessions?view=open HTTP/1.1" 200 -
04:27:57.523 "GET /api/sessions?view=open HTTP/1.1" 200 -
04:27:57.576 "GET /api/runners HTTP/1.1" 200 -
04:28:01.663 "GET /api/sessions?view=open HTTP/1.1" 200 -
04:28:05.897 "GET /api/sessions?view=open HTTP/1.1" 200 -
04:28:06.067 "GET /api/watches?state=ACTIVE HTTP/1.1" 200 -
04:28:06.090 "GET /api/watches?state=PAUSED HTTP/1.1" 200 -
04:28:06.119 "GET /api/watches HTTP/1.1" 200 -
04:28:06.165 "GET /api/watches?needsAttention=true HTTP/1.1" 200 -
04:28:10.273 "GET /api/sessions?view=open HTTP/1.1" 200 -
04:28:14.391 "GET /api/sessions?view=open HTTP/1.1" 200 -
04:28:14.965 "GET /api/runners HTTP/1.1" 200 -
04:28:19.131 "GET /api/sessions?view=open HTTP/1.1" 200 -
04:28:23.426 "GET /api/sessions?view=open HTTP/1.1" 200 -
04:28:27.590 "GET /api/sessions?view=open HTTP/1.1" 200 -
04:28:27.862 "GET /api/runners HTTP/1.1" 200 -
04:28:31.687 "GET /api/sessions?view=open HTTP/1.1" 200 -
04:28:31.829 "GET /api/runners HTTP/1.1" 200 -
04:28:35.927 "GET /api/sessions?view=open HTTP/1.1" 200 -
04:28:36.160 "GET /api/watches?state=ACTIVE HTTP/1.1" 200 -
04:28:36.183 "GET /api/watches?state=PAUSED HTTP/1.1" 200 -
04:28:36.202 "GET /api/watches HTTP/1.1" 200 -
04:28:36.216 "GET /api/watches?needsAttention=true HTTP/1.1" 200 -
04:28:38.756 "POST /__reset HTTP/1.1" 200 -
04:28:46.590 "GET /api/agents HTTP/1.1" 200 -
04:28:46.601 "GET /api/agents HTTP/1.1" 200 -
04:28:46.617 "GET /api/task-lists HTTP/1.1" 200 -
04:28:46.632 "GET /api/projects/sidebar HTTP/1.1" 404 -
04:28:46.646 "GET /api/projects HTTP/1.1" 404 -
04:28:46.647 "GET /api/wiki/spaces HTTP/1.1" 404 -
04:28:47.450 "GET /api/events HTTP/1.1" 404 -
04:28:47.462 "GET /api/users/me HTTP/1.1" 404 -
04:28:47.464 "GET /api/runners HTTP/1.1" 200 -
04:28:47.464 "GET /api/tasks/page?limit=1&listId=none&projectId=none&counts=total HTTP/1.1" 404 -
04:28:47.465 "GET /api/providers HTTP/1.1" 200 -
04:28:47.630 "GET /api/providers HTTP/1.1" 200 -
04:28:47.641 "GET /api/sessions?view=open&since= HTTP/1.1" 200 -
04:28:47.681 "GET /api/providers/pools HTTP/1.1" 200 -
04:28:47.779 "GET /api/providers/pools HTTP/1.1" 200 -
04:28:47.781 "GET /api/watches?state=ACTIVE HTTP/1.1" 200 -
04:28:47.817 "GET /api/providers/shared-pools HTTP/1.1" 200 -
04:28:47.852 "GET /api/providers/shared-pools HTTP/1.1" 200 -
04:28:47.853 "GET /api/watches?state=PAUSED HTTP/1.1" 200 -
04:28:48.015 "GET /api/watches HTTP/1.1" 200 -
04:28:48.154 "GET /api/watches?needsAttention=true HTTP/1.1" 200 -
04:28:48.162 "GET /api/session-tags HTTP/1.1" 200 -
04:28:50.791 "GET /api/sessions/Q5 HTTP/1.1" 200 -
04:28:50.792 "GET /api/sessions/Q5/created-tasks HTTP/1.1" 404 -
04:28:50.794 "GET /api/sessions?view=open HTTP/1.1" 200 -
04:28:50.794 "GET /api/auth/capabilities HTTP/1.1" 404 -
04:28:50.795 "GET /api/sessions/Q5/events/page?tail=200&maxPayload=2048 HTTP/1.1" 200 -
04:28:50.839 "GET /api/session-folders HTTP/1.1" 200 -
04:28:50.935 "GET /api/tasks/evidence-decisions/pending?decidingSessionId=Q5 HTTP/1.1" 404 -
04:28:51.033 "GET /api/sessions/Q5/approvals?status=PENDING HTTP/1.1" 200 -
04:28:51.035 "GET /api/sessions/Q5 HTTP/1.1" 200 -
04:28:51.035 "GET /api/sessions/Q5/turns?view=active HTTP/1.1" 200 -
04:28:52.387 "GET /api/projects/sidebar HTTP/1.1" 404 -
04:28:52.387 "GET /api/sessions/Q5/background HTTP/1.1" 404 -
04:28:52.388 "GET /api/projects HTTP/1.1" 404 -
04:28:52.391 "GET /api/sessions/Q5/events?sinceSeq=6&maxPayload=2048 HTTP/1.1" 200 -
04:28:52.392 "GET /api/runners HTTP/1.1" 200 -
04:28:52.682 "GET /api/tasks/evidence-decisions/pending?decidingSessionId=Q5 HTTP/1.1" 404 -
04:28:52.684 "GET /api/providers/pools HTTP/1.1" 200 -
04:28:52.708 "GET /api/providers/shared-pools HTTP/1.1" 200 -
04:28:52.740 "GET /api/providers HTTP/1.1" 200 -
04:28:55.047 "GET /api/sessions?view=open HTTP/1.1" 200 -
04:28:59.306 "GET /api/sessions?view=open HTTP/1.1" 200 -
04:29:03.367 "GET /api/sessions?view=open HTTP/1.1" 200 -
04:29:03.457 "GET /api/runners HTTP/1.1" 200 -
04:29:07.522 "GET /api/sessions?view=open HTTP/1.1" 200 -
04:29:11.622 "GET /api/sessions?view=open HTTP/1.1" 200 -
04:29:15.661 "GET /api/sessions?view=open HTTP/1.1" 200 -
04:29:19.757 "GET /api/sessions?view=open HTTP/1.1" 200 -
04:29:19.829 "GET /api/runners HTTP/1.1" 200 -
04:29:19.837 "GET /api/watches?state=ACTIVE HTTP/1.1" 200 -
04:29:19.848 "GET /api/watches?state=PAUSED HTTP/1.1" 200 -
04:29:19.856 "GET /api/watches HTTP/1.1" 200 -
04:29:19.868 "GET /api/watches?needsAttention=true HTTP/1.1" 200 -
04:29:23.883 "GET /api/sessions?view=open HTTP/1.1" 200 -
04:29:28.034 "GET /api/sessions?view=open HTTP/1.1" 200 -
04:29:32.382 "GET /api/sessions?view=open HTTP/1.1" 200 -
04:29:36.813 "GET /api/sessions?view=open HTTP/1.1" 200 -
04:29:37.252 "GET /api/runners HTTP/1.1" 200 -
04:29:41.289 "GET /api/sessions?view=open HTTP/1.1" 200 -
04:29:45.573 "GET /api/sessions?view=open HTTP/1.1" 200 -
04:29:49.751 "GET /api/sessions?view=open HTTP/1.1" 200 -
04:29:50.759 "GET /api/runners HTTP/1.1" 200 -
04:29:54.092 "GET /api/sessions?view=open HTTP/1.1" 200 -
04:29:54.227 "GET /api/runners HTTP/1.1" 200 -
04:29:54.248 "GET /api/watches?state=ACTIVE HTTP/1.1" 200 -
04:29:54.261 "GET /api/watches?state=PAUSED HTTP/1.1" 200 -
04:29:54.270 "GET /api/watches HTTP/1.1" 200 -
04:29:54.278 "GET /api/watches?needsAttention=true HTTP/1.1" 200 -
04:29:58.455 "GET /api/sessions?view=open HTTP/1.1" 200 -
04:30:02.577 "GET /api/sessions?view=open HTTP/1.1" 200 -
04:30:06.760 "GET /api/sessions?view=open HTTP/1.1" 200 -
04:30:10.963 "GET /api/sessions?view=open HTTP/1.1" 200 -
04:30:11.086 "GET /api/runners HTTP/1.1" 200 -
04:30:15.516 "GET /api/sessions?view=open HTTP/1.1" 200 -
04:30:19.718 "GET /api/sessions?view=open HTTP/1.1" 200 -
04:30:24.250 "GET /api/sessions?view=open HTTP/1.1" 200 -
04:30:24.305 "GET /api/watches?state=ACTIVE HTTP/1.1" 200 -
04:30:24.360 "GET /api/watches?state=PAUSED HTTP/1.1" 200 -
04:30:24.366 "GET /api/watches HTTP/1.1" 200 -
04:30:24.372 "GET /api/watches?needsAttention=true HTTP/1.1" 200 -
04:30:28.449 "GET /api/sessions?view=open HTTP/1.1" 200 -
04:30:28.571 "GET /api/runners HTTP/1.1" 200 -
04:30:32.985 "GET /api/sessions?view=open HTTP/1.1" 200 -
04:30:37.161 "GET /api/sessions?view=open HTTP/1.1" 200 -
04:30:41.671 "POST /__reset HTTP/1.1" 200 -
04:30:47.211 "GET /api/agents HTTP/1.1" 200 -
04:30:47.367 "GET /api/agents HTTP/1.1" 200 -
04:30:47.382 "GET /api/projects/sidebar HTTP/1.1" 404 -
04:30:47.425 "GET /api/projects HTTP/1.1" 404 -
04:30:47.477 "GET /api/wiki/spaces HTTP/1.1" 404 -
04:30:47.885 "GET /api/task-lists HTTP/1.1" 200 -
04:30:48.194 "GET /api/users/me HTTP/1.1" 404 -
04:30:48.237 "GET /api/events HTTP/1.1" 404 -
04:30:48.262 "GET /api/runners HTTP/1.1" 200 -
04:30:48.310 "GET /api/providers HTTP/1.1" 200 -
04:30:48.311 "GET /api/tasks/page?limit=1&listId=none&projectId=none&counts=total HTTP/1.1" 404 -
04:30:48.318 "GET /api/providers HTTP/1.1" 200 -
04:30:48.368 "GET /api/sessions?view=open&since= HTTP/1.1" 200 -
04:30:48.477 "GET /api/providers/pools HTTP/1.1" 200 -
04:30:48.485 "GET /api/providers/pools HTTP/1.1" 200 -
04:30:48.487 "GET /api/watches?state=ACTIVE HTTP/1.1" 200 -
04:30:48.613 "GET /api/providers/shared-pools HTTP/1.1" 200 -
04:30:48.616 "GET /api/watches?state=PAUSED HTTP/1.1" 200 -
04:30:48.622 "GET /api/providers/shared-pools HTTP/1.1" 200 -
04:30:48.691 "GET /api/watches HTTP/1.1" 200 -
04:30:48.777 "GET /api/watches?needsAttention=true HTTP/1.1" 200 -
04:30:48.827 "GET /api/session-tags HTTP/1.1" 200 -
04:30:51.379 "GET /api/sessions/Q6 HTTP/1.1" 200 -
04:30:51.397 "GET /api/sessions/Q6/events/page?tail=200&maxPayload=2048 HTTP/1.1" 200 -
04:30:51.412 "GET /api/sessions/Q6/created-tasks HTTP/1.1" 404 -
04:30:51.420 "GET /api/auth/capabilities HTTP/1.1" 404 -
04:30:51.422 "GET /api/sessions?view=open HTTP/1.1" 200 -
04:30:51.425 "GET /api/session-folders HTTP/1.1" 200 -
04:30:51.426 "GET /api/tasks/evidence-decisions/pending?decidingSessionId=Q6 HTTP/1.1" 404 -
04:30:51.427 "GET /api/sessions/Q6/approvals?status=PENDING HTTP/1.1" 200 -
04:30:51.457 "GET /api/sessions/Q6 HTTP/1.1" 200 -
04:30:51.458 "GET /api/sessions/Q6/turns?view=active HTTP/1.1" 200 -
04:30:51.633 "GET /api/runners HTTP/1.1" 200 -
04:30:52.033 "GET /api/sessions/Q6/events?sinceSeq=6&maxPayload=2048 HTTP/1.1" 200 -
04:30:52.036 "GET /api/sessions/Q6/background HTTP/1.1" 404 -
04:30:52.054 "GET /api/projects/sidebar HTTP/1.1" 404 -
04:30:52.072 "GET /api/tasks/evidence-decisions/pending?decidingSessionId=Q6 HTTP/1.1" 404 -
04:30:52.111 "GET /api/projects HTTP/1.1" 404 -
04:30:52.123 "GET /api/providers/pools HTTP/1.1" 200 -
04:30:52.180 "GET /api/providers/shared-pools HTTP/1.1" 200 -
04:30:52.197 "GET /api/providers HTTP/1.1" 200 -
04:30:55.762 "GET /api/sessions?view=open HTTP/1.1" 200 -
04:30:59.940 "GET /api/sessions?view=open HTTP/1.1" 200 -
04:31:04.272 "GET /api/sessions?view=open HTTP/1.1" 200 -
04:31:04.360 "GET /api/runners HTTP/1.1" 200 -
04:31:08.419 "GET /api/sessions?view=open HTTP/1.1" 200 -
04:31:12.495 "GET /api/sessions?view=open HTTP/1.1" 200 -
