03:08:10.385 "GET /api/agents HTTP/1.1" 200 -
03:17:44.808 "GET /api/task-lists HTTP/1.1" 200 -
03:17:44.809 "GET /api/agents HTTP/1.1" 200 -
03:17:44.810 "GET /api/agents HTTP/1.1" 200 -
03:17:44.850 "GET /api/projects/sidebar HTTP/1.1" 200 -
03:17:44.850 "GET /api/projects HTTP/1.1" 200 -
03:17:44.850 "GET /api/users/me HTTP/1.1" 404 -
03:17:44.855 "GET /api/providers HTTP/1.1" 200 -
03:17:44.939 "GET /api/tasks/page?limit=1&listId=none&projectId=none&counts=total HTTP/1.1" 404 -
03:17:44.940 "GET /api/runners HTTP/1.1" 200 -
03:17:44.958 "GET /api/sessions?view=open&since= HTTP/1.1" 200 -
03:17:44.964 "GET /api/providers/pools HTTP/1.1" 200 -
03:17:44.999 "GET /api/providers/shared-pools HTTP/1.1" 200 -
03:17:45.000 "GET /api/providers HTTP/1.1" 200 -
03:17:45.051 "GET /api/watches?state=ACTIVE HTTP/1.1" 200 -
03:17:45.052 "GET /api/events HTTP/1.1" 404 -
03:17:45.091 "GET /api/watches?state=PAUSED HTTP/1.1" 200 -
03:17:45.204 "GET /api/watches HTTP/1.1" 200 -
03:17:45.217 "GET /api/session-tags HTTP/1.1" 200 -
03:17:45.248 "GET /api/watches?needsAttention=true HTTP/1.1" 200 -
03:17:45.521 "GET /api/wiki/spaces HTTP/1.1" 404 -
03:17:47.148 "GET /api/providers/pools HTTP/1.1" 200 -
03:17:47.149 "GET /api/sessions/S1/created-tasks HTTP/1.1" 404 -
03:17:47.186 "GET /api/sessions/S1 HTTP/1.1" 200 -
03:17:47.197 "GET /api/session-folders HTTP/1.1" 200 -
03:17:47.204 "GET /api/sessions/S1/events/page?tail=200&maxPayload=2048 HTTP/1.1" 200 -
03:17:47.204 "GET /api/projects HTTP/1.1" 200 -
03:17:47.268 "GET /api/sessions/S1 HTTP/1.1" 200 -
03:17:47.274 "GET /api/sessions/S1/approvals?status=PENDING HTTP/1.1" 200 -
03:17:47.281 "GET /api/sessions/S1/turns?view=active HTTP/1.1" 200 -
03:17:47.282 "GET /api/providers/shared-pools HTTP/1.1" 200 -
03:17:47.467 "GET /api/runners HTTP/1.1" 200 -
03:17:48.111 "GET /api/sessions?view=open HTTP/1.1" 200 -
03:17:48.112 "GET /api/tasks/evidence-decisions/pending?decidingSessionId=S1 HTTP/1.1" 404 -
03:17:48.113 "GET /api/projects/sidebar HTTP/1.1" 200 -
03:17:48.404 "GET /api/sessions/S1/background HTTP/1.1" 404 -
03:17:48.404 "GET /api/providers/pools HTTP/1.1" 200 -
03:17:48.405 "GET /api/sessions/S1/events?sinceSeq=20&maxPayload=2048 HTTP/1.1" 200 -
03:17:48.405 "GET /api/auth/capabilities HTTP/1.1" 404 -
03:17:48.405 "GET /api/projects/sidebar HTTP/1.1" 200 -
03:17:48.450 "GET /api/providers/shared-pools HTTP/1.1" 200 -
03:17:48.487 "GET /api/providers HTTP/1.1" 200 -
03:17:49.403 "GET /api/projects HTTP/1.1" 200 -
03:17:52.494 "GET /api/sessions?view=open HTTP/1.1" 200 -
03:17:56.598 "GET /api/sessions?view=open HTTP/1.1" 200 -
03:18:00.733 "GET /api/sessions?view=open HTTP/1.1" 200 -
03:18:00.936 "GET /api/runners HTTP/1.1" 200 -
03:18:04.960 "GET /api/sessions?view=open HTTP/1.1" 200 -
03:18:04.990 "GET /api/projects/sidebar HTTP/1.1" 200 -
03:18:04.992 "GET /api/projects HTTP/1.1" 200 -
03:18:09.018 "GET /api/sessions?view=open HTTP/1.1" 200 -
    body: 
03:18:11.232 "POST /api/sessions/s3/complete HTTP/1.1" 409 -
03:18:13.214 "GET /api/sessions?view=open HTTP/1.1" 200 -
03:18:25.429 "GET /api/task-lists HTTP/1.1" 200 -
03:18:25.430 "GET /api/agents HTTP/1.1" 200 -
03:18:25.433 "GET /api/agents HTTP/1.1" 200 -
03:18:25.437 "GET /api/projects HTTP/1.1" 200 -
03:18:25.437 "GET /api/projects/sidebar HTTP/1.1" 200 -
03:18:25.437 "GET /api/wiki/spaces HTTP/1.1" 404 -
03:18:26.086 "GET /api/runners HTTP/1.1" 200 -
03:18:26.096 "GET /api/users/me HTTP/1.1" 404 -
03:18:26.112 "GET /api/providers HTTP/1.1" 200 -
03:18:26.112 "GET /api/events HTTP/1.1" 404 -
03:18:26.146 "GET /api/tasks/page?limit=1&listId=none&projectId=none&counts=total HTTP/1.1" 404 -
03:18:26.164 "GET /api/providers HTTP/1.1" 200 -
03:18:26.187 "GET /api/sessions?view=open&since= HTTP/1.1" 200 -
03:18:26.187 "GET /api/providers/pools HTTP/1.1" 200 -
03:18:26.240 "GET /api/providers/pools HTTP/1.1" 200 -
03:18:26.256 "GET /api/watches?state=ACTIVE HTTP/1.1" 200 -
03:18:26.257 "GET /api/providers/shared-pools HTTP/1.1" 200 -
03:18:26.257 "GET /api/providers/shared-pools HTTP/1.1" 200 -
03:18:26.267 "GET /api/watches?state=PAUSED HTTP/1.1" 200 -
03:18:26.267 "GET /api/runners HTTP/1.1" 200 -
03:18:26.283 "GET /api/watches HTTP/1.1" 200 -
03:18:26.339 "GET /api/watches?needsAttention=true HTTP/1.1" 200 -
03:18:26.412 "GET /api/session-tags HTTP/1.1" 200 -
03:18:26.582 "GET /api/runners HTTP/1.1" 200 -
03:18:27.360 "GET /api/projects HTTP/1.1" 200 -
03:18:27.361 "GET /api/projects/sidebar HTTP/1.1" 200 -
03:18:27.361 "GET /api/sessions?view=open HTTP/1.1" 200 -
03:18:27.361 "GET /api/agents HTTP/1.1" 200 -
03:18:27.362 "GET /api/session-folders HTTP/1.1" 200 -
03:18:27.362 "GET /api/providers/pools HTTP/1.1" 200 -
03:18:27.456 "GET /api/projects HTTP/1.1" 200 -
03:18:27.472 "GET /api/auth/capabilities HTTP/1.1" 404 -
03:18:27.473 "GET /api/projects/sidebar HTTP/1.1" 200 -
03:18:27.508 "GET /api/providers/shared-pools HTTP/1.1" 200 -
03:18:27.673 "GET /dl/version.json HTTP/1.1" 404 -
03:18:27.674 "GET /api/providers/pools HTTP/1.1" 200 -
03:18:27.674 "GET /api/providers/mine HTTP/1.1" 200 -
03:18:27.675 "GET /api/providers/mine HTTP/1.1" 200 -
03:18:27.677 "GET /api/runners HTTP/1.1" 200 -
03:18:28.420 "GET /api/agents HTTP/1.1" 200 -
03:18:28.421 "GET /api/providers HTTP/1.1" 200 -
03:18:28.673 "GET /api/providers/shared-pools HTTP/1.1" 200 -
03:18:32.551 "GET /api/sessions?view=open HTTP/1.1" 200 -
03:18:33.728 "GET /api/sessions/counts HTTP/1.1" 404 -
03:18:36.613 "GET /api/sessions?view=open HTTP/1.1" 200 -
03:18:40.734 "GET /api/sessions?view=open HTTP/1.1" 200 -
03:18:40.742 "GET /api/runners HTTP/1.1" 200 -
