06:15:42 "GET /api/agents HTTP/1.1" 200 -
06:29:11 "GET /api/agents HTTP/1.1" 200 -
06:29:11 "GET /api/task-lists HTTP/1.1" 200 -
06:29:11 "GET /api/agents HTTP/1.1" 200 -
06:29:11 "GET /api/projects HTTP/1.1" 200 -
06:29:11 "GET /api/wiki/spaces HTTP/1.1" 404 -
06:29:11 "GET /api/projects/sidebar HTTP/1.1" 200 -
06:29:11 "GET /api/tasks/page?limit=1&listId=none&projectId=none&counts=total HTTP/1.1" 404 -
06:29:11 "GET /api/runners HTTP/1.1" 200 -
06:29:11 "GET /api/providers HTTP/1.1" 200 -
06:29:11 "GET /api/users/me HTTP/1.1" 404 -
06:29:12 "GET /api/events HTTP/1.1" 404 -
06:29:15 "GET /api/providers HTTP/1.1" 200 -
06:29:15 "GET /api/providers/pools HTTP/1.1" 200 -
06:29:16 "GET /api/sessions?view=open&since= HTTP/1.1" 200 -
06:29:16 "GET /api/providers/pools HTTP/1.1" 200 -
06:29:16 "GET /api/providers/shared-pools HTTP/1.1" 200 -
06:29:16 "GET /api/providers/shared-pools HTTP/1.1" 200 -
06:29:16 "GET /api/watches?state=ACTIVE HTTP/1.1" 200 -
06:29:16 "GET /api/watches?state=PAUSED HTTP/1.1" 200 -
06:29:16 "GET /api/watches HTTP/1.1" 200 -
06:29:16 "GET /api/watches?needsAttention=true HTTP/1.1" 200 -
06:29:17 "GET /api/session-tags HTTP/1.1" 200 -
06:29:18 "GET /api/projects HTTP/1.1" 200 -
06:29:18 "GET /api/sessions?view=open HTTP/1.1" 200 -
06:29:18 "GET /api/session-folders HTTP/1.1" 200 -
06:29:18 "GET /api/projects/sidebar HTTP/1.1" 200 -
06:29:18 "GET /api/projects/sidebar HTTP/1.1" 200 -
06:29:18 "GET /api/projects HTTP/1.1" 200 -
06:29:23 "GET /api/sessions?view=open HTTP/1.1" 200 -
06:29:25 "GET /api/sessions?view=open&projectId=P1 HTTP/1.1" 200 -
06:29:25 "GET /api/projects/P1/integration HTTP/1.1" 404 -
06:29:25 "GET /api/sessions?view=completed&projectId=P1 HTTP/1.1" 200 -
06:29:25 "GET /api/sessions?view=archived&projectId=P1 HTTP/1.1" 200 -
06:29:25 "GET /api/projects/P1/promotions/current HTTP/1.1" 404 -
06:29:25 "GET /api/projects/P1/promotions/merged HTTP/1.1" 404 -
06:29:25 "GET /api/projects/sidebar HTTP/1.1" 200 -
06:29:25 "GET /api/projects HTTP/1.1" 200 -
06:29:27 "GET /api/sessions?view=open HTTP/1.1" 200 -
06:29:27 "GET /api/runners HTTP/1.1" 200 -
06:29:29 "GET /api/projects/P1/integration HTTP/1.1" 404 -
06:29:29 "GET /api/sessions?view=completed&projectId=P1 HTTP/1.1" 200 -
06:29:29 "GET /api/sessions?view=open&projectId=P1 HTTP/1.1" 200 -
06:29:29 "GET /api/sessions?view=archived&projectId=P1 HTTP/1.1" 200 -
06:29:30 "GET /api/projects/P1/promotions/current HTTP/1.1" 404 -
06:29:30 "GET /api/projects/P1/promotions/merged HTTP/1.1" 404 -
06:29:31 "GET /api/sessions?view=open HTTP/1.1" 200 -
06:29:34 "GET /api/projects/P1/integration HTTP/1.1" 404 -
06:29:34 "GET /api/sessions?view=completed&projectId=P1 HTTP/1.1" 200 -
06:29:34 "GET /api/sessions?view=open&projectId=P1 HTTP/1.1" 200 -
06:29:34 "GET /api/sessions?view=archived&projectId=P1 HTTP/1.1" 200 -
06:29:34 "GET /api/projects/P1/promotions/current HTTP/1.1" 404 -
06:29:34 "GET /api/projects/P1/promotions/merged HTTP/1.1" 404 -
06:29:35 "GET /api/sessions?view=open HTTP/1.1" 200 -
06:29:35 "GET /api/projects HTTP/1.1" 200 -
06:29:35 "GET /api/projects/sidebar HTTP/1.1" 200 -
06:29:36 "GET /api/session-tags HTTP/1.1" 200 -
06:29:36 "GET /api/session-folders HTTP/1.1" 200 -
06:29:36 "GET /api/sessions?view=open HTTP/1.1" 200 -
06:29:36 "GET /api/projects/sidebar HTTP/1.1" 200 -
06:29:36 "GET /api/projects HTTP/1.1" 200 -
06:29:40 "GET /api/sessions?view=open HTTP/1.1" 200 -
06:29:48 "GET /api/agents HTTP/1.1" 200 -
06:29:48 "GET /api/agents HTTP/1.1" 200 -
06:29:48 "GET /api/projects/sidebar HTTP/1.1" 200 -
06:29:48 "GET /api/task-lists HTTP/1.1" 200 -
06:29:48 "GET /api/projects HTTP/1.1" 200 -
06:29:48 "GET /api/events HTTP/1.1" 404 -
06:29:48 "GET /api/providers HTTP/1.1" 200 -
06:29:48 "GET /api/runners HTTP/1.1" 200 -
06:29:48 "GET /api/users/me HTTP/1.1" 404 -
06:29:48 "GET /api/tasks/page?limit=1&listId=none&projectId=none&counts=total HTTP/1.1" 404 -
06:29:48 "GET /api/providers/pools HTTP/1.1" 200 -
06:29:48 "GET /api/providers HTTP/1.1" 200 -
06:29:48 "GET /api/sessions?view=open&since= HTTP/1.1" 200 -
06:29:49 "GET /api/providers/shared-pools HTTP/1.1" 200 -
06:29:49 "GET /api/providers/pools HTTP/1.1" 200 -
06:29:49 "GET /api/watches?state=ACTIVE HTTP/1.1" 200 -
06:29:49 "GET /api/wiki/spaces HTTP/1.1" 404 -
06:29:49 "GET /api/watches?state=PAUSED HTTP/1.1" 200 -
06:29:49 "GET /api/watches HTTP/1.1" 200 -
06:29:49 "GET /api/watches?needsAttention=true HTTP/1.1" 200 -
06:29:49 "GET /api/session-tags HTTP/1.1" 200 -
06:29:49 "GET /api/providers/shared-pools HTTP/1.1" 200 -
06:29:49 "GET /api/sessions?view=open HTTP/1.1" 200 -
06:29:49 "GET /api/session-folders HTTP/1.1" 200 -
06:29:49 "GET /api/projects/sidebar HTTP/1.1" 200 -
06:29:49 "GET /api/projects HTTP/1.1" 200 -
06:29:49 "GET /api/projects HTTP/1.1" 200 -
06:29:50 "GET /api/projects/sidebar HTTP/1.1" 200 -
06:29:53 "GET /api/sessions?view=open HTTP/1.1" 200 -
06:29:57 "GET /api/projects/P1/integration HTTP/1.1" 404 -
06:29:57 "GET /api/sessions?view=open&projectId=P1 HTTP/1.1" 200 -
06:29:57 "GET /api/sessions?view=completed&projectId=P1 HTTP/1.1" 200 -
06:29:57 "GET /api/sessions?view=archived&projectId=P1 HTTP/1.1" 200 -
06:29:57 "GET /api/projects/P1/promotions/current HTTP/1.1" 404 -
06:29:58 "GET /api/projects/P1/promotions/merged HTTP/1.1" 404 -
06:29:58 "GET /api/sessions?view=open HTTP/1.1" 200 -
06:29:58 "GET /api/projects/sidebar HTTP/1.1" 200 -
06:29:58 "GET /api/projects HTTP/1.1" 200 -
06:30:02 "GET /api/sessions?view=open&projectId=P1 HTTP/1.1" 200 -
06:30:02 "GET /api/projects/P1/integration HTTP/1.1" 404 -
06:30:02 "GET /api/sessions?view=open HTTP/1.1" 200 -
06:30:02 "GET /api/sessions?view=completed&projectId=P1 HTTP/1.1" 200 -
06:30:02 "GET /api/sessions?view=archived&projectId=P1 HTTP/1.1" 200 -
06:30:02 "GET /api/projects/P1/promotions/current HTTP/1.1" 404 -
06:30:02 "GET /api/projects/P1/promotions/merged HTTP/1.1" 404 -
