03:52:54.469 "GET /api/agents HTTP/1.1" 200 -
03:52:54.520 "GET /api/agents HTTP/1.1" 200 -
04:04:22.548 "POST /__reset HTTP/1.1" 200 -
04:04:43.563 "GET /api/agents HTTP/1.1" 200 -
04:04:43.568 "GET /api/agents HTTP/1.1" 200 -
04:04:43.599 "GET /api/task-lists HTTP/1.1" 200 -
04:04:43.607 "GET /api/wiki/spaces HTTP/1.1" 404 -
04:04:43.608 "GET /api/projects HTTP/1.1" 200 -
04:04:43.688 "GET /api/users/me HTTP/1.1" 404 -
04:04:43.702 "GET /api/projects/sidebar HTTP/1.1" 404 -
04:04:43.783 "GET /api/runners HTTP/1.1" 200 -
04:04:43.848 "GET /api/tasks/page?limit=1&listId=none&projectId=none&counts=total HTTP/1.1" 404 -
04:04:43.849 "GET /api/sessions?view=open&since= HTTP/1.1" 200 -
04:04:43.907 "GET /api/providers HTTP/1.1" 200 -
04:04:43.920 "GET /api/providers HTTP/1.1" 200 -
04:04:44.014 "GET /api/watches?state=ACTIVE HTTP/1.1" 200 -
04:04:44.093 "GET /api/providers/pools HTTP/1.1" 200 -
04:04:44.094 "GET /api/providers/pools HTTP/1.1" 200 -
04:04:44.137 "GET /api/watches?state=PAUSED HTTP/1.1" 200 -
04:04:44.182 "GET /api/events HTTP/1.1" 404 -
04:04:44.441 "GET /api/providers/shared-pools HTTP/1.1" 200 -
04:04:44.481 "GET /api/watches HTTP/1.1" 200 -
04:04:44.488 "GET /api/watches?needsAttention=true HTTP/1.1" 200 -
04:04:45.081 "GET /api/projects/sidebar HTTP/1.1" 404 -
04:04:45.087 "GET /api/providers/shared-pools HTTP/1.1" 200 -
04:04:45.125 "GET /api/projects HTTP/1.1" 200 -
04:04:45.227 "GET /api/session-tags HTTP/1.1" 200 -
04:04:45.720 "GET /api/sessions?view=open HTTP/1.1" 200 -
04:04:45.737 "GET /api/session-folders HTTP/1.1" 200 -
04:04:45.742 "GET /api/auth/capabilities HTTP/1.1" 404 -
04:04:45.781 "GET /api/runners HTTP/1.1" 200 -
04:04:45.784 "GET /api/share-links?kind=SESSION,TASK,PROJECT,WIKI HTTP/1.1" 200 -
04:04:45.785 "GET /api/access-tokens HTTP/1.1" 404 -
04:04:45.785 "GET /api/providers/shared-pools HTTP/1.1" 200 -
04:04:45.786 "GET /api/providers/pools HTTP/1.1" 200 -
04:04:47.551 "GET /api/agents HTTP/1.1" 200 -
04:04:47.633 "GET /api/projects/sidebar HTTP/1.1" 404 -
04:04:47.644 "GET /api/projects HTTP/1.1" 200 -
04:04:51.446 "GET /api/sessions?view=open HTTP/1.1" 200 -
04:04:53.746 "GET /dl/version.json HTTP/1.1" 404 -
04:04:53.748 "GET /api/providers/mine HTTP/1.1" 200 -
04:04:53.748 "GET /api/providers/mine HTTP/1.1" 200 -
04:04:53.749 "GET /api/providers/shared-pools HTTP/1.1" 200 -
04:04:53.753 "GET /api/runners HTTP/1.1" 200 -
04:04:54.285 "GET /api/agents HTTP/1.1" 200 -
04:04:54.643 "GET /api/providers/mine/p-ds/balance HTTP/1.1" 200 -
04:04:54.660 "GET /api/providers/mine/p-ds2/balance HTTP/1.1" 200 -
04:04:54.735 "GET /api/providers/pools HTTP/1.1" 200 -
04:04:56.101 "GET /api/sessions?view=open HTTP/1.1" 200 -
04:05:00.406 "GET /api/sessions?view=open HTTP/1.1" 200 -
04:05:00.437 "GET /api/runners HTTP/1.1" 200 -
04:05:00.474 "GET /api/projects/sidebar HTTP/1.1" 404 -
04:05:00.477 "GET /api/projects HTTP/1.1" 200 -
04:05:04.978 "GET /api/sessions?view=open HTTP/1.1" 200 -
04:05:09.480 "GET /api/sessions?view=open HTTP/1.1" 200 -
04:05:09.484 "GET /api/runners HTTP/1.1" 200 -
04:05:09.501 "GET /api/agents HTTP/1.1" 200 -
04:05:13.890 "GET /api/sessions?view=open HTTP/1.1" 200 -
04:05:18.076 "GET /api/sessions?view=open HTTP/1.1" 200 -
04:05:18.082 "GET /api/runners HTTP/1.1" 200 -
04:05:18.087 "GET /api/watches?state=ACTIVE HTTP/1.1" 200 -
04:05:18.092 "GET /api/watches?state=PAUSED HTTP/1.1" 200 -
04:05:18.098 "GET /api/watches HTTP/1.1" 200 -
04:05:18.102 "GET /api/watches?needsAttention=true HTTP/1.1" 200 -
04:05:18.108 "GET /api/projects/sidebar HTTP/1.1" 404 -
04:05:18.109 "GET /api/projects HTTP/1.1" 200 -
04:05:22.181 "GET /api/sessions?view=open HTTP/1.1" 200 -
04:05:25.597 "GET /api/runners HTTP/1.1" 200 -
04:05:25.611 "GET /api/agents HTTP/1.1" 200 -
04:05:26.549 "GET /api/sessions?view=open HTTP/1.1" 200 -
04:05:30.739 "GET /api/sessions?view=open HTTP/1.1" 200 -
04:05:35.088 "GET /api/sessions?view=open HTTP/1.1" 200 -
04:05:35.095 "GET /api/runners HTTP/1.1" 200 -
04:05:35.113 "GET /api/projects/sidebar HTTP/1.1" 404 -
04:05:35.115 "GET /api/projects HTTP/1.1" 200 -
04:05:39.302 "GET /api/sessions?view=open HTTP/1.1" 200 -
04:05:40.682 "GET /api/runners HTTP/1.1" 200 -
04:05:40.711 "GET /api/agents HTTP/1.1" 200 -
04:05:43.345 "GET /api/sessions?view=open HTTP/1.1" 200 -
04:05:47.496 "GET /api/sessions?view=open HTTP/1.1" 200 -
04:05:51.750 "GET /api/sessions?view=open HTTP/1.1" 200 -
04:05:51.755 "GET /api/runners HTTP/1.1" 200 -
04:05:51.781 "GET /api/watches?state=ACTIVE HTTP/1.1" 200 -
04:05:51.785 "GET /api/watches?state=PAUSED HTTP/1.1" 200 -
04:05:51.789 "GET /api/watches HTTP/1.1" 200 -
04:05:51.794 "GET /api/watches?needsAttention=true HTTP/1.1" 200 -
04:05:52.025 "GET /api/projects/sidebar HTTP/1.1" 404 -
04:05:52.025 "GET /api/projects HTTP/1.1" 200 -
04:05:56.314 "GET /api/runners HTTP/1.1" 200 -
04:05:56.321 "GET /api/sessions?view=open HTTP/1.1" 200 -
04:05:56.323 "GET /api/agents HTTP/1.1" 200 -
04:06:00.350 "GET /api/sessions?view=open HTTP/1.1" 200 -
04:06:04.439 "GET /api/sessions?view=open HTTP/1.1" 200 -
04:06:08.525 "GET /api/sessions?view=open HTTP/1.1" 200 -
04:06:08.539 "GET /api/runners HTTP/1.1" 200 -
04:06:08.568 "GET /api/projects/sidebar HTTP/1.1" 404 -
04:06:08.569 "GET /api/projects HTTP/1.1" 200 -
04:06:11.896 "GET /api/runners HTTP/1.1" 200 -
04:06:11.901 "GET /api/agents HTTP/1.1" 200 -
04:06:12.804 "GET /api/sessions?view=open HTTP/1.1" 200 -
04:06:13.255 "GET /api/sessions/counts HTTP/1.1" 404 -
04:06:16.887 "GET /api/sessions?view=open HTTP/1.1" 200 -
04:06:21.036 "GET /api/sessions?view=open HTTP/1.1" 200 -
04:06:25.145 "GET /api/sessions?view=open HTTP/1.1" 200 -
04:06:25.151 "GET /api/runners HTTP/1.1" 200 -
04:06:25.155 "GET /api/watches?state=ACTIVE HTTP/1.1" 200 -
04:06:25.158 "GET /api/watches?state=PAUSED HTTP/1.1" 200 -
04:06:25.161 "GET /api/watches HTTP/1.1" 200 -
04:06:25.164 "GET /api/watches?needsAttention=true HTTP/1.1" 200 -
04:06:25.170 "GET /api/projects/sidebar HTTP/1.1" 404 -
04:06:25.170 "GET /api/projects HTTP/1.1" 200 -
04:06:28.598 "GET /api/runners HTTP/1.1" 200 -
04:06:28.617 "GET /api/agents HTTP/1.1" 200 -
04:06:28.660 "GET /api/sessions/counts HTTP/1.1" 404 -
04:06:29.245 "GET /api/sessions?view=open HTTP/1.1" 200 -
04:06:33.288 "GET /api/sessions?view=open HTTP/1.1" 200 -
04:06:37.763 "GET /api/sessions?view=open HTTP/1.1" 200 -
04:06:42.236 "GET /api/sessions?view=open HTTP/1.1" 200 -
04:06:42.581 "GET /api/runners HTTP/1.1" 200 -
04:06:42.587 "GET /api/projects HTTP/1.1" 200 -
04:06:42.590 "GET /api/projects/sidebar HTTP/1.1" 404 -
04:06:45.250 "POST /__reset HTTP/1.1" 200 -
04:07:11.235 "GET /api/agents HTTP/1.1" 200 -
04:07:11.248 "GET /api/task-lists HTTP/1.1" 200 -
04:07:11.270 "GET /api/agents HTTP/1.1" 200 -
04:07:11.369 "GET /api/projects/sidebar HTTP/1.1" 404 -
04:07:11.374 "GET /api/projects HTTP/1.1" 200 -
04:07:11.384 "GET /api/events HTTP/1.1" 404 -
04:07:11.404 "GET /api/runners HTTP/1.1" 200 -
04:07:11.410 "GET /api/wiki/spaces HTTP/1.1" 404 -
04:07:11.474 "GET /api/tasks/page?limit=1&listId=none&projectId=none&counts=total HTTP/1.1" 404 -
04:07:11.475 "GET /api/providers HTTP/1.1" 200 -
04:07:11.552 "GET /api/providers HTTP/1.1" 200 -
04:07:11.564 "GET /api/providers/pools HTTP/1.1" 200 -
04:07:11.595 "GET /api/providers/pools HTTP/1.1" 200 -
04:07:11.632 "GET /api/providers/shared-pools HTTP/1.1" 200 -
04:07:11.633 "GET /api/providers/shared-pools HTTP/1.1" 200 -
04:07:11.911 "GET /api/session-tags HTTP/1.1" 200 -
04:07:12.145 "GET /api/users/me HTTP/1.1" 404 -
04:07:12.157 "GET /api/session-folders HTTP/1.1" 200 -
04:07:12.157 "GET /api/sessions?view=open&since= HTTP/1.1" 200 -
04:07:12.420 "GET /api/runners HTTP/1.1" 200 -
04:07:12.435 "GET /api/providers/pools HTTP/1.1" 200 -
04:07:12.438 "GET /api/providers/shared-pools HTTP/1.1" 200 -
04:07:12.442 "GET /api/access-tokens HTTP/1.1" 404 -
04:07:12.450 "GET /api/share-links?kind=SESSION,TASK,PROJECT,WIKI HTTP/1.1" 200 -
04:07:13.780 "GET /api/sessions?view=open HTTP/1.1" 200 -
04:07:13.782 "GET /api/agents HTTP/1.1" 200 -
04:07:14.139 "GET /api/projects/sidebar HTTP/1.1" 404 -
04:07:14.142 "GET /api/projects HTTP/1.1" 200 -
04:07:14.147 "GET /api/watches?state=ACTIVE HTTP/1.1" 200 -
04:07:14.174 "GET /api/watches?state=PAUSED HTTP/1.1" 200 -
04:07:14.208 "GET /api/watches HTTP/1.1" 200 -
04:07:14.221 "GET /api/watches?needsAttention=true HTTP/1.1" 200 -
04:07:14.237 "GET /api/projects HTTP/1.1" 200 -
04:07:14.241 "GET /api/projects/sidebar HTTP/1.1" 404 -
04:07:14.252 "GET /api/auth/capabilities HTTP/1.1" 404 -
04:07:18.280 "GET /api/sessions?view=open HTTP/1.1" 200 -
04:07:19.236 "GET /api/providers/pools HTTP/1.1" 200 -
04:07:19.238 "GET /api/providers/mine HTTP/1.1" 200 -
04:07:19.239 "GET /dl/version.json HTTP/1.1" 404 -
04:07:19.239 "GET /api/runners HTTP/1.1" 200 -
04:07:19.241 "GET /api/providers/shared-pools HTTP/1.1" 200 -
04:07:19.243 "GET /api/providers/mine HTTP/1.1" 200 -
04:07:20.836 "GET /api/agents HTTP/1.1" 200 -
04:07:20.876 "GET /api/providers/mine/p-ds/balance HTTP/1.1" 200 -
04:07:20.899 "GET /api/providers/mine/p-ds2/balance HTTP/1.1" 200 -
04:07:24.258 "GET /api/sessions?view=open HTTP/1.1" 200 -
04:07:28.311 "GET /api/sessions?view=open HTTP/1.1" 200 -
04:07:28.323 "GET /api/runners HTTP/1.1" 200 -
04:07:32.458 "GET /api/sessions?view=open HTTP/1.1" 200 -
04:07:32.469 "GET /api/projects/sidebar HTTP/1.1" 404 -
04:07:32.488 "GET /api/projects HTTP/1.1" 200 -
04:07:36.777 "GET /api/sessions?view=open HTTP/1.1" 200 -
04:07:38.499 "GET /api/runners HTTP/1.1" 200 -
04:07:38.537 "GET /api/agents HTTP/1.1" 200 -
04:07:41.100 "GET /api/sessions?view=open HTTP/1.1" 200 -
04:07:45.209 "GET /api/sessions?view=open HTTP/1.1" 200 -
04:07:45.217 "GET /api/runners HTTP/1.1" 200 -
04:07:45.223 "GET /api/watches?state=ACTIVE HTTP/1.1" 200 -
04:07:45.229 "GET /api/watches?state=PAUSED HTTP/1.1" 200 -
04:07:45.241 "GET /api/watches HTTP/1.1" 200 -
04:07:45.271 "GET /api/watches?needsAttention=true HTTP/1.1" 200 -
04:07:49.625 "GET /api/sessions?view=open HTTP/1.1" 200 -
04:07:49.665 "GET /api/projects HTTP/1.1" 200 -
04:07:49.665 "GET /api/projects/sidebar HTTP/1.1" 404 -
04:07:53.699 "GET /api/runners HTTP/1.1" 200 -
04:07:53.701 "GET /api/sessions?view=open HTTP/1.1" 200 -
04:07:53.722 "GET /api/agents HTTP/1.1" 200 -
04:07:57.938 "GET /api/sessions?view=open HTTP/1.1" 200 -
04:08:02.138 "GET /api/sessions?view=open HTTP/1.1" 200 -
04:08:02.143 "GET /api/runners HTTP/1.1" 200 -
04:08:06.197 "GET /api/sessions?view=open HTTP/1.1" 200 -
04:08:06.206 "GET /api/projects HTTP/1.1" 200 -
04:08:06.210 "GET /api/projects/sidebar HTTP/1.1" 404 -
04:08:09.020 "GET /api/runners HTTP/1.1" 200 -
04:08:09.026 "GET /api/agents HTTP/1.1" 200 -
04:08:10.231 "GET /api/sessions?view=open HTTP/1.1" 200 -
04:08:14.386 "GET /api/sessions?view=open HTTP/1.1" 200 -
04:08:18.604 "GET /api/sessions?view=open HTTP/1.1" 200 -
04:08:18.608 "GET /api/runners HTTP/1.1" 200 -
04:08:18.612 "GET /api/watches?state=ACTIVE HTTP/1.1" 200 -
04:08:18.616 "GET /api/watches?state=PAUSED HTTP/1.1" 200 -
04:08:18.622 "GET /api/watches HTTP/1.1" 200 -
04:08:18.627 "GET /api/watches?needsAttention=true HTTP/1.1" 200 -
04:08:23.019 "GET /api/sessions?view=open HTTP/1.1" 200 -
04:08:23.031 "GET /api/projects HTTP/1.1" 200 -
04:08:23.034 "GET /api/projects/sidebar HTTP/1.1" 404 -
04:08:24.106 "GET /api/runners HTTP/1.1" 200 -
04:08:24.113 "GET /api/agents HTTP/1.1" 200 -
04:08:27.138 "GET /api/sessions?view=open HTTP/1.1" 200 -
04:08:31.187 "GET /api/sessions?view=open HTTP/1.1" 200 -
04:08:35.248 "GET /api/sessions?view=open HTTP/1.1" 200 -
04:08:35.258 "GET /api/runners HTTP/1.1" 200 -
04:08:39.320 "GET /api/runners HTTP/1.1" 200 -
04:08:39.325 "GET /api/sessions?view=open HTTP/1.1" 200 -
04:08:39.336 "GET /api/agents HTTP/1.1" 200 -
04:08:39.354 "GET /api/projects/sidebar HTTP/1.1" 404 -
04:08:39.358 "GET /api/projects HTTP/1.1" 200 -
04:08:41.475 "GET /api/sessions/counts HTTP/1.1" 404 -
04:08:43.422 "GET /api/sessions?view=open HTTP/1.1" 200 -
04:08:47.536 "GET /api/sessions?view=open HTTP/1.1" 200 -
04:08:51.712 "GET /api/sessions?view=open HTTP/1.1" 200 -
04:08:51.731 "GET /api/runners HTTP/1.1" 200 -
04:08:51.738 "GET /api/watches?state=ACTIVE HTTP/1.1" 200 -
04:08:51.750 "GET /api/watches?state=PAUSED HTTP/1.1" 200 -
04:08:51.758 "GET /api/watches HTTP/1.1" 200 -
04:08:51.765 "GET /api/watches?needsAttention=true HTTP/1.1" 200 -
04:08:56.155 "GET /api/sessions?view=open HTTP/1.1" 200 -
04:08:56.163 "GET /api/projects/sidebar HTTP/1.1" 404 -
04:08:56.163 "GET /api/projects HTTP/1.1" 200 -
04:08:56.876 "GET /api/runners HTTP/1.1" 200 -
04:08:56.892 "GET /api/agents HTTP/1.1" 200 -
04:08:56.939 "GET /api/sessions/counts HTTP/1.1" 404 -
04:09:00.847 "GET /api/sessions?view=open HTTP/1.1" 200 -
04:09:04.971 "GET /api/sessions?view=open HTTP/1.1" 200 -
04:09:09.736 "GET /api/sessions?view=open HTTP/1.1" 200 -
04:09:10.434 "GET /api/runners HTTP/1.1" 200 -
04:09:13.720 "POST /__reset HTTP/1.1" 200 -
04:09:18.687 "GET /api/projects/sidebar HTTP/1.1" 404 -
04:09:18.687 "GET /api/agents HTTP/1.1" 200 -
04:09:18.688 "GET /api/task-lists HTTP/1.1" 200 -
04:09:18.692 "GET /api/wiki/spaces HTTP/1.1" 404 -
04:09:18.698 "GET /api/projects HTTP/1.1" 200 -
04:09:18.701 "GET /api/agents HTTP/1.1" 200 -
04:09:19.116 "GET /api/events HTTP/1.1" 404 -
04:09:19.158 "GET /api/users/me HTTP/1.1" 404 -
04:09:19.158 "GET /api/tasks/page?limit=1&listId=none&projectId=none&counts=total HTTP/1.1" 404 -
04:09:19.159 "GET /api/runners HTTP/1.1" 200 -
04:09:19.170 "GET /api/providers HTTP/1.1" 200 -
04:09:19.229 "GET /api/sessions?view=open&since= HTTP/1.1" 200 -
04:09:19.230 "GET /api/providers/pools HTTP/1.1" 200 -
04:09:19.238 "GET /api/providers HTTP/1.1" 200 -
04:09:19.273 "GET /api/providers/pools HTTP/1.1" 200 -
04:09:19.273 "GET /api/providers/shared-pools HTTP/1.1" 200 -
04:09:19.273 "GET /api/watches?state=ACTIVE HTTP/1.1" 200 -
04:09:19.359 "GET /api/watches?state=PAUSED HTTP/1.1" 200 -
04:09:19.366 "GET /api/watches HTTP/1.1" 200 -
04:09:19.371 "GET /api/watches?needsAttention=true HTTP/1.1" 200 -
04:09:19.449 "GET /api/session-tags HTTP/1.1" 200 -
04:09:20.027 "GET /api/providers/shared-pools HTTP/1.1" 200 -
04:09:20.027 "GET /api/providers/pools HTTP/1.1" 200 -
04:09:20.072 "GET /api/share-links?kind=SESSION,TASK,PROJECT,WIKI HTTP/1.1" 200 -
04:09:20.073 "GET /api/runners HTTP/1.1" 200 -
04:09:20.086 "GET /api/access-tokens HTTP/1.1" 404 -
04:09:21.594 "GET /api/projects/sidebar HTTP/1.1" 404 -
04:09:21.595 "GET /api/projects HTTP/1.1" 200 -
04:09:21.597 "GET /api/providers/shared-pools HTTP/1.1" 200 -
04:09:21.597 "GET /api/sessions?view=open HTTP/1.1" 200 -
04:09:21.598 "GET /api/session-folders HTTP/1.1" 200 -
04:09:21.718 "GET /api/projects/sidebar HTTP/1.1" 404 -
04:09:21.797 "GET /api/projects HTTP/1.1" 200 -
04:09:21.797 "GET /api/auth/capabilities HTTP/1.1" 404 -
04:09:22.591 "GET /api/agents HTTP/1.1" 200 -
04:09:26.705 "GET /api/sessions?view=open HTTP/1.1" 200 -
04:09:29.852 "GET /dl/version.json HTTP/1.1" 404 -
04:09:29.888 "GET /api/runners HTTP/1.1" 200 -
04:09:29.957 "GET /api/providers/mine HTTP/1.1" 200 -
04:09:29.964 "GET /api/providers/pools HTTP/1.1" 200 -
04:09:29.997 "GET /api/providers/mine HTTP/1.1" 200 -
04:09:30.541 "GET /api/providers/shared-pools HTTP/1.1" 200 -
04:09:31.985 "GET /api/agents HTTP/1.1" 200 -
04:09:32.303 "GET /api/providers/mine/p-ds/balance HTTP/1.1" 200 -
04:09:32.741 "GET /api/providers/mine/p-ds2/balance HTTP/1.1" 200 -
04:09:32.754 "GET /api/sessions?view=open HTTP/1.1" 200 -
04:09:36.826 "GET /api/sessions?view=open HTTP/1.1" 200 -
04:09:36.830 "GET /api/runners HTTP/1.1" 200 -
04:09:36.838 "GET /api/projects HTTP/1.1" 200 -
04:09:36.839 "GET /api/projects/sidebar HTTP/1.1" 404 -
04:09:40.956 "GET /api/sessions?view=open HTTP/1.1" 200 -
04:09:45.000 "GET /api/sessions?view=open HTTP/1.1" 200 -
04:09:48.091 "GET /api/runners HTTP/1.1" 200 -
04:09:48.180 "GET /api/agents HTTP/1.1" 200 -
04:09:49.062 "GET /api/sessions?view=open HTTP/1.1" 200 -
04:09:53.301 "GET /api/sessions?view=open HTTP/1.1" 200 -
04:09:53.316 "GET /api/runners HTTP/1.1" 200 -
04:09:53.327 "GET /api/watches?state=ACTIVE HTTP/1.1" 200 -
04:09:53.332 "GET /api/watches?state=PAUSED HTTP/1.1" 200 -
04:09:53.342 "GET /api/watches HTTP/1.1" 200 -
04:09:53.346 "GET /api/watches?needsAttention=true HTTP/1.1" 200 -
04:09:53.354 "GET /api/projects/sidebar HTTP/1.1" 404 -
04:09:53.354 "GET /api/projects HTTP/1.1" 200 -
04:09:57.565 "GET /api/sessions?view=open HTTP/1.1" 200 -
04:10:01.896 "GET /api/sessions?view=open HTTP/1.1" 200 -
04:10:04.790 "GET /api/runners HTTP/1.1" 200 -
04:10:04.822 "GET /api/agents HTTP/1.1" 200 -
04:10:06.070 "GET /api/sessions?view=open HTTP/1.1" 200 -
04:10:10.569 "GET /api/sessions?view=open HTTP/1.1" 200 -
04:10:10.600 "GET /api/runners HTTP/1.1" 200 -
04:10:10.610 "GET /api/projects/sidebar HTTP/1.1" 404 -
04:10:10.612 "GET /api/projects HTTP/1.1" 200 -
04:10:16.011 "GET /api/sessions?view=open HTTP/1.1" 200 -
04:10:20.484 "GET /api/sessions?view=open HTTP/1.1" 200 -
04:10:21.276 "GET /api/runners HTTP/1.1" 200 -
04:10:21.291 "GET /api/agents HTTP/1.1" 200 -
04:10:24.956 "GET /api/sessions?view=open HTTP/1.1" 200 -
04:10:24.971 "GET /api/watches?state=ACTIVE HTTP/1.1" 200 -
04:10:24.995 "GET /api/watches?state=PAUSED HTTP/1.1" 200 -
04:10:25.005 "GET /api/watches HTTP/1.1" 200 -
04:10:25.014 "GET /api/watches?needsAttention=true HTTP/1.1" 200 -
04:10:25.787 "GET /api/projects/sidebar HTTP/1.1" 404 -
04:10:25.787 "GET /api/projects HTTP/1.1" 200 -
04:10:30.321 "GET /api/sessions?view=open HTTP/1.1" 200 -
04:10:30.333 "GET /api/runners HTTP/1.1" 200 -
04:10:35.439 "GET /api/sessions?view=open HTTP/1.1" 200 -
04:10:41.087 "GET /api/sessions?view=open HTTP/1.1" 200 -
04:10:41.143 "GET /api/projects HTTP/1.1" 200 -
04:10:41.145 "GET /api/projects/sidebar HTTP/1.1" 404 -
04:10:45.682 "GET /api/sessions?view=open HTTP/1.1" 200 -
04:10:45.697 "GET /api/runners HTTP/1.1" 200 -
04:10:50.909 "GET /api/sessions?view=open HTTP/1.1" 200 -
04:10:55.197 "GET /api/sessions?view=open HTTP/1.1" 200 -
04:10:55.207 "GET /api/watches?state=ACTIVE HTTP/1.1" 200 -
04:10:55.213 "GET /api/watches?state=PAUSED HTTP/1.1" 200 -
04:10:55.217 "GET /api/watches HTTP/1.1" 200 -
04:10:55.221 "GET /api/watches?needsAttention=true HTTP/1.1" 200 -
04:10:59.428 "GET /api/sessions?view=open HTTP/1.1" 200 -
04:10:59.451 "GET /api/projects HTTP/1.1" 200 -
04:10:59.453 "GET /api/projects/sidebar HTTP/1.1" 404 -
04:11:03.223 "POST /__reset HTTP/1.1" 200 -
04:11:07.864 "GET /api/task-lists HTTP/1.1" 200 -
04:11:07.865 "GET /api/agents HTTP/1.1" 200 -
04:11:07.865 "GET /api/projects/sidebar HTTP/1.1" 404 -
04:11:07.866 "GET /api/agents HTTP/1.1" 200 -
04:11:07.866 "GET /api/projects HTTP/1.1" 200 -
04:11:08.576 "GET /api/events HTTP/1.1" 404 -
04:11:08.691 "GET /api/tasks/page?limit=1&listId=none&projectId=none&counts=total HTTP/1.1" 404 -
04:11:08.724 "GET /api/runners HTTP/1.1" 200 -
04:11:08.728 "GET /api/users/me HTTP/1.1" 404 -
04:11:08.729 "GET /api/providers HTTP/1.1" 200 -
04:11:08.832 "GET /api/providers HTTP/1.1" 200 -
04:11:08.850 "GET /api/wiki/spaces HTTP/1.1" 404 -
04:11:08.850 "GET /api/sessions?view=open&since= HTTP/1.1" 200 -
04:11:08.905 "GET /api/providers/pools HTTP/1.1" 200 -
04:11:09.004 "GET /api/providers/pools HTTP/1.1" 200 -
04:11:09.005 "GET /api/watches?state=ACTIVE HTTP/1.1" 200 -
04:11:09.005 "GET /api/providers/shared-pools HTTP/1.1" 200 -
04:11:09.024 "GET /api/watches?state=PAUSED HTTP/1.1" 200 -
04:11:09.042 "GET /api/providers/shared-pools HTTP/1.1" 200 -
04:11:09.043 "GET /api/watches HTTP/1.1" 200 -
04:11:09.083 "GET /api/watches?needsAttention=true HTTP/1.1" 200 -
04:11:09.254 "GET /api/session-tags HTTP/1.1" 200 -
04:11:09.863 "GET /api/runners HTTP/1.1" 200 -
04:11:09.863 "GET /api/providers/pools HTTP/1.1" 200 -
04:11:09.864 "GET /api/share-links?kind=SESSION,TASK,PROJECT,WIKI HTTP/1.1" 200 -
04:11:09.864 "GET /api/providers/shared-pools HTTP/1.1" 200 -
04:11:09.864 "GET /api/access-tokens HTTP/1.1" 404 -
04:11:11.132 "GET /api/projects/sidebar HTTP/1.1" 404 -
04:11:11.134 "GET /api/projects HTTP/1.1" 200 -
04:11:11.135 "GET /api/session-folders HTTP/1.1" 200 -
04:11:11.135 "GET /api/sessions?view=open HTTP/1.1" 200 -
04:11:11.185 "GET /api/agents HTTP/1.1" 200 -
04:11:11.222 "GET /api/auth/capabilities HTTP/1.1" 404 -
04:11:11.411 "GET /api/projects HTTP/1.1" 200 -
04:11:11.426 "GET /api/projects/sidebar HTTP/1.1" 404 -
04:11:15.301 "GET /api/sessions?view=open HTTP/1.1" 200 -
04:11:16.626 "GET /api/providers/mine HTTP/1.1" 200 -
04:11:16.640 "GET /dl/version.json HTTP/1.1" 404 -
04:11:16.643 "GET /api/providers/pools HTTP/1.1" 200 -
04:11:16.647 "GET /api/runners HTTP/1.1" 200 -
04:11:16.657 "GET /api/providers/mine HTTP/1.1" 200 -
04:11:16.985 "GET /api/agents HTTP/1.1" 200 -
04:11:17.120 "GET /api/providers/mine/p-ds2/balance HTTP/1.1" 200 -
04:11:17.140 "GET /api/providers/mine/p-ds/balance HTTP/1.1" 200 -
04:11:17.551 "GET /api/providers/shared-pools HTTP/1.1" 200 -
04:11:19.440 "GET /api/sessions?view=open HTTP/1.1" 200 -
04:11:23.713 "GET /api/sessions?view=open HTTP/1.1" 200 -
04:11:23.721 "GET /api/runners HTTP/1.1" 200 -
04:11:27.973 "GET /api/sessions?view=open HTTP/1.1" 200 -
04:11:27.985 "GET /api/projects HTTP/1.1" 200 -
04:11:27.985 "GET /api/projects/sidebar HTTP/1.1" 404 -
04:11:32.059 "GET /api/sessions?view=open HTTP/1.1" 200 -
04:11:33.819 "GET /api/runners HTTP/1.1" 200 -
04:11:33.825 "GET /api/agents HTTP/1.1" 200 -
04:11:36.170 "GET /api/sessions?view=open HTTP/1.1" 200 -
04:11:40.318 "GET /api/sessions?view=open HTTP/1.1" 200 -
04:11:40.581 "GET /api/runners HTTP/1.1" 200 -
04:11:40.996 "GET /api/watches?state=ACTIVE HTTP/1.1" 200 -
04:11:41.001 "GET /api/watches?state=PAUSED HTTP/1.1" 200 -
04:11:41.005 "GET /api/watches HTTP/1.1" 200 -
04:11:41.010 "GET /api/watches?needsAttention=true HTTP/1.1" 200 -
04:11:45.241 "GET /api/sessions?view=open HTTP/1.1" 200 -
04:11:45.248 "GET /api/projects/sidebar HTTP/1.1" 404 -
04:11:45.254 "GET /api/projects HTTP/1.1" 200 -
04:11:49.620 "GET /api/runners HTTP/1.1" 200 -
04:11:49.635 "GET /api/sessions?view=open HTTP/1.1" 200 -
04:11:49.638 "GET /api/agents HTTP/1.1" 200 -
04:11:54.128 "GET /api/sessions?view=open HTTP/1.1" 200 -
04:11:58.718 "GET /api/sessions?view=open HTTP/1.1" 200 -
04:11:58.730 "GET /api/runners HTTP/1.1" 200 -
04:12:02.835 "GET /api/sessions?view=open HTTP/1.1" 200 -
04:12:02.851 "GET /api/projects HTTP/1.1" 200 -
04:12:02.868 "GET /api/projects/sidebar HTTP/1.1" 404 -
04:12:05.139 "GET /api/runners HTTP/1.1" 200 -
04:12:05.561 "GET /api/agents HTTP/1.1" 200 -
04:12:07.211 "GET /api/sessions?view=open HTTP/1.1" 200 -
04:12:12.066 "GET /api/sessions?view=open HTTP/1.1" 200 -
04:12:12.818 "GET /api/watches?state=ACTIVE HTTP/1.1" 200 -
04:12:12.825 "GET /api/watches?state=PAUSED HTTP/1.1" 200 -
04:12:12.837 "GET /api/watches HTTP/1.1" 200 -
04:12:12.848 "GET /api/watches?needsAttention=true HTTP/1.1" 200 -
04:12:17.043 "GET /api/sessions?view=open HTTP/1.1" 200 -
04:12:17.053 "GET /api/runners HTTP/1.1" 200 -
04:12:21.353 "GET /api/sessions?view=open HTTP/1.1" 200 -
04:12:21.362 "GET /api/projects/sidebar HTTP/1.1" 404 -
04:12:21.364 "GET /api/projects HTTP/1.1" 200 -
04:12:25.846 "GET /api/sessions?view=open HTTP/1.1" 200 -
04:12:30.278 "GET /api/sessions?view=open HTTP/1.1" 200 -
04:12:33.434 "POST /__reset HTTP/1.1" 200 -
04:12:37.537 "GET /api/agents HTTP/1.1" 200 -
04:12:37.538 "GET /api/agents HTTP/1.1" 200 -
04:12:37.540 "GET /api/projects HTTP/1.1" 200 -
04:12:37.541 "GET /api/wiki/spaces HTTP/1.1" 404 -
04:12:37.541 "GET /api/projects/sidebar HTTP/1.1" 404 -
04:12:37.542 "GET /api/task-lists HTTP/1.1" 200 -
04:12:38.189 "GET /api/events HTTP/1.1" 404 -
04:12:38.219 "GET /api/providers HTTP/1.1" 200 -
04:12:38.219 "GET /api/users/me HTTP/1.1" 404 -
04:12:38.221 "GET /api/runners HTTP/1.1" 200 -
04:12:38.244 "GET /api/tasks/page?limit=1&listId=none&projectId=none&counts=total HTTP/1.1" 404 -
04:12:38.314 "GET /api/providers/pools HTTP/1.1" 200 -
04:12:38.315 "GET /api/sessions?view=open&since= HTTP/1.1" 200 -
04:12:38.315 "GET /api/providers HTTP/1.1" 200 -
04:12:38.357 "GET /api/providers/pools HTTP/1.1" 200 -
04:12:38.376 "GET /api/providers/shared-pools HTTP/1.1" 200 -
04:12:38.393 "GET /api/watches?state=ACTIVE HTTP/1.1" 200 -
04:12:38.393 "GET /api/providers/shared-pools HTTP/1.1" 200 -
04:12:38.416 "GET /api/watches?state=PAUSED HTTP/1.1" 200 -
04:12:38.449 "GET /api/watches HTTP/1.1" 200 -
04:12:38.484 "GET /api/watches?needsAttention=true HTTP/1.1" 200 -
04:12:38.531 "GET /api/session-tags HTTP/1.1" 200 -
04:12:38.854 "GET /api/projects HTTP/1.1" 200 -
04:12:38.856 "GET /api/projects/sidebar HTTP/1.1" 404 -
04:12:38.856 "GET /api/sessions?view=open HTTP/1.1" 200 -
04:12:38.856 "GET /api/session-folders HTTP/1.1" 200 -
04:12:39.339 "GET /api/runners HTTP/1.1" 200 -
04:12:42.269 "GET /api/auth/capabilities HTTP/1.1" 404 -
04:12:42.270 "GET /api/providers/pools HTTP/1.1" 200 -
04:12:44.686 "GET /api/projects/sidebar HTTP/1.1" 404 -
04:12:44.766 "GET /api/projects HTTP/1.1" 200 -
04:12:44.884 "GET /api/providers/shared-pools HTTP/1.1" 200 -
04:12:45.353 "GET /api/providers HTTP/1.1" 200 -
04:12:47.531 "GET /api/sessions?view=open HTTP/1.1" 200 -
04:12:51.718 "GET /api/sessions?view=open HTTP/1.1" 200 -
04:12:56.299 "GET /api/sessions?view=open HTTP/1.1" 200 -
04:12:56.323 "GET /api/runners HTTP/1.1" 200 -
04:12:56.337 "GET /api/projects/sidebar HTTP/1.1" 404 -
04:12:56.348 "GET /api/projects HTTP/1.1" 200 -
04:13:00.420 "GET /api/sessions?view=open HTTP/1.1" 200 -
04:13:04.577 "GET /api/sessions?view=open HTTP/1.1" 200 -
04:13:08.916 "GET /api/sessions?view=open HTTP/1.1" 200 -
04:13:09.443 "GET /api/watches?state=ACTIVE HTTP/1.1" 200 -
04:13:09.468 "GET /api/watches?state=PAUSED HTTP/1.1" 200 -
04:13:09.510 "GET /api/watches HTTP/1.1" 200 -
04:13:09.534 "GET /api/watches?needsAttention=true HTTP/1.1" 200 -
04:13:14.105 "GET /api/sessions?view=open HTTP/1.1" 200 -
04:13:14.168 "GET /api/runners HTTP/1.1" 200 -
04:13:14.193 "GET /api/projects/sidebar HTTP/1.1" 404 -
04:13:14.199 "GET /api/projects HTTP/1.1" 200 -
04:13:18.301 "GET /api/sessions?view=open HTTP/1.1" 200 -
    POST /__set body: {"keys": "nodeepseek"}
04:13:22.697 "POST /__set HTTP/1.1" 200 -
04:13:27.280 "GET /api/agents HTTP/1.1" 200 -
04:13:27.280 "GET /api/agents HTTP/1.1" 200 -
04:13:27.280 "GET /api/projects/sidebar HTTP/1.1" 404 -
04:13:27.280 "GET /api/wiki/spaces HTTP/1.1" 404 -
04:13:27.283 "GET /api/task-lists HTTP/1.1" 200 -
04:13:27.985 "GET /api/events HTTP/1.1" 404 -
04:13:27.987 "GET /api/runners HTTP/1.1" 200 -
04:13:27.988 "GET /api/users/me HTTP/1.1" 404 -
04:13:27.988 "GET /api/providers HTTP/1.1" 200 -
04:13:28.007 "GET /api/tasks/page?limit=1&listId=none&projectId=none&counts=total HTTP/1.1" 404 -
04:13:28.106 "GET /api/sessions?view=open&since= HTTP/1.1" 200 -
04:13:28.191 "GET /api/providers HTTP/1.1" 200 -
04:13:28.193 "GET /api/providers/pools HTTP/1.1" 200 -
04:13:28.208 "GET /api/watches?state=ACTIVE HTTP/1.1" 200 -
04:13:28.302 "GET /api/providers/pools HTTP/1.1" 200 -
04:13:28.303 "GET /api/projects HTTP/1.1" 200 -
04:13:28.321 "GET /api/watches?state=PAUSED HTTP/1.1" 200 -
04:13:28.321 "GET /api/providers/shared-pools HTTP/1.1" 200 -
04:13:28.419 "GET /api/providers/shared-pools HTTP/1.1" 200 -
04:13:28.452 "GET /api/watches HTTP/1.1" 200 -
04:13:28.507 "GET /api/watches?needsAttention=true HTTP/1.1" 200 -
04:13:28.595 "GET /api/session-tags HTTP/1.1" 200 -
04:13:28.976 "GET /api/projects HTTP/1.1" 200 -
04:13:28.980 "GET /api/sessions?view=open HTTP/1.1" 200 -
04:13:28.981 "GET /api/projects/sidebar HTTP/1.1" 404 -
04:13:28.984 "GET /api/session-folders HTTP/1.1" 200 -
04:13:29.350 "GET /api/runners HTTP/1.1" 200 -
04:13:30.590 "GET /api/auth/capabilities HTTP/1.1" 404 -
04:13:30.675 "GET /api/providers/pools HTTP/1.1" 200 -
04:13:31.367 "GET /api/projects/sidebar HTTP/1.1" 404 -
04:13:31.368 "GET /api/projects HTTP/1.1" 200 -
04:13:31.370 "GET /api/providers/shared-pools HTTP/1.1" 200 -
04:13:31.691 "GET /api/providers HTTP/1.1" 200 -
04:13:35.258 "GET /api/sessions?view=open HTTP/1.1" 200 -
04:13:39.426 "GET /api/sessions?view=open HTTP/1.1" 200 -
04:13:42.227 "POST /__reset HTTP/1.1" 200 -
04:13:45.219 "GET /api/agents HTTP/1.1" 200 -
04:13:45.220 "GET /api/agents HTTP/1.1" 200 -
04:13:45.226 "GET /api/projects HTTP/1.1" 200 -
04:13:45.228 "GET /api/task-lists HTTP/1.1" 200 -
04:13:45.228 "GET /api/projects/sidebar HTTP/1.1" 404 -
04:13:45.740 "GET /api/events HTTP/1.1" 404 -
04:13:45.779 "GET /api/users/me HTTP/1.1" 404 -
04:13:45.798 "GET /api/tasks/page?limit=1&listId=none&projectId=none&counts=total HTTP/1.1" 404 -
04:13:45.800 "GET /api/runners HTTP/1.1" 200 -
04:13:45.800 "GET /api/providers HTTP/1.1" 200 -
04:13:45.906 "GET /api/providers/pools HTTP/1.1" 200 -
04:13:45.925 "GET /api/providers HTTP/1.1" 200 -
04:13:45.928 "GET /api/sessions?view=open&since= HTTP/1.1" 200 -
04:13:45.962 "GET /api/providers/shared-pools HTTP/1.1" 200 -
04:13:45.982 "GET /api/providers/pools HTTP/1.1" 200 -
04:13:46.073 "GET /api/watches?state=ACTIVE HTTP/1.1" 200 -
04:13:46.074 "GET /api/providers/shared-pools HTTP/1.1" 200 -
04:13:46.142 "GET /api/watches?state=PAUSED HTTP/1.1" 200 -
04:13:46.174 "GET /api/session-tags HTTP/1.1" 200 -
04:13:46.194 "GET /api/watches HTTP/1.1" 200 -
04:13:46.250 "GET /api/wiki/spaces HTTP/1.1" 404 -
04:13:46.251 "GET /api/watches?needsAttention=true HTTP/1.1" 200 -
04:13:46.442 "GET /api/runners HTTP/1.1" 200 -
04:13:48.023 "GET /api/sessions?view=open HTTP/1.1" 200 -
04:13:48.026 "GET /api/session-folders HTTP/1.1" 200 -
04:13:48.044 "GET /api/projects/sidebar HTTP/1.1" 404 -
04:13:48.045 "GET /api/projects HTTP/1.1" 200 -
04:13:48.086 "GET /api/providers/pools HTTP/1.1" 200 -
04:13:48.943 "GET /api/providers/shared-pools HTTP/1.1" 200 -
04:13:48.945 "GET /api/auth/capabilities HTTP/1.1" 404 -
04:13:48.995 "GET /api/projects HTTP/1.1" 200 -
04:13:49.075 "GET /api/projects/sidebar HTTP/1.1" 404 -
04:13:49.344 "GET /api/providers HTTP/1.1" 200 -
04:13:53.227 "GET /api/sessions?view=open HTTP/1.1" 200 -
04:13:57.320 "GET /api/sessions?view=open HTTP/1.1" 200 -
04:14:01.480 "GET /api/sessions?view=open HTTP/1.1" 200 -
04:14:01.496 "GET /api/runners HTTP/1.1" 200 -
04:14:05.582 "GET /api/sessions?view=open HTTP/1.1" 200 -
04:14:05.607 "GET /api/projects/sidebar HTTP/1.1" 404 -
04:14:05.610 "GET /api/projects HTTP/1.1" 200 -
04:14:09.862 "GET /api/sessions?view=open HTTP/1.1" 200 -
04:14:14.118 "GET /api/sessions?view=open HTTP/1.1" 200 -
    POST /__set body: {"keys": "nodeepseek"}
04:14:19.347 "POST /__set HTTP/1.1" 200 -
04:14:23.536 "GET /api/task-lists HTTP/1.1" 200 -
04:14:23.536 "GET /api/agents HTTP/1.1" 200 -
04:14:23.540 "GET /api/agents HTTP/1.1" 200 -
04:14:23.542 "GET /api/projects/sidebar HTTP/1.1" 404 -
04:14:23.544 "GET /api/projects HTTP/1.1" 200 -
04:14:24.099 "GET /api/events HTTP/1.1" 404 -
04:14:24.103 "GET /api/tasks/page?limit=1&listId=none&projectId=none&counts=total HTTP/1.1" 404 -
04:14:24.166 "GET /api/users/me HTTP/1.1" 404 -
04:14:24.192 "GET /api/runners HTTP/1.1" 200 -
04:14:24.193 "GET /api/providers HTTP/1.1" 200 -
04:14:24.234 "GET /api/sessions?view=open&since= HTTP/1.1" 200 -
04:14:24.246 "GET /api/providers/pools HTTP/1.1" 200 -
04:14:24.246 "GET /api/providers HTTP/1.1" 200 -
04:14:24.285 "GET /api/providers/pools HTTP/1.1" 200 -
04:14:24.296 "GET /api/watches?state=ACTIVE HTTP/1.1" 200 -
04:14:24.298 "GET /api/providers/shared-pools HTTP/1.1" 200 -
04:14:24.345 "GET /api/providers/shared-pools HTTP/1.1" 200 -
04:14:24.388 "GET /api/watches?state=PAUSED HTTP/1.1" 200 -
04:14:24.407 "GET /api/watches HTTP/1.1" 200 -
04:14:24.418 "GET /api/watches?needsAttention=true HTTP/1.1" 200 -
04:14:24.493 "GET /api/session-tags HTTP/1.1" 200 -
04:14:24.536 "GET /api/wiki/spaces HTTP/1.1" 404 -
04:14:24.874 "GET /api/projects HTTP/1.1" 200 -
04:14:24.875 "GET /api/sessions?view=open HTTP/1.1" 200 -
04:14:24.876 "GET /api/projects/sidebar HTTP/1.1" 404 -
04:14:24.956 "GET /api/session-folders HTTP/1.1" 200 -
04:14:25.184 "GET /api/runners HTTP/1.1" 200 -
04:14:26.618 "GET /api/auth/capabilities HTTP/1.1" 404 -
04:14:26.795 "GET /api/providers/pools HTTP/1.1" 200 -
04:14:27.216 "GET /api/projects HTTP/1.1" 200 -
04:14:27.270 "GET /api/projects/sidebar HTTP/1.1" 404 -
04:14:27.320 "GET /api/providers/shared-pools HTTP/1.1" 200 -
04:14:27.639 "GET /api/providers HTTP/1.1" 200 -
04:14:31.142 "GET /api/sessions?view=open HTTP/1.1" 200 -
04:14:35.310 "GET /api/sessions?view=open HTTP/1.1" 200 -
04:14:40.289 "POST /__reset HTTP/1.1" 200 -
04:14:44.111 "GET /api/agents HTTP/1.1" 200 -
04:14:44.111 "GET /api/projects/sidebar HTTP/1.1" 404 -
04:14:44.117 "GET /api/agents HTTP/1.1" 200 -
04:14:44.119 "GET /api/task-lists HTTP/1.1" 200 -
04:14:44.123 "GET /api/projects HTTP/1.1" 200 -
04:14:44.821 "GET /api/runners HTTP/1.1" 200 -
04:14:44.823 "GET /api/events HTTP/1.1" 404 -
04:14:44.824 "GET /api/providers HTTP/1.1" 200 -
04:14:44.824 "GET /api/users/me HTTP/1.1" 404 -
04:14:44.825 "GET /api/tasks/page?limit=1&listId=none&projectId=none&counts=total HTTP/1.1" 404 -
04:14:44.966 "GET /api/providers HTTP/1.1" 200 -
04:14:44.983 "GET /api/sessions?view=open&since= HTTP/1.1" 200 -
04:14:45.014 "GET /api/providers/pools HTTP/1.1" 200 -
04:14:45.082 "GET /api/providers/pools HTTP/1.1" 200 -
04:14:45.086 "GET /api/watches?state=ACTIVE HTTP/1.1" 200 -
04:14:45.091 "GET /api/providers/shared-pools HTTP/1.1" 200 -
04:14:45.091 "GET /api/watches?state=PAUSED HTTP/1.1" 200 -
04:14:45.091 "GET /api/providers/shared-pools HTTP/1.1" 200 -
04:14:45.104 "GET /api/watches HTTP/1.1" 200 -
04:14:45.115 "GET /api/wiki/spaces HTTP/1.1" 404 -
04:14:45.118 "GET /api/watches?needsAttention=true HTTP/1.1" 200 -
04:14:45.355 "GET /api/session-tags HTTP/1.1" 200 -
04:14:45.493 "GET /api/runners HTTP/1.1" 200 -
04:14:46.920 "GET /api/projects HTTP/1.1" 200 -
04:14:46.925 "GET /api/projects/sidebar HTTP/1.1" 404 -
04:14:46.929 "GET /api/sessions?view=open HTTP/1.1" 200 -
04:14:46.932 "GET /api/session-folders HTTP/1.1" 200 -
04:14:46.933 "GET /api/providers/pools HTTP/1.1" 200 -
04:14:48.162 "GET /api/providers/shared-pools HTTP/1.1" 200 -
04:14:48.412 "GET /api/auth/capabilities HTTP/1.1" 404 -
04:14:48.422 "GET /api/projects HTTP/1.1" 200 -
04:14:48.427 "GET /api/projects/sidebar HTTP/1.1" 404 -
04:14:48.429 "GET /api/providers HTTP/1.1" 200 -
04:14:52.635 "GET /api/sessions?view=open HTTP/1.1" 200 -
04:14:56.996 "GET /api/sessions?view=open HTTP/1.1" 200 -
04:15:01.164 "GET /api/sessions?view=open HTTP/1.1" 200 -
04:15:01.373 "GET /api/runners HTTP/1.1" 200 -
04:15:05.572 "GET /api/sessions?view=open HTTP/1.1" 200 -
04:15:05.610 "GET /api/projects/sidebar HTTP/1.1" 404 -
04:15:05.610 "GET /api/projects HTTP/1.1" 200 -
04:15:09.868 "GET /api/sessions?view=open HTTP/1.1" 200 -
04:15:14.238 "GET /api/sessions?view=open HTTP/1.1" 200 -
04:15:18.631 "GET /api/sessions?view=open HTTP/1.1" 200 -
04:15:18.855 "GET /api/runners HTTP/1.1" 200 -
04:15:18.863 "GET /api/watches?state=ACTIVE HTTP/1.1" 200 -
04:15:18.872 "GET /api/watches?state=PAUSED HTTP/1.1" 200 -
04:15:18.877 "GET /api/watches HTTP/1.1" 200 -
04:15:18.883 "GET /api/watches?needsAttention=true HTTP/1.1" 200 -
04:15:23.217 "GET /api/sessions?view=open HTTP/1.1" 200 -
04:15:23.237 "GET /api/projects/sidebar HTTP/1.1" 404 -
04:15:23.255 "GET /api/projects HTTP/1.1" 200 -
04:15:25.781 "POST /__reset HTTP/1.1" 200 -
04:15:29.350 "GET /api/agents HTTP/1.1" 200 -
04:15:29.391 "GET /api/agents HTTP/1.1" 200 -
04:15:29.392 "GET /api/task-lists HTTP/1.1" 200 -
04:15:29.397 "GET /api/projects/sidebar HTTP/1.1" 404 -
04:15:29.437 "GET /api/projects HTTP/1.1" 200 -
04:15:29.973 "GET /api/events HTTP/1.1" 404 -
04:15:30.069 "GET /api/users/me HTTP/1.1" 404 -
04:15:30.069 "GET /api/tasks/page?limit=1&listId=none&projectId=none&counts=total HTTP/1.1" 404 -
04:15:30.071 "GET /api/runners HTTP/1.1" 200 -
04:15:30.086 "GET /api/providers HTTP/1.1" 200 -
04:15:30.144 "GET /api/sessions?view=open&since= HTTP/1.1" 200 -
04:15:30.171 "GET /api/providers HTTP/1.1" 200 -
04:15:30.230 "GET /api/providers/pools HTTP/1.1" 200 -
04:15:30.292 "GET /api/providers/pools HTTP/1.1" 200 -
04:15:30.293 "GET /api/watches?state=ACTIVE HTTP/1.1" 200 -
04:15:30.295 "GET /api/providers/shared-pools HTTP/1.1" 200 -
04:15:30.375 "GET /api/providers/shared-pools HTTP/1.1" 200 -
04:15:30.445 "GET /api/watches?state=PAUSED HTTP/1.1" 200 -
04:15:30.454 "GET /api/wiki/spaces HTTP/1.1" 404 -
04:15:30.473 "GET /api/watches HTTP/1.1" 200 -
04:15:30.622 "GET /api/session-tags HTTP/1.1" 200 -
04:15:30.633 "GET /api/watches?needsAttention=true HTTP/1.1" 200 -
04:15:30.958 "GET /api/sessions?view=open HTTP/1.1" 200 -
04:15:30.966 "GET /api/session-folders HTTP/1.1" 200 -
04:15:30.976 "GET /api/projects HTTP/1.1" 200 -
04:15:30.979 "GET /api/projects/sidebar HTTP/1.1" 404 -
04:15:31.356 "GET /api/runners HTTP/1.1" 200 -
04:15:33.047 "GET /api/auth/capabilities HTTP/1.1" 404 -
04:15:33.149 "GET /api/providers/pools HTTP/1.1" 200 -
04:15:33.628 "GET /api/projects/sidebar HTTP/1.1" 404 -
04:15:33.802 "GET /api/projects HTTP/1.1" 200 -
04:15:33.805 "GET /api/providers/shared-pools HTTP/1.1" 200 -
04:15:33.942 "GET /api/providers HTTP/1.1" 200 -
04:15:37.431 "GET /api/sessions?view=open HTTP/1.1" 200 -
04:15:41.885 "GET /api/sessions?view=open HTTP/1.1" 200 -
04:15:46.279 "GET /api/sessions?view=open HTTP/1.1" 200 -
04:15:46.348 "GET /api/runners HTTP/1.1" 200 -
04:15:46.376 "GET /api/projects/sidebar HTTP/1.1" 404 -
04:15:46.378 "GET /api/projects HTTP/1.1" 200 -
04:15:50.559 "GET /api/sessions?view=open HTTP/1.1" 200 -
04:15:54.645 "GET /api/sessions?view=open HTTP/1.1" 200 -
04:15:58.781 "GET /api/sessions?view=open HTTP/1.1" 200 -
04:16:02.854 "GET /api/sessions?view=open HTTP/1.1" 200 -
04:16:02.961 "GET /api/runners HTTP/1.1" 200 -
04:16:02.975 "GET /api/watches?state=ACTIVE HTTP/1.1" 200 -
04:16:03.006 "GET /api/watches?state=PAUSED HTTP/1.1" 200 -
04:16:03.023 "GET /api/watches HTTP/1.1" 200 -
04:16:03.036 "GET /api/watches?needsAttention=true HTTP/1.1" 200 -
04:16:03.048 "GET /api/projects/sidebar HTTP/1.1" 404 -
04:16:03.049 "GET /api/projects HTTP/1.1" 200 -
04:16:06.822 "POST /__reset HTTP/1.1" 200 -
04:16:11.687 "GET /api/agents HTTP/1.1" 200 -
04:16:11.689 "GET /api/projects/sidebar HTTP/1.1" 404 -
04:16:11.702 "GET /api/agents HTTP/1.1" 200 -
04:16:11.711 "GET /api/task-lists HTTP/1.1" 200 -
04:16:11.735 "GET /api/projects HTTP/1.1" 200 -
04:16:12.274 "GET /api/events HTTP/1.1" 404 -
04:16:12.355 "GET /api/providers HTTP/1.1" 200 -
04:16:12.355 "GET /api/users/me HTTP/1.1" 404 -
04:16:12.356 "GET /api/runners HTTP/1.1" 200 -
04:16:12.360 "GET /api/tasks/page?limit=1&listId=none&projectId=none&counts=total HTTP/1.1" 404 -
04:16:12.445 "GET /api/sessions?view=open&since= HTTP/1.1" 200 -
04:16:12.448 "GET /api/providers/pools HTTP/1.1" 200 -
04:16:12.451 "GET /api/providers HTTP/1.1" 200 -
04:16:12.532 "GET /api/watches?state=ACTIVE HTTP/1.1" 200 -
04:16:12.533 "GET /api/providers/shared-pools HTTP/1.1" 200 -
04:16:12.533 "GET /api/providers/pools HTTP/1.1" 200 -
04:16:12.604 "GET /api/watches?state=PAUSED HTTP/1.1" 200 -
04:16:12.702 "GET /api/wiki/spaces HTTP/1.1" 404 -
04:16:12.702 "GET /api/watches HTTP/1.1" 200 -
04:16:12.770 "GET /api/session-tags HTTP/1.1" 200 -
04:16:12.773 "GET /api/watches?needsAttention=true HTTP/1.1" 200 -
04:16:13.046 "GET /api/providers/shared-pools HTTP/1.1" 200 -
04:16:13.084 "GET /api/sessions?view=open HTTP/1.1" 200 -
04:16:13.099 "GET /api/session-folders HTTP/1.1" 200 -
04:16:13.103 "GET /api/projects/sidebar HTTP/1.1" 404 -
04:16:13.149 "GET /api/projects HTTP/1.1" 200 -
04:16:13.521 "GET /api/runners HTTP/1.1" 200 -
04:16:15.285 "GET /api/auth/capabilities HTTP/1.1" 404 -
04:16:15.407 "GET /api/providers/pools HTTP/1.1" 200 -
04:16:15.760 "GET /api/projects/sidebar HTTP/1.1" 404 -
04:16:15.841 "GET /api/projects HTTP/1.1" 200 -
04:16:15.849 "GET /api/providers/shared-pools HTTP/1.1" 200 -
04:16:16.238 "GET /api/providers HTTP/1.1" 200 -
04:16:19.896 "GET /api/sessions?view=open HTTP/1.1" 200 -
04:16:24.186 "GET /api/sessions?view=open HTTP/1.1" 200 -
04:16:28.420 "GET /api/sessions?view=open HTTP/1.1" 200 -
04:16:28.472 "GET /api/runners HTTP/1.1" 200 -
04:16:28.501 "GET /api/projects HTTP/1.1" 200 -
04:16:28.502 "GET /api/projects/sidebar HTTP/1.1" 404 -
04:16:32.842 "GET /api/sessions?view=open HTTP/1.1" 200 -
04:16:37.089 "GET /api/sessions?view=open HTTP/1.1" 200 -
04:16:41.203 "GET /api/sessions?view=open HTTP/1.1" 200 -
04:16:45.574 "GET /api/sessions?view=open HTTP/1.1" 200 -
04:16:45.771 "GET /api/runners HTTP/1.1" 200 -
04:16:45.839 "GET /api/watches?state=ACTIVE HTTP/1.1" 200 -
04:16:45.852 "GET /api/watches?state=PAUSED HTTP/1.1" 200 -
04:16:45.865 "GET /api/watches HTTP/1.1" 200 -
04:16:45.891 "GET /api/watches?needsAttention=true HTTP/1.1" 200 -
04:16:46.313 "GET /api/projects/sidebar HTTP/1.1" 404 -
04:16:46.313 "GET /api/projects HTTP/1.1" 200 -
04:16:48.362 "POST /__reset HTTP/1.1" 200 -
04:16:52.173 "GET /api/agents HTTP/1.1" 200 -
04:16:52.175 "GET /api/agents HTTP/1.1" 200 -
04:16:52.176 "GET /api/projects/sidebar HTTP/1.1" 404 -
04:16:52.181 "GET /api/projects HTTP/1.1" 200 -
04:16:52.182 "GET /api/task-lists HTTP/1.1" 200 -
04:16:53.110 "GET /api/events HTTP/1.1" 404 -
04:16:53.112 "GET /api/users/me HTTP/1.1" 404 -
04:16:53.114 "GET /api/providers HTTP/1.1" 200 -
04:16:53.114 "GET /api/tasks/page?limit=1&listId=none&projectId=none&counts=total HTTP/1.1" 404 -
04:16:53.115 "GET /api/runners HTTP/1.1" 200 -
04:16:53.198 "GET /api/wiki/spaces HTTP/1.1" 404 -
04:16:53.247 "GET /api/sessions?view=open&since= HTTP/1.1" 200 -
04:16:53.248 "GET /api/providers/pools HTTP/1.1" 200 -
04:16:53.266 "GET /api/providers HTTP/1.1" 200 -
04:16:53.451 "GET /api/providers/pools HTTP/1.1" 200 -
04:16:53.451 "GET /api/watches?state=ACTIVE HTTP/1.1" 200 -
04:16:53.478 "GET /api/providers/shared-pools HTTP/1.1" 200 -
04:16:53.552 "GET /api/providers/shared-pools HTTP/1.1" 200 -
04:16:53.636 "GET /api/watches?state=PAUSED HTTP/1.1" 200 -
04:16:53.665 "GET /api/watches HTTP/1.1" 200 -
04:16:53.759 "GET /api/watches?needsAttention=true HTTP/1.1" 200 -
04:16:53.844 "GET /api/session-tags HTTP/1.1" 200 -
04:16:54.141 "GET /api/runners HTTP/1.1" 200 -
04:16:55.635 "GET /api/sessions?view=open HTTP/1.1" 200 -
04:16:55.636 "GET /api/projects HTTP/1.1" 200 -
04:16:55.645 "GET /api/session-folders HTTP/1.1" 200 -
04:16:55.648 "GET /api/projects/sidebar HTTP/1.1" 404 -
04:16:55.649 "GET /api/providers/pools HTTP/1.1" 200 -
04:16:56.538 "GET /api/auth/capabilities HTTP/1.1" 404 -
04:16:56.542 "GET /api/providers/shared-pools HTTP/1.1" 200 -
04:16:56.606 "GET /api/projects HTTP/1.1" 200 -
04:16:56.695 "GET /api/projects/sidebar HTTP/1.1" 404 -
04:16:56.697 "GET /api/providers HTTP/1.1" 200 -
04:17:00.801 "GET /api/sessions?view=open HTTP/1.1" 200 -
04:17:04.965 "GET /api/sessions?view=open HTTP/1.1" 200 -
04:17:09.277 "GET /api/sessions?view=open HTTP/1.1" 200 -
04:17:09.957 "GET /api/runners HTTP/1.1" 200 -
04:17:14.218 "GET /api/sessions?view=open HTTP/1.1" 200 -
04:17:14.248 "GET /api/projects HTTP/1.1" 200 -
04:17:14.250 "GET /api/projects/sidebar HTTP/1.1" 404 -
04:17:18.542 "GET /api/sessions?view=open HTTP/1.1" 200 -
04:17:22.693 "GET /api/sessions?view=open HTTP/1.1" 200 -
04:17:27.281 "GET /api/sessions?view=open HTTP/1.1" 200 -
04:17:27.465 "GET /api/runners HTTP/1.1" 200 -
04:17:28.392 "GET /api/watches?state=ACTIVE HTTP/1.1" 200 -
04:17:28.474 "GET /api/watches?state=PAUSED HTTP/1.1" 200 -
04:17:28.518 "GET /api/watches HTTP/1.1" 200 -
04:17:28.526 "GET /api/watches?needsAttention=true HTTP/1.1" 200 -
04:17:32.583 "GET /api/sessions?view=open HTTP/1.1" 200 -
04:17:33.089 "GET /api/projects/sidebar HTTP/1.1" 404 -
04:17:33.092 "GET /api/projects HTTP/1.1" 200 -
04:17:37.392 "GET /api/sessions?view=open HTTP/1.1" 200 -
04:17:43.041 "GET /api/sessions?view=open HTTP/1.1" 200 -
04:17:43.244 "GET /api/runners HTTP/1.1" 200 -
04:17:44.497 "POST /__reset HTTP/1.1" 200 -
04:17:48.456 "GET /api/agents HTTP/1.1" 200 -
04:17:48.457 "GET /api/agents HTTP/1.1" 200 -
04:17:48.504 "GET /api/task-lists HTTP/1.1" 200 -
04:17:48.528 "GET /api/wiki/spaces HTTP/1.1" 404 -
04:17:48.537 "GET /api/projects/sidebar HTTP/1.1" 404 -
04:17:49.221 "GET /api/events HTTP/1.1" 404 -
04:17:49.232 "GET /api/users/me HTTP/1.1" 404 -
04:17:49.236 "GET /api/tasks/page?limit=1&listId=none&projectId=none&counts=total HTTP/1.1" 404 -
04:17:49.242 "GET /api/runners HTTP/1.1" 200 -
04:17:49.295 "GET /api/providers HTTP/1.1" 200 -
04:17:49.297 "GET /api/sessions?view=open&since= HTTP/1.1" 200 -
04:17:49.374 "GET /api/providers/pools HTTP/1.1" 200 -
04:17:49.383 "GET /api/providers HTTP/1.1" 200 -
04:17:49.473 "GET /api/projects HTTP/1.1" 200 -
04:17:49.477 "GET /api/watches?state=ACTIVE HTTP/1.1" 200 -
04:17:49.480 "GET /api/providers/pools HTTP/1.1" 200 -
04:17:49.482 "GET /api/providers/shared-pools HTTP/1.1" 200 -
04:17:49.527 "GET /api/watches?state=PAUSED HTTP/1.1" 200 -
04:17:49.628 "GET /api/providers/shared-pools HTTP/1.1" 200 -
04:17:49.648 "GET /api/watches HTTP/1.1" 200 -
04:17:49.841 "GET /api/watches?needsAttention=true HTTP/1.1" 200 -
04:17:49.870 "GET /api/session-tags HTTP/1.1" 200 -
04:17:50.190 "GET /api/runners HTTP/1.1" 200 -
04:17:52.476 "GET /api/sessions?view=open HTTP/1.1" 200 -
04:17:52.477 "GET /api/projects HTTP/1.1" 200 -
04:17:52.478 "GET /api/projects/sidebar HTTP/1.1" 404 -
04:17:52.480 "GET /api/session-folders HTTP/1.1" 200 -
04:17:52.484 "GET /api/providers/pools HTTP/1.1" 200 -
04:17:53.156 "GET /api/auth/capabilities HTTP/1.1" 404 -
04:17:53.163 "GET /api/providers/shared-pools HTTP/1.1" 200 -
04:17:53.933 "GET /api/projects/sidebar HTTP/1.1" 404 -
04:17:54.093 "GET /api/projects HTTP/1.1" 200 -
04:17:54.100 "GET /api/providers HTTP/1.1" 200 -
04:17:58.041 "GET /api/sessions?view=open HTTP/1.1" 200 -
04:18:02.211 "GET /api/sessions?view=open HTTP/1.1" 200 -
04:18:06.558 "GET /api/sessions?view=open HTTP/1.1" 200 -
04:18:06.590 "GET /api/runners HTTP/1.1" 200 -
04:18:10.614 "GET /api/sessions?view=open HTTP/1.1" 200 -
04:18:10.650 "GET /api/projects/sidebar HTTP/1.1" 404 -
04:18:10.673 "GET /api/projects HTTP/1.1" 200 -
04:18:14.907 "GET /api/sessions?view=open HTTP/1.1" 200 -
04:18:19.107 "GET /api/sessions?view=open HTTP/1.1" 200 -
04:18:24.142 "POST /__reset HTTP/1.1" 200 -
04:18:29.896 "GET /api/agents HTTP/1.1" 200 -
04:18:29.971 "GET /api/task-lists HTTP/1.1" 200 -
04:18:29.981 "GET /api/projects/sidebar HTTP/1.1" 404 -
04:18:29.989 "GET /api/agents HTTP/1.1" 200 -
04:18:30.023 "GET /api/projects HTTP/1.1" 200 -
04:18:30.509 "GET /api/events HTTP/1.1" 404 -
04:18:30.585 "GET /api/users/me HTTP/1.1" 404 -
04:18:30.585 "GET /api/tasks/page?limit=1&listId=none&projectId=none&counts=total HTTP/1.1" 404 -
04:18:30.597 "GET /api/providers HTTP/1.1" 200 -
04:18:30.598 "GET /api/runners HTTP/1.1" 200 -
04:18:30.665 "GET /api/sessions?view=open&since= HTTP/1.1" 200 -
04:18:30.763 "GET /api/providers/pools HTTP/1.1" 200 -
04:18:30.764 "GET /api/providers HTTP/1.1" 200 -
04:18:30.841 "GET /api/watches?state=ACTIVE HTTP/1.1" 200 -
04:18:30.842 "GET /api/providers/shared-pools HTTP/1.1" 200 -
04:18:30.889 "GET /api/providers/pools HTTP/1.1" 200 -
04:18:30.968 "GET /api/watches?state=PAUSED HTTP/1.1" 200 -
04:18:30.968 "GET /api/wiki/spaces HTTP/1.1" 404 -
04:18:31.230 "GET /api/session-tags HTTP/1.1" 200 -
04:18:31.444 "GET /api/watches HTTP/1.1" 200 -
04:18:31.446 "GET /api/sessions?view=open HTTP/1.1" 200 -
04:18:31.447 "GET /api/providers/shared-pools HTTP/1.1" 200 -
04:18:31.723 "GET /api/watches?needsAttention=true HTTP/1.1" 200 -
04:18:31.731 "GET /api/session-folders HTTP/1.1" 200 -
04:18:31.787 "GET /api/projects/sidebar HTTP/1.1" 404 -
04:18:31.799 "GET /api/projects HTTP/1.1" 200 -
04:18:31.964 "GET /api/runners HTTP/1.1" 200 -
04:18:34.172 "GET /api/projects/sidebar HTTP/1.1" 404 -
04:18:34.224 "GET /api/projects HTTP/1.1" 200 -
04:18:34.230 "GET /api/providers/pools HTTP/1.1" 200 -
04:18:34.507 "GET /api/providers/shared-pools HTTP/1.1" 200 -
04:18:34.610 "GET /api/auth/capabilities HTTP/1.1" 404 -
04:18:34.723 "GET /api/providers HTTP/1.1" 200 -
04:18:39.000 "GET /api/sessions?view=open HTTP/1.1" 200 -
04:18:43.264 "GET /api/sessions?view=open HTTP/1.1" 200 -
04:18:47.444 "GET /api/sessions?view=open HTTP/1.1" 200 -
04:18:47.527 "GET /api/runners HTTP/1.1" 200 -
04:18:51.735 "GET /api/sessions?view=open HTTP/1.1" 200 -
04:18:51.819 "GET /api/projects/sidebar HTTP/1.1" 404 -
04:18:51.838 "GET /api/projects HTTP/1.1" 200 -
04:18:55.897 "GET /api/sessions?view=open HTTP/1.1" 200 -
04:19:00.206 "GET /api/sessions?view=open HTTP/1.1" 200 -
04:19:04.723 "GET /api/sessions?view=open HTTP/1.1" 200 -
04:19:04.908 "GET /api/runners HTTP/1.1" 200 -
04:19:04.940 "GET /api/watches?state=ACTIVE HTTP/1.1" 200 -
04:19:04.993 "GET /api/watches?state=PAUSED HTTP/1.1" 200 -
04:19:05.002 "GET /api/watches HTTP/1.1" 200 -
04:19:05.015 "GET /api/watches?needsAttention=true HTTP/1.1" 200 -
04:19:08.457 "POST /__reset HTTP/1.1" 200 -
04:19:13.291 "GET /api/agents HTTP/1.1" 200 -
04:19:13.291 "GET /api/agents HTTP/1.1" 200 -
04:19:13.295 "GET /api/task-lists HTTP/1.1" 200 -
04:19:13.296 "GET /api/projects HTTP/1.1" 200 -
04:19:13.299 "GET /api/projects/sidebar HTTP/1.1" 404 -
04:19:13.755 "GET /api/events HTTP/1.1" 404 -
04:19:13.789 "GET /api/runners HTTP/1.1" 200 -
04:19:13.790 "GET /api/users/me HTTP/1.1" 404 -
04:19:13.790 "GET /api/providers HTTP/1.1" 200 -
04:19:13.835 "GET /api/tasks/page?limit=1&listId=none&projectId=none&counts=total HTTP/1.1" 404 -
04:19:13.860 "GET /api/providers HTTP/1.1" 200 -
04:19:13.864 "GET /api/providers/pools HTTP/1.1" 200 -
04:19:13.931 "GET /api/sessions?view=open&since= HTTP/1.1" 200 -
04:19:13.932 "GET /api/providers/pools HTTP/1.1" 200 -
04:19:13.932 "GET /api/providers/shared-pools HTTP/1.1" 200 -
04:19:13.959 "GET /api/providers/shared-pools HTTP/1.1" 200 -
04:19:14.136 "GET /api/session-tags HTTP/1.1" 200 -
04:19:14.293 "GET /api/wiki/spaces HTTP/1.1" 404 -
04:19:14.351 "GET /api/sessions?view=open HTTP/1.1" 200 -
04:19:14.359 "GET /api/session-folders HTTP/1.1" 200 -
04:19:15.304 "GET /api/sessions/S1/created-tasks HTTP/1.1" 404 -
04:19:15.304 "GET /api/sessions/S1/events/page?tail=200&maxPayload=2048 HTTP/1.1" 200 -
04:19:15.305 "GET /api/sessions/S1 HTTP/1.1" 200 -
04:19:15.343 "GET /api/tasks/evidence-decisions/pending?decidingSessionId=S1 HTTP/1.1" 404 -
04:19:15.895 "GET /api/sessions/S1/turns?view=active HTTP/1.1" 200 -
04:19:15.896 "GET /api/watches?state=ACTIVE HTTP/1.1" 200 -
04:19:15.898 "GET /api/projects HTTP/1.1" 200 -
04:19:15.898 "GET /api/sessions/S1/approvals?status=PENDING HTTP/1.1" 200 -
04:19:15.898 "GET /api/projects/sidebar HTTP/1.1" 404 -
04:19:15.898 "GET /api/sessions/S1 HTTP/1.1" 200 -
04:19:15.909 "GET /api/watches?state=PAUSED HTTP/1.1" 200 -
04:19:16.052 "GET /api/watches HTTP/1.1" 200 -
04:19:16.308 "GET /api/watches?needsAttention=true HTTP/1.1" 200 -
04:19:16.466 "GET /api/sessions/S1/background HTTP/1.1" 404 -
04:19:16.488 "GET /api/sessions/S1/events?sinceSeq=3&maxPayload=2048 HTTP/1.1" 200 -
04:19:16.507 "GET /api/runners HTTP/1.1" 200 -
04:19:17.360 "GET /api/tasks/evidence-decisions/pending?decidingSessionId=S1 HTTP/1.1" 404 -
04:19:17.369 "GET /api/projects/sidebar HTTP/1.1" 404 -
04:19:17.373 "GET /api/projects HTTP/1.1" 200 -
04:19:17.389 "GET /api/providers/pools HTTP/1.1" 200 -
04:19:17.560 "GET /api/auth/capabilities HTTP/1.1" 404 -
04:19:17.560 "GET /api/providers/shared-pools HTTP/1.1" 200 -
04:19:17.577 "GET /api/providers HTTP/1.1" 200 -
04:19:20.702 "GET /api/sessions/S1 HTTP/1.1" 200 -
04:19:21.651 "GET /api/sessions?view=open HTTP/1.1" 200 -
04:19:25.825 "GET /api/sessions/S1 HTTP/1.1" 200 -
04:19:25.826 "GET /api/sessions?view=open HTTP/1.1" 200 -
04:19:29.927 "GET /api/sessions?view=open HTTP/1.1" 200 -
04:19:30.041 "GET /api/runners HTTP/1.1" 200 -
04:19:31.019 "GET /api/sessions/S1 HTTP/1.1" 200 -
04:19:34.166 "GET /api/sessions?view=open HTTP/1.1" 200 -
04:19:34.724 "GET /api/projects/sidebar HTTP/1.1" 404 -
04:19:34.741 "GET /api/projects HTTP/1.1" 200 -
04:19:36.121 "GET /api/sessions/S1 HTTP/1.1" 200 -
04:19:37.178 "POST /__reset HTTP/1.1" 200 -
04:19:40.463 "GET /api/agents HTTP/1.1" 200 -
04:19:40.843 "GET /api/agents HTTP/1.1" 200 -
04:19:40.996 "GET /api/projects/sidebar HTTP/1.1" 404 -
04:19:41.038 "GET /api/task-lists HTTP/1.1" 200 -
04:19:41.053 "GET /api/wiki/spaces HTTP/1.1" 404 -
04:19:41.092 "GET /api/events HTTP/1.1" 404 -
04:19:41.110 "GET /api/users/me HTTP/1.1" 404 -
04:19:41.199 "GET /api/tasks/page?limit=1&listId=none&projectId=none&counts=total HTTP/1.1" 404 -
04:19:41.217 "GET /api/sessions?view=open&since= HTTP/1.1" 200 -
04:19:41.286 "GET /api/watches?state=ACTIVE HTTP/1.1" 200 -
04:19:41.394 "GET /api/projects HTTP/1.1" 200 -
04:19:41.401 "GET /api/watches?state=PAUSED HTTP/1.1" 200 -
04:19:41.470 "GET /api/watches HTTP/1.1" 200 -
04:19:41.481 "GET /api/watches?needsAttention=true HTTP/1.1" 200 -
04:19:41.554 "GET /api/projects HTTP/1.1" 200 -
04:19:41.555 "GET /api/projects/sidebar HTTP/1.1" 404 -
04:19:41.602 "GET /api/auth/capabilities HTTP/1.1" 404 -
04:19:41.883 "GET /api/runners HTTP/1.1" 200 -
04:19:41.924 "GET /api/providers HTTP/1.1" 200 -
04:19:42.347 "GET /api/providers HTTP/1.1" 200 -
04:19:42.357 "GET /api/providers/pools HTTP/1.1" 200 -
04:19:42.368 "GET /api/providers/pools HTTP/1.1" 200 -
04:19:42.378 "GET /api/providers/shared-pools HTTP/1.1" 200 -
04:19:42.381 "GET /api/providers/shared-pools HTTP/1.1" 200 -
04:19:42.597 "GET /api/session-tags HTTP/1.1" 200 -
04:19:42.913 "GET /api/sessions?view=open HTTP/1.1" 200 -
04:19:42.918 "GET /api/session-folders HTTP/1.1" 200 -
04:19:43.655 "GET /api/sessions/S4/events/page?tail=200&maxPayload=2048 HTTP/1.1" 200 -
04:19:43.668 "GET /api/sessions/S4 HTTP/1.1" 200 -
04:19:43.676 "GET /api/sessions/S4/created-tasks HTTP/1.1" 404 -
04:19:43.679 "GET /api/tasks/evidence-decisions/pending?decidingSessionId=S4 HTTP/1.1" 404 -
04:19:43.864 "GET /api/sessions/S4/approvals?status=PENDING HTTP/1.1" 200 -
04:19:43.877 "GET /api/sessions/S4/turns?view=active HTTP/1.1" 200 -
04:19:43.882 "GET /api/sessions/S4 HTTP/1.1" 200 -
04:19:44.030 "GET /api/projects/sidebar HTTP/1.1" 404 -
04:19:44.066 "GET /api/projects HTTP/1.1" 200 -
04:19:44.278 "GET /api/sessions/S4/events?sinceSeq=3&maxPayload=2048 HTTP/1.1" 200 -
04:19:44.284 "GET /api/sessions/S4/background HTTP/1.1" 404 -
04:19:44.301 "GET /api/runners HTTP/1.1" 200 -
04:19:44.348 "GET /api/tasks/evidence-decisions/pending?decidingSessionId=S4 HTTP/1.1" 404 -
04:19:44.537 "GET /api/providers/pools HTTP/1.1" 200 -
04:19:44.575 "GET /api/providers/shared-pools HTTP/1.1" 200 -
04:19:44.595 "GET /api/providers HTTP/1.1" 200 -
04:19:44.645 "GET /api/providers/mine HTTP/1.1" 200 -
04:19:45.880 "GET /api/sessions?view=open HTTP/1.1" 200 -
04:19:48.967 "GET /api/sessions/S4 HTTP/1.1" 200 -
04:19:49.902 "GET /api/sessions?view=open HTTP/1.1" 200 -
04:19:54.038 "GET /api/sessions/S4 HTTP/1.1" 200 -
04:19:54.038 "GET /api/sessions?view=open HTTP/1.1" 200 -
04:19:58.484 "GET /api/sessions?view=open HTTP/1.1" 200 -
04:19:58.522 "GET /api/runners HTTP/1.1" 200 -
04:19:58.798 "GET /api/projects HTTP/1.1" 200 -
04:19:58.798 "GET /api/projects/sidebar HTTP/1.1" 404 -
04:19:59.099 "GET /api/sessions/S4 HTTP/1.1" 200 -
04:20:02.817 "GET /api/sessions?view=open HTTP/1.1" 200 -
04:20:03.986 "POST /__reset HTTP/1.1" 200 -
04:20:07.635 "GET /api/task-lists HTTP/1.1" 200 -
04:20:07.636 "GET /api/agents HTTP/1.1" 200 -
04:20:07.639 "GET /api/agents HTTP/1.1" 200 -
04:20:07.641 "GET /api/projects/sidebar HTTP/1.1" 404 -
04:20:07.641 "GET /api/wiki/spaces HTTP/1.1" 404 -
04:20:07.642 "GET /api/projects HTTP/1.1" 200 -
04:20:08.308 "GET /api/runners HTTP/1.1" 200 -
04:20:08.337 "GET /api/events HTTP/1.1" 404 -
04:20:08.339 "GET /api/users/me HTTP/1.1" 404 -
04:20:08.341 "GET /api/tasks/page?limit=1&listId=none&projectId=none&counts=total HTTP/1.1" 404 -
04:20:08.354 "GET /api/providers HTTP/1.1" 200 -
04:20:08.415 "GET /api/providers HTTP/1.1" 200 -
04:20:08.417 "GET /api/providers/pools HTTP/1.1" 200 -
04:20:08.511 "GET /api/sessions?view=open&since= HTTP/1.1" 200 -
04:20:08.573 "GET /api/providers/pools HTTP/1.1" 200 -
04:20:08.611 "GET /api/watches?state=ACTIVE HTTP/1.1" 200 -
04:20:08.628 "GET /api/providers/shared-pools HTTP/1.1" 200 -
04:20:08.631 "GET /api/providers/shared-pools HTTP/1.1" 200 -
04:20:08.724 "GET /api/watches?state=PAUSED HTTP/1.1" 200 -
04:20:08.826 "GET /api/watches HTTP/1.1" 200 -
04:20:09.016 "GET /api/session-tags HTTP/1.1" 200 -
04:20:09.182 "GET /api/watches?needsAttention=true HTTP/1.1" 200 -
04:20:10.623 "GET /api/sessions/S1 HTTP/1.1" 200 -
04:20:10.789 "GET /api/sessions/S1/created-tasks HTTP/1.1" 404 -
04:20:10.845 "GET /api/sessions/S1/events/page?tail=200&maxPayload=2048 HTTP/1.1" 200 -
04:20:11.008 "GET /api/sessions?view=open HTTP/1.1" 200 -
04:20:11.011 "GET /api/session-folders HTTP/1.1" 200 -
04:20:11.014 "GET /api/sessions/S1 HTTP/1.1" 200 -
04:20:11.020 "GET /api/sessions/S1/turns?view=active HTTP/1.1" 200 -
04:20:11.027 "GET /api/sessions/S1/approvals?status=PENDING HTTP/1.1" 200 -
04:20:11.214 "GET /api/sessions/S1/events?sinceSeq=3&maxPayload=2048 HTTP/1.1" 200 -
04:20:11.226 "GET /api/sessions/S1/background HTTP/1.1" 404 -
04:20:11.227 "GET /api/runners HTTP/1.1" 200 -
04:20:11.228 "GET /api/projects HTTP/1.1" 200 -
04:20:11.240 "GET /api/projects/sidebar HTTP/1.1" 404 -
04:20:11.269 "GET /api/providers/pools HTTP/1.1" 200 -
04:20:11.294 "GET /api/providers/shared-pools HTTP/1.1" 200 -
04:20:11.304 "GET /api/providers HTTP/1.1" 200 -
04:20:11.569 "GET /api/projects/sidebar HTTP/1.1" 404 -
04:20:11.572 "GET /api/projects HTTP/1.1" 200 -
04:20:11.573 "GET /api/tasks/evidence-decisions/pending?decidingSessionId=S1 HTTP/1.1" 404 -
04:20:11.581 "GET /api/auth/capabilities HTTP/1.1" 404 -
04:20:15.679 "GET /api/sessions?view=open HTTP/1.1" 200 -
04:20:18.806 "GET /api/sessions/S1 HTTP/1.1" 200 -
04:20:20.543 "GET /api/sessions?view=open HTTP/1.1" 200 -
04:20:23.938 "GET /api/sessions/S1 HTTP/1.1" 200 -
04:20:24.881 "GET /api/sessions?view=open HTTP/1.1" 200 -
04:20:25.830 "GET /api/runners HTTP/1.1" 200 -
04:20:25.842 "GET /api/projects/sidebar HTTP/1.1" 404 -
04:20:25.844 "GET /api/projects HTTP/1.1" 200 -
04:20:28.352 "POST /__reset HTTP/1.1" 200 -
04:20:32.004 "GET /api/agents HTTP/1.1" 200 -
04:20:32.005 "GET /api/projects/sidebar HTTP/1.1" 404 -
04:20:32.005 "GET /api/agents HTTP/1.1" 200 -
04:20:32.007 "GET /api/task-lists HTTP/1.1" 200 -
04:20:32.008 "GET /api/wiki/spaces HTTP/1.1" 404 -
04:20:32.014 "GET /api/projects HTTP/1.1" 200 -
04:20:33.039 "GET /api/users/me HTTP/1.1" 404 -
04:20:33.040 "GET /api/runners HTTP/1.1" 200 -
04:20:33.041 "GET /api/tasks/page?limit=1&listId=none&projectId=none&counts=total HTTP/1.1" 404 -
04:20:33.042 "GET /api/events HTTP/1.1" 404 -
04:20:33.042 "GET /api/providers HTTP/1.1" 200 -
04:20:33.092 "GET /api/providers/pools HTTP/1.1" 200 -
04:20:33.092 "GET /api/sessions?view=open&since= HTTP/1.1" 200 -
04:20:33.115 "GET /api/providers HTTP/1.1" 200 -
04:20:33.193 "GET /api/providers/pools HTTP/1.1" 200 -
04:20:33.194 "GET /api/providers/shared-pools HTTP/1.1" 200 -
04:20:33.213 "GET /api/watches?state=ACTIVE HTTP/1.1" 200 -
04:20:33.229 "GET /api/providers/shared-pools HTTP/1.1" 200 -
04:20:33.281 "GET /api/watches?state=PAUSED HTTP/1.1" 200 -
04:20:33.303 "GET /api/watches HTTP/1.1" 200 -
04:20:33.382 "GET /api/watches?needsAttention=true HTTP/1.1" 200 -
04:20:33.475 "GET /api/session-tags HTTP/1.1" 200 -
04:20:34.925 "GET /api/projects/sidebar HTTP/1.1" 404 -
04:20:34.926 "GET /api/sessions/S4 HTTP/1.1" 200 -
04:20:34.926 "GET /api/sessions/S4/events/page?tail=200&maxPayload=2048 HTTP/1.1" 200 -
04:20:34.932 "GET /api/projects HTTP/1.1" 200 -
04:20:34.941 "GET /api/sessions/S4/created-tasks HTTP/1.1" 404 -
04:20:34.943 "GET /api/tasks/evidence-decisions/pending?decidingSessionId=S4 HTTP/1.1" 404 -
04:20:35.040 "GET /api/sessions/S4 HTTP/1.1" 200 -
04:20:35.057 "GET /api/sessions/S4/approvals?status=PENDING HTTP/1.1" 200 -
04:20:35.057 "GET /api/sessions/S4/turns?view=active HTTP/1.1" 200 -
04:20:35.075 "GET /api/auth/capabilities HTTP/1.1" 404 -
04:20:35.351 "GET /api/sessions/S4/events?sinceSeq=3&maxPayload=2048 HTTP/1.1" 200 -
04:20:35.393 "GET /api/sessions/S4/background HTTP/1.1" 404 -
04:20:35.395 "GET /api/runners HTTP/1.1" 200 -
04:20:35.508 "GET /api/tasks/evidence-decisions/pending?decidingSessionId=S4 HTTP/1.1" 404 -
04:20:35.512 "GET /api/providers/pools HTTP/1.1" 200 -
04:20:35.530 "GET /api/providers/shared-pools HTTP/1.1" 200 -
04:20:35.554 "GET /api/providers HTTP/1.1" 200 -
04:20:35.590 "GET /api/providers/mine HTTP/1.1" 200 -
04:20:35.924 "GET /api/session-folders HTTP/1.1" 200 -
04:20:35.925 "GET /api/sessions?view=open HTTP/1.1" 200 -
04:20:36.037 "GET /api/projects HTTP/1.1" 200 -
04:20:36.064 "GET /api/projects/sidebar HTTP/1.1" 404 -
04:20:39.407 "GET /api/sessions?view=open HTTP/1.1" 200 -
04:20:39.999 "GET /api/sessions/S4 HTTP/1.1" 200 -
04:20:43.563 "GET /api/sessions?view=open HTTP/1.1" 200 -
04:20:45.092 "GET /api/sessions/S4 HTTP/1.1" 200 -
04:20:48.003 "GET /api/sessions?view=open HTTP/1.1" 200 -
04:20:48.176 "GET /api/runners HTTP/1.1" 200 -
04:20:50.202 "GET /api/sessions/S4 HTTP/1.1" 200 -
