04:32:21.177 "GET /api/agents HTTP/1.1" 200 -
04:36:45.945 "POST /__reset HTTP/1.1" 200 -
04:36:49.829 "GET /api/agents HTTP/1.1" 200 -
04:36:49.829 "GET /api/agents HTTP/1.1" 200 -
04:36:49.832 "GET /api/wiki/spaces HTTP/1.1" 404 -
04:36:50.222 "GET /api/events HTTP/1.1" 404 -
04:36:50.227 "GET /api/runners HTTP/1.1" 200 -
04:36:50.230 "GET /api/providers HTTP/1.1" 200 -
04:36:50.231 "GET /api/users/me HTTP/1.1" 404 -
04:36:50.267 "GET /api/providers/pools HTTP/1.1" 200 -
04:36:50.267 "GET /api/providers HTTP/1.1" 200 -
04:36:50.284 "GET /api/sessions?view=open&since= HTTP/1.1" 200 -
04:36:50.285 "GET /api/providers/pools HTTP/1.1" 200 -
04:36:50.320 "GET /api/providers/shared-pools HTTP/1.1" 200 -
04:36:50.343 "GET /api/watches?state=ACTIVE HTTP/1.1" 200 -
04:36:50.346 "GET /api/providers/shared-pools HTTP/1.1" 200 -
04:36:50.371 "GET /api/watches?state=PAUSED HTTP/1.1" 200 -
04:36:50.403 "GET /api/watches HTTP/1.1" 200 -
04:36:50.422 "GET /api/session-tags HTTP/1.1" 200 -
04:36:50.446 "GET /api/watches?needsAttention=true HTTP/1.1" 200 -
04:36:50.844 "GET /api/sessions/Q1/events/page?tail=200&maxPayload=2048 HTTP/1.1" 200 -
04:36:50.844 "GET /api/sessions/Q1/created-tasks HTTP/1.1" 404 -
04:36:50.845 "GET /api/sessions/Q1 HTTP/1.1" 200 -
04:36:50.846 "GET /api/tasks/evidence-decisions/pending?decidingSessionId=Q1 HTTP/1.1" 404 -
04:36:50.852 "GET /api/auth/capabilities HTTP/1.1" 404 -
04:36:50.853 "GET /api/sessions?view=open HTTP/1.1" 200 -
04:36:50.868 "GET /api/sessions/Q1 HTTP/1.1" 200 -
04:36:50.894 "GET /api/sessions/Q1/approvals?status=PENDING HTTP/1.1" 200 -
04:36:50.897 "GET /api/sessions/Q1/turns?view=active HTTP/1.1" 200 -
04:36:51.031 "GET /api/runners HTTP/1.1" 200 -
04:36:51.032 "GET /api/sessions/Q1/background HTTP/1.1" 404 -
04:36:51.032 "GET /api/sessions/Q1/events?sinceSeq=6&maxPayload=2048 HTTP/1.1" 200 -
04:36:51.063 "GET /api/tasks/evidence-decisions/pending?decidingSessionId=Q1 HTTP/1.1" 404 -
04:36:51.064 "GET /api/providers/pools HTTP/1.1" 200 -
04:36:51.073 "GET /api/providers/shared-pools HTTP/1.1" 200 -
04:36:51.088 "GET /api/providers HTTP/1.1" 200 -
04:36:55.141 "GET /api/sessions?view=open HTTP/1.1" 200 -
04:36:59.228 "GET /api/sessions?view=open HTTP/1.1" 200 -
04:37:03.605 "GET /api/sessions?view=open HTTP/1.1" 200 -
04:37:07.666 "GET /api/sessions?view=open HTTP/1.1" 200 -
04:37:11.859 "GET /api/sessions?view=open HTTP/1.1" 200 -
04:37:16.101 "GET /api/sessions?view=open HTTP/1.1" 200 -
04:37:20.305 "GET /api/sessions?view=open HTTP/1.1" 200 -
04:37:20.503 "GET /api/watches?state=ACTIVE HTTP/1.1" 200 -
04:37:20.510 "GET /api/watches?state=PAUSED HTTP/1.1" 200 -
04:37:20.514 "GET /api/watches HTTP/1.1" 200 -
04:37:20.518 "GET /api/watches?needsAttention=true HTTP/1.1" 200 -
04:37:24.681 "GET /api/sessions?view=open HTTP/1.1" 200 -
04:37:28.732 "GET /api/sessions?view=open HTTP/1.1" 200 -
04:37:33.825 "POST /__reset HTTP/1.1" 200 -
04:37:35.013 "GET /api/agents HTTP/1.1" 200 -
04:37:35.018 "GET /api/agents HTTP/1.1" 200 -
04:37:35.023 "GET /api/wiki/spaces HTTP/1.1" 404 -
04:37:35.172 "GET /api/events HTTP/1.1" 404 -
04:37:35.181 "GET /api/runners HTTP/1.1" 200 -
04:37:35.186 "GET /api/users/me HTTP/1.1" 404 -
04:37:35.227 "GET /api/providers HTTP/1.1" 200 -
04:37:35.229 "GET /api/providers HTTP/1.1" 200 -
04:37:35.230 "GET /api/sessions?view=open&since= HTTP/1.1" 200 -
04:37:35.238 "GET /api/providers/pools HTTP/1.1" 200 -
04:37:35.285 "GET /api/providers/pools HTTP/1.1" 200 -
04:37:35.286 "GET /api/providers/shared-pools HTTP/1.1" 200 -
04:37:35.286 "GET /api/watches?state=ACTIVE HTTP/1.1" 200 -
04:37:35.328 "GET /api/session-tags HTTP/1.1" 200 -
04:37:35.329 "GET /api/watches?state=PAUSED HTTP/1.1" 200 -
04:37:35.337 "GET /api/watches HTTP/1.1" 200 -
04:37:35.379 "GET /api/watches?needsAttention=true HTTP/1.1" 200 -
04:37:35.561 "GET /api/providers/shared-pools HTTP/1.1" 200 -
04:37:35.705 "GET /api/sessions?view=open HTTP/1.1" 200 -
04:37:35.714 "GET /api/auth/capabilities HTTP/1.1" 404 -
04:37:35.858 "GET /api/sessions/Q2/events/page?tail=200&maxPayload=2048 HTTP/1.1" 200 -
04:37:35.859 "GET /api/sessions/Q2 HTTP/1.1" 200 -
04:37:35.860 "GET /api/sessions/Q2/created-tasks HTTP/1.1" 404 -
04:37:35.860 "GET /api/tasks/evidence-decisions/pending?decidingSessionId=Q2 HTTP/1.1" 404 -
04:37:35.860 "GET /api/sessions/Q2/approvals?status=PENDING HTTP/1.1" 200 -
04:37:35.930 "GET /api/sessions/Q2 HTTP/1.1" 200 -
04:37:35.930 "GET /api/sessions/Q2/turns?view=active HTTP/1.1" 200 -
04:37:35.992 "GET /api/sessions/Q2/background HTTP/1.1" 404 -
04:37:35.997 "GET /api/sessions/Q2/events?sinceSeq=6&maxPayload=2048 HTTP/1.1" 200 -
04:37:36.011 "GET /api/runners HTTP/1.1" 200 -
04:37:36.011 "GET /api/tasks/evidence-decisions/pending?decidingSessionId=Q2 HTTP/1.1" 404 -
04:37:36.015 "GET /api/providers/pools HTTP/1.1" 200 -
04:37:36.044 "GET /api/providers/shared-pools HTTP/1.1" 200 -
04:37:36.047 "GET /api/providers HTTP/1.1" 200 -
04:37:39.895 "GET /api/sessions?view=open HTTP/1.1" 200 -
04:37:44.098 "GET /api/sessions?view=open HTTP/1.1" 200 -
04:37:48.181 "GET /api/sessions?view=open HTTP/1.1" 200 -
04:37:52.384 "GET /api/sessions?view=open HTTP/1.1" 200 -
04:37:56.513 "GET /api/sessions?view=open HTTP/1.1" 200 -
04:38:00.678 "GET /api/sessions?view=open HTTP/1.1" 200 -
04:38:04.844 "GET /api/sessions?view=open HTTP/1.1" 200 -
04:38:08.919 "GET /api/sessions?view=open HTTP/1.1" 200 -
04:38:08.959 "GET /api/watches?state=ACTIVE HTTP/1.1" 200 -
04:38:08.962 "GET /api/watches?state=PAUSED HTTP/1.1" 200 -
04:38:08.965 "GET /api/watches HTTP/1.1" 200 -
04:38:08.968 "GET /api/watches?needsAttention=true HTTP/1.1" 200 -
04:38:13.105 "GET /api/sessions?view=open HTTP/1.1" 200 -
04:38:17.231 "GET /api/sessions?view=open HTTP/1.1" 200 -
04:38:19.829 "POST /__reset HTTP/1.1" 200 -
04:38:21.240 "GET /api/agents HTTP/1.1" 200 -
04:38:21.248 "GET /api/agents HTTP/1.1" 200 -
04:38:21.251 "GET /api/wiki/spaces HTTP/1.1" 404 -
04:38:21.464 "GET /api/events HTTP/1.1" 404 -
04:38:21.509 "GET /api/runners HTTP/1.1" 200 -
04:38:21.543 "GET /api/users/me HTTP/1.1" 404 -
04:38:21.575 "GET /api/providers HTTP/1.1" 200 -
04:38:21.577 "GET /api/providers HTTP/1.1" 200 -
04:38:21.578 "GET /api/sessions?view=open&since= HTTP/1.1" 200 -
04:38:21.590 "GET /api/providers/pools HTTP/1.1" 200 -
04:38:21.593 "GET /api/providers/pools HTTP/1.1" 200 -
04:38:21.594 "GET /api/watches?state=ACTIVE HTTP/1.1" 200 -
04:38:21.595 "GET /api/providers/shared-pools HTTP/1.1" 200 -
04:38:21.621 "GET /api/providers/shared-pools HTTP/1.1" 200 -
04:38:21.626 "GET /api/watches?state=PAUSED HTTP/1.1" 200 -
04:38:21.631 "GET /api/session-tags HTTP/1.1" 200 -
04:38:21.633 "GET /api/watches HTTP/1.1" 200 -
04:38:21.635 "GET /api/watches?needsAttention=true HTTP/1.1" 200 -
04:38:21.960 "GET /api/sessions?view=open HTTP/1.1" 200 -
04:38:21.970 "GET /api/auth/capabilities HTTP/1.1" 404 -
04:38:22.195 "GET /api/sessions/Q3/events/page?tail=200&maxPayload=2048 HTTP/1.1" 200 -
04:38:22.222 "GET /api/sessions/Q3/created-tasks HTTP/1.1" 404 -
04:38:22.224 "GET /api/sessions/Q3 HTTP/1.1" 200 -
04:38:22.227 "GET /api/tasks/evidence-decisions/pending?decidingSessionId=Q3 HTTP/1.1" 404 -
04:38:22.231 "GET /api/sessions/Q3 HTTP/1.1" 200 -
04:38:22.270 "GET /api/sessions/Q3/turns?view=active HTTP/1.1" 200 -
04:38:22.271 "GET /api/sessions/Q3/approvals?status=PENDING HTTP/1.1" 200 -
04:38:22.361 "GET /api/sessions/Q3/events?sinceSeq=6&maxPayload=2048 HTTP/1.1" 200 -
04:38:22.363 "GET /api/runners HTTP/1.1" 200 -
04:38:22.377 "GET /api/sessions/Q3/background HTTP/1.1" 404 -
04:38:22.380 "GET /api/tasks/evidence-decisions/pending?decidingSessionId=Q3 HTTP/1.1" 404 -
04:38:22.382 "GET /api/providers/pools HTTP/1.1" 200 -
04:38:22.387 "GET /api/providers/shared-pools HTTP/1.1" 200 -
04:38:22.397 "GET /api/providers HTTP/1.1" 200 -
04:38:26.179 "GET /api/sessions?view=open HTTP/1.1" 200 -
04:38:30.411 "GET /api/sessions?view=open HTTP/1.1" 200 -
04:38:34.583 "GET /api/sessions?view=open HTTP/1.1" 200 -
04:38:38.720 "GET /api/sessions?view=open HTTP/1.1" 200 -
04:38:42.907 "GET /api/sessions?view=open HTTP/1.1" 200 -
04:38:47.100 "GET /api/sessions?view=open HTTP/1.1" 200 -
04:38:51.257 "GET /api/sessions?view=open HTTP/1.1" 200 -
04:38:55.352 "GET /api/sessions?view=open HTTP/1.1" 200 -
04:38:55.380 "GET /api/watches?state=ACTIVE HTTP/1.1" 200 -
04:38:55.383 "GET /api/watches?state=PAUSED HTTP/1.1" 200 -
04:38:55.385 "GET /api/watches HTTP/1.1" 200 -
04:38:55.387 "GET /api/watches?needsAttention=true HTTP/1.1" 200 -
04:38:59.474 "GET /api/sessions?view=open HTTP/1.1" 200 -
04:39:03.795 "GET /api/sessions?view=open HTTP/1.1" 200 -
04:39:05.177 "POST /__reset HTTP/1.1" 200 -
04:39:06.330 "GET /api/agents HTTP/1.1" 200 -
04:39:06.330 "GET /api/agents HTTP/1.1" 200 -
04:39:06.330 "GET /api/wiki/spaces HTTP/1.1" 404 -
04:39:06.461 "GET /api/users/me HTTP/1.1" 404 -
04:39:06.466 "GET /api/events HTTP/1.1" 404 -
04:39:06.489 "GET /api/runners HTTP/1.1" 200 -
04:39:06.510 "GET /api/providers HTTP/1.1" 200 -
04:39:06.516 "GET /api/sessions?view=open&since= HTTP/1.1" 200 -
04:39:06.564 "GET /api/providers HTTP/1.1" 200 -
04:39:06.566 "GET /api/providers/pools HTTP/1.1" 200 -
04:39:06.573 "GET /api/watches?state=ACTIVE HTTP/1.1" 200 -
04:39:06.574 "GET /api/providers/pools HTTP/1.1" 200 -
04:39:06.587 "GET /api/providers/shared-pools HTTP/1.1" 200 -
04:39:06.607 "GET /api/watches?state=PAUSED HTTP/1.1" 200 -
04:39:06.611 "GET /api/providers/shared-pools HTTP/1.1" 200 -
04:39:06.673 "GET /api/session-tags HTTP/1.1" 200 -
04:39:06.673 "GET /api/watches HTTP/1.1" 200 -
04:39:06.679 "GET /api/watches?needsAttention=true HTTP/1.1" 200 -
04:39:06.874 "GET /api/sessions?view=open HTTP/1.1" 200 -
04:39:06.876 "GET /api/auth/capabilities HTTP/1.1" 404 -
04:39:06.951 "GET /api/sessions/Q4/created-tasks HTTP/1.1" 404 -
04:39:06.952 "GET /api/sessions/Q4 HTTP/1.1" 200 -
04:39:06.953 "GET /api/sessions/Q4/events/page?tail=200&maxPayload=2048 HTTP/1.1" 200 -
04:39:06.953 "GET /api/tasks/evidence-decisions/pending?decidingSessionId=Q4 HTTP/1.1" 404 -
04:39:07.057 "GET /api/sessions/Q4 HTTP/1.1" 200 -
04:39:07.090 "GET /api/sessions/Q4/turns?view=active HTTP/1.1" 200 -
04:39:07.090 "GET /api/sessions/Q4/approvals?status=PENDING HTTP/1.1" 200 -
04:39:07.147 "GET /api/sessions/Q4/background HTTP/1.1" 404 -
04:39:07.159 "GET /api/sessions/Q4/events?sinceSeq=6&maxPayload=2048 HTTP/1.1" 200 -
04:39:07.160 "GET /api/runners HTTP/1.1" 200 -
04:39:07.182 "GET /api/tasks/evidence-decisions/pending?decidingSessionId=Q4 HTTP/1.1" 404 -
04:39:07.182 "GET /api/providers/pools HTTP/1.1" 200 -
04:39:07.185 "GET /api/providers/shared-pools HTTP/1.1" 200 -
04:39:07.188 "GET /api/providers HTTP/1.1" 200 -
04:39:11.086 "GET /api/sessions?view=open HTTP/1.1" 200 -
04:39:15.154 "GET /api/sessions?view=open HTTP/1.1" 200 -
04:39:19.197 "GET /api/sessions?view=open HTTP/1.1" 200 -
04:39:21.866 "POST /__reset HTTP/1.1" 200 -
04:39:22.839 "GET /api/agents HTTP/1.1" 200 -
04:39:22.840 "GET /api/agents HTTP/1.1" 200 -
04:39:22.840 "GET /api/wiki/spaces HTTP/1.1" 404 -
04:39:23.059 "GET /api/events HTTP/1.1" 404 -
04:39:23.061 "GET /api/runners HTTP/1.1" 200 -
04:39:23.062 "GET /api/users/me HTTP/1.1" 404 -
04:39:23.063 "GET /api/providers HTTP/1.1" 200 -
04:39:23.099 "GET /api/providers HTTP/1.1" 200 -
04:39:23.106 "GET /api/providers/pools HTTP/1.1" 200 -
04:39:23.107 "GET /api/providers/pools HTTP/1.1" 200 -
04:39:23.107 "GET /api/sessions?view=open&since= HTTP/1.1" 200 -
04:39:23.110 "GET /api/providers/shared-pools HTTP/1.1" 200 -
04:39:23.111 "GET /api/watches?state=ACTIVE HTTP/1.1" 200 -
04:39:23.111 "GET /api/providers/shared-pools HTTP/1.1" 200 -
04:39:23.142 "GET /api/watches?state=PAUSED HTTP/1.1" 200 -
04:39:23.144 "GET /api/session-tags HTTP/1.1" 200 -
04:39:23.154 "GET /api/watches HTTP/1.1" 200 -
04:39:23.182 "GET /api/watches?needsAttention=true HTTP/1.1" 200 -
04:39:23.544 "GET /api/sessions/Q5/events/page?tail=200&maxPayload=2048 HTTP/1.1" 200 -
04:39:23.544 "GET /api/sessions/Q5 HTTP/1.1" 200 -
04:39:23.545 "GET /api/sessions/Q5/created-tasks HTTP/1.1" 404 -
04:39:23.552 "GET /api/sessions?view=open HTTP/1.1" 200 -
04:39:23.552 "GET /api/auth/capabilities HTTP/1.1" 404 -
04:39:23.555 "GET /api/tasks/evidence-decisions/pending?decidingSessionId=Q5 HTTP/1.1" 404 -
04:39:23.611 "GET /api/sessions/Q5 HTTP/1.1" 200 -
04:39:23.612 "GET /api/sessions/Q5/turns?view=active HTTP/1.1" 200 -
04:39:23.612 "GET /api/sessions/Q5/approvals?status=PENDING HTTP/1.1" 200 -
04:39:23.690 "GET /api/sessions/Q5/background HTTP/1.1" 404 -
04:39:23.690 "GET /api/sessions/Q5/events?sinceSeq=6&maxPayload=2048 HTTP/1.1" 200 -
04:39:23.690 "GET /api/tasks/evidence-decisions/pending?decidingSessionId=Q5 HTTP/1.1" 404 -
04:39:23.690 "GET /api/runners HTTP/1.1" 200 -
04:39:23.693 "GET /api/providers/pools HTTP/1.1" 200 -
04:39:23.704 "GET /api/providers/shared-pools HTTP/1.1" 200 -
04:39:23.707 "GET /api/providers HTTP/1.1" 200 -
04:39:27.743 "GET /api/sessions?view=open HTTP/1.1" 200 -
04:39:31.850 "GET /api/sessions?view=open HTTP/1.1" 200 -
04:39:35.999 "GET /api/sessions?view=open HTTP/1.1" 200 -
04:39:40.036 "GET /api/sessions?view=open HTTP/1.1" 200 -
04:39:44.099 "GET /api/sessions?view=open HTTP/1.1" 200 -
04:39:48.258 "GET /api/sessions?view=open HTTP/1.1" 200 -
04:39:53.024 "GET /api/sessions?view=open HTTP/1.1" 200 -
04:39:57.271 "GET /api/sessions?view=open HTTP/1.1" 200 -
04:39:57.389 "GET /api/watches?state=ACTIVE HTTP/1.1" 200 -
04:39:57.399 "GET /api/watches?state=PAUSED HTTP/1.1" 200 -
04:39:57.406 "GET /api/watches HTTP/1.1" 200 -
04:39:57.413 "GET /api/watches?needsAttention=true HTTP/1.1" 200 -
04:40:01.456 "GET /api/sessions?view=open HTTP/1.1" 200 -
04:40:05.637 "GET /api/sessions?view=open HTTP/1.1" 200 -
04:40:08.130 "POST /__reset HTTP/1.1" 200 -
04:40:12.019 "GET /api/agents HTTP/1.1" 200 -
04:40:12.025 "GET /api/agents HTTP/1.1" 200 -
04:40:12.029 "GET /api/wiki/spaces HTTP/1.1" 404 -
04:40:12.182 "GET /api/users/me HTTP/1.1" 404 -
04:40:12.188 "GET /api/runners HTTP/1.1" 200 -
04:40:12.189 "GET /api/providers HTTP/1.1" 200 -
04:40:12.190 "GET /api/events HTTP/1.1" 404 -
04:40:12.357 "GET /api/providers HTTP/1.1" 200 -
04:40:12.361 "GET /api/providers/pools HTTP/1.1" 200 -
04:40:12.361 "GET /api/sessions?view=open&since= HTTP/1.1" 200 -
04:40:12.406 "GET /api/providers/pools HTTP/1.1" 200 -
04:40:12.409 "GET /api/watches?state=ACTIVE HTTP/1.1" 200 -
04:40:12.424 "GET /api/providers/shared-pools HTTP/1.1" 200 -
04:40:12.461 "GET /api/providers/shared-pools HTTP/1.1" 200 -
04:40:12.462 "GET /api/watches?state=PAUSED HTTP/1.1" 200 -
04:40:12.540 "GET /api/session-tags HTTP/1.1" 200 -
04:40:12.541 "GET /api/watches HTTP/1.1" 200 -
04:40:12.671 "GET /api/watches?needsAttention=true HTTP/1.1" 200 -
04:40:13.268 "GET /api/sessions/Q6 HTTP/1.1" 200 -
04:40:13.270 "GET /api/sessions/Q6/created-tasks HTTP/1.1" 404 -
04:40:13.279 "GET /api/sessions/Q6/events/page?tail=200&maxPayload=2048 HTTP/1.1" 200 -
04:40:13.289 "GET /api/tasks/evidence-decisions/pending?decidingSessionId=Q6 HTTP/1.1" 404 -
04:40:13.305 "GET /api/sessions/Q6/turns?view=active HTTP/1.1" 200 -
04:40:13.313 "GET /api/sessions/Q6 HTTP/1.1" 200 -
04:40:13.318 "GET /api/auth/capabilities HTTP/1.1" 404 -
04:40:13.324 "GET /api/sessions?view=open HTTP/1.1" 200 -
04:40:13.331 "GET /api/sessions/Q6/approvals?status=PENDING HTTP/1.1" 200 -
04:40:14.373 "GET /api/sessions/Q6/background HTTP/1.1" 404 -
04:40:14.376 "GET /api/runners HTTP/1.1" 200 -
04:40:14.377 "GET /api/sessions/Q6/events?sinceSeq=6&maxPayload=2048 HTTP/1.1" 200 -
04:40:14.378 "GET /api/tasks/evidence-decisions/pending?decidingSessionId=Q6 HTTP/1.1" 404 -
04:40:14.405 "GET /api/providers/pools HTTP/1.1" 200 -
04:40:14.424 "GET /api/providers/shared-pools HTTP/1.1" 200 -
04:40:14.428 "GET /api/providers HTTP/1.1" 200 -
04:40:18.447 "GET /api/sessions?view=open HTTP/1.1" 200 -
04:40:22.538 "GET /api/sessions?view=open HTTP/1.1" 200 -
04:40:26.611 "GET /api/sessions?view=open HTTP/1.1" 200 -
