10:45:31 "GET /api/access-tokens HTTP/1.1" 200 -
10:45:31 "GET /api/access-tokens HTTP/1.1" 200 -
10:51:09 "POST /__reset HTTP/1.1" 200 -
10:51:57 "GET /api/agents HTTP/1.1" 200 -
10:51:57 "GET /api/users/me HTTP/1.1" 200 -
10:51:57 "GET /api/task-lists HTTP/1.1" 200 -
10:51:57 "GET /api/projects/sidebar HTTP/1.1" 404 -
10:51:57 "GET /api/projects HTTP/1.1" 200 -
10:51:58 "GET /api/events HTTP/1.1" 404 -
10:51:58 "GET /api/wiki/spaces HTTP/1.1" 404 -
10:51:58 "GET /api/tasks/page?limit=1&listId=none&projectId=none&counts=total HTTP/1.1" 404 -
10:51:58 "GET /api/runners HTTP/1.1" 200 -
10:51:58 "GET /api/users/me HTTP/1.1" 200 -
10:51:58 "GET /api/providers HTTP/1.1" 200 -
10:51:58 "GET /api/sessions?view=open&since= HTTP/1.1" 200 -
10:51:58 "GET /api/providers/pools HTTP/1.1" 200 -
10:51:58 "GET /api/watches?state=ACTIVE HTTP/1.1" 200 -
10:51:58 "GET /api/providers/shared-pools HTTP/1.1" 200 -
10:51:58 "GET /api/watches?state=PAUSED HTTP/1.1" 200 -
10:51:58 "GET /api/watches HTTP/1.1" 200 -
10:51:59 "GET /api/session-tags HTTP/1.1" 200 -
10:51:59 "GET /api/agents HTTP/1.1" 200 -
10:51:59 "GET /api/watches?needsAttention=true HTTP/1.1" 200 -
10:51:59 "GET /api/sessions?view=open HTTP/1.1" 200 -
10:51:59 "GET /api/projects/sidebar HTTP/1.1" 404 -
10:51:59 "GET /api/runners HTTP/1.1" 200 -
10:51:59 "GET /api/session-folders HTTP/1.1" 200 -
10:51:59 "GET /api/projects HTTP/1.1" 200 -
10:51:59 "GET /api/projects/sidebar HTTP/1.1" 404 -
10:51:59 "GET /api/projects HTTP/1.1" 200 -
10:51:59 "GET /api/providers HTTP/1.1" 200 -
10:51:59 "GET /api/providers/pools HTTP/1.1" 200 -
10:51:59 "GET /api/providers/shared-pools HTTP/1.1" 200 -
10:52:01 "GET /api/share-links HTTP/1.1" 200 -
10:52:01 "GET /api/access-tokens HTTP/1.1" 200 -
10:52:01 "GET /api/runners HTTP/1.1" 200 -
10:52:03 "GET /api/agents HTTP/1.1" 200 -
10:52:03 "GET /api/sessions?view=open HTTP/1.1" 200 -
10:52:08 "GET /api/sessions?view=open HTTP/1.1" 200 -
10:52:12 "GET /api/sessions?view=open HTTP/1.1" 200 -
10:52:12 "GET /api/runners HTTP/1.1" 200 -
10:52:16 "GET /api/sessions?view=open HTTP/1.1" 200 -
10:52:16 "GET /api/projects HTTP/1.1" 200 -
10:52:16 "GET /api/projects/sidebar HTTP/1.1" 404 -
10:52:20 "GET /api/sessions?view=open HTTP/1.1" 200 -
10:52:24 "GET /api/sessions?view=open HTTP/1.1" 200 -
10:52:25 "GET /api/access-tokens HTTP/1.1" 200 -
10:52:28 "GET /api/sessions?view=open HTTP/1.1" 200 -
10:52:28 "GET /api/runners HTTP/1.1" 200 -
10:52:28 "GET /api/watches?state=ACTIVE HTTP/1.1" 200 -
10:52:29 "GET /api/watches?state=PAUSED HTTP/1.1" 200 -
10:52:29 "GET /api/watches HTTP/1.1" 200 -
10:52:29 "GET /api/watches?needsAttention=true HTTP/1.1" 200 -
10:52:33 "GET /api/sessions?view=open HTTP/1.1" 200 -
10:52:33 "GET /api/projects HTTP/1.1" 200 -
10:52:33 "GET /api/projects/sidebar HTTP/1.1" 404 -
10:52:42 "GET /api/sessions?view=open HTTP/1.1" 200 -
10:52:46 "GET /api/sessions?view=open HTTP/1.1" 200 -
10:52:46 "GET /api/runners HTTP/1.1" 200 -
10:52:47 "DELETE /api/access-tokens/34ajPat3 HTTP/1.1" 200 -
10:52:47 "GET /api/access-tokens HTTP/1.1" 200 -
10:52:50 "GET /api/sessions?view=open HTTP/1.1" 200 -
10:52:50 "GET /api/projects/sidebar HTTP/1.1" 404 -
10:52:50 "GET /api/projects HTTP/1.1" 200 -
10:52:55 "GET /api/sessions?view=open HTTP/1.1" 200 -
