13:25:20 "GET /api/agents HTTP/1.1" 200 -
    body: 
13:33:30 "POST /__reset HTTP/1.1" 200 -
13:33:42 "GET /api/agents HTTP/1.1" 200 -
13:33:42 "GET /api/runners HTTP/1.1" 200 -
13:33:42 "GET /api/providers HTTP/1.1" 200 -
13:33:43 "GET /api/providers/pools HTTP/1.1" 200 -
13:33:43 "GET /api/providers/shared-pools HTTP/1.1" 200 -
13:33:43 "GET /api/session-tags HTTP/1.1" 200 -
13:33:43 "GET /api/sessions?view=open HTTP/1.1" 200 -
13:33:44 "GET /api/session-folders HTTP/1.1" 200 -
    body: 
13:33:56 "POST /__reset HTTP/1.1" 200 -
13:33:59 "GET /api/agents HTTP/1.1" 200 -
13:33:59 "GET /api/runners HTTP/1.1" 200 -
13:33:59 "GET /api/providers HTTP/1.1" 200 -
13:33:59 "GET /api/providers/pools HTTP/1.1" 200 -
13:33:59 "GET /api/providers/shared-pools HTTP/1.1" 200 -
13:33:59 "GET /api/session-tags HTTP/1.1" 200 -
13:34:00 "GET /api/sessions?view=open HTTP/1.1" 200 -
13:34:00 "GET /api/session-folders HTTP/1.1" 200 -
13:34:08 "GET /api/sessions/s3/events/page?tail=200&maxPayload=2048 HTTP/1.1" 200 -
13:34:08 "GET /api/sessions/s3 HTTP/1.1" 200 -
13:34:08 "GET /api/tasks/evidence-decisions/pending?decidingSessionId=s3 HTTP/1.1" 404 -
13:34:08 "GET /api/sessions/s3 HTTP/1.1" 200 -
13:34:08 "GET /api/sessions/s3/created-tasks HTTP/1.1" 404 -
13:34:09 "GET /api/sessions/s3/turns HTTP/1.1" 200 -
13:34:09 "GET /api/sessions/s3/approvals?status=PENDING HTTP/1.1" 404 -
13:34:09 "GET /api/sessions/s3/background HTTP/1.1" 404 -
13:34:09 "GET /api/sessions/s3/events?sinceSeq=2&maxPayload=2048 HTTP/1.1" 404 -
13:34:09 "GET /api/providers/pools HTTP/1.1" 200 -
13:34:09 "GET /api/tasks/evidence-decisions/pending?decidingSessionId=s3 HTTP/1.1" 404 -
13:34:09 "GET /api/tasks/t3/owner-confirmation HTTP/1.1" 200 -
13:34:09 "GET /api/providers/shared-pools HTTP/1.1" 200 -
13:34:09 "GET /api/providers HTTP/1.1" 200 -
13:34:10 "GET /api/tasks/evidence-decisions/pending?decidingSessionId=s3 HTTP/1.1" 404 -
13:34:11 "GET /api/sessions/s3/turns HTTP/1.1" 200 -
13:34:11 "GET /api/sessions/s3/events?sinceSeq=2&maxPayload=2048 HTTP/1.1" 404 -
13:34:11 "GET /api/sessions/s3/background HTTP/1.1" 404 -
13:34:11 "GET /api/tasks/t3/owner-confirmation HTTP/1.1" 200 -
13:34:11 "GET /api/tasks/evidence-decisions/pending?decidingSessionId=s3 HTTP/1.1" 404 -
13:34:12 "GET /api/sessions/s3/approvals?status=PENDING HTTP/1.1" 404 -
13:34:13 "GET /api/sessions/s3/turns HTTP/1.1" 200 -
13:34:13 "GET /api/sessions/s3/approvals?status=PENDING HTTP/1.1" 404 -
13:34:13 "GET /api/sessions/s3/background HTTP/1.1" 404 -
13:34:13 "GET /api/tasks/evidence-decisions/pending?decidingSessionId=s3 HTTP/1.1" 404 -
13:34:13 "GET /api/tasks/t3/owner-confirmation HTTP/1.1" 200 -
13:34:14 "GET /api/sessions/s3/events?sinceSeq=2&maxPayload=2048 HTTP/1.1" 404 -
    body: 
13:34:18 "POST /__reset HTTP/1.1" 200 -
13:34:20 "GET /api/agents HTTP/1.1" 200 -
13:34:21 "GET /api/runners HTTP/1.1" 200 -
13:34:21 "GET /api/providers HTTP/1.1" 200 -
13:34:21 "GET /api/providers/pools HTTP/1.1" 200 -
13:34:21 "GET /api/providers/shared-pools HTTP/1.1" 200 -
13:34:21 "GET /api/sessions?view=open HTTP/1.1" 200 -
13:34:21 "GET /api/session-tags HTTP/1.1" 200 -
13:34:22 "GET /api/session-folders HTTP/1.1" 200 -
13:34:28 "GET /api/sessions/s4/created-tasks HTTP/1.1" 404 -
13:34:28 "GET /api/sessions/s4/events/page?tail=200&maxPayload=2048 HTTP/1.1" 200 -
13:34:29 "GET /api/sessions/s4 HTTP/1.1" 200 -
13:34:29 "GET /api/tasks/evidence-decisions/pending?decidingSessionId=s4 HTTP/1.1" 404 -
13:34:29 "GET /api/sessions/s4 HTTP/1.1" 200 -
13:34:29 "GET /api/sessions/s4/events?sinceSeq=2&maxPayload=2048 HTTP/1.1" 404 -
13:34:29 "GET /api/sessions/s4/background HTTP/1.1" 404 -
13:34:29 "GET /api/sessions/s4/turns HTTP/1.1" 200 -
13:34:29 "GET /api/sessions/s4/approvals?status=PENDING HTTP/1.1" 404 -
13:34:30 "GET /api/providers/pools HTTP/1.1" 200 -
13:34:30 "GET /api/tasks/evidence-decisions/pending?decidingSessionId=s4 HTTP/1.1" 404 -
13:34:30 "GET /api/tasks/t4/owner-confirmation HTTP/1.1" 200 -
13:34:30 "GET /api/providers/shared-pools HTTP/1.1" 200 -
13:34:30 "GET /api/providers HTTP/1.1" 200 -
13:34:30 "GET /api/tasks/evidence-decisions/pending?decidingSessionId=s4 HTTP/1.1" 404 -
13:34:31 "GET /api/sessions/s4/approvals?status=PENDING HTTP/1.1" 404 -
13:34:31 "GET /api/sessions/s4/background HTTP/1.1" 404 -
13:34:31 "GET /api/sessions/s4/events?sinceSeq=2&maxPayload=2048 HTTP/1.1" 404 -
13:34:31 "GET /api/sessions/s4/turns HTTP/1.1" 200 -
13:34:31 "GET /api/tasks/t4/owner-confirmation HTTP/1.1" 200 -
13:34:32 "GET /api/tasks/evidence-decisions/pending?decidingSessionId=s4 HTTP/1.1" 404 -
13:34:34 "GET /api/tasks/t4/owner-confirmation HTTP/1.1" 200 -
13:34:34 "GET /api/sessions/s4/background HTTP/1.1" 404 -
13:34:34 "GET /api/sessions/s4/events?sinceSeq=2&maxPayload=2048 HTTP/1.1" 404 -
13:34:34 "GET /api/sessions/s4/turns HTTP/1.1" 200 -
13:34:34 "GET /api/tasks/evidence-decisions/pending?decidingSessionId=s4 HTTP/1.1" 404 -
13:34:34 "GET /api/sessions/s4/approvals?status=PENDING HTTP/1.1" 404 -
13:34:38 "GET /api/sessions/s4/background HTTP/1.1" 404 -
13:34:38 "GET /api/sessions/s4/approvals?status=PENDING HTTP/1.1" 404 -
13:34:38 "GET /api/sessions/s4/events?sinceSeq=2&maxPayload=2048 HTTP/1.1" 404 -
13:34:38 "GET /api/sessions/s4/turns HTTP/1.1" 200 -
13:34:38 "GET /api/tasks/evidence-decisions/pending?decidingSessionId=s4 HTTP/1.1" 404 -
13:34:38 "GET /api/tasks/t4/owner-confirmation HTTP/1.1" 200 -
    body: 
13:34:40 "POST /__reset HTTP/1.1" 200 -
13:34:43 "GET /api/agents HTTP/1.1" 200 -
13:34:44 "GET /api/runners HTTP/1.1" 200 -
13:34:44 "GET /api/providers HTTP/1.1" 200 -
13:34:44 "GET /api/providers/pools HTTP/1.1" 200 -
13:34:44 "GET /api/providers/shared-pools HTTP/1.1" 200 -
13:34:45 "GET /api/session-tags HTTP/1.1" 200 -
13:34:45 "GET /api/sessions?view=open HTTP/1.1" 200 -
13:34:45 "GET /api/session-folders HTTP/1.1" 200 -
13:34:51 "GET /api/sessions/s4 HTTP/1.1" 200 -
13:34:51 "GET /api/sessions/s4/created-tasks HTTP/1.1" 404 -
13:34:51 "GET /api/tasks/evidence-decisions/pending?decidingSessionId=s4 HTTP/1.1" 404 -
13:34:51 "GET /api/sessions/s4/events/page?tail=200&maxPayload=2048 HTTP/1.1" 200 -
13:34:51 "GET /api/sessions/s4 HTTP/1.1" 200 -
13:34:51 "GET /api/sessions/s4/approvals?status=PENDING HTTP/1.1" 404 -
13:34:51 "GET /api/sessions/s4/background HTTP/1.1" 404 -
13:34:51 "GET /api/sessions/s4/events?sinceSeq=2&maxPayload=2048 HTTP/1.1" 404 -
13:34:51 "GET /api/providers/pools HTTP/1.1" 200 -
13:34:51 "GET /api/tasks/evidence-decisions/pending?decidingSessionId=s4 HTTP/1.1" 404 -
13:34:51 "GET /api/providers/shared-pools HTTP/1.1" 200 -
13:34:51 "GET /api/tasks/t4/owner-confirmation HTTP/1.1" 200 -
13:34:51 "GET /api/providers HTTP/1.1" 200 -
13:34:52 "GET /api/tasks/evidence-decisions/pending?decidingSessionId=s4 HTTP/1.1" 404 -
13:34:52 "GET /api/sessions/s4/turns HTTP/1.1" 200 -
13:34:53 "GET /api/sessions/s4/turns HTTP/1.1" 200 -
13:34:53 "GET /api/sessions/s4/background HTTP/1.1" 404 -
13:34:53 "GET /api/tasks/t4/owner-confirmation HTTP/1.1" 200 -
13:34:53 "GET /api/sessions/s4/approvals?status=PENDING HTTP/1.1" 404 -
13:34:53 "GET /api/sessions/s4/events?sinceSeq=2&maxPayload=2048 HTTP/1.1" 404 -
13:34:53 "GET /api/tasks/evidence-decisions/pending?decidingSessionId=s4 HTTP/1.1" 404 -
13:34:55 "GET /api/sessions/s4/background HTTP/1.1" 404 -
13:34:55 "GET /api/sessions/s4/events?sinceSeq=2&maxPayload=2048 HTTP/1.1" 404 -
13:34:55 "GET /api/sessions/s4/turns HTTP/1.1" 200 -
13:34:55 "GET /api/sessions/s4/approvals?status=PENDING HTTP/1.1" 404 -
13:34:55 "GET /api/tasks/evidence-decisions/pending?decidingSessionId=s4 HTTP/1.1" 404 -
13:34:56 "GET /api/tasks/t4/owner-confirmation HTTP/1.1" 200 -
    body: 
13:34:59 "POST /__reset HTTP/1.1" 200 -
13:35:01 "GET /api/agents HTTP/1.1" 200 -
13:35:02 "GET /api/runners HTTP/1.1" 200 -
13:35:02 "GET /api/providers HTTP/1.1" 200 -
13:35:02 "GET /api/providers/pools HTTP/1.1" 200 -
13:35:02 "GET /api/providers/shared-pools HTTP/1.1" 200 -
13:35:02 "GET /api/sessions?view=open HTTP/1.1" 200 -
13:35:02 "GET /api/session-tags HTTP/1.1" 200 -
13:35:02 "GET /api/session-folders HTTP/1.1" 200 -
13:35:09 "GET /api/sessions/s5/events/page?tail=200&maxPayload=2048 HTTP/1.1" 200 -
13:35:09 "GET /api/sessions/s5/created-tasks HTTP/1.1" 404 -
13:35:09 "GET /api/tasks/evidence-decisions/pending?decidingSessionId=s5 HTTP/1.1" 404 -
13:35:09 "GET /api/sessions/s5 HTTP/1.1" 200 -
13:35:09 "GET /api/sessions/s5/background HTTP/1.1" 404 -
13:35:09 "GET /api/sessions/s5/approvals?status=PENDING HTTP/1.1" 404 -
13:35:09 "GET /api/sessions/s5/events?sinceSeq=2&maxPayload=2048 HTTP/1.1" 404 -
13:35:10 "GET /api/sessions/s5 HTTP/1.1" 200 -
13:35:10 "GET /api/sessions/s5/turns HTTP/1.1" 200 -
13:35:10 "GET /api/providers/pools HTTP/1.1" 200 -
13:35:10 "GET /api/tasks/t5/owner-confirmation HTTP/1.1" 200 -
13:35:10 "GET /api/tasks/evidence-decisions/pending?decidingSessionId=s5 HTTP/1.1" 404 -
13:35:10 "GET /api/providers/shared-pools HTTP/1.1" 200 -
13:35:10 "GET /api/tasks/evidence-decisions/pending?decidingSessionId=s5 HTTP/1.1" 404 -
13:35:10 "GET /api/providers HTTP/1.1" 200 -
13:35:11 "GET /api/sessions/s5/events?sinceSeq=2&maxPayload=2048 HTTP/1.1" 404 -
13:35:11 "GET /api/sessions/s5/turns HTTP/1.1" 200 -
13:35:11 "GET /api/sessions/s5/background HTTP/1.1" 404 -
13:35:11 "GET /api/sessions/s5/approvals?status=PENDING HTTP/1.1" 404 -
13:35:11 "GET /api/tasks/evidence-decisions/pending?decidingSessionId=s5 HTTP/1.1" 404 -
13:35:11 "GET /api/tasks/t5/owner-confirmation HTTP/1.1" 200 -
13:35:13 "GET /api/sessions/s5/events?sinceSeq=2&maxPayload=2048 HTTP/1.1" 404 -
13:35:13 "GET /api/sessions/s5/turns HTTP/1.1" 200 -
13:35:13 "GET /api/sessions/s5/background HTTP/1.1" 404 -
13:35:13 "GET /api/tasks/t5/owner-confirmation HTTP/1.1" 200 -
13:35:13 "GET /api/sessions/s5/approvals?status=PENDING HTTP/1.1" 404 -
13:35:14 "GET /api/tasks/evidence-decisions/pending?decidingSessionId=s5 HTTP/1.1" 404 -
13:35:18 "GET /api/sessions/s5/turns HTTP/1.1" 200 -
13:35:18 "GET /api/sessions/s5/approvals?status=PENDING HTTP/1.1" 404 -
13:35:18 "GET /api/sessions/s5/background HTTP/1.1" 404 -
13:35:18 "GET /api/tasks/evidence-decisions/pending?decidingSessionId=s5 HTTP/1.1" 404 -
13:35:18 "GET /api/sessions/s5/events?sinceSeq=2&maxPayload=2048 HTTP/1.1" 404 -
13:35:19 "GET /api/tasks/t5/owner-confirmation HTTP/1.1" 200 -
13:35:28 "GET /api/sessions/s5/approvals?status=PENDING HTTP/1.1" 404 -
13:35:28 "GET /api/sessions/s5/events?sinceSeq=2&maxPayload=2048 HTTP/1.1" 404 -
13:35:28 "GET /api/sessions/s5/background HTTP/1.1" 404 -
13:35:28 "GET /api/tasks/t5/owner-confirmation HTTP/1.1" 200 -
13:35:28 "GET /api/sessions/s5/turns HTTP/1.1" 200 -
13:35:29 "GET /api/tasks/evidence-decisions/pending?decidingSessionId=s5 HTTP/1.1" 404 -
13:35:44 "GET /api/sessions/s5/turns HTTP/1.1" 200 -
13:35:44 "GET /api/sessions/s5/approvals?status=PENDING HTTP/1.1" 404 -
13:35:44 "GET /api/sessions/s5/background HTTP/1.1" 404 -
13:35:44 "GET /api/tasks/evidence-decisions/pending?decidingSessionId=s5 HTTP/1.1" 404 -
13:35:44 "GET /api/tasks/t5/owner-confirmation HTTP/1.1" 200 -
13:35:45 "GET /api/sessions/s5/events?sinceSeq=2&maxPayload=2048 HTTP/1.1" 404 -
13:36:02 "GET /api/sessions/s5/background HTTP/1.1" 404 -
13:36:02 "GET /api/sessions/s5/approvals?status=PENDING HTTP/1.1" 404 -
13:36:02 "GET /api/sessions/s5/events?sinceSeq=2&maxPayload=2048 HTTP/1.1" 404 -
13:36:02 "GET /api/sessions/s5/turns HTTP/1.1" 200 -
13:36:02 "GET /api/tasks/t5/owner-confirmation HTTP/1.1" 200 -
13:36:03 "GET /api/tasks/evidence-decisions/pending?decidingSessionId=s5 HTTP/1.1" 404 -
    body: 
13:36:05 "POST /__reset HTTP/1.1" 200 -
13:36:10 "GET /api/agents HTTP/1.1" 200 -
13:36:10 "GET /api/runners HTTP/1.1" 200 -
13:36:10 "GET /api/providers HTTP/1.1" 200 -
13:36:10 "GET /api/providers/pools HTTP/1.1" 200 -
13:36:10 "GET /api/providers/shared-pools HTTP/1.1" 200 -
13:36:10 "GET /api/sessions?view=open HTTP/1.1" 200 -
13:36:10 "GET /api/session-tags HTTP/1.1" 200 -
13:36:11 "GET /api/session-folders HTTP/1.1" 200 -
13:36:18 "GET /api/sessions/s6 HTTP/1.1" 200 -
13:36:18 "GET /api/sessions/s6/created-tasks HTTP/1.1" 404 -
13:36:18 "GET /api/sessions/s6/events/page?tail=200&maxPayload=2048 HTTP/1.1" 200 -
13:36:18 "GET /api/sessions/s6 HTTP/1.1" 200 -
13:36:18 "GET /api/tasks/evidence-decisions/pending?decidingSessionId=s6 HTTP/1.1" 404 -
13:36:18 "GET /api/sessions/s6/background HTTP/1.1" 404 -
13:36:18 "GET /api/sessions/s6/events?sinceSeq=2&maxPayload=2048 HTTP/1.1" 404 -
13:36:19 "GET /api/providers/pools HTTP/1.1" 200 -
13:36:19 "GET /api/tasks/t6/owner-confirmation HTTP/1.1" 200 -
13:36:19 "GET /api/tasks/evidence-decisions/pending?decidingSessionId=s6 HTTP/1.1" 404 -
13:36:19 "GET /api/sessions/s6/turns HTTP/1.1" 200 -
13:36:19 "GET /api/providers/shared-pools HTTP/1.1" 200 -
13:36:19 "GET /api/tasks/evidence-decisions/pending?decidingSessionId=s6 HTTP/1.1" 404 -
13:36:19 "GET /api/providers HTTP/1.1" 200 -
13:36:19 "GET /api/sessions/s6/approvals?status=PENDING HTTP/1.1" 404 -
13:36:21 "GET /api/sessions/s6/approvals?status=PENDING HTTP/1.1" 404 -
13:36:21 "GET /api/sessions/s6/turns HTTP/1.1" 200 -
13:36:21 "GET /api/sessions/s6/events?sinceSeq=2&maxPayload=2048 HTTP/1.1" 404 -
13:36:21 "GET /api/sessions/s6/background HTTP/1.1" 404 -
13:36:21 "GET /api/tasks/t6/owner-confirmation HTTP/1.1" 200 -
13:36:22 "GET /api/tasks/evidence-decisions/pending?decidingSessionId=s6 HTTP/1.1" 404 -
13:36:23 "GET /api/sessions/s6/turns HTTP/1.1" 200 -
13:36:23 "GET /api/sessions/s6/events?sinceSeq=2&maxPayload=2048 HTTP/1.1" 404 -
13:36:23 "GET /api/sessions/s6/approvals?status=PENDING HTTP/1.1" 404 -
13:36:23 "GET /api/tasks/t6/owner-confirmation HTTP/1.1" 200 -
13:36:23 "GET /api/sessions/s6/background HTTP/1.1" 404 -
13:36:24 "GET /api/tasks/evidence-decisions/pending?decidingSessionId=s6 HTTP/1.1" 404 -
    body: 
13:36:26 "POST /__reset HTTP/1.1" 200 -
13:36:29 "GET /api/agents HTTP/1.1" 200 -
13:36:30 "GET /api/runners HTTP/1.1" 200 -
13:36:30 "GET /api/providers HTTP/1.1" 200 -
13:36:30 "GET /api/providers/pools HTTP/1.1" 200 -
13:36:30 "GET /api/providers/shared-pools HTTP/1.1" 200 -
13:36:30 "GET /api/session-tags HTTP/1.1" 200 -
13:36:30 "GET /api/sessions?view=open HTTP/1.1" 200 -
13:36:30 "GET /api/session-folders HTTP/1.1" 200 -
13:36:37 "GET /api/sessions/s7/events/page?tail=200&maxPayload=2048 HTTP/1.1" 200 -
13:36:37 "GET /api/tasks/evidence-decisions/pending?decidingSessionId=s7 HTTP/1.1" 404 -
13:36:37 "GET /api/sessions/s7 HTTP/1.1" 200 -
13:36:38 "GET /api/sessions/s7/created-tasks HTTP/1.1" 404 -
13:36:38 "GET /api/sessions/s7 HTTP/1.1" 200 -
13:36:38 "GET /api/sessions/s7/events?sinceSeq=2&maxPayload=2048 HTTP/1.1" 404 -
13:36:38 "GET /api/sessions/s7/background HTTP/1.1" 404 -
13:36:38 "GET /api/tasks/t7/owner-confirmation HTTP/1.1" 200 -
13:36:38 "GET /api/providers/pools HTTP/1.1" 200 -
13:36:38 "GET /api/tasks/evidence-decisions/pending?decidingSessionId=s7 HTTP/1.1" 404 -
13:36:38 "GET /api/sessions/s7/approvals?status=PENDING HTTP/1.1" 404 -
13:36:38 "GET /api/sessions/s7/turns HTTP/1.1" 200 -
13:36:39 "GET /api/providers/shared-pools HTTP/1.1" 200 -
13:36:39 "GET /api/providers HTTP/1.1" 200 -
13:36:39 "GET /api/sessions/s7/approvals?status=PENDING HTTP/1.1" 404 -
13:36:39 "GET /api/sessions/s7/turns HTTP/1.1" 200 -
13:36:39 "GET /api/sessions/s7/background HTTP/1.1" 404 -
13:36:39 "GET /api/sessions/s7/events?sinceSeq=2&maxPayload=2048 HTTP/1.1" 404 -
13:36:39 "GET /api/tasks/t7/owner-confirmation HTTP/1.1" 200 -
13:36:40 "GET /api/tasks/evidence-decisions/pending?decidingSessionId=s7 HTTP/1.1" 404 -
13:36:41 "GET /api/sessions/s7/turns HTTP/1.1" 200 -
13:36:41 "GET /api/sessions/s7/approvals?status=PENDING HTTP/1.1" 404 -
13:36:41 "GET /api/sessions/s7/events?sinceSeq=2&maxPayload=2048 HTTP/1.1" 404 -
13:36:41 "GET /api/sessions/s7/background HTTP/1.1" 404 -
13:36:41 "GET /api/tasks/t7/owner-confirmation HTTP/1.1" 200 -
13:36:41 "GET /api/tasks/evidence-decisions/pending?decidingSessionId=s7 HTTP/1.1" 404 -
13:36:47 "GET /api/sessions/s7/approvals?status=PENDING HTTP/1.1" 404 -
13:36:47 "GET /api/sessions/s7/turns HTTP/1.1" 200 -
13:36:47 "GET /api/sessions/s7/background HTTP/1.1" 404 -
13:36:47 "GET /api/tasks/evidence-decisions/pending?decidingSessionId=s7 HTTP/1.1" 404 -
13:36:47 "GET /api/sessions/s7/events?sinceSeq=2&maxPayload=2048 HTTP/1.1" 404 -
13:36:48 "GET /api/tasks/t7/owner-confirmation HTTP/1.1" 200 -
    body: 
13:36:56 "POST /__reset HTTP/1.1" 200 -
13:37:00 "GET /api/agents HTTP/1.1" 200 -
13:37:00 "GET /api/runners HTTP/1.1" 200 -
13:37:00 "GET /api/providers HTTP/1.1" 200 -
13:37:00 "GET /api/providers/pools HTTP/1.1" 200 -
13:37:00 "GET /api/providers/shared-pools HTTP/1.1" 200 -
13:37:00 "GET /api/session-tags HTTP/1.1" 200 -
13:37:00 "GET /api/sessions?view=open HTTP/1.1" 200 -
13:37:01 "GET /api/session-folders HTTP/1.1" 200 -
13:37:07 "GET /api/sessions/s8/events/page?tail=200&maxPayload=2048 HTTP/1.1" 200 -
13:37:07 "GET /api/sessions/s8 HTTP/1.1" 200 -
13:37:07 "GET /api/sessions/s8/created-tasks HTTP/1.1" 404 -
13:37:07 "GET /api/tasks/evidence-decisions/pending?decidingSessionId=s8 HTTP/1.1" 404 -
13:37:08 "GET /api/sessions/s8 HTTP/1.1" 200 -
13:37:08 "GET /api/sessions/s8/approvals?status=PENDING HTTP/1.1" 404 -
13:37:08 "GET /api/sessions/s8/events?sinceSeq=2&maxPayload=2048 HTTP/1.1" 404 -
13:37:08 "GET /api/sessions/s8/background HTTP/1.1" 404 -
13:37:08 "GET /api/providers/pools HTTP/1.1" 200 -
13:37:08 "GET /api/sessions/s8/turns HTTP/1.1" 200 -
13:37:09 "GET /api/tasks/t8/owner-confirmation HTTP/1.1" 200 -
13:37:09 "GET /api/tasks/evidence-decisions/pending?decidingSessionId=s8 HTTP/1.1" 404 -
13:37:09 "GET /api/providers/shared-pools HTTP/1.1" 200 -
13:37:09 "GET /api/tasks/evidence-decisions/pending?decidingSessionId=s8 HTTP/1.1" 404 -
13:37:09 "GET /api/providers HTTP/1.1" 200 -
13:37:10 "GET /api/sessions/s8/background HTTP/1.1" 404 -
13:37:10 "GET /api/sessions/s8/events?sinceSeq=2&maxPayload=2048 HTTP/1.1" 404 -
13:37:10 "GET /api/sessions/s8/approvals?status=PENDING HTTP/1.1" 404 -
13:37:10 "GET /api/sessions/s8/turns HTTP/1.1" 200 -
13:37:10 "GET /api/tasks/t8/owner-confirmation HTTP/1.1" 200 -
13:37:11 "GET /api/tasks/evidence-decisions/pending?decidingSessionId=s8 HTTP/1.1" 404 -
13:37:12 "GET /api/sessions/s8/turns HTTP/1.1" 200 -
13:37:12 "GET /api/sessions/s8/background HTTP/1.1" 404 -
13:37:12 "GET /api/sessions/s8/events?sinceSeq=2&maxPayload=2048 HTTP/1.1" 404 -
13:37:12 "GET /api/sessions/s8/approvals?status=PENDING HTTP/1.1" 404 -
13:37:12 "GET /api/tasks/t8/owner-confirmation HTTP/1.1" 200 -
13:37:13 "GET /api/tasks/evidence-decisions/pending?decidingSessionId=s8 HTTP/1.1" 404 -
13:37:17 "GET /api/sessions/s8/approvals?status=PENDING HTTP/1.1" 404 -
13:37:17 "GET /api/sessions/s8/turns HTTP/1.1" 200 -
13:37:17 "GET /api/sessions/s8/events?sinceSeq=2&maxPayload=2048 HTTP/1.1" 404 -
13:37:17 "GET /api/sessions/s8/background HTTP/1.1" 404 -
13:37:17 "GET /api/tasks/evidence-decisions/pending?decidingSessionId=s8 HTTP/1.1" 404 -
13:37:18 "GET /api/tasks/t8/owner-confirmation HTTP/1.1" 200 -
    body: 
13:37:28 "POST /__reset HTTP/1.1" 200 -
13:37:31 "GET /api/agents HTTP/1.1" 200 -
13:37:32 "GET /api/runners HTTP/1.1" 200 -
13:37:32 "GET /api/providers HTTP/1.1" 200 -
13:37:32 "GET /api/providers/pools HTTP/1.1" 200 -
13:37:32 "GET /api/providers/shared-pools HTTP/1.1" 200 -
13:37:32 "GET /api/sessions?view=open HTTP/1.1" 200 -
13:37:32 "GET /api/session-tags HTTP/1.1" 200 -
13:37:32 "GET /api/session-folders HTTP/1.1" 200 -
13:37:41 "GET /api/sessions/s9/events/page?tail=200&maxPayload=2048 HTTP/1.1" 200 -
13:37:41 "GET /api/sessions/s9/created-tasks HTTP/1.1" 404 -
13:37:41 "GET /api/sessions/s9 HTTP/1.1" 200 -
13:37:41 "GET /api/tasks/evidence-decisions/pending?decidingSessionId=s9 HTTP/1.1" 404 -
13:37:41 "GET /api/sessions/s9 HTTP/1.1" 200 -
13:37:41 "GET /api/sessions/s9/turns HTTP/1.1" 200 -
13:37:42 "GET /api/providers/pools HTTP/1.1" 200 -
13:37:42 "GET /api/sessions/s9/background HTTP/1.1" 404 -
13:37:42 "GET /api/tasks/t9/owner-confirmation HTTP/1.1" 200 -
13:37:42 "GET /api/sessions/s9/events?sinceSeq=4&maxPayload=2048 HTTP/1.1" 404 -
13:37:42 "GET /api/tasks/evidence-decisions/pending?decidingSessionId=s9 HTTP/1.1" 404 -
13:37:42 "GET /api/providers/shared-pools HTTP/1.1" 200 -
13:37:42 "GET /api/providers HTTP/1.1" 200 -
13:37:42 "GET /api/sessions/s9/approvals?status=PENDING HTTP/1.1" 404 -
13:37:44 "GET /api/sessions/s9/events?sinceSeq=4&maxPayload=2048 HTTP/1.1" 404 -
13:37:44 "GET /api/sessions/s9/turns HTTP/1.1" 200 -
13:37:44 "GET /api/sessions/s9/approvals?status=PENDING HTTP/1.1" 404 -
13:37:44 "GET /api/sessions/s9/background HTTP/1.1" 404 -
13:37:44 "GET /api/tasks/t9/owner-confirmation HTTP/1.1" 200 -
13:37:45 "GET /api/tasks/evidence-decisions/pending?decidingSessionId=s9 HTTP/1.1" 404 -
13:37:46 "GET /api/sessions/s9/turns HTTP/1.1" 200 -
13:37:46 "GET /api/sessions/s9/events?sinceSeq=4&maxPayload=2048 HTTP/1.1" 404 -
13:37:46 "GET /api/sessions/s9/background HTTP/1.1" 404 -
13:37:46 "GET /api/sessions/s9/approvals?status=PENDING HTTP/1.1" 404 -
13:37:46 "GET /api/tasks/t9/owner-confirmation HTTP/1.1" 200 -
13:37:47 "GET /api/tasks/evidence-decisions/pending?decidingSessionId=s9 HTTP/1.1" 404 -
13:37:50 "GET /api/sessions/s9/background HTTP/1.1" 404 -
13:37:50 "GET /api/sessions/s9/approvals?status=PENDING HTTP/1.1" 404 -
13:37:50 "GET /api/sessions/s9/events?sinceSeq=4&maxPayload=2048 HTTP/1.1" 404 -
13:37:50 "GET /api/sessions/s9/turns HTTP/1.1" 200 -
13:37:50 "GET /api/tasks/evidence-decisions/pending?decidingSessionId=s9 HTTP/1.1" 404 -
13:37:51 "GET /api/tasks/t9/owner-confirmation HTTP/1.1" 200 -
    body: 
13:37:53 "POST /__reset HTTP/1.1" 200 -
13:37:56 "GET /api/agents HTTP/1.1" 200 -
13:37:56 "GET /api/runners HTTP/1.1" 200 -
13:37:56 "GET /api/providers HTTP/1.1" 200 -
13:37:57 "GET /api/providers/pools HTTP/1.1" 200 -
13:37:57 "GET /api/providers/shared-pools HTTP/1.1" 200 -
13:37:57 "GET /api/session-tags HTTP/1.1" 200 -
13:37:57 "GET /api/sessions?view=open HTTP/1.1" 200 -
13:37:57 "GET /api/session-folders HTTP/1.1" 200 -
13:38:06 "GET /api/sessions/s10 HTTP/1.1" 200 -
13:38:06 "GET /api/sessions/s10/created-tasks HTTP/1.1" 404 -
13:38:06 "GET /api/sessions/s10/events/page?tail=200&maxPayload=2048 HTTP/1.1" 200 -
13:38:06 "GET /api/tasks/evidence-decisions/pending?decidingSessionId=s10 HTTP/1.1" 404 -
13:38:06 "GET /api/sessions/s10/approvals?status=PENDING HTTP/1.1" 404 -
13:38:06 "GET /api/sessions/s10/background HTTP/1.1" 404 -
13:38:06 "GET /api/sessions/s10/events?sinceSeq=4&maxPayload=2048 HTTP/1.1" 404 -
13:38:07 "GET /api/sessions/s10 HTTP/1.1" 200 -
13:38:07 "GET /api/sessions/s10/turns HTTP/1.1" 200 -
13:38:08 "GET /api/providers/pools HTTP/1.1" 200 -
13:38:08 "GET /api/tasks/evidence-decisions/pending?decidingSessionId=s10 HTTP/1.1" 404 -
13:38:08 "GET /api/providers/shared-pools HTTP/1.1" 200 -
13:38:08 "GET /api/providers HTTP/1.1" 200 -
13:38:09 "GET /api/sessions/s10/approvals?status=PENDING HTTP/1.1" 404 -
13:38:09 "GET /api/sessions/s10/background HTTP/1.1" 404 -
13:38:09 "GET /api/sessions/s10/turns HTTP/1.1" 200 -
13:38:09 "GET /api/sessions/s10/events?sinceSeq=4&maxPayload=2048 HTTP/1.1" 404 -
13:38:09 "GET /api/tasks/evidence-decisions/pending?decidingSessionId=s10 HTTP/1.1" 404 -
13:38:11 "GET /api/sessions/s10/turns HTTP/1.1" 200 -
13:38:11 "GET /api/sessions/s10/approvals?status=PENDING HTTP/1.1" 404 -
13:38:11 "GET /api/sessions/s10/events?sinceSeq=4&maxPayload=2048 HTTP/1.1" 404 -
13:38:11 "GET /api/sessions/s10/background HTTP/1.1" 404 -
13:38:11 "GET /api/tasks/evidence-decisions/pending?decidingSessionId=s10 HTTP/1.1" 404 -
