13:29:57.914 "GET /api/agents HTTP/1.1" 200 -
13:40:34.753 "GET /api/agents HTTP/1.1" 200 -
13:40:34.755 "GET /api/agents HTTP/1.1" 200 -
13:40:34.759 "GET /api/projects/sidebar HTTP/1.1" 200 -
13:40:34.759 "GET /api/task-lists HTTP/1.1" 200 -
13:40:34.760 "GET /api/projects HTTP/1.1" 200 -
13:40:34.760 "GET /api/events HTTP/1.1" 404 -
13:40:34.781 "GET /api/runners HTTP/1.1" 200 -
13:40:34.781 "GET /api/providers HTTP/1.1" 200 -
13:40:35.141 "GET /api/tasks/page?limit=1&listId=none&projectId=none&counts=total HTTP/1.1" 404 -
13:40:35.143 "GET /api/providers/pools HTTP/1.1" 200 -
13:40:35.143 "GET /api/providers HTTP/1.1" 200 -
13:40:35.347 "GET /api/users/me HTTP/1.1" 404 -
13:40:35.464 "GET /api/wiki/spaces HTTP/1.1" 404 -
13:40:51.128 "GET /api/providers/shared-pools HTTP/1.1" 200 -
13:40:51.138 "GET /api/providers/pools HTTP/1.1" 200 -
13:40:51.420 "GET /api/sessions?view=open&since= HTTP/1.1" 200 -
13:40:51.421 "GET /api/providers/shared-pools HTTP/1.1" 200 -
13:40:51.822 "GET /api/session-tags HTTP/1.1" 200 -
13:40:54.595 "GET /api/sessions?view=open HTTP/1.1" 200 -
13:40:54.597 "GET /api/session-folders HTTP/1.1" 200 -
13:40:54.660 "GET /api/runners HTTP/1.1" 200 -
13:40:54.662 "GET /api/projects/sidebar HTTP/1.1" 200 -
13:40:54.664 "GET /api/projects HTTP/1.1" 200 -
13:40:54.683 "GET /api/watches?state=ACTIVE HTTP/1.1" 200 -
13:40:54.729 "GET /api/watches?state=PAUSED HTTP/1.1" 200 -
13:40:54.777 "GET /api/watches HTTP/1.1" 200 -
13:40:54.785 "GET /api/watches?needsAttention=true HTTP/1.1" 200 -
13:40:54.794 "GET /api/projects HTTP/1.1" 200 -
13:40:54.795 "GET /api/projects/sidebar HTTP/1.1" 200 -
13:40:58.889 "GET /api/sessions?view=open HTTP/1.1" 200 -
13:41:03.107 "GET /api/sessions?view=open HTTP/1.1" 200 -
13:41:07.165 "GET /api/sessions?view=open HTTP/1.1" 200 -
13:41:12.710 "GET /api/projects/P1/integration HTTP/1.1" 404 -
13:41:12.907 "GET /api/sessions?view=open HTTP/1.1" 200 -
13:41:13.135 "GET /api/runners HTTP/1.1" 200 -
13:41:13.191 "GET /api/projects/sidebar HTTP/1.1" 200 -
13:41:13.192 "GET /api/projects HTTP/1.1" 200 -
13:41:17.412 "GET /api/sessions?view=open HTTP/1.1" 200 -
13:41:20.571 "GET /api/sessions?view=open&projectId=P1 HTTP/1.1" 200 -
13:41:20.955 "GET /api/sessions?view=completed&projectId=P1 HTTP/1.1" 200 -
13:41:20.984 "GET /api/projects/P1/promotions/current HTTP/1.1" 404 -
13:41:21.426 "GET /api/projects/P1/promotions/merged HTTP/1.1" 404 -
13:41:21.428 "GET /api/sessions?view=open HTTP/1.1" 200 -
13:41:21.499 "GET /api/projects HTTP/1.1" 200 -
13:41:21.507 "GET /api/projects/sidebar HTTP/1.1" 200 -
13:41:25.763 "GET /api/sessions?view=open HTTP/1.1" 200 -
13:41:25.763 "GET /api/projects/P1/integration HTTP/1.1" 404 -
13:41:25.779 "GET /api/watches?state=ACTIVE HTTP/1.1" 200 -
13:41:25.789 "GET /api/watches?state=PAUSED HTTP/1.1" 200 -
13:41:25.808 "GET /api/watches HTTP/1.1" 200 -
13:41:25.825 "GET /api/watches?needsAttention=true HTTP/1.1" 200 -
13:41:29.913 "GET /api/sessions?view=open HTTP/1.1" 200 -
13:41:29.919 "GET /api/runners HTTP/1.1" 200 -
13:41:29.928 "GET /api/projects/sidebar HTTP/1.1" 200 -
13:41:29.928 "GET /api/projects HTTP/1.1" 200 -
13:41:33.887 "GET /api/sessions?view=completed&projectId=P1 HTTP/1.1" 200 -
13:41:33.911 "GET /api/sessions?view=open&projectId=P1 HTTP/1.1" 200 -
13:41:33.947 "GET /api/sessions?view=open HTTP/1.1" 200 -
13:41:33.995 "GET /api/projects/P1/promotions/current HTTP/1.1" 404 -
13:41:34.053 "GET /api/projects/P1/promotions/merged HTTP/1.1" 404 -
13:41:38.102 "GET /api/sessions?view=open HTTP/1.1" 200 -
13:41:38.170 "GET /api/projects/P1/integration HTTP/1.1" 404 -
13:41:42.296 "GET /api/sessions?view=open HTTP/1.1" 200 -
13:41:44.103 "GET /api/session-tags HTTP/1.1" 200 -
13:41:44.536 "GET /api/sessions?view=open HTTP/1.1" 200 -
13:41:44.545 "GET /api/session-folders HTTP/1.1" 200 -
13:41:44.588 "GET /api/projects/sidebar HTTP/1.1" 200 -
13:41:44.589 "GET /api/projects HTTP/1.1" 200 -
13:41:46.264 "GET /api/sessions?view=completed&projectId=P1 HTTP/1.1" 200 -
13:41:46.296 "GET /api/sessions?view=open&projectId=P1 HTTP/1.1" 200 -
13:41:46.313 "GET /api/projects/P1/promotions/current HTTP/1.1" 404 -
13:41:46.315 "GET /api/sessions?view=open HTTP/1.1" 200 -
13:41:46.322 "GET /api/projects/P1/promotions/merged HTTP/1.1" 404 -
13:41:46.327 "GET /api/runners HTTP/1.1" 200 -
13:41:46.335 "GET /api/projects/sidebar HTTP/1.1" 200 -
13:41:46.336 "GET /api/projects HTTP/1.1" 200 -
13:41:50.679 "GET /api/sessions?view=open HTTP/1.1" 200 -
13:41:51.566 "GET /api/projects/P2/integration HTTP/1.1" 404 -
13:41:54.831 "GET /api/sessions?view=open HTTP/1.1" 200 -
13:41:58.966 "GET /api/sessions?view=open HTTP/1.1" 200 -
13:41:58.990 "GET /api/watches?state=ACTIVE HTTP/1.1" 200 -
13:41:59.007 "GET /api/watches?state=PAUSED HTTP/1.1" 200 -
13:41:59.024 "GET /api/watches HTTP/1.1" 200 -
13:41:59.048 "GET /api/watches?needsAttention=true HTTP/1.1" 200 -
13:41:59.655 "GET /api/sessions?view=open&projectId=P2 HTTP/1.1" 200 -
13:41:59.714 "GET /api/sessions?view=completed&projectId=P2 HTTP/1.1" 200 -
13:42:03.145 "GET /api/sessions?view=open HTTP/1.1" 200 -
13:42:03.153 "GET /api/runners HTTP/1.1" 200 -
13:42:03.160 "GET /api/projects HTTP/1.1" 200 -
13:42:03.161 "GET /api/projects/sidebar HTTP/1.1" 200 -
13:42:07.351 "GET /api/sessions?view=open HTTP/1.1" 200 -
13:42:07.859 "GET /api/sessions?view=archived&projectId=P2 HTTP/1.1" 200 -
13:42:07.926 "GET /api/projects/P2/promotions/current HTTP/1.1" 404 -
13:42:08.177 "GET /api/projects/P2/promotions/merged HTTP/1.1" 404 -
13:42:08.195 "GET /api/projects/sidebar HTTP/1.1" 200 -
13:42:08.196 "GET /api/projects HTTP/1.1" 200 -
13:42:09.611 "GET /api/session-tags HTTP/1.1" 200 -
13:42:09.889 "GET /api/sessions?view=open HTTP/1.1" 200 -
13:42:09.923 "GET /api/session-folders HTTP/1.1" 200 -
13:42:09.937 "GET /api/projects/sidebar HTTP/1.1" 200 -
13:42:09.944 "GET /api/projects HTTP/1.1" 200 -
13:42:11.525 "GET /api/sessions?view=open HTTP/1.1" 200 -
13:42:15.787 "GET /api/sessions?view=open HTTP/1.1" 200 -
13:42:16.603 "GET /api/projects/P1/integration HTTP/1.1" 404 -
13:42:19.933 "GET /api/sessions?view=open HTTP/1.1" 200 -
13:42:20.027 "GET /api/runners HTTP/1.1" 200 -
13:42:20.225 "GET /api/projects HTTP/1.1" 200 -
13:42:20.226 "GET /api/projects/sidebar HTTP/1.1" 200 -
13:42:24.391 "GET /api/sessions?view=open HTTP/1.1" 200 -
13:42:24.759 "GET /api/sessions?view=completed&projectId=P1 HTTP/1.1" 200 -
13:42:24.891 "GET /api/sessions?view=open&projectId=P1 HTTP/1.1" 200 -
13:42:24.899 "GET /api/projects/P1/promotions/current HTTP/1.1" 404 -
13:42:25.267 "GET /api/projects/P1/promotions/merged HTTP/1.1" 404 -
13:42:25.280 "GET /api/projects HTTP/1.1" 200 -
13:42:25.284 "GET /api/projects/sidebar HTTP/1.1" 200 -
