==> stub ready after 2s
==> iPhone 22452A91-4697-4369-8812-53ADB77EB73B (iPhone 17 Pro com.apple.CoreSimulator.SimRuntime.iOS-26-5)
Test Case '-[SwipeProbeUITests.ProjectPageOpenTimingTests testOpeningTheProjectPage]' started.
Test Case '-[SwipeProbeUITests.ProjectPageOpenTimingTests testOpeningTheProjectPage]' passed (170.158 seconds).
	 Executed 1 test, with 0 failures (0 unexpected) in 170.158 (170.162) seconds
	 Executed 1 test, with 0 failures (0 unexpected) in 170.158 (170.163) seconds
	 Executed 1 test, with 0 failures (0 unexpected) in 170.158 (170.168) seconds
** TEST SUCCEEDED **
/Users/runner/work/_temp/tree/.open-probe/run.sh: line 46:  3658 Terminated: 15          python3 -u stub.py 8765 "$OUT/requests.log" > "$OUT/stub.out" 2>&1
total 2128
drwxr-xr-x  16 runner  staff     512 Oct  6 13:43 .
drwxr-xr-x  13 runner  staff     416 Oct  6 13:32 ..
-rw-r--r--   1 runner  staff  159372 Oct  6 13:41 00-list.png
drwxr-xr-x  11 runner  staff     352 Oct  6 13:43 attachments
-rw-r--r--   1 runner  staff     567 Oct  6 13:43 not-served.txt
-rw-r--r--   1 runner  staff  186506 Oct  6 13:42 p1-again-final.png
-rw-r--r--   1 runner  staff  185911 Oct  6 13:41 p1-first-after-polls.png
-rw-r--r--   1 runner  staff  185911 Oct  6 13:41 p1-first-final.png
-rw-r--r--   1 runner  staff   96814 Oct  6 13:41 p2-first-0.5s.png
-rw-r--r--   1 runner  staff   96075 Oct  6 13:41 p2-first-1.0s.png
-rw-r--r--   1 runner  staff  138562 Oct  6 13:42 p2-first-final.png
-rw-r--r--   1 runner  staff    6744 Oct  6 13:42 requests.log
-rw-r--r--   1 runner  staff      58 Oct  6 13:30 simulator.txt
-rw-r--r--   1 runner  staff      49 Oct  6 13:29 stub.out
-rw-r--r--@  1 runner  staff     990 Oct  6 13:42 timeline.txt
-rw-r--r--   1 runner  staff      41 Oct  6 13:29 tree-sha.txt
